I/DEBUG   (   77): pid: 2707, tid: 2728  >>> /system/bin/surfaceflinger <<<
I/DEBUG   (   77): signal 8 (SIGFPE), code 0 (?), fault addr 00000a93
I/DEBUG   (   77):  r0 00000000  r1 00000008  r2 ffffffff  r3 00000020
I/DEBUG   (   77):  r4 00000008  r5 00000000  r6 00000000  r7 00000025
I/DEBUG   (   77):  r8 00000000  r9 400de695  10 a4c68000  fp 0000fc00
I/DEBUG   (   77):  ip 40045029  sp 100ffa14  lr 40045037  pc 400396a0  cpsr 00000010
I/DEBUG   (   77):  d0  0000000000000000  d1  0000000000000000
I/DEBUG   (   77):  d2  0000000000000000  d3  0000000000000000
I/DEBUG   (   77):  d4  0000000000000000  d5  0000000000000000
I/DEBUG   (   77):  d6  0000000000000000  d7  0000000000000000
I/DEBUG   (   77):  d8  0000000000000000  d9  0000000000000000
I/DEBUG   (   77):  d10 0000000000000000  d11 0000000000000000
I/DEBUG   (   77):  d12 0000000000000000  d13 0000000000000000
I/DEBUG   (   77):  d14 0000000000000000  d15 0000000000000000
I/DEBUG   (   77):  scr 00000000
I/DEBUG   (   77): 
I/DEBUG   (   77):          #00  pc 0000d6a0  /system/lib/libc.so (kill)
I/DEBUG   (   77):          #01  pc 00019034  /system/lib/libc.so (raise)
I/DEBUG   (   77): 
I/DEBUG   (   77): code around pc:
I/DEBUG   (   77): 40039680 e2601000 e0100001 116f0f10 12600020  ..`.......o. .`.
I/DEBUG   (   77): 40039690 e12fff1e e92d50f0 e3a07025 ef000000  ../..P-.%p......
I/DEBUG   (   77): 400396a0 e8bd50f0 e1b00000 512fff1e ea00adbc  .P......../Q....
I/DEBUG   (   77): 400396b0 e92d50f0 e3a070ee ef000000 e8bd50f0  .P-..p.......P..
I/DEBUG   (   77): 400396c0 e1b00000 512fff1e ea00adb5 f5d0f000  ....../Q........
I/DEBUG   (   77): 
I/DEBUG   (   77): code around lr:
I/DEBUG   (   77): 40045014 b083b500 17db9300 f7f39301 b003ea4c  ............L...
I/DEBUG   (   77): 40045024 46c0bd00 1c04b510 e8a6f7f3 f7f41c21  ...F........!...
I/DEBUG   (   77): 40045034 bd10eb30 1c02b510 48034902 f7f42300  0........I.H.#..
I/DEBUG   (   77): 40045044 bd10e93e 28121969 fee1dead b082b510  >...i..(........
I/DEBUG   (   77): 40045054 94002400 f7f39401 b002efe4 46c0bd10  .$.............F
I/DEBUG   (   77): 
I/DEBUG   (   77): stack:
I/DEBUG   (   77):     100ff9d4  00000004  
I/DEBUG   (   77):     100ff9d8  400291cd  /system/lib/liblog.so
I/DEBUG   (   77):     100ff9dc  40021c70  /system/lib/libsurfaceflinger.so
I/DEBUG   (   77):     100ff9e0  100ff9f8  
I/DEBUG   (   77):     100ff9e4  100ffa2c  
I/DEBUG   (   77):     100ff9e8  00000000  
I/DEBUG   (   77):     100ff9ec  40029547  /system/lib/liblog.so
I/DEBUG   (   77):     100ff9f0  00000000  
I/DEBUG   (   77):     100ff9f4  00000004  
I/DEBUG   (   77):     100ff9f8  100ff9f4  
I/DEBUG   (   77):     100ff9fc  00000001  
I/DEBUG   (   77):     100ffa00  40021c70  /system/lib/libsurfaceflinger.so
I/DEBUG   (   77):     100ffa04  0000000f  
I/DEBUG   (   77):     100ffa08  100ffa2c  
I/DEBUG   (   77):     100ffa0c  00000048  
I/DEBUG   (   77):     100ffa10  30000000  
I/DEBUG   (   77): #01 100ffa14  00000008  
I/DEBUG   (   77):     100ffa18  00000000  
I/DEBUG   (   77):     100ffa1c  00000000  
I/DEBUG   (   77):     100ffa20  00038d7e  
I/DEBUG   (   77):     100ffa24  40045029  /system/lib/libc.so
I/DEBUG   (   77):     100ffa28  40045037  /system/lib/libc.so
I/DEBUG   (   77):     100ffa2c  00038d7e  
I/DEBUG   (   77):     100ffa30  4003b608  /system/lib/libc.so
I/DEBUG   (   77):     100ffa34  00000000  
I/DEBUG   (   77):     100ffa38  4003a3e4  /system/lib/libc.so
I/DEBUG   (   77):     100ffa3c  4003a3f4  /system/lib/libc.so
I/DEBUG   (   77):     100ffa40  00000000  
I/DEBUG   (   77):     100ffa44  00038d7e  
I/DEBUG   (   77):     100ffa48  00000000  
I/DEBUG   (   77):     100ffa4c  4003d180  /system/lib/libc.so
I/DEBUG   (   77):     100ffa50  a4c68000  
I/DEBUG   (   77):     100ffa54  00038d7e  
I/DEBUG   (   77):     100ffa58  00000000  
I/DEBUG   (   77): *** *** *** *** *** *** *** *** *** *** *** *** *** *** *** ***
I/DEBUG   (   77): Build fingerprint: 'htc_europe/htc_golfu/golfu:4.0.3/IML74K/62541.1:user/release-keys'
I/DEBUG   (   77): pid: 2709, tid: 2709  >>> /system/bin/drmserver <<<
I/DEBUG   (   77): signal 11 (SIGSEGV), code 1 (SEGV_MAPERR), fault addr 00000004
I/DEBUG   (   77):  r0 fffff41c  r1 00000032  r2 40c3993b  r3 40c39939
I/DEBUG   (   77):  r4 40dbf050  r5 00000030  r6 00000004  r7 20000000
I/DEBUG   (   77):  r8 00000000  r9 00000000  10 00000000  fp 00000000
I/DEBUG   (   77):  ip 00000000  sp be926338  lr 40c39943  pc b0003c56  cpsr 00000030
I/DEBUG   (   77):  d0  0000000000000000  d1  0000000000000000
I/DEBUG   (   77):  d2  0000000000000000  d3  0000000000000000
I/DEBUG   (   77):  d4  0000000000000000  d5  0000000000000000
I/DEBUG   (   77):  d6  0000000000000000  d7  0000000000000000
I/DEBUG   (   77):  d8  0000000000000000  d9  0000000000000000
I/DEBUG   (   77):  d10 0000000000000000  d11 0000000000000000
I/DEBUG   (   77):  d12 0000000000000000  d13 0000000000000000
I/DEBUG   (   77):  d14 0000000000000000  d15 0000000000000000
I/DEBUG   (   77):  scr 00000000
I/DEBUG   (   77): 
I/DEBUG   (   77):          #00  pc b0003c56  /system/bin/linker
I/DEBUG   (   77):          #01  pc 000c0940  /system/lib/libWVStreamControlAPI_L3.so
I/DEBUG   (   77): 
I/DEBUG   (   77): code around pc:
I/DEBUG   (   77): b0003c34 000064bc 0000f1aa 0000591e 1c04b5f0  .d.......Y......
I/DEBUG   (   77): b0003c44 1c2630b0 b0836803 1c1736ac 93011c22  .0&..h...6.."...
I/DEBUG   (   77): b0003c54 683532b4 95001c08 f7fd6811 1c20ef20  .25h.....h.. . .
I/DEBUG   (   77): b0003c64 1c2530bc 35c06803 58ce0089 9b01e016  .0%..h.5...X....
I/DEBUG   (   77): b0003c74 191c0134 68219a00 1c391850 ecc2f7fd  4.....!hP.9.....
I/DEBUG   (   77): 
I/DEBUG   (   77): code around lr:
I/DEBUG   (   77): 40c39920 20004788 bdd0b004 105e6a01 19886a63  .G. .....j^.cj..
I/DEBUG   (   77): 40c39930 58d1598a bf00e7ec 4c15b570 447c4815  .Y.X....p..L.H|D
I/DEBUG   (   77): 40c39940 e054f8df 58264d15 200ef854 32084630  ..T..M&XT.. 0F.2
I/DEBUG   (   77): 40c39950 2b04f840 ffb0f095 c044f8df 21004a11  @..+......D..J.!
I/DEBUG   (   77): 40c39960 46306131 f8545961 58a5300c 60333308  1a0FaYT..0.X.33`
I/DEBUG   (   77): 
I/DEBUG   (   77): stack:
I/DEBUG   (   77):     be9262f8  000000f0  
I/DEBUG   (   77):     be9262fc  be9263e4  [stack]
I/DEBUG   (   77):     be926300  b000a4d8  
I/DEBUG   (   77):     be926304  b000d958  
I/DEBUG   (   77):     be926308  40bfd954  /system/lib/libWVStreamControlAPI_L3.so
I/DEBUG   (   77):     be92630c  07902248  
I/DEBUG   (   77):     be926310  b00094f0  /system/bin/linker
I/DEBUG   (   77):     be926314  b000a078  
I/DEBUG   (   77):     be926318  00001f04  
I/DEBUG   (   77):     be92631c  00003e33  
I/DEBUG   (   77):     be926320  b00094fc  /system/bin/linker
I/DEBUG   (   77):     be926324  b0012da4  
I/DEBUG   (   77):     be926328  b000d958  
I/DEBUG   (   77):     be92632c  00000000  
I/DEBUG   (   77):     be926330  df0027ad  
I/DEBUG   (   77):     be926334  00000000  
I/DEBUG   (   77): #01 be926338  40db200c  /system/lib/libWVStreamControlAPI_L3.so
I/DEBUG   (   77):     be92633c  00000030  
I/DEBUG   (   77):     be926340  00000004  
I/DEBUG   (   77):     be926344  b0003a99  /system/bin/linker
I/DEBUG   (   77):     be926348  b000da3c  
I/DEBUG   (   77):     be92634c  b000da38  
I/DEBUG   (   77):     be926350  b000990c  /system/bin/linker
I/DEBUG   (   77):     be926354  b00046eb  /system/bin/linker
I/DEBUG   (   77):     be926358  b000d958  
I/DEBUG   (   77):     be92635c  b000d958  
I/DEBUG   (   77):     be926360  b000d9fc  
I/DEBUG   (   77):     be926364  40b6dba4  /system/lib/libwvdrm_L3.so
I/DEBUG   (   77):     be926368  00000000  
I/DEBUG   (   77):     be92636c  ffffffff  
I/DEBUG   (   77):     be926370  40db2000  /system/lib/libWVStreamControlAPI_L3.so
I/DEBUG   (   77):     be926374  b0012fa8  
I/DEBUG   (   77):     be926378  ffffffff  
I/DEBUG   (   77):     be92637c  b000d9e4  
I/Netd    ( 2734): Netd 1.0 starting
I/        ( 2737): ServiceManager: 0x18910
D/AndroidRuntime( 2736): 
D/AndroidRuntime( 2736): >>>>>> AndroidRuntime START com.android.internal.os.ZygoteInit <<<<<<
D/AndroidRuntime( 2736): CheckJNI is OFF
E/dalvikvm( 2736): Bad heap size parameters (start=4194304, max=20971520, limit=33554432)
W/dalvikvm( 2736): CreateJavaVM failed: dvmGcStartup failed
E/AndroidRuntime( 2736): JNI_CreateJavaVM failed
I/ServiceManager(   74): service 'media.audio_flinger' died
I/ServiceManager(   74): service 'media.player' died
I/ServiceManager(   74): service 'media.camera' died
I/ServiceManager(   74): service 'media.audio_policy' died
I/SurfaceFlinger( 2735): SurfaceFlinger is starting
I/SurfaceFlinger( 2735): SurfaceFlinger's main thread ready to run. Initializing graphics H/W...
F/libc    ( 2735): Fatal signal 8 (SIGFPE) at 0x00000aaf (code=0)
F/libc    ( 2737): Fatal signal 11 (SIGSEGV) at 0x00000004 (code=1)
I/        ( 2755): ServiceManager: 0xf958
I/HTC Acoustic( 2755): libhtc_acoustic.so version 2.0.0.6.
I/HTC Acoustic( 2755): deonvvv gingerbread test.
I/HTC Acoustic( 2755): open /system/etc/AudioPara4_WB.csv success.
I/HTC Acoustic( 2755): acoustic table version: GOFU-WB_20120503
I/HTC Acoustic( 2755): read_audio_para_from_file success.
E/HTC Acoustic( 2755): Fail to open /system/etc/AudioPara_VODA-Spain.csv -1.
I/HTC Acoustic( 2755): open /system/etc/AudioPara4.csv success.
I/HTC Acoustic( 2755): acoustic table version: GOFU_20120427
I/HTC Acoustic( 2755): read_audio_para_from_file success.
I/HTC Acoustic( 2755): get_audpp_filter
I/HTC Acoustic( 2755): open /system/etc/AudioFilter.csv success.
I/HTC Acoustic( 2755): MBADRC Filter MBADRC FLAG = ffff.
E/HTC Acoustic( 2755): set mbadrc filter error.
I/HTC Acoustic( 2755): failed to set audpp parameters, exiting.
I/HTC Acoustic( 2755): get_audpre_filter
I/HTC Acoustic( 2755): open /system/etc/AudioPreProcess.csv success.
D/AudioHardwareMSM72XX( 2755): mNumSndEndpoints = 183
V/AudioHardwareMSM72XX( 2755): constructed 183 SND endpoints)
D/AudioHardwareMSM72XX( 2755): BT MATCH HANDSET
D/AudioHardwareMSM72XX( 2755): BT MATCH SPEAKER
D/AudioHardwareMSM72XX( 2755): BT MATCH HEADSET
D/AudioHardwareMSM72XX( 2755): BT MATCH BT
D/AudioHardwareMSM72XX( 2755): BT MATCH CARKIT
D/AudioHardwareMSM72XX( 2755): BT MATCH TTY_FULL
D/AudioHardwareMSM72XX( 2755): BT MATCH TTY_VCO
D/AudioHardwareMSM72XX( 2755): BT MATCH TTY_HCO
D/AudioHardwareMSM72XX( 2755): BT MATCH NO_MIC_HEADSET
D/AudioHardwareMSM72XX( 2755): BT MATCH FM_HEADSET
D/AudioHardwareMSM72XX( 2755): BT MATCH HEADSET_AND_SPEAKER
D/AudioHardwareMSM72XX( 2755): BT MATCH FM_SPEAKER
D/AudioHardwareMSM72XX( 2755): BT MATCH BT_EC_OFF
D/AudioHardwareMSM72XX( 2755): BT MATCH BT_EC_OFF
D/AudioHardwareMSM72XX( 2755): BT MATCH CURRENT
I/AudioFlinger( 2755): Loaded primary audio interface from LEGACY Audio HW HAL (audio)
I/AudioFlinger( 2755): Using 'LEGACY Audio HW HAL' (audio.primary) as the primary audio interface
I/AudioFlinger( 2755): Loaded a2dp audio interface from A2DP Audio HW HAL (audio)
D/AudioHardwareInterface( 2755): setMode(NORMAL)
I/AudioHardwareMSM72XX( 2755): Set master volume to 5.
I/CameraService( 2755): CameraService started (pid=2755)
E/HAL     ( 2755): load: module=/system/lib/hw/camera.marvel.so
E/HAL     ( 2755): Cannot load library: link_image[1965]:  2755 could not load needed library 'libcamera.so' for 'camera.marvel.so' (reloc_library[1314]:  2755 cannot locate '_debug_pthread_create'...
E/HAL     ( 2755): )
E/CameraService( 2755): Could not load camera HAL module
I/AudioFlinger( 2755): AudioFlinger's thread 0x18698 ready to run
W/AudioFlinger( 2755): Thread AudioOut_1 cannot connect to the power manager service
V/AudioHardwareMSM72XX( 2755): AudioStreamOutMSM72xx::setParameters() routing=2
V/AudioHardwareMSM72XX( 2755): set output routing 2
I/AudioHardwareMSM72XX( 2755): Routing audio to Speakerphone
V/AudioHardwareMSM72XX( 2755): doAudioRouteOrMute() device 1, mMode 0, mMicMute 1
D/AudioHardwareMSM72XX( 2755): setVoiceVolume(1.000000)
I/AudioHardwareMSM72XX( 2755): Setting in-call volume to 5 (available range is 0 to 5)
I/AudioPolicyService( 2755): Loaded audio policy from LEGACY Audio Policy HAL (audio_policy)
I/DEBUG   (   77): *** *** *** *** *** *** *** *** *** *** *** *** *** *** *** ***
I/DEBUG   (   77): Build fingerprint: 'htc_europe/htc_golfu/golfu:4.0.3/IML74K/62541.1:user/release-keys'
I/DEBUG   (   77): pid: 2735, tid: 2756  >>> /system/bin/surfaceflinger <<<
I/DEBUG   (   77): signal 8 (SIGFPE), code 0 (?), fault addr 00000aaf
I/DEBUG   (   77):  r0 00000000  r1 00000008  r2 ffffffff  r3 00000020
I/DEBUG   (   77):  r4 00000008  r5 00000000  r6 00000000  r7 00000025
I/DEBUG   (   77):  r8 00000000  r9 400de695  10 a4c68000  fp 0000fc00
I/DEBUG   (   77):  ip 40045029  sp 100ffa14  lr 40045037  pc 400396a0  cpsr 00000010
I/DEBUG   (   77):  d0  0000000000000000  d1  0000000000000000
I/DEBUG   (   77):  d2  0000000000000000  d3  0000000000000000
I/DEBUG   (   77):  d4  0000000000000000  d5  0000000000000000
I/DEBUG   (   77):  d6  0000000000000000  d7  0000000000000000
I/DEBUG   (   77):  d8  0000000000000000  d9  0000000000000000
I/DEBUG   (   77):  d10 0000000000000000  d11 0000000000000000
I/DEBUG   (   77):  d12 0000000000000000  d13 0000000000000000
I/DEBUG   (   77):  d14 0000000000000000  d15 0000000000000000
I/DEBUG   (   77):  scr 00000000
I/DEBUG   (   77): 
I/DEBUG   (   77):          #00  pc 0000d6a0  /system/lib/libc.so (kill)
I/DEBUG   (   77):          #01  pc 00019034  /system/lib/libc.so (raise)
I/DEBUG   (   77): 
I/DEBUG   (   77): code around pc:
I/DEBUG   (   77): 40039680 e2601000 e0100001 116f0f10 12600020  ..`.......o. .`.
I/DEBUG   (   77): 40039690 e12fff1e e92d50f0 e3a07025 ef000000  ../..P-.%p......
I/DEBUG   (   77): 400396a0 e8bd50f0 e1b00000 512fff1e ea00adbc  .P......../Q....
I/DEBUG   (   77): 400396b0 e92d50f0 e3a070ee ef000000 e8bd50f0  .P-..p.......P..
I/DEBUG   (   77): 400396c0 e1b00000 512fff1e ea00adb5 f5d0f000  ....../Q........
I/DEBUG   (   77): 
I/DEBUG   (   77): code around lr:
I/DEBUG   (   77): 40045014 b083b500 17db9300 f7f39301 b003ea4c  ............L...
I/DEBUG   (   77): 40045024 46c0bd00 1c04b510 e8a6f7f3 f7f41c21  ...F........!...
I/DEBUG   (   77): 40045034 bd10eb30 1c02b510 48034902 f7f42300  0........I.H.#..
I/DEBUG   (   77): 40045044 bd10e93e 28121969 fee1dead b082b510  >...i..(........
I/DEBUG   (   77): 40045054 94002400 f7f39401 b002efe4 46c0bd10  .$.............F
I/DEBUG   (   77): 
I/DEBUG   (   77): stack:
I/DEBUG   (   77):     100ff9d4  00000004  
I/DEBUG   (   77):     100ff9d8  400291cd  /system/lib/liblog.so
I/DEBUG   (   77):     100ff9dc  40021c70  /system/lib/libsurfaceflinger.so
I/DEBUG   (   77):     100ff9e0  100ff9f8  
I/DEBUG   (   77):     100ff9e4  100ffa2c  
I/DEBUG   (   77):     100ff9e8  00000000  
I/DEBUG   (   77):     100ff9ec  40029547  /system/lib/liblog.so
I/DEBUG   (   77):     100ff9f0  00000000  
I/DEBUG   (   77):     100ff9f4  00000004  
I/DEBUG   (   77):     100ff9f8  100ff9f4  
I/DEBUG   (   77):     100ff9fc  00000001  
I/DEBUG   (   77):     100ffa00  40021c70  /system/lib/libsurfaceflinger.so
I/DEBUG   (   77):     100ffa04  0000000f  
I/DEBUG   (   77):     100ffa08  100ffa2c  
I/DEBUG   (   77):     100ffa0c  00000048  
I/DEBUG   (   77):     100ffa10  30000000  
I/DEBUG   (   77): #01 100ffa14  00000008  
I/DEBUG   (   77):     100ffa18  00000000  
I/DEBUG   (   77):     100ffa1c  00000000  
I/DEBUG   (   77):     100ffa20  00038d7e  
I/DEBUG   (   77):     100ffa24  40045029  /system/lib/libc.so
I/DEBUG   (   77):     100ffa28  40045037  /system/lib/libc.so
I/DEBUG   (   77):     100ffa2c  00038d7e  
I/DEBUG   (   77):     100ffa30  4003b608  /system/lib/libc.so
I/DEBUG   (   77):     100ffa34  00000000  
I/DEBUG   (   77):     100ffa38  4003a3e4  /system/lib/libc.so
I/DEBUG   (   77):     100ffa3c  4003a3f4  /system/lib/libc.so
I/DEBUG   (   77):     100ffa40  00000000  
I/DEBUG   (   77):     100ffa44  00038d7e  
I/DEBUG   (   77):     100ffa48  00000000  
I/DEBUG   (   77):     100ffa4c  4003d180  /system/lib/libc.so
I/DEBUG   (   77):     100ffa50  a4c68000  
I/DEBUG   (   77):     100ffa54  00038d7e  
I/DEBUG   (   77):     100ffa58  00000000  
I/DEBUG   (   77): *** *** *** *** *** *** *** *** *** *** *** *** *** *** *** ***
I/DEBUG   (   77): Build fingerprint: 'htc_europe/htc_golfu/golfu:4.0.3/IML74K/62541.1:user/release-keys'
I/DEBUG   (   77): pid: 2737, tid: 2737  >>> /system/bin/drmserver <<<
I/DEBUG   (   77): signal 11 (SIGSEGV), code 1 (SEGV_MAPERR), fault addr 00000004
I/DEBUG   (   77):  r0 fffff41c  r1 00000032  r2 40c3993b  r3 40c39939
I/DEBUG   (   77):  r4 40dbf050  r5 00000030  r6 00000004  r7 20000000
I/DEBUG   (   77):  r8 00000000  r9 00000000  10 00000000  fp 00000000
I/DEBUG   (   77):  ip 00000000  sp bee26338  lr 40c39943  pc b0003c56  cpsr 00000030
I/DEBUG   (   77):  d0  0000000000000000  d1  0000000000000000
I/DEBUG   (   77):  d2  0000000000000000  d3  0000000000000000
I/DEBUG   (   77):  d4  0000000000000000  d5  0000000000000000
I/DEBUG   (   77):  d6  0000000000000000  d7  0000000000000000
I/DEBUG   (   77):  d8  0000000000000000  d9  0000000000000000
I/DEBUG   (   77):  d10 0000000000000000  d11 0000000000000000
I/DEBUG   (   77):  d12 0000000000000000  d13 0000000000000000
I/DEBUG   (   77):  d14 0000000000000000  d15 0000000000000000
I/DEBUG   (   77):  scr 00000000
I/DEBUG   (   77): 
I/DEBUG   (   77):          #00  pc b0003c56  /system/bin/linker
I/DEBUG   (   77):          #01  pc 000c0940  /system/lib/libWVStreamControlAPI_L3.so
I/DEBUG   (   77): 
I/DEBUG   (   77): code around pc:
I/DEBUG   (   77): b0003c34 000064bc 0000f1aa 0000591e 1c04b5f0  .d.......Y......
I/DEBUG   (   77): b0003c44 1c2630b0 b0836803 1c1736ac 93011c22  .0&..h...6.."...
I/DEBUG   (   77): b0003c54 683532b4 95001c08 f7fd6811 1c20ef20  .25h.....h.. . .
I/DEBUG   (   77): b0003c64 1c2530bc 35c06803 58ce0089 9b01e016  .0%..h.5...X....
I/DEBUG   (   77): b0003c74 191c0134 68219a00 1c391850 ecc2f7fd  4.....!hP.9.....
I/DEBUG   (   77): 
I/DEBUG   (   77): code around lr:
I/DEBUG   (   77): 40c39920 20004788 bdd0b004 105e6a01 19886a63  .G. .....j^.cj..
I/DEBUG   (   77): 40c39930 58d1598a bf00e7ec 4c15b570 447c4815  .Y.X....p..L.H|D
I/DEBUG   (   77): 40c39940 e054f8df 58264d15 200ef854 32084630  ..T..M&XT.. 0F.2
I/DEBUG   (   77): 40c39950 2b04f840 ffb0f095 c044f8df 21004a11  @..+......D..J.!
I/DEBUG   (   77): 40c39960 46306131 f8545961 58a5300c 60333308  1a0FaYT..0.X.33`
I/DEBUG   (   77): 
I/DEBUG   (   77): stack:
I/DEBUG   (   77):     bee262f8  000000f0  
I/DEBUG   (   77):     bee262fc  bee263e4  [stack]
I/DEBUG   (   77):     bee26300  b000a4d8  
I/DEBUG   (   77):     bee26304  b000d958  
I/DEBUG   (   77):     bee26308  40bfd954  /system/lib/libWVStreamControlAPI_L3.so
I/DEBUG   (   77):     bee2630c  07902248  
I/DEBUG   (   77):     bee26310  b00094f0  /system/bin/linker
I/DEBUG   (   77):     bee26314  b000a078  
I/DEBUG   (   77):     bee26318  00001f04  
I/DEBUG   (   77):     bee2631c  00003e33  
I/DEBUG   (   77):     bee26320  b00094fc  /system/bin/linker
I/DEBUG   (   77):     bee26324  b0012da4  
I/DEBUG   (   77):     bee26328  b000d958  
I/DEBUG   (   77):     bee2632c  00000000  
I/DEBUG   (   77):     bee26330  df0027ad  
I/DEBUG   (   77):     bee26334  00000000  
I/DEBUG   (   77): #01 bee26338  40db200c  /system/lib/libWVStreamControlAPI_L3.so
I/DEBUG   (   77):     bee2633c  00000030  
I/DEBUG   (   77):     bee26340  00000004  
I/DEBUG   (   77):     bee26344  b0003a99  /system/bin/linker
I/DEBUG   (   77):     bee26348  b000da3c  
I/DEBUG   (   77):     bee2634c  b000da38  
I/DEBUG   (   77):     bee26350  b000990c  /system/bin/linker
I/DEBUG   (   77):     bee26354  b00046eb  /system/bin/linker
I/DEBUG   (   77):     bee26358  b000d958  
I/DEBUG   (   77):     bee2635c  b000d958  
I/DEBUG   (   77):     bee26360  b000d9fc  
I/DEBUG   (   77):     bee26364  40b6dba4  /system/lib/libwvdrm_L3.so
I/DEBUG   (   77):     bee26368  00000000  
I/DEBUG   (   77):     bee2636c  ffffffff  
I/DEBUG   (   77):     bee26370  40db2000  /system/lib/libWVStreamControlAPI_L3.so
I/DEBUG   (   77):     bee26374  b0012fa8  
I/DEBUG   (   77):     bee26378  ffffffff  
I/DEBUG   (   77):     bee2637c  b000d9e4  
I/Netd    ( 2762): Netd 1.0 starting
I/        ( 2765): ServiceManager: 0x18910
D/AndroidRuntime( 2764): 
D/AndroidRuntime( 2764): >>>>>> AndroidRuntime START com.android.internal.os.ZygoteInit <<<<<<
D/AndroidRuntime( 2764): CheckJNI is OFF
E/dalvikvm( 2764): Bad heap size parameters (start=4194304, max=20971520, limit=33554432)
W/dalvikvm( 2764): CreateJavaVM failed: dvmGcStartup failed
E/AndroidRuntime( 2764): JNI_CreateJavaVM failed
I/ServiceManager(   74): service 'media.audio_flinger' died
I/ServiceManager(   74): service 'media.player' died
I/ServiceManager(   74): service 'media.camera' died
I/ServiceManager(   74): service 'media.audio_policy' died
I/SurfaceFlinger( 2763): SurfaceFlinger is starting
I/SurfaceFlinger( 2763): SurfaceFlinger's main thread ready to run. Initializing graphics H/W...
F/libc    ( 2763): Fatal signal 8 (SIGFPE) at 0x00000acb (code=0)
F/libc    ( 2765): Fatal signal 11 (SIGSEGV) at 0x00000004 (code=1)
I/        ( 2783): ServiceManager: 0xf958
I/HTC Acoustic( 2783): libhtc_acoustic.so version 2.0.0.6.
I/HTC Acoustic( 2783): deonvvv gingerbread test.
I/HTC Acoustic( 2783): open /system/etc/AudioPara4_WB.csv success.
I/HTC Acoustic( 2783): acoustic table version: GOFU-WB_20120503
I/HTC Acoustic( 2783): read_audio_para_from_file success.
E/HTC Acoustic( 2783): Fail to open /system/etc/AudioPara_VODA-Spain.csv -1.
I/HTC Acoustic( 2783): open /system/etc/AudioPara4.csv success.
I/HTC Acoustic( 2783): acoustic table version: GOFU_20120427
I/HTC Acoustic( 2783): read_audio_para_from_file success.
I/HTC Acoustic( 2783): get_audpp_filter
I/HTC Acoustic( 2783): open /system/etc/AudioFilter.csv success.
I/HTC Acoustic( 2783): MBADRC Filter MBADRC FLAG = ffff.
E/HTC Acoustic( 2783): set mbadrc filter error.
I/HTC Acoustic( 2783): failed to set audpp parameters, exiting.
I/HTC Acoustic( 2783): get_audpre_filter
I/HTC Acoustic( 2783): open /system/etc/AudioPreProcess.csv success.
D/AudioHardwareMSM72XX( 2783): mNumSndEndpoints = 183
V/AudioHardwareMSM72XX( 2783): constructed 183 SND endpoints)
D/AudioHardwareMSM72XX( 2783): BT MATCH HANDSET
D/AudioHardwareMSM72XX( 2783): BT MATCH SPEAKER
D/AudioHardwareMSM72XX( 2783): BT MATCH HEADSET
D/AudioHardwareMSM72XX( 2783): BT MATCH BT
D/AudioHardwareMSM72XX( 2783): BT MATCH CARKIT
D/AudioHardwareMSM72XX( 2783): BT MATCH TTY_FULL
D/AudioHardwareMSM72XX( 2783): BT MATCH TTY_VCO
D/AudioHardwareMSM72XX( 2783): BT MATCH TTY_HCO
D/AudioHardwareMSM72XX( 2783): BT MATCH NO_MIC_HEADSET
D/AudioHardwareMSM72XX( 2783): BT MATCH FM_HEADSET
D/AudioHardwareMSM72XX( 2783): BT MATCH HEADSET_AND_SPEAKER
D/AudioHardwareMSM72XX( 2783): BT MATCH FM_SPEAKER
D/AudioHardwareMSM72XX( 2783): BT MATCH BT_EC_OFF
D/AudioHardwareMSM72XX( 2783): BT MATCH BT_EC_OFF
D/AudioHardwareMSM72XX( 2783): BT MATCH CURRENT
I/AudioFlinger( 2783): Loaded primary audio interface from LEGACY Audio HW HAL (audio)
I/AudioFlinger( 2783): Using 'LEGACY Audio HW HAL' (audio.primary) as the primary audio interface
I/AudioFlinger( 2783): Loaded a2dp audio interface from A2DP Audio HW HAL (audio)
D/AudioHardwareInterface( 2783): setMode(NORMAL)
I/AudioHardwareMSM72XX( 2783): Set master volume to 5.
I/CameraService( 2783): CameraService started (pid=2783)
E/HAL     ( 2783): load: module=/system/lib/hw/camera.marvel.so
E/HAL     ( 2783): Cannot load library: link_image[1965]:  2783 could not load needed library 'libcamera.so' for 'camera.marvel.so' (reloc_library[1314]:  2783 cannot locate '_debug_pthread_create'...
E/HAL     ( 2783): )
E/CameraService( 2783): Could not load camera HAL module
I/AudioFlinger( 2783): AudioFlinger's thread 0x18698 ready to run
W/AudioFlinger( 2783): Thread AudioOut_1 cannot connect to the power manager service
V/AudioHardwareMSM72XX( 2783): AudioStreamOutMSM72xx::setParameters() routing=2
V/AudioHardwareMSM72XX( 2783): set output routing 2
I/AudioHardwareMSM72XX( 2783): Routing audio to Speakerphone
V/AudioHardwareMSM72XX( 2783): doAudioRouteOrMute() device 1, mMode 0, mMicMute 1
D/AudioHardwareMSM72XX( 2783): setVoiceVolume(1.000000)
I/AudioHardwareMSM72XX( 2783): Setting in-call volume to 5 (available range is 0 to 5)
I/AudioPolicyService( 2783): Loaded audio policy from LEGACY Audio Policy HAL (audio_policy)
I/DEBUG   (   77): *** *** *** *** *** *** *** *** *** *** *** *** *** *** *** ***
I/DEBUG   (   77): Build fingerprint: 'htc_europe/htc_golfu/golfu:4.0.3/IML74K/62541.1:user/release-keys'
I/DEBUG   (   77): pid: 2763, tid: 2784  >>> /system/bin/surfaceflinger <<<
I/DEBUG   (   77): signal 8 (SIGFPE), code 0 (?), fault addr 00000acb
I/DEBUG   (   77):  r0 00000000  r1 00000008  r2 ffffffff  r3 00000020
I/DEBUG   (   77):  r4 00000008  r5 00000000  r6 00000000  r7 00000025
I/DEBUG   (   77):  r8 00000000  r9 400de695  10 a4c68000  fp 0000fc00
I/DEBUG   (   77):  ip 40045029  sp 100ffa14  lr 40045037  pc 400396a0  cpsr 00000010
I/DEBUG   (   77):  d0  0000000000000000  d1  0000000000000000
I/DEBUG   (   77):  d2  0000000000000000  d3  0000000000000000
I/DEBUG   (   77):  d4  0000000000000000  d5  0000000000000000
I/DEBUG   (   77):  d6  0000000000000000  d7  0000000000000000
I/DEBUG   (   77):  d8  0000000000000000  d9  0000000000000000
I/DEBUG   (   77):  d10 0000000000000000  d11 0000000000000000
I/DEBUG   (   77):  d12 0000000000000000  d13 0000000000000000
I/DEBUG   (   77):  d14 0000000000000000  d15 0000000000000000
I/DEBUG   (   77):  scr 00000000
I/DEBUG   (   77): 
I/DEBUG   (   77):          #00  pc 0000d6a0  /system/lib/libc.so (kill)
I/DEBUG   (   77):          #01  pc 00019034  /system/lib/libc.so (raise)
I/DEBUG   (   77): 
I/DEBUG   (   77): code around pc:
I/DEBUG   (   77): 40039680 e2601000 e0100001 116f0f10 12600020  ..`.......o. .`.
I/DEBUG   (   77): 40039690 e12fff1e e92d50f0 e3a07025 ef000000  ../..P-.%p......
I/DEBUG   (   77): 400396a0 e8bd50f0 e1b00000 512fff1e ea00adbc  .P......../Q....
I/DEBUG   (   77): 400396b0 e92d50f0 e3a070ee ef000000 e8bd50f0  .P-..p.......P..
I/DEBUG   (   77): 400396c0 e1b00000 512fff1e ea00adb5 f5d0f000  ....../Q........
I/DEBUG   (   77): 
I/DEBUG   (   77): code around lr:
I/DEBUG   (   77): 40045014 b083b500 17db9300 f7f39301 b003ea4c  ............L...
I/DEBUG   (   77): 40045024 46c0bd00 1c04b510 e8a6f7f3 f7f41c21  ...F........!...
I/DEBUG   (   77): 40045034 bd10eb30 1c02b510 48034902 f7f42300  0........I.H.#..
I/DEBUG   (   77): 40045044 bd10e93e 28121969 fee1dead b082b510  >...i..(........
I/DEBUG   (   77): 40045054 94002400 f7f39401 b002efe4 46c0bd10  .$.............F
I/DEBUG   (   77): 
I/DEBUG   (   77): stack:
I/DEBUG   (   77):     100ff9d4  00000004  
I/DEBUG   (   77):     100ff9d8  400291cd  /system/lib/liblog.so
I/DEBUG   (   77):     100ff9dc  40021c70  /system/lib/libsurfaceflinger.so
I/DEBUG   (   77):     100ff9e0  100ff9f8  
I/DEBUG   (   77):     100ff9e4  100ffa2c  
I/DEBUG   (   77):     100ff9e8  00000000  
I/DEBUG   (   77):     100ff9ec  40029547  /system/lib/liblog.so
I/DEBUG   (   77):     100ff9f0  00000000  
I/DEBUG   (   77):     100ff9f4  00000004  
I/DEBUG   (   77):     100ff9f8  100ff9f4  
I/DEBUG   (   77):     100ff9fc  00000001  
I/DEBUG   (   77):     100ffa00  40021c70  /system/lib/libsurfaceflinger.so
I/DEBUG   (   77):     100ffa04  0000000f  
I/DEBUG   (   77):     100ffa08  100ffa2c  
I/DEBUG   (   77):     100ffa0c  00000048  
I/DEBUG   (   77):     100ffa10  30000000  
I/DEBUG   (   77): #01 100ffa14  00000008  
I/DEBUG   (   77):     100ffa18  00000000  
I/DEBUG   (   77):     100ffa1c  00000000  
I/DEBUG   (   77):     100ffa20  00038d7e  
I/DEBUG   (   77):     100ffa24  40045029  /system/lib/libc.so
I/DEBUG   (   77):     100ffa28  40045037  /system/lib/libc.so
I/DEBUG   (   77):     100ffa2c  00038d7e  
I/DEBUG   (   77):     100ffa30  4003b608  /system/lib/libc.so
I/DEBUG   (   77):     100ffa34  00000000  
I/DEBUG   (   77):     100ffa38  4003a3e4  /system/lib/libc.so
I/DEBUG   (   77):     100ffa3c  4003a3f4  /system/lib/libc.so
I/DEBUG   (   77):     100ffa40  00000000  
I/DEBUG   (   77):     100ffa44  00038d7e  
I/DEBUG   (   77):     100ffa48  00000000  
I/DEBUG   (   77):     100ffa4c  4003d180  /system/lib/libc.so
I/DEBUG   (   77):     100ffa50  a4c68000  
I/DEBUG   (   77):     100ffa54  00038d7e  
I/DEBUG   (   77):     100ffa58  00000000  
I/DEBUG   (   77): *** *** *** *** *** *** *** *** *** *** *** *** *** *** *** ***
I/DEBUG   (   77): Build fingerprint: 'htc_europe/htc_golfu/golfu:4.0.3/IML74K/62541.1:user/release-keys'
I/DEBUG   (   77): pid: 2765, tid: 2765  >>> /system/bin/drmserver <<<
I/DEBUG   (   77): signal 11 (SIGSEGV), code 1 (SEGV_MAPERR), fault addr 00000004
I/DEBUG   (   77):  r0 fffff41c  r1 00000032  r2 40c3993b  r3 40c39939
I/DEBUG   (   77):  r4 40dbf050  r5 00000030  r6 00000004  r7 20000000
I/DEBUG   (   77):  r8 00000000  r9 00000000  10 00000000  fp 00000000
I/DEBUG   (   77):  ip 00000000  sp beef7338  lr 40c39943  pc b0003c56  cpsr 00000030
I/DEBUG   (   77):  d0  0000000000000000  d1  0000000000000000
I/DEBUG   (   77):  d2  0000000000000000  d3  0000000000000000
I/DEBUG   (   77):  d4  0000000000000000  d5  0000000000000000
I/DEBUG   (   77):  d6  0000000000000000  d7  0000000000000000
I/DEBUG   (   77):  d8  0000000000000000  d9  0000000000000000
I/DEBUG   (   77):  d10 0000000000000000  d11 0000000000000000
I/DEBUG   (   77):  d12 0000000000000000  d13 0000000000000000
I/DEBUG   (   77):  d14 0000000000000000  d15 0000000000000000
I/DEBUG   (   77):  scr 00000000
I/DEBUG   (   77): 
I/DEBUG   (   77):          #00  pc b0003c56  /system/bin/linker
I/DEBUG   (   77):          #01  pc 000c0940  /system/lib/libWVStreamControlAPI_L3.so
I/DEBUG   (   77): 
I/DEBUG   (   77): code around pc:
I/DEBUG   (   77): b0003c34 000064bc 0000f1aa 0000591e 1c04b5f0  .d.......Y......
I/DEBUG   (   77): b0003c44 1c2630b0 b0836803 1c1736ac 93011c22  .0&..h...6.."...
I/DEBUG   (   77): b0003c54 683532b4 95001c08 f7fd6811 1c20ef20  .25h.....h.. . .
I/DEBUG   (   77): b0003c64 1c2530bc 35c06803 58ce0089 9b01e016  .0%..h.5...X....
I/DEBUG   (   77): b0003c74 191c0134 68219a00 1c391850 ecc2f7fd  4.....!hP.9.....
I/DEBUG   (   77): 
I/DEBUG   (   77): code around lr:
I/DEBUG   (   77): 40c39920 20004788 bdd0b004 105e6a01 19886a63  .G. .....j^.cj..
I/DEBUG   (   77): 40c39930 58d1598a bf00e7ec 4c15b570 447c4815  .Y.X....p..L.H|D
I/DEBUG   (   77): 40c39940 e054f8df 58264d15 200ef854 32084630  ..T..M&XT.. 0F.2
I/DEBUG   (   77): 40c39950 2b04f840 ffb0f095 c044f8df 21004a11  @..+......D..J.!
I/DEBUG   (   77): 40c39960 46306131 f8545961 58a5300c 60333308  1a0FaYT..0.X.33`
I/DEBUG   (   77): 
I/DEBUG   (   77): stack:
I/DEBUG   (   77):     beef72f8  000000f0  
I/DEBUG   (   77):     beef72fc  beef73e4  [stack]
I/DEBUG   (   77):     beef7300  b000a4d8  
I/DEBUG   (   77):     beef7304  b000d958  
I/DEBUG   (   77):     beef7308  40bfd954  /system/lib/libWVStreamControlAPI_L3.so
I/DEBUG   (   77):     beef730c  07902248  
I/DEBUG   (   77):     beef7310  b00094f0  /system/bin/linker
I/DEBUG   (   77):     beef7314  b000a078  
I/DEBUG   (   77):     beef7318  00001f04  
I/DEBUG   (   77):     beef731c  00003e33  
I/DEBUG   (   77):     beef7320  b00094fc  /system/bin/linker
I/DEBUG   (   77):     beef7324  b0012da4  
I/DEBUG   (   77):     beef7328  b000d958  
I/DEBUG   (   77):     beef732c  00000000  
I/DEBUG   (   77):     beef7330  df0027ad  
I/DEBUG   (   77):     beef7334  00000000  
I/DEBUG   (   77): #01 beef7338  40db200c  /system/lib/libWVStreamControlAPI_L3.so
I/DEBUG   (   77):     beef733c  00000030  
I/DEBUG   (   77):     beef7340  00000004  
I/DEBUG   (   77):     beef7344  b0003a99  /system/bin/linker
I/DEBUG   (   77):     beef7348  b000da3c  
I/DEBUG   (   77):     beef734c  b000da38  
I/DEBUG   (   77):     beef7350  b000990c  /system/bin/linker
I/DEBUG   (   77):     beef7354  b00046eb  /system/bin/linker
I/DEBUG   (   77):     beef7358  b000d958  
I/DEBUG   (   77):     beef735c  b000d958  
I/DEBUG   (   77):     beef7360  b000d9fc  
I/DEBUG   (   77):     beef7364  40b6dba4  /system/lib/libwvdrm_L3.so
I/DEBUG   (   77):     beef7368  00000000  
I/DEBUG   (   77):     beef736c  ffffffff  
I/DEBUG   (   77):     beef7370  40db2000  /system/lib/libWVStreamControlAPI_L3.so
I/DEBUG   (   77):     beef7374  b0012fa8  
I/DEBUG   (   77):     beef7378  ffffffff  
I/DEBUG   (   77):     beef737c  b000d9e4  
I/Netd    ( 2790): Netd 1.0 starting
I/        ( 2793): ServiceManager: 0x18910
D/AndroidRuntime( 2792): 
D/AndroidRuntime( 2792): >>>>>> AndroidRuntime START com.android.internal.os.ZygoteInit <<<<<<
D/AndroidRuntime( 2792): CheckJNI is OFF
E/dalvikvm( 2792): Bad heap size parameters (start=4194304, max=20971520, limit=33554432)
W/dalvikvm( 2792): CreateJavaVM failed: dvmGcStartup failed
E/AndroidRuntime( 2792): JNI_CreateJavaVM failed
I/ServiceManager(   74): service 'media.audio_flinger' died
I/ServiceManager(   74): service 'media.player' died
I/ServiceManager(   74): service 'media.camera' died
I/ServiceManager(   74): service 'media.audio_policy' died
I/SurfaceFlinger( 2791): SurfaceFlinger is starting
I/SurfaceFlinger( 2791): SurfaceFlinger's main thread ready to run. Initializing graphics H/W...
F/libc    ( 2791): Fatal signal 8 (SIGFPE) at 0x00000ae7 (code=0)
F/libc    ( 2793): Fatal signal 11 (SIGSEGV) at 0x00000004 (code=1)
I/        ( 2811): ServiceManager: 0xf958
I/HTC Acoustic( 2811): libhtc_acoustic.so version 2.0.0.6.
I/HTC Acoustic( 2811): deonvvv gingerbread test.
I/HTC Acoustic( 2811): open /system/etc/AudioPara4_WB.csv success.
I/HTC Acoustic( 2811): acoustic table version: GOFU-WB_20120503
I/HTC Acoustic( 2811): read_audio_para_from_file success.
E/HTC Acoustic( 2811): Fail to open /system/etc/AudioPara_VODA-Spain.csv -1.
I/HTC Acoustic( 2811): open /system/etc/AudioPara4.csv success.
I/HTC Acoustic( 2811): acoustic table version: GOFU_20120427
I/HTC Acoustic( 2811): read_audio_para_from_file success.
I/HTC Acoustic( 2811): get_audpp_filter
I/HTC Acoustic( 2811): open /system/etc/AudioFilter.csv success.
I/HTC Acoustic( 2811): MBADRC Filter MBADRC FLAG = ffff.
E/HTC Acoustic( 2811): set mbadrc filter error.
I/HTC Acoustic( 2811): failed to set audpp parameters, exiting.
I/HTC Acoustic( 2811): get_audpre_filter
I/HTC Acoustic( 2811): open /system/etc/AudioPreProcess.csv success.
D/AudioHardwareMSM72XX( 2811): mNumSndEndpoints = 183
V/AudioHardwareMSM72XX( 2811): constructed 183 SND endpoints)
D/AudioHardwareMSM72XX( 2811): BT MATCH HANDSET
D/AudioHardwareMSM72XX( 2811): BT MATCH SPEAKER
D/AudioHardwareMSM72XX( 2811): BT MATCH HEADSET
D/AudioHardwareMSM72XX( 2811): BT MATCH BT
D/AudioHardwareMSM72XX( 2811): BT MATCH CARKIT
D/AudioHardwareMSM72XX( 2811): BT MATCH TTY_FULL
D/AudioHardwareMSM72XX( 2811): BT MATCH TTY_VCO
D/AudioHardwareMSM72XX( 2811): BT MATCH TTY_HCO
D/AudioHardwareMSM72XX( 2811): BT MATCH NO_MIC_HEADSET
D/AudioHardwareMSM72XX( 2811): BT MATCH FM_HEADSET
D/AudioHardwareMSM72XX( 2811): BT MATCH HEADSET_AND_SPEAKER
D/AudioHardwareMSM72XX( 2811): BT MATCH FM_SPEAKER
D/AudioHardwareMSM72XX( 2811): BT MATCH BT_EC_OFF
D/AudioHardwareMSM72XX( 2811): BT MATCH BT_EC_OFF
D/AudioHardwareMSM72XX( 2811): BT MATCH CURRENT
I/AudioFlinger( 2811): Loaded primary audio interface from LEGACY Audio HW HAL (audio)
I/AudioFlinger( 2811): Using 'LEGACY Audio HW HAL' (audio.primary) as the primary audio interface
I/AudioFlinger( 2811): Loaded a2dp audio interface from A2DP Audio HW HAL (audio)
D/AudioHardwareInterface( 2811): setMode(NORMAL)
I/AudioHardwareMSM72XX( 2811): Set master volume to 5.
I/CameraService( 2811): CameraService started (pid=2811)
E/HAL     ( 2811): load: module=/system/lib/hw/camera.marvel.so
E/HAL     ( 2811): Cannot load library: link_image[1965]:  2811 could not load needed library 'libcamera.so' for 'camera.marvel.so' (reloc_library[1314]:  2811 cannot locate '_debug_pthread_create'...
E/HAL     ( 2811): )
E/CameraService( 2811): Could not load camera HAL module
I/AudioFlinger( 2811): AudioFlinger's thread 0x18698 ready to run
W/AudioFlinger( 2811): Thread AudioOut_1 cannot connect to the power manager service
V/AudioHardwareMSM72XX( 2811): AudioStreamOutMSM72xx::setParameters() routing=2
V/AudioHardwareMSM72XX( 2811): set output routing 2
I/AudioHardwareMSM72XX( 2811): Routing audio to Speakerphone
V/AudioHardwareMSM72XX( 2811): doAudioRouteOrMute() device 1, mMode 0, mMicMute 1
D/AudioHardwareMSM72XX( 2811): setVoiceVolume(1.000000)
I/AudioHardwareMSM72XX( 2811): Setting in-call volume to 5 (available range is 0 to 5)
I/AudioPolicyService( 2811): Loaded audio policy from LEGACY Audio Policy HAL (audio_policy)
I/DEBUG   (   77): *** *** *** *** *** *** *** *** *** *** *** *** *** *** *** ***
I/DEBUG   (   77): Build fingerprint: 'htc_europe/htc_golfu/golfu:4.0.3/IML74K/62541.1:user/release-keys'
I/DEBUG   (   77): pid: 2791, tid: 2812  >>> /system/bin/surfaceflinger <<<
I/DEBUG   (   77): signal 8 (SIGFPE), code 0 (?), fault addr 00000ae7
I/DEBUG   (   77):  r0 00000000  r1 00000008  r2 ffffffff  r3 00000020
I/DEBUG   (   77):  r4 00000008  r5 00000000  r6 00000000  r7 00000025
I/DEBUG   (   77):  r8 00000000  r9 400de695  10 a4c68000  fp 0000fc00
I/DEBUG   (   77):  ip 40045029  sp 100ffa14  lr 40045037  pc 400396a0  cpsr 00000010
I/DEBUG   (   77):  d0  0000000000000000  d1  0000000000000000
I/DEBUG   (   77):  d2  0000000000000000  d3  0000000000000000
I/DEBUG   (   77):  d4  0000000000000000  d5  0000000000000000
I/DEBUG   (   77):  d6  0000000000000000  d7  0000000000000000
I/DEBUG   (   77):  d8  0000000000000000  d9  0000000000000000
I/DEBUG   (   77):  d10 0000000000000000  d11 0000000000000000
I/DEBUG   (   77):  d12 0000000000000000  d13 0000000000000000
I/DEBUG   (   77):  d14 0000000000000000  d15 0000000000000000
I/DEBUG   (   77):  scr 00000000
I/DEBUG   (   77): 
I/DEBUG   (   77):          #00  pc 0000d6a0  /system/lib/libc.so (kill)
I/DEBUG   (   77):          #01  pc 00019034  /system/lib/libc.so (raise)
I/DEBUG   (   77): 
I/DEBUG   (   77): code around pc:
I/DEBUG   (   77): 40039680 e2601000 e0100001 116f0f10 12600020  ..`.......o. .`.
I/DEBUG   (   77): 40039690 e12fff1e e92d50f0 e3a07025 ef000000  ../..P-.%p......
I/DEBUG   (   77): 400396a0 e8bd50f0 e1b00000 512fff1e ea00adbc  .P......../Q....
I/DEBUG   (   77): 400396b0 e92d50f0 e3a070ee ef000000 e8bd50f0  .P-..p.......P..
I/DEBUG   (   77): 400396c0 e1b00000 512fff1e ea00adb5 f5d0f000  ....../Q........
I/DEBUG   (   77): 
I/DEBUG   (   77): code around lr:
I/DEBUG   (   77): 40045014 b083b500 17db9300 f7f39301 b003ea4c  ............L...
I/DEBUG   (   77): 40045024 46c0bd00 1c04b510 e8a6f7f3 f7f41c21  ...F........!...
I/DEBUG   (   77): 40045034 bd10eb30 1c02b510 48034902 f7f42300  0........I.H.#..
I/DEBUG   (   77): 40045044 bd10e93e 28121969 fee1dead b082b510  >...i..(........
I/DEBUG   (   77): 40045054 94002400 f7f39401 b002efe4 46c0bd10  .$.............F
I/DEBUG   (   77): 
I/DEBUG   (   77): stack:
I/DEBUG   (   77):     100ff9d4  00000004  
I/DEBUG   (   77):     100ff9d8  400291cd  /system/lib/liblog.so
I/DEBUG   (   77):     100ff9dc  40021c70  /system/lib/libsurfaceflinger.so
I/DEBUG   (   77):     100ff9e0  100ff9f8  
I/DEBUG   (   77):     100ff9e4  100ffa2c  
I/DEBUG   (   77):     100ff9e8  00000000  
I/DEBUG   (   77):     100ff9ec  40029547  /system/lib/liblog.so
I/DEBUG   (   77):     100ff9f0  00000000  
I/DEBUG   (   77):     100ff9f4  00000004  
I/DEBUG   (   77):     100ff9f8  100ff9f4  
I/DEBUG   (   77):     100ff9fc  00000001  
I/DEBUG   (   77):     100ffa00  40021c70  /system/lib/libsurfaceflinger.so
I/DEBUG   (   77):     100ffa04  0000000f  
I/DEBUG   (   77):     100ffa08  100ffa2c  
I/DEBUG   (   77):     100ffa0c  00000048  
I/DEBUG   (   77):     100ffa10  30000000  
I/DEBUG   (   77): #01 100ffa14  00000008  
I/DEBUG   (   77):     100ffa18  00000000  
I/DEBUG   (   77):     100ffa1c  00000000  
I/DEBUG   (   77):     100ffa20  00038d7e  
I/DEBUG   (   77):     100ffa24  40045029  /system/lib/libc.so
I/DEBUG   (   77):     100ffa28  40045037  /system/lib/libc.so
I/DEBUG   (   77):     100ffa2c  00038d7e  
I/DEBUG   (   77):     100ffa30  4003b608  /system/lib/libc.so
I/DEBUG   (   77):     100ffa34  00000000  
I/DEBUG   (   77):     100ffa38  4003a3e4  /system/lib/libc.so
I/DEBUG   (   77):     100ffa3c  4003a3f4  /system/lib/libc.so
I/DEBUG   (   77):     100ffa40  00000000  
I/DEBUG   (   77):     100ffa44  00038d7e  
I/DEBUG   (   77):     100ffa48  00000000  
I/DEBUG   (   77):     100ffa4c  4003d180  /system/lib/libc.so
I/DEBUG   (   77):     100ffa50  a4c68000  
I/DEBUG   (   77):     100ffa54  00038d7e  
I/DEBUG   (   77):     100ffa58  00000000  
I/DEBUG   (   77): *** *** *** *** *** *** *** *** *** *** *** *** *** *** *** ***
I/DEBUG   (   77): Build fingerprint: 'htc_europe/htc_golfu/golfu:4.0.3/IML74K/62541.1:user/release-keys'
I/DEBUG   (   77): pid: 2793, tid: 2793  >>> /system/bin/drmserver <<<
I/DEBUG   (   77): signal 11 (SIGSEGV), code 1 (SEGV_MAPERR), fault addr 00000004
I/DEBUG   (   77):  r0 fffff41c  r1 00000032  r2 40c3993b  r3 40c39939
I/DEBUG   (   77):  r4 40dbf050  r5 00000030  r6 00000004  r7 20000000
I/DEBUG   (   77):  r8 00000000  r9 00000000  10 00000000  fp 00000000
I/DEBUG   (   77):  ip 00000000  sp be9ed338  lr 40c39943  pc b0003c56  cpsr 00000030
I/DEBUG   (   77):  d0  0000000000000000  d1  0000000000000000
I/DEBUG   (   77):  d2  0000000000000000  d3  0000000000000000
I/DEBUG   (   77):  d4  0000000000000000  d5  0000000000000000
I/DEBUG   (   77):  d6  0000000000000000  d7  0000000000000000
I/DEBUG   (   77):  d8  0000000000000000  d9  0000000000000000
I/DEBUG   (   77):  d10 0000000000000000  d11 0000000000000000
I/DEBUG   (   77):  d12 0000000000000000  d13 0000000000000000
I/DEBUG   (   77):  d14 0000000000000000  d15 0000000000000000
I/DEBUG   (   77):  scr 00000000
I/DEBUG   (   77): 
I/DEBUG   (   77):          #00  pc b0003c56  /system/bin/linker
I/DEBUG   (   77):          #01  pc 000c0940  /system/lib/libWVStreamControlAPI_L3.so
I/DEBUG   (   77): 
I/DEBUG   (   77): code around pc:
I/DEBUG   (   77): b0003c34 000064bc 0000f1aa 0000591e 1c04b5f0  .d.......Y......
I/DEBUG   (   77): b0003c44 1c2630b0 b0836803 1c1736ac 93011c22  .0&..h...6.."...
I/DEBUG   (   77): b0003c54 683532b4 95001c08 f7fd6811 1c20ef20  .25h.....h.. . .
I/DEBUG   (   77): b0003c64 1c2530bc 35c06803 58ce0089 9b01e016  .0%..h.5...X....
I/DEBUG   (   77): b0003c74 191c0134 68219a00 1c391850 ecc2f7fd  4.....!hP.9.....
I/DEBUG   (   77): 
I/DEBUG   (   77): code around lr:
I/DEBUG   (   77): 40c39920 20004788 bdd0b004 105e6a01 19886a63  .G. .....j^.cj..
I/DEBUG   (   77): 40c39930 58d1598a bf00e7ec 4c15b570 447c4815  .Y.X....p..L.H|D
I/DEBUG   (   77): 40c39940 e054f8df 58264d15 200ef854 32084630  ..T..M&XT.. 0F.2
I/DEBUG   (   77): 40c39950 2b04f840 ffb0f095 c044f8df 21004a11  @..+......D..J.!
I/DEBUG   (   77): 40c39960 46306131 f8545961 58a5300c 60333308  1a0FaYT..0.X.33`
I/DEBUG   (   77): 
I/DEBUG   (   77): stack:
I/DEBUG   (   77):     be9ed2f8  000000f0  
I/DEBUG   (   77):     be9ed2fc  be9ed3e4  [stack]
I/DEBUG   (   77):     be9ed300  b000a4d8  
I/DEBUG   (   77):     be9ed304  b000d958  
I/DEBUG   (   77):     be9ed308  40bfd954  /system/lib/libWVStreamControlAPI_L3.so
I/DEBUG   (   77):     be9ed30c  07902248  
I/DEBUG   (   77):     be9ed310  b00094f0  /system/bin/linker
I/DEBUG   (   77):     be9ed314  b000a078  
I/DEBUG   (   77):     be9ed318  00001f04  
I/DEBUG   (   77):     be9ed31c  00003e33  
I/DEBUG   (   77):     be9ed320  b00094fc  /system/bin/linker
I/DEBUG   (   77):     be9ed324  b0012da4  
I/DEBUG   (   77):     be9ed328  b000d958  
I/DEBUG   (   77):     be9ed32c  00000000  
I/DEBUG   (   77):     be9ed330  df0027ad  
I/DEBUG   (   77):     be9ed334  00000000  
I/DEBUG   (   77): #01 be9ed338  40db200c  /system/lib/libWVStreamControlAPI_L3.so
I/DEBUG   (   77):     be9ed33c  00000030  
I/DEBUG   (   77):     be9ed340  00000004  
I/DEBUG   (   77):     be9ed344  b0003a99  /system/bin/linker
I/DEBUG   (   77):     be9ed348  b000da3c  
I/DEBUG   (   77):     be9ed34c  b000da38  
I/DEBUG   (   77):     be9ed350  b000990c  /system/bin/linker
I/DEBUG   (   77):     be9ed354  b00046eb  /system/bin/linker
I/DEBUG   (   77):     be9ed358  b000d958  
I/DEBUG   (   77):     be9ed35c  b000d958  
I/DEBUG   (   77):     be9ed360  b000d9fc  
I/DEBUG   (   77):     be9ed364  40b6dba4  /system/lib/libwvdrm_L3.so
I/DEBUG   (   77):     be9ed368  00000000  
I/DEBUG   (   77):     be9ed36c  ffffffff  
I/DEBUG   (   77):     be9ed370  40db2000  /system/lib/libWVStreamControlAPI_L3.so
I/DEBUG   (   77):     be9ed374  b0012fa8  
I/DEBUG   (   77):     be9ed378  ffffffff  
I/DEBUG   (   77):     be9ed37c  b000d9e4  
I/Netd    ( 2818): Netd 1.0 starting
I/        ( 2821): ServiceManager: 0x18910
D/AndroidRuntime( 2820): 
D/AndroidRuntime( 2820): >>>>>> AndroidRuntime START com.android.internal.os.ZygoteInit <<<<<<
D/AndroidRuntime( 2820): CheckJNI is OFF
E/dalvikvm( 2820): Bad heap size parameters (start=4194304, max=20971520, limit=33554432)
W/dalvikvm( 2820): CreateJavaVM failed: dvmGcStartup failed
E/AndroidRuntime( 2820): JNI_CreateJavaVM failed
I/ServiceManager(   74): service 'media.audio_flinger' died
I/ServiceManager(   74): service 'media.player' died
I/ServiceManager(   74): service 'media.camera' died
I/ServiceManager(   74): service 'media.audio_policy' died
I/SurfaceFlinger( 2819): SurfaceFlinger is starting
F/libc    ( 2821): Fatal signal 11 (SIGSEGV) at 0x00000004 (code=1)
I/SurfaceFlinger( 2819): SurfaceFlinger's main thread ready to run. Initializing graphics H/W...
F/libc    ( 2819): Fatal signal 8 (SIGFPE) at 0x00000b03 (code=0)
I/        ( 2839): ServiceManager: 0xf958
I/HTC Acoustic( 2839): libhtc_acoustic.so version 2.0.0.6.
I/HTC Acoustic( 2839): deonvvv gingerbread test.
I/HTC Acoustic( 2839): open /system/etc/AudioPara4_WB.csv success.
I/HTC Acoustic( 2839): acoustic table version: GOFU-WB_20120503
I/HTC Acoustic( 2839): read_audio_para_from_file success.
E/HTC Acoustic( 2839): Fail to open /system/etc/AudioPara_VODA-Spain.csv -1.
I/HTC Acoustic( 2839): open /system/etc/AudioPara4.csv success.
I/HTC Acoustic( 2839): acoustic table version: GOFU_20120427
I/HTC Acoustic( 2839): read_audio_para_from_file success.
I/HTC Acoustic( 2839): get_audpp_filter
I/HTC Acoustic( 2839): open /system/etc/AudioFilter.csv success.
I/HTC Acoustic( 2839): MBADRC Filter MBADRC FLAG = ffff.
E/HTC Acoustic( 2839): set mbadrc filter error.
I/HTC Acoustic( 2839): failed to set audpp parameters, exiting.
I/HTC Acoustic( 2839): get_audpre_filter
I/HTC Acoustic( 2839): open /system/etc/AudioPreProcess.csv success.
D/AudioHardwareMSM72XX( 2839): mNumSndEndpoints = 183
V/AudioHardwareMSM72XX( 2839): constructed 183 SND endpoints)
D/AudioHardwareMSM72XX( 2839): BT MATCH HANDSET
D/AudioHardwareMSM72XX( 2839): BT MATCH SPEAKER
D/AudioHardwareMSM72XX( 2839): BT MATCH HEADSET
D/AudioHardwareMSM72XX( 2839): BT MATCH BT
D/AudioHardwareMSM72XX( 2839): BT MATCH CARKIT
D/AudioHardwareMSM72XX( 2839): BT MATCH TTY_FULL
D/AudioHardwareMSM72XX( 2839): BT MATCH TTY_VCO
D/AudioHardwareMSM72XX( 2839): BT MATCH TTY_HCO
D/AudioHardwareMSM72XX( 2839): BT MATCH NO_MIC_HEADSET
D/AudioHardwareMSM72XX( 2839): BT MATCH FM_HEADSET
D/AudioHardwareMSM72XX( 2839): BT MATCH HEADSET_AND_SPEAKER
D/AudioHardwareMSM72XX( 2839): BT MATCH FM_SPEAKER
D/AudioHardwareMSM72XX( 2839): BT MATCH BT_EC_OFF
D/AudioHardwareMSM72XX( 2839): BT MATCH BT_EC_OFF
D/AudioHardwareMSM72XX( 2839): BT MATCH CURRENT
I/AudioFlinger( 2839): Loaded primary audio interface from LEGACY Audio HW HAL (audio)
I/AudioFlinger( 2839): Using 'LEGACY Audio HW HAL' (audio.primary) as the primary audio interface
I/AudioFlinger( 2839): Loaded a2dp audio interface from A2DP Audio HW HAL (audio)
D/AudioHardwareInterface( 2839): setMode(NORMAL)
I/AudioHardwareMSM72XX( 2839): Set master volume to 5.
I/CameraService( 2839): CameraService started (pid=2839)
E/HAL     ( 2839): load: module=/system/lib/hw/camera.marvel.so
E/HAL     ( 2839): Cannot load library: link_image[1965]:  2839 could not load needed library 'libcamera.so' for 'camera.marvel.so' (reloc_library[1314]:  2839 cannot locate '_debug_pthread_create'...
E/HAL     ( 2839): )
E/CameraService( 2839): Could not load camera HAL module
I/AudioFlinger( 2839): AudioFlinger's thread 0x18698 ready to run
W/AudioFlinger( 2839): Thread AudioOut_1 cannot connect to the power manager service
V/AudioHardwareMSM72XX( 2839): AudioStreamOutMSM72xx::setParameters() routing=2
V/AudioHardwareMSM72XX( 2839): set output routing 2
I/AudioHardwareMSM72XX( 2839): Routing audio to Speakerphone
V/AudioHardwareMSM72XX( 2839): doAudioRouteOrMute() device 1, mMode 0, mMicMute 1
D/AudioHardwareMSM72XX( 2839): setVoiceVolume(1.000000)
I/AudioHardwareMSM72XX( 2839): Setting in-call volume to 5 (available range is 0 to 5)
I/AudioPolicyService( 2839): Loaded audio policy from LEGACY Audio Policy HAL (audio_policy)
I/DEBUG   (   77): *** *** *** *** *** *** *** *** *** *** *** *** *** *** *** ***
I/DEBUG   (   77): Build fingerprint: 'htc_europe/htc_golfu/golfu:4.0.3/IML74K/62541.1:user/release-keys'
I/DEBUG   (   77): pid: 2819, tid: 2840  >>> /system/bin/surfaceflinger <<<
I/DEBUG   (   77): signal 8 (SIGFPE), code 0 (?), fault addr 00000b03
I/DEBUG   (   77):  r0 00000000  r1 00000008  r2 ffffffff  r3 00000020
I/DEBUG   (   77):  r4 00000008  r5 00000000  r6 00000000  r7 00000025
I/DEBUG   (   77):  r8 00000000  r9 400de695  10 a4c68000  fp 0000fc00
I/DEBUG   (   77):  ip 40045029  sp 100ffa14  lr 40045037  pc 400396a0  cpsr 00000010
I/DEBUG   (   77):  d0  0000000000000000  d1  0000000000000000
I/DEBUG   (   77):  d2  0000000000000000  d3  0000000000000000
I/DEBUG   (   77):  d4  0000000000000000  d5  0000000000000000
I/DEBUG   (   77):  d6  0000000000000000  d7  0000000000000000
