D/AudioHardwareMSM72XX( 2391): BT MATCH TTY_FULL
D/AudioHardwareMSM72XX( 2391): BT MATCH TTY_VCO
D/AudioHardwareMSM72XX( 2391): BT MATCH TTY_HCO
D/AudioHardwareMSM72XX( 2391): BT MATCH NO_MIC_HEADSET
D/AudioHardwareMSM72XX( 2391): BT MATCH FM_HEADSET
D/AudioHardwareMSM72XX( 2391): BT MATCH HEADSET_AND_SPEAKER
D/AudioHardwareMSM72XX( 2391): BT MATCH FM_SPEAKER
D/AudioHardwareMSM72XX( 2391): BT MATCH BT_EC_OFF
D/AudioHardwareMSM72XX( 2391): BT MATCH BT_EC_OFF
D/AudioHardwareMSM72XX( 2391): BT MATCH CURRENT
I/AudioFlinger( 2391): Loaded primary audio interface from LEGACY Audio HW HAL (audio)
I/AudioFlinger( 2391): Using 'LEGACY Audio HW HAL' (audio.primary) as the primary audio interface
I/AudioFlinger( 2391): Loaded a2dp audio interface from A2DP Audio HW HAL (audio)
D/AudioHardwareInterface( 2391): setMode(NORMAL)
I/AudioHardwareMSM72XX( 2391): Set master volume to 5.
I/CameraService( 2391): CameraService started (pid=2391)
E/HAL     ( 2391): load: module=/system/lib/hw/camera.marvel.so
E/HAL     ( 2391): Cannot load library: link_image[1965]:  2391 could not load needed library 'libcamera.so' for 'camera.marvel.so' (reloc_library[1314]:  2391 cannot locate '_debug_pthread_create'...
E/HAL     ( 2391): )
E/CameraService( 2391): Could not load camera HAL module
I/AudioFlinger( 2391): AudioFlinger's thread 0x18698 ready to run
W/AudioFlinger( 2391): Thread AudioOut_1 cannot connect to the power manager service
V/AudioHardwareMSM72XX( 2391): AudioStreamOutMSM72xx::setParameters() routing=2
V/AudioHardwareMSM72XX( 2391): set output routing 2
I/AudioHardwareMSM72XX( 2391): Routing audio to Speakerphone
V/AudioHardwareMSM72XX( 2391): doAudioRouteOrMute() device 1, mMode 0, mMicMute 1
D/AudioHardwareMSM72XX( 2391): setVoiceVolume(1.000000)
I/AudioHardwareMSM72XX( 2391): Setting in-call volume to 5 (available range is 0 to 5)
I/AudioPolicyService( 2391): Loaded audio policy from LEGACY Audio Policy HAL (audio_policy)
I/DEBUG   (   77): *** *** *** *** *** *** *** *** *** *** *** *** *** *** *** ***
I/DEBUG   (   77): Build fingerprint: 'htc_europe/htc_golfu/golfu:4.0.3/IML74K/62541.1:user/release-keys'
I/DEBUG   (   77): pid: 2371, tid: 2392  >>> /system/bin/surfaceflinger <<<
I/DEBUG   (   77): signal 8 (SIGFPE), code 0 (?), fault addr 00000943
I/DEBUG   (   77):  r0 00000000  r1 00000008  r2 ffffffff  r3 00000020
I/DEBUG   (   77):  r4 00000008  r5 00000000  r6 00000000  r7 00000025
I/DEBUG   (   77):  r8 00000000  r9 400de695  10 a4c68000  fp 0000fc00
I/DEBUG   (   77):  ip 40045029  sp 100ffa14  lr 40045037  pc 400396a0  cpsr 00000010
I/DEBUG   (   77):  d0  0000000000000000  d1  0000000000000000
I/DEBUG   (   77):  d2  0000000000000000  d3  0000000000000000
I/DEBUG   (   77):  d4  0000000000000000  d5  0000000000000000
I/DEBUG   (   77):  d6  0000000000000000  d7  0000000000000000
I/DEBUG   (   77):  d8  0000000000000000  d9  0000000000000000
I/DEBUG   (   77):  d10 0000000000000000  d11 0000000000000000
I/DEBUG   (   77):  d12 0000000000000000  d13 0000000000000000
I/DEBUG   (   77):  d14 0000000000000000  d15 0000000000000000
I/DEBUG   (   77):  scr 00000000
I/DEBUG   (   77): 
I/DEBUG   (   77):          #00  pc 0000d6a0  /system/lib/libc.so (kill)
I/DEBUG   (   77):          #01  pc 00019034  /system/lib/libc.so (raise)
I/DEBUG   (   77): 
I/DEBUG   (   77): code around pc:
I/DEBUG   (   77): 40039680 e2601000 e0100001 116f0f10 12600020  ..`.......o. .`.
I/DEBUG   (   77): 40039690 e12fff1e e92d50f0 e3a07025 ef000000  ../..P-.%p......
I/DEBUG   (   77): 400396a0 e8bd50f0 e1b00000 512fff1e ea00adbc  .P......../Q....
I/DEBUG   (   77): 400396b0 e92d50f0 e3a070ee ef000000 e8bd50f0  .P-..p.......P..
I/DEBUG   (   77): 400396c0 e1b00000 512fff1e ea00adb5 f5d0f000  ....../Q........
I/DEBUG   (   77): 
I/DEBUG   (   77): code around lr:
I/DEBUG   (   77): 40045014 b083b500 17db9300 f7f39301 b003ea4c  ............L...
I/DEBUG   (   77): 40045024 46c0bd00 1c04b510 e8a6f7f3 f7f41c21  ...F........!...
I/DEBUG   (   77): 40045034 bd10eb30 1c02b510 48034902 f7f42300  0........I.H.#..
I/DEBUG   (   77): 40045044 bd10e93e 28121969 fee1dead b082b510  >...i..(........
I/DEBUG   (   77): 40045054 94002400 f7f39401 b002efe4 46c0bd10  .$.............F
I/DEBUG   (   77): 
I/DEBUG   (   77): stack:
I/DEBUG   (   77):     100ff9d4  00000004  
I/DEBUG   (   77):     100ff9d8  400291cd  /system/lib/liblog.so
I/DEBUG   (   77):     100ff9dc  40021c70  /system/lib/libsurfaceflinger.so
I/DEBUG   (   77):     100ff9e0  100ff9f8  
I/DEBUG   (   77):     100ff9e4  100ffa2c  
I/DEBUG   (   77):     100ff9e8  00000000  
I/DEBUG   (   77):     100ff9ec  40029547  /system/lib/liblog.so
I/DEBUG   (   77):     100ff9f0  00000000  
I/DEBUG   (   77):     100ff9f4  00000004  
I/DEBUG   (   77):     100ff9f8  100ff9f4  
I/DEBUG   (   77):     100ff9fc  00000001  
I/DEBUG   (   77):     100ffa00  40021c70  /system/lib/libsurfaceflinger.so
I/DEBUG   (   77):     100ffa04  0000000f  
I/DEBUG   (   77):     100ffa08  100ffa2c  
I/DEBUG   (   77):     100ffa0c  00000048  
I/DEBUG   (   77):     100ffa10  30000000  
I/DEBUG   (   77): #01 100ffa14  00000008  
I/DEBUG   (   77):     100ffa18  00000000  
I/DEBUG   (   77):     100ffa1c  00000000  
I/DEBUG   (   77):     100ffa20  00038d7e  
I/DEBUG   (   77):     100ffa24  40045029  /system/lib/libc.so
I/DEBUG   (   77):     100ffa28  40045037  /system/lib/libc.so
I/DEBUG   (   77):     100ffa2c  00038d7e  
I/DEBUG   (   77):     100ffa30  4003b608  /system/lib/libc.so
I/DEBUG   (   77):     100ffa34  00000000  
I/DEBUG   (   77):     100ffa38  4003a3e4  /system/lib/libc.so
I/DEBUG   (   77):     100ffa3c  4003a3f4  /system/lib/libc.so
I/DEBUG   (   77):     100ffa40  00000000  
I/DEBUG   (   77):     100ffa44  00038d7e  
I/DEBUG   (   77):     100ffa48  00000000  
I/DEBUG   (   77):     100ffa4c  4003d180  /system/lib/libc.so
I/DEBUG   (   77):     100ffa50  a4c68000  
I/DEBUG   (   77):     100ffa54  00038d7e  
I/DEBUG   (   77):     100ffa58  00000000  
I/DEBUG   (   77): *** *** *** *** *** *** *** *** *** *** *** *** *** *** *** ***
I/DEBUG   (   77): Build fingerprint: 'htc_europe/htc_golfu/golfu:4.0.3/IML74K/62541.1:user/release-keys'
I/DEBUG   (   77): pid: 2373, tid: 2373  >>> /system/bin/drmserver <<<
I/DEBUG   (   77): signal 11 (SIGSEGV), code 1 (SEGV_MAPERR), fault addr 00000004
I/DEBUG   (   77):  r0 fffff41c  r1 00000032  r2 40c3993b  r3 40c39939
I/DEBUG   (   77):  r4 40dbf050  r5 00000030  r6 00000004  r7 20000000
I/DEBUG   (   77):  r8 00000000  r9 00000000  10 00000000  fp 00000000
I/DEBUG   (   77):  ip 00000000  sp beddf338  lr 40c39943  pc b0003c56  cpsr 00000030
I/DEBUG   (   77):  d0  0000000000000000  d1  0000000000000000
I/DEBUG   (   77):  d2  0000000000000000  d3  0000000000000000
I/DEBUG   (   77):  d4  0000000000000000  d5  0000000000000000
I/DEBUG   (   77):  d6  0000000000000000  d7  0000000000000000
I/DEBUG   (   77):  d8  0000000000000000  d9  0000000000000000
I/DEBUG   (   77):  d10 0000000000000000  d11 0000000000000000
I/DEBUG   (   77):  d12 0000000000000000  d13 0000000000000000
I/DEBUG   (   77):  d14 0000000000000000  d15 0000000000000000
I/DEBUG   (   77):  scr 00000000
I/DEBUG   (   77): 
I/DEBUG   (   77):          #00  pc b0003c56  /system/bin/linker
I/DEBUG   (   77):          #01  pc 000c0940  /system/lib/libWVStreamControlAPI_L3.so
I/DEBUG   (   77): 
I/DEBUG   (   77): code around pc:
I/DEBUG   (   77): b0003c34 000064bc 0000f1aa 0000591e 1c04b5f0  .d.......Y......
I/DEBUG   (   77): b0003c44 1c2630b0 b0836803 1c1736ac 93011c22  .0&..h...6.."...
I/DEBUG   (   77): b0003c54 683532b4 95001c08 f7fd6811 1c20ef20  .25h.....h.. . .
I/DEBUG   (   77): b0003c64 1c2530bc 35c06803 58ce0089 9b01e016  .0%..h.5...X....
I/DEBUG   (   77): b0003c74 191c0134 68219a00 1c391850 ecc2f7fd  4.....!hP.9.....
I/DEBUG   (   77): 
I/DEBUG   (   77): code around lr:
I/DEBUG   (   77): 40c39920 20004788 bdd0b004 105e6a01 19886a63  .G. .....j^.cj..
I/DEBUG   (   77): 40c39930 58d1598a bf00e7ec 4c15b570 447c4815  .Y.X....p..L.H|D
I/DEBUG   (   77): 40c39940 e054f8df 58264d15 200ef854 32084630  ..T..M&XT.. 0F.2
I/DEBUG   (   77): 40c39950 2b04f840 ffb0f095 c044f8df 21004a11  @..+......D..J.!
I/DEBUG   (   77): 40c39960 46306131 f8545961 58a5300c 60333308  1a0FaYT..0.X.33`
I/DEBUG   (   77): 
I/DEBUG   (   77): stack:
I/DEBUG   (   77):     beddf2f8  000000f0  
I/DEBUG   (   77):     beddf2fc  beddf3e4  [stack]
I/DEBUG   (   77):     beddf300  b000a4d8  
I/DEBUG   (   77):     beddf304  b000d958  
I/DEBUG   (   77):     beddf308  40bfd954  /system/lib/libWVStreamControlAPI_L3.so
I/DEBUG   (   77):     beddf30c  07902248  
I/DEBUG   (   77):     beddf310  b00094f0  /system/bin/linker
I/DEBUG   (   77):     beddf314  b000a078  
I/DEBUG   (   77):     beddf318  00001f04  
I/DEBUG   (   77):     beddf31c  00003e33  
I/DEBUG   (   77):     beddf320  b00094fc  /system/bin/linker
I/DEBUG   (   77):     beddf324  b0012da4  
I/DEBUG   (   77):     beddf328  b000d958  
I/DEBUG   (   77):     beddf32c  00000000  
I/DEBUG   (   77):     beddf330  df0027ad  
I/DEBUG   (   77):     beddf334  00000000  
I/DEBUG   (   77): #01 beddf338  40db200c  /system/lib/libWVStreamControlAPI_L3.so
I/DEBUG   (   77):     beddf33c  00000030  
I/DEBUG   (   77):     beddf340  00000004  
I/DEBUG   (   77):     beddf344  b0003a99  /system/bin/linker
I/DEBUG   (   77):     beddf348  b000da3c  
I/DEBUG   (   77):     beddf34c  b000da38  
I/DEBUG   (   77):     beddf350  b000990c  /system/bin/linker
I/DEBUG   (   77):     beddf354  b00046eb  /system/bin/linker
I/DEBUG   (   77):     beddf358  b000d958  
I/DEBUG   (   77):     beddf35c  b000d958  
I/DEBUG   (   77):     beddf360  b000d9fc  
I/DEBUG   (   77):     beddf364  40b6dba4  /system/lib/libwvdrm_L3.so
I/DEBUG   (   77):     beddf368  00000000  
I/DEBUG   (   77):     beddf36c  ffffffff  
I/DEBUG   (   77):     beddf370  40db2000  /system/lib/libWVStreamControlAPI_L3.so
I/DEBUG   (   77):     beddf374  b0012fa8  
I/DEBUG   (   77):     beddf378  ffffffff  
I/DEBUG   (   77):     beddf37c  b000d9e4  
I/Netd    ( 2398): Netd 1.0 starting
I/        ( 2401): ServiceManager: 0x18910
D/AndroidRuntime( 2400): 
D/AndroidRuntime( 2400): >>>>>> AndroidRuntime START com.android.internal.os.ZygoteInit <<<<<<
D/AndroidRuntime( 2400): CheckJNI is OFF
E/dalvikvm( 2400): Bad heap size parameters (start=4194304, max=20971520, limit=33554432)
W/dalvikvm( 2400): CreateJavaVM failed: dvmGcStartup failed
E/AndroidRuntime( 2400): JNI_CreateJavaVM failed
I/ServiceManager(   74): service 'media.audio_flinger' died
I/ServiceManager(   74): service 'media.player' died
I/ServiceManager(   74): service 'media.camera' died
I/ServiceManager(   74): service 'media.audio_policy' died
I/SurfaceFlinger( 2399): SurfaceFlinger is starting
I/SurfaceFlinger( 2399): SurfaceFlinger's main thread ready to run. Initializing graphics H/W...
F/libc    ( 2399): Fatal signal 8 (SIGFPE) at 0x0000095f (code=0)
F/libc    ( 2401): Fatal signal 11 (SIGSEGV) at 0x00000004 (code=1)
I/        ( 2419): ServiceManager: 0xf958
I/HTC Acoustic( 2419): libhtc_acoustic.so version 2.0.0.6.
I/HTC Acoustic( 2419): deonvvv gingerbread test.
I/HTC Acoustic( 2419): open /system/etc/AudioPara4_WB.csv success.
I/HTC Acoustic( 2419): acoustic table version: GOFU-WB_20120503
I/HTC Acoustic( 2419): read_audio_para_from_file success.
E/HTC Acoustic( 2419): Fail to open /system/etc/AudioPara_VODA-Spain.csv -1.
I/HTC Acoustic( 2419): open /system/etc/AudioPara4.csv success.
I/HTC Acoustic( 2419): acoustic table version: GOFU_20120427
I/HTC Acoustic( 2419): read_audio_para_from_file success.
I/HTC Acoustic( 2419): get_audpp_filter
I/HTC Acoustic( 2419): open /system/etc/AudioFilter.csv success.
I/HTC Acoustic( 2419): MBADRC Filter MBADRC FLAG = ffff.
E/HTC Acoustic( 2419): set mbadrc filter error.
I/HTC Acoustic( 2419): failed to set audpp parameters, exiting.
I/HTC Acoustic( 2419): get_audpre_filter
I/HTC Acoustic( 2419): open /system/etc/AudioPreProcess.csv success.
D/AudioHardwareMSM72XX( 2419): mNumSndEndpoints = 183
V/AudioHardwareMSM72XX( 2419): constructed 183 SND endpoints)
D/AudioHardwareMSM72XX( 2419): BT MATCH HANDSET
D/AudioHardwareMSM72XX( 2419): BT MATCH SPEAKER
D/AudioHardwareMSM72XX( 2419): BT MATCH HEADSET
D/AudioHardwareMSM72XX( 2419): BT MATCH BT
D/AudioHardwareMSM72XX( 2419): BT MATCH CARKIT
D/AudioHardwareMSM72XX( 2419): BT MATCH TTY_FULL
D/AudioHardwareMSM72XX( 2419): BT MATCH TTY_VCO
D/AudioHardwareMSM72XX( 2419): BT MATCH TTY_HCO
D/AudioHardwareMSM72XX( 2419): BT MATCH NO_MIC_HEADSET
D/AudioHardwareMSM72XX( 2419): BT MATCH FM_HEADSET
D/AudioHardwareMSM72XX( 2419): BT MATCH HEADSET_AND_SPEAKER
D/AudioHardwareMSM72XX( 2419): BT MATCH FM_SPEAKER
D/AudioHardwareMSM72XX( 2419): BT MATCH BT_EC_OFF
D/AudioHardwareMSM72XX( 2419): BT MATCH BT_EC_OFF
D/AudioHardwareMSM72XX( 2419): BT MATCH CURRENT
I/AudioFlinger( 2419): Loaded primary audio interface from LEGACY Audio HW HAL (audio)
I/AudioFlinger( 2419): Using 'LEGACY Audio HW HAL' (audio.primary) as the primary audio interface
I/AudioFlinger( 2419): Loaded a2dp audio interface from A2DP Audio HW HAL (audio)
D/AudioHardwareInterface( 2419): setMode(NORMAL)
I/AudioHardwareMSM72XX( 2419): Set master volume to 5.
I/CameraService( 2419): CameraService started (pid=2419)
E/HAL     ( 2419): load: module=/system/lib/hw/camera.marvel.so
E/HAL     ( 2419): Cannot load library: link_image[1965]:  2419 could not load needed library 'libcamera.so' for 'camera.marvel.so' (reloc_library[1314]:  2419 cannot locate '_debug_pthread_create'...
E/HAL     ( 2419): )
E/CameraService( 2419): Could not load camera HAL module
I/AudioFlinger( 2419): AudioFlinger's thread 0x18698 ready to run
W/AudioFlinger( 2419): Thread AudioOut_1 cannot connect to the power manager service
V/AudioHardwareMSM72XX( 2419): AudioStreamOutMSM72xx::setParameters() routing=2
V/AudioHardwareMSM72XX( 2419): set output routing 2
I/AudioHardwareMSM72XX( 2419): Routing audio to Speakerphone
V/AudioHardwareMSM72XX( 2419): doAudioRouteOrMute() device 1, mMode 0, mMicMute 1
D/AudioHardwareMSM72XX( 2419): setVoiceVolume(1.000000)
I/AudioHardwareMSM72XX( 2419): Setting in-call volume to 5 (available range is 0 to 5)
I/AudioPolicyService( 2419): Loaded audio policy from LEGACY Audio Policy HAL (audio_policy)
I/DEBUG   (   77): *** *** *** *** *** *** *** *** *** *** *** *** *** *** *** ***
I/DEBUG   (   77): Build fingerprint: 'htc_europe/htc_golfu/golfu:4.0.3/IML74K/62541.1:user/release-keys'
I/DEBUG   (   77): pid: 2399, tid: 2420  >>> /system/bin/surfaceflinger <<<
I/DEBUG   (   77): signal 8 (SIGFPE), code 0 (?), fault addr 0000095f
I/DEBUG   (   77):  r0 00000000  r1 00000008  r2 ffffffff  r3 00000020
I/DEBUG   (   77):  r4 00000008  r5 00000000  r6 00000000  r7 00000025
I/DEBUG   (   77):  r8 00000000  r9 400de695  10 a4c68000  fp 0000fc00
I/DEBUG   (   77):  ip 40045029  sp 100ffa14  lr 40045037  pc 400396a0  cpsr 00000010
I/DEBUG   (   77):  d0  0000000000000000  d1  0000000000000000
I/DEBUG   (   77):  d2  0000000000000000  d3  0000000000000000
I/DEBUG   (   77):  d4  0000000000000000  d5  0000000000000000
I/DEBUG   (   77):  d6  0000000000000000  d7  0000000000000000
I/DEBUG   (   77):  d8  0000000000000000  d9  0000000000000000
I/DEBUG   (   77):  d10 0000000000000000  d11 0000000000000000
I/DEBUG   (   77):  d12 0000000000000000  d13 0000000000000000
I/DEBUG   (   77):  d14 0000000000000000  d15 0000000000000000
I/DEBUG   (   77):  scr 00000000
I/DEBUG   (   77): 
I/DEBUG   (   77):          #00  pc 0000d6a0  /system/lib/libc.so (kill)
I/DEBUG   (   77):          #01  pc 00019034  /system/lib/libc.so (raise)
I/DEBUG   (   77): 
I/DEBUG   (   77): code around pc:
I/DEBUG   (   77): 40039680 e2601000 e0100001 116f0f10 12600020  ..`.......o. .`.
I/DEBUG   (   77): 40039690 e12fff1e e92d50f0 e3a07025 ef000000  ../..P-.%p......
I/DEBUG   (   77): 400396a0 e8bd50f0 e1b00000 512fff1e ea00adbc  .P......../Q....
I/DEBUG   (   77): 400396b0 e92d50f0 e3a070ee ef000000 e8bd50f0  .P-..p.......P..
I/DEBUG   (   77): 400396c0 e1b00000 512fff1e ea00adb5 f5d0f000  ....../Q........
I/DEBUG   (   77): 
I/DEBUG   (   77): code around lr:
I/DEBUG   (   77): 40045014 b083b500 17db9300 f7f39301 b003ea4c  ............L...
I/DEBUG   (   77): 40045024 46c0bd00 1c04b510 e8a6f7f3 f7f41c21  ...F........!...
I/DEBUG   (   77): 40045034 bd10eb30 1c02b510 48034902 f7f42300  0........I.H.#..
I/DEBUG   (   77): 40045044 bd10e93e 28121969 fee1dead b082b510  >...i..(........
I/DEBUG   (   77): 40045054 94002400 f7f39401 b002efe4 46c0bd10  .$.............F
I/DEBUG   (   77): 
I/DEBUG   (   77): stack:
I/DEBUG   (   77):     100ff9d4  00000004  
I/DEBUG   (   77):     100ff9d8  400291cd  /system/lib/liblog.so
I/DEBUG   (   77):     100ff9dc  40021c70  /system/lib/libsurfaceflinger.so
I/DEBUG   (   77):     100ff9e0  100ff9f8  
I/DEBUG   (   77):     100ff9e4  100ffa2c  
I/DEBUG   (   77):     100ff9e8  00000000  
I/DEBUG   (   77):     100ff9ec  40029547  /system/lib/liblog.so
I/DEBUG   (   77):     100ff9f0  00000000  
I/DEBUG   (   77):     100ff9f4  00000004  
I/DEBUG   (   77):     100ff9f8  100ff9f4  
I/DEBUG   (   77):     100ff9fc  00000001  
I/DEBUG   (   77):     100ffa00  40021c70  /system/lib/libsurfaceflinger.so
I/DEBUG   (   77):     100ffa04  0000000f  
I/DEBUG   (   77):     100ffa08  100ffa2c  
I/DEBUG   (   77):     100ffa0c  00000048  
I/DEBUG   (   77):     100ffa10  30000000  
I/DEBUG   (   77): #01 100ffa14  00000008  
I/DEBUG   (   77):     100ffa18  00000000  
I/DEBUG   (   77):     100ffa1c  00000000  
I/DEBUG   (   77):     100ffa20  00038d7e  
I/DEBUG   (   77):     100ffa24  40045029  /system/lib/libc.so
I/DEBUG   (   77):     100ffa28  40045037  /system/lib/libc.so
I/DEBUG   (   77):     100ffa2c  00038d7e  
I/DEBUG   (   77):     100ffa30  4003b608  /system/lib/libc.so
I/DEBUG   (   77):     100ffa34  00000000  
I/DEBUG   (   77):     100ffa38  4003a3e4  /system/lib/libc.so
I/DEBUG   (   77):     100ffa3c  4003a3f4  /system/lib/libc.so
I/DEBUG   (   77):     100ffa40  00000000  
I/DEBUG   (   77):     100ffa44  00038d7e  
I/DEBUG   (   77):     100ffa48  00000000  
I/DEBUG   (   77):     100ffa4c  4003d180  /system/lib/libc.so
I/DEBUG   (   77):     100ffa50  a4c68000  
I/DEBUG   (   77):     100ffa54  00038d7e  
I/DEBUG   (   77):     100ffa58  00000000  
I/DEBUG   (   77): *** *** *** *** *** *** *** *** *** *** *** *** *** *** *** ***
I/DEBUG   (   77): Build fingerprint: 'htc_europe/htc_golfu/golfu:4.0.3/IML74K/62541.1:user/release-keys'
I/DEBUG   (   77): pid: 2401, tid: 2401  >>> /system/bin/drmserver <<<
I/DEBUG   (   77): signal 11 (SIGSEGV), code 1 (SEGV_MAPERR), fault addr 00000004
I/DEBUG   (   77):  r0 fffff41c  r1 00000032  r2 40c3993b  r3 40c39939
I/DEBUG   (   77):  r4 40dbf050  r5 00000030  r6 00000004  r7 20000000
I/DEBUG   (   77):  r8 00000000  r9 00000000  10 00000000  fp 00000000
I/DEBUG   (   77):  ip 00000000  sp be927338  lr 40c39943  pc b0003c56  cpsr 00000030
I/DEBUG   (   77):  d0  0000000000000000  d1  0000000000000000
I/DEBUG   (   77):  d2  0000000000000000  d3  0000000000000000
I/DEBUG   (   77):  d4  0000000000000000  d5  0000000000000000
I/DEBUG   (   77):  d6  0000000000000000  d7  0000000000000000
I/DEBUG   (   77):  d8  0000000000000000  d9  0000000000000000
I/DEBUG   (   77):  d10 0000000000000000  d11 0000000000000000
I/DEBUG   (   77):  d12 0000000000000000  d13 0000000000000000
I/DEBUG   (   77):  d14 0000000000000000  d15 0000000000000000
I/DEBUG   (   77):  scr 00000000
I/DEBUG   (   77): 
I/DEBUG   (   77):          #00  pc b0003c56  /system/bin/linker
I/DEBUG   (   77):          #01  pc 000c0940  /system/lib/libWVStreamControlAPI_L3.so
I/DEBUG   (   77): 
I/DEBUG   (   77): code around pc:
I/DEBUG   (   77): b0003c34 000064bc 0000f1aa 0000591e 1c04b5f0  .d.......Y......
I/DEBUG   (   77): b0003c44 1c2630b0 b0836803 1c1736ac 93011c22  .0&..h...6.."...
I/DEBUG   (   77): b0003c54 683532b4 95001c08 f7fd6811 1c20ef20  .25h.....h.. . .
I/DEBUG   (   77): b0003c64 1c2530bc 35c06803 58ce0089 9b01e016  .0%..h.5...X....
I/DEBUG   (   77): b0003c74 191c0134 68219a00 1c391850 ecc2f7fd  4.....!hP.9.....
I/DEBUG   (   77): 
I/DEBUG   (   77): code around lr:
I/DEBUG   (   77): 40c39920 20004788 bdd0b004 105e6a01 19886a63  .G. .....j^.cj..
I/DEBUG   (   77): 40c39930 58d1598a bf00e7ec 4c15b570 447c4815  .Y.X....p..L.H|D
I/DEBUG   (   77): 40c39940 e054f8df 58264d15 200ef854 32084630  ..T..M&XT.. 0F.2
I/DEBUG   (   77): 40c39950 2b04f840 ffb0f095 c044f8df 21004a11  @..+......D..J.!
I/DEBUG   (   77): 40c39960 46306131 f8545961 58a5300c 60333308  1a0FaYT..0.X.33`
I/DEBUG   (   77): 
I/DEBUG   (   77): stack:
I/DEBUG   (   77):     be9272f8  000000f0  
I/DEBUG   (   77):     be9272fc  be9273e4  [stack]
I/DEBUG   (   77):     be927300  b000a4d8  
I/DEBUG   (   77):     be927304  b000d958  
I/DEBUG   (   77):     be927308  40bfd954  /system/lib/libWVStreamControlAPI_L3.so
I/DEBUG   (   77):     be92730c  07902248  
I/DEBUG   (   77):     be927310  b00094f0  /system/bin/linker
I/DEBUG   (   77):     be927314  b000a078  
I/DEBUG   (   77):     be927318  00001f04  
I/DEBUG   (   77):     be92731c  00003e33  
I/DEBUG   (   77):     be927320  b00094fc  /system/bin/linker
I/DEBUG   (   77):     be927324  b0012da4  
I/DEBUG   (   77):     be927328  b000d958  
I/DEBUG   (   77):     be92732c  00000000  
I/DEBUG   (   77):     be927330  df0027ad  
I/DEBUG   (   77):     be927334  00000000  
I/DEBUG   (   77): #01 be927338  40db200c  /system/lib/libWVStreamControlAPI_L3.so
I/DEBUG   (   77):     be92733c  00000030  
I/DEBUG   (   77):     be927340  00000004  
I/DEBUG   (   77):     be927344  b0003a99  /system/bin/linker
I/DEBUG   (   77):     be927348  b000da3c  
I/DEBUG   (   77):     be92734c  b000da38  
I/DEBUG   (   77):     be927350  b000990c  /system/bin/linker
I/DEBUG   (   77):     be927354  b00046eb  /system/bin/linker
I/DEBUG   (   77):     be927358  b000d958  
I/DEBUG   (   77):     be92735c  b000d958  
I/DEBUG   (   77):     be927360  b000d9fc  
I/DEBUG   (   77):     be927364  40b6dba4  /system/lib/libwvdrm_L3.so
I/DEBUG   (   77):     be927368  00000000  
I/DEBUG   (   77):     be92736c  ffffffff  
I/DEBUG   (   77):     be927370  40db2000  /system/lib/libWVStreamControlAPI_L3.so
I/DEBUG   (   77):     be927374  b0012fa8  
I/DEBUG   (   77):     be927378  ffffffff  
I/DEBUG   (   77):     be92737c  b000d9e4  
I/Netd    ( 2426): Netd 1.0 starting
I/        ( 2429): ServiceManager: 0x18910
D/AndroidRuntime( 2428): 
D/AndroidRuntime( 2428): >>>>>> AndroidRuntime START com.android.internal.os.ZygoteInit <<<<<<
D/AndroidRuntime( 2428): CheckJNI is OFF
E/dalvikvm( 2428): Bad heap size parameters (start=4194304, max=20971520, limit=33554432)
W/dalvikvm( 2428): CreateJavaVM failed: dvmGcStartup failed
E/AndroidRuntime( 2428): JNI_CreateJavaVM failed
I/ServiceManager(   74): service 'media.audio_flinger' died
I/ServiceManager(   74): service 'media.player' died
I/ServiceManager(   74): service 'media.camera' died
I/ServiceManager(   74): service 'media.audio_policy' died
I/SurfaceFlinger( 2427): SurfaceFlinger is starting
I/SurfaceFlinger( 2427): SurfaceFlinger's main thread ready to run. Initializing graphics H/W...
F/libc    ( 2427): Fatal signal 8 (SIGFPE) at 0x0000097b (code=0)
F/libc    ( 2429): Fatal signal 11 (SIGSEGV) at 0x00000004 (code=1)
I/        ( 2447): ServiceManager: 0xf958
I/HTC Acoustic( 2447): libhtc_acoustic.so version 2.0.0.6.
I/HTC Acoustic( 2447): deonvvv gingerbread test.
I/HTC Acoustic( 2447): open /system/etc/AudioPara4_WB.csv success.
I/HTC Acoustic( 2447): acoustic table version: GOFU-WB_20120503
I/HTC Acoustic( 2447): read_audio_para_from_file success.
E/HTC Acoustic( 2447): Fail to open /system/etc/AudioPara_VODA-Spain.csv -1.
I/HTC Acoustic( 2447): open /system/etc/AudioPara4.csv success.
I/HTC Acoustic( 2447): acoustic table version: GOFU_20120427
I/HTC Acoustic( 2447): read_audio_para_from_file success.
I/HTC Acoustic( 2447): get_audpp_filter
I/HTC Acoustic( 2447): open /system/etc/AudioFilter.csv success.
I/HTC Acoustic( 2447): MBADRC Filter MBADRC FLAG = ffff.
E/HTC Acoustic( 2447): set mbadrc filter error.
I/HTC Acoustic( 2447): failed to set audpp parameters, exiting.
I/HTC Acoustic( 2447): get_audpre_filter
I/HTC Acoustic( 2447): open /system/etc/AudioPreProcess.csv success.
D/AudioHardwareMSM72XX( 2447): mNumSndEndpoints = 183
V/AudioHardwareMSM72XX( 2447): constructed 183 SND endpoints)
D/AudioHardwareMSM72XX( 2447): BT MATCH HANDSET
D/AudioHardwareMSM72XX( 2447): BT MATCH SPEAKER
D/AudioHardwareMSM72XX( 2447): BT MATCH HEADSET
D/AudioHardwareMSM72XX( 2447): BT MATCH BT
D/AudioHardwareMSM72XX( 2447): BT MATCH CARKIT
D/AudioHardwareMSM72XX( 2447): BT MATCH TTY_FULL
D/AudioHardwareMSM72XX( 2447): BT MATCH TTY_VCO
D/AudioHardwareMSM72XX( 2447): BT MATCH TTY_HCO
D/AudioHardwareMSM72XX( 2447): BT MATCH NO_MIC_HEADSET
D/AudioHardwareMSM72XX( 2447): BT MATCH FM_HEADSET
D/AudioHardwareMSM72XX( 2447): BT MATCH HEADSET_AND_SPEAKER
D/AudioHardwareMSM72XX( 2447): BT MATCH FM_SPEAKER
D/AudioHardwareMSM72XX( 2447): BT MATCH BT_EC_OFF
D/AudioHardwareMSM72XX( 2447): BT MATCH BT_EC_OFF
D/AudioHardwareMSM72XX( 2447): BT MATCH CURRENT
I/AudioFlinger( 2447): Loaded primary audio interface from LEGACY Audio HW HAL (audio)
I/AudioFlinger( 2447): Using 'LEGACY Audio HW HAL' (audio.primary) as the primary audio interface
I/AudioFlinger( 2447): Loaded a2dp audio interface from A2DP Audio HW HAL (audio)
D/AudioHardwareInterface( 2447): setMode(NORMAL)
I/AudioHardwareMSM72XX( 2447): Set master volume to 5.
I/CameraService( 2447): CameraService started (pid=2447)
E/HAL     ( 2447): load: module=/system/lib/hw/camera.marvel.so
E/HAL     ( 2447): Cannot load library: link_image[1965]:  2447 could not load needed library 'libcamera.so' for 'camera.marvel.so' (reloc_library[1314]:  2447 cannot locate '_debug_pthread_create'...
E/HAL     ( 2447): )
E/CameraService( 2447): Could not load camera HAL module
I/AudioFlinger( 2447): AudioFlinger's thread 0x18698 ready to run
W/AudioFlinger( 2447): Thread AudioOut_1 cannot connect to the power manager service
V/AudioHardwareMSM72XX( 2447): AudioStreamOutMSM72xx::setParameters() routing=2
V/AudioHardwareMSM72XX( 2447): set output routing 2
I/AudioHardwareMSM72XX( 2447): Routing audio to Speakerphone
V/AudioHardwareMSM72XX( 2447): doAudioRouteOrMute() device 1, mMode 0, mMicMute 1
D/AudioHardwareMSM72XX( 2447): setVoiceVolume(1.000000)
I/AudioHardwareMSM72XX( 2447): Setting in-call volume to 5 (available range is 0 to 5)
I/AudioPolicyService( 2447): Loaded audio policy from LEGACY Audio Policy HAL (audio_policy)
I/DEBUG   (   77): *** *** *** *** *** *** *** *** *** *** *** *** *** *** *** ***
I/DEBUG   (   77): Build fingerprint: 'htc_europe/htc_golfu/golfu:4.0.3/IML74K/62541.1:user/release-keys'
I/DEBUG   (   77): pid: 2427, tid: 2448  >>> /system/bin/surfaceflinger <<<
I/DEBUG   (   77): signal 8 (SIGFPE), code 0 (?), fault addr 0000097b
I/DEBUG   (   77):  r0 00000000  r1 00000008  r2 ffffffff  r3 00000020
I/DEBUG   (   77):  r4 00000008  r5 00000000  r6 00000000  r7 00000025
I/DEBUG   (   77):  r8 00000000  r9 400de695  10 a4c68000  fp 0000fc00
I/DEBUG   (   77):  ip 40045029  sp 100ffa14  lr 40045037  pc 400396a0  cpsr 00000010
I/DEBUG   (   77):  d0  0000000000000000  d1  0000000000000000
I/DEBUG   (   77):  d2  0000000000000000  d3  0000000000000000
I/DEBUG   (   77):  d4  0000000000000000  d5  0000000000000000
I/DEBUG   (   77):  d6  0000000000000000  d7  0000000000000000
I/DEBUG   (   77):  d8  0000000000000000  d9  0000000000000000
I/DEBUG   (   77):  d10 0000000000000000  d11 0000000000000000
I/DEBUG   (   77):  d12 0000000000000000  d13 0000000000000000
I/DEBUG   (   77):  d14 0000000000000000  d15 0000000000000000
I/DEBUG   (   77):  scr 00000000
I/DEBUG   (   77): 
I/DEBUG   (   77):          #00  pc 0000d6a0  /system/lib/libc.so (kill)
I/DEBUG   (   77):          #01  pc 00019034  /system/lib/libc.so (raise)
I/DEBUG   (   77): 
I/DEBUG   (   77): code around pc:
I/DEBUG   (   77): 40039680 e2601000 e0100001 116f0f10 12600020  ..`.......o. .`.
I/DEBUG   (   77): 40039690 e12fff1e e92d50f0 e3a07025 ef000000  ../..P-.%p......
I/DEBUG   (   77): 400396a0 e8bd50f0 e1b00000 512fff1e ea00adbc  .P......../Q....
I/DEBUG   (   77): 400396b0 e92d50f0 e3a070ee ef000000 e8bd50f0  .P-..p.......P..
I/DEBUG   (   77): 400396c0 e1b00000 512fff1e ea00adb5 f5d0f000  ....../Q........
I/DEBUG   (   77): 
I/DEBUG   (   77): code around lr:
I/DEBUG   (   77): 40045014 b083b500 17db9300 f7f39301 b003ea4c  ............L...
I/DEBUG   (   77): 40045024 46c0bd00 1c04b510 e8a6f7f3 f7f41c21  ...F........!...
I/DEBUG   (   77): 40045034 bd10eb30 1c02b510 48034902 f7f42300  0........I.H.#..
I/DEBUG   (   77): 40045044 bd10e93e 28121969 fee1dead b082b510  >...i..(........
I/DEBUG   (   77): 40045054 94002400 f7f39401 b002efe4 46c0bd10  .$.............F
I/DEBUG   (   77): 
I/DEBUG   (   77): stack:
I/DEBUG   (   77):     100ff9d4  00000004  
I/DEBUG   (   77):     100ff9d8  400291cd  /system/lib/liblog.so
I/DEBUG   (   77):     100ff9dc  40021c70  /system/lib/libsurfaceflinger.so
I/DEBUG   (   77):     100ff9e0  100ff9f8  
I/DEBUG   (   77):     100ff9e4  100ffa2c  
I/DEBUG   (   77):     100ff9e8  00000000  
I/DEBUG   (   77):     100ff9ec  40029547  /system/lib/liblog.so
I/DEBUG   (   77):     100ff9f0  00000000  
I/DEBUG   (   77):     100ff9f4  00000004  
I/DEBUG   (   77):     100ff9f8  100ff9f4  
I/DEBUG   (   77):     100ff9fc  00000001  
I/DEBUG   (   77):     100ffa00  40021c70  /system/lib/libsurfaceflinger.so
I/DEBUG   (   77):     100ffa04  0000000f  
I/DEBUG   (   77):     100ffa08  100ffa2c  
I/DEBUG   (   77):     100ffa0c  00000048  
I/DEBUG   (   77):     100ffa10  30000000  
I/DEBUG   (   77): #01 100ffa14  00000008  
I/DEBUG   (   77):     100ffa18  00000000  
I/DEBUG   (   77):     100ffa1c  00000000  
I/DEBUG   (   77):     100ffa20  00038d7e  
I/DEBUG   (   77):     100ffa24  40045029  /system/lib/libc.so
I/DEBUG   (   77):     100ffa28  40045037  /system/lib/libc.so
I/DEBUG   (   77):     100ffa2c  00038d7e  
I/DEBUG   (   77):     100ffa30  4003b608  /system/lib/libc.so
I/DEBUG   (   77):     100ffa34  00000000  
I/DEBUG   (   77):     100ffa38  4003a3e4  /system/lib/libc.so
I/DEBUG   (   77):     100ffa3c  4003a3f4  /system/lib/libc.so
I/DEBUG   (   77):     100ffa40  00000000  
I/DEBUG   (   77):     100ffa44  00038d7e  
I/DEBUG   (   77):     100ffa48  00000000  
I/DEBUG   (   77):     100ffa4c  4003d180  /system/lib/libc.so
I/DEBUG   (   77):     100ffa50  a4c68000  
I/DEBUG   (   77):     100ffa54  00038d7e  
I/DEBUG   (   77):     100ffa58  00000000  
I/DEBUG   (   77): *** *** *** *** *** *** *** *** *** *** *** *** *** *** *** ***
I/DEBUG   (   77): Build fingerprint: 'htc_europe/htc_golfu/golfu:4.0.3/IML74K/62541.1:user/release-keys'
I/DEBUG   (   77): pid: 2429, tid: 2429  >>> /system/bin/drmserver <<<
I/DEBUG   (   77): signal 11 (SIGSEGV), code 1 (SEGV_MAPERR), fault addr 00000004
I/DEBUG   (   77):  r0 fffff41c  r1 00000032  r2 40c3993b  r3 40c39939
I/DEBUG   (   77):  r4 40dbf050  r5 00000030  r6 00000004  r7 20000000
I/DEBUG   (   77):  r8 00000000  r9 00000000  10 00000000  fp 00000000
I/DEBUG   (   77):  ip 00000000  sp bed16338  lr 40c39943  pc b0003c56  cpsr 00000030
I/DEBUG   (   77):  d0  0000000000000000  d1  0000000000000000
I/DEBUG   (   77):  d2  0000000000000000  d3  0000000000000000
I/DEBUG   (   77):  d4  0000000000000000  d5  0000000000000000
I/DEBUG   (   77):  d6  0000000000000000  d7  0000000000000000
I/DEBUG   (   77):  d8  0000000000000000  d9  0000000000000000
I/DEBUG   (   77):  d10 0000000000000000  d11 0000000000000000
I/DEBUG   (   77):  d12 0000000000000000  d13 0000000000000000
I/DEBUG   (   77):  d14 0000000000000000  d15 0000000000000000
I/DEBUG   (   77):  scr 00000000
I/DEBUG   (   77): 
I/DEBUG   (   77):          #00  pc b0003c56  /system/bin/linker
I/DEBUG   (   77):          #01  pc 000c0940  /system/lib/libWVStreamControlAPI_L3.so
I/DEBUG   (   77): 
I/DEBUG   (   77): code around pc:
I/DEBUG   (   77): b0003c34 000064bc 0000f1aa 0000591e 1c04b5f0  .d.......Y......
I/DEBUG   (   77): b0003c44 1c2630b0 b0836803 1c1736ac 93011c22  .0&..h...6.."...
I/DEBUG   (   77): b0003c54 683532b4 95001c08 f7fd6811 1c20ef20  .25h.....h.. . .
I/DEBUG   (   77): b0003c64 1c2530bc 35c06803 58ce0089 9b01e016  .0%..h.5...X....
I/DEBUG   (   77): b0003c74 191c0134 68219a00 1c391850 ecc2f7fd  4.....!hP.9.....
I/DEBUG   (   77): 
I/DEBUG   (   77): code around lr:
I/DEBUG   (   77): 40c39920 20004788 bdd0b004 105e6a01 19886a63  .G. .....j^.cj..
I/DEBUG   (   77): 40c39930 58d1598a bf00e7ec 4c15b570 447c4815  .Y.X....p..L.H|D
I/DEBUG   (   77): 40c39940 e054f8df 58264d15 200ef854 32084630  ..T..M&XT.. 0F.2
I/DEBUG   (   77): 40c39950 2b04f840 ffb0f095 c044f8df 21004a11  @..+......D..J.!
I/DEBUG   (   77): 40c39960 46306131 f8545961 58a5300c 60333308  1a0FaYT..0.X.33`
I/DEBUG   (   77): 
I/DEBUG   (   77): stack:
I/DEBUG   (   77):     bed162f8  000000f0  
I/DEBUG   (   77):     bed162fc  bed163e4  [stack]
I/DEBUG   (   77):     bed16300  b000a4d8  
I/DEBUG   (   77):     bed16304  b000d958  
I/DEBUG   (   77):     bed16308  40bfd954  /system/lib/libWVStreamControlAPI_L3.so
I/DEBUG   (   77):     bed1630c  07902248  
I/DEBUG   (   77):     bed16310  b00094f0  /system/bin/linker
I/DEBUG   (   77):     bed16314  b000a078  
I/DEBUG   (   77):     bed16318  00001f04  
I/DEBUG   (   77):     bed1631c  00003e33  
I/DEBUG   (   77):     bed16320  b00094fc  /system/bin/linker
I/DEBUG   (   77):     bed16324  b0012da4  
I/DEBUG   (   77):     bed16328  b000d958  
I/DEBUG   (   77):     bed1632c  00000000  
I/DEBUG   (   77):     bed16330  df0027ad  
I/DEBUG   (   77):     bed16334  00000000  
I/DEBUG   (   77): #01 bed16338  40db200c  /system/lib/libWVStreamControlAPI_L3.so
I/DEBUG   (   77):     bed1633c  00000030  
I/DEBUG   (   77):     bed16340  00000004  
I/DEBUG   (   77):     bed16344  b0003a99  /system/bin/linker
I/DEBUG   (   77):     bed16348  b000da3c  
I/DEBUG   (   77):     bed1634c  b000da38  
I/DEBUG   (   77):     bed16350  b000990c  /system/bin/linker
I/DEBUG   (   77):     bed16354  b00046eb  /system/bin/linker
I/DEBUG   (   77):     bed16358  b000d958  
I/DEBUG   (   77):     bed1635c  b000d958  
I/DEBUG   (   77):     bed16360  b000d9fc  
I/DEBUG   (   77):     bed16364  40b6dba4  /system/lib/libwvdrm_L3.so
I/DEBUG   (   77):     bed16368  00000000  
I/DEBUG   (   77):     bed1636c  ffffffff  
I/DEBUG   (   77):     bed16370  40db2000  /system/lib/libWVStreamControlAPI_L3.so
I/DEBUG   (   77):     bed16374  b0012fa8  
I/DEBUG   (   77):     bed16378  ffffffff  
I/DEBUG   (   77):     bed1637c  b000d9e4  
I/Netd    ( 2454): Netd 1.0 starting
I/        ( 2457): ServiceManager: 0x18910
D/AndroidRuntime( 2456): 
D/AndroidRuntime( 2456): >>>>>> AndroidRuntime START com.android.internal.os.ZygoteInit <<<<<<
D/AndroidRuntime( 2456): CheckJNI is OFF
E/dalvikvm( 2456): Bad heap size parameters (start=4194304, max=20971520, limit=33554432)
W/dalvikvm( 2456): CreateJavaVM failed: dvmGcStartup failed
E/AndroidRuntime( 2456): JNI_CreateJavaVM failed
I/ServiceManager(   74): service 'media.audio_flinger' died
I/ServiceManager(   74): service 'media.player' died
I/ServiceManager(   74): service 'media.camera' died
I/ServiceManager(   74): service 'media.audio_policy' died
I/SurfaceFlinger( 2455): SurfaceFlinger is starting
F/libc    ( 2457): Fatal signal 11 (SIGSEGV) at 0x00000004 (code=1)
I/SurfaceFlinger( 2455): SurfaceFlinger's main thread ready to run. Initializing graphics H/W...
F/libc    ( 2455): Fatal signal 8 (SIGFPE) at 0x00000997 (code=0)
I/        ( 2475): ServiceManager: 0xf958
I/HTC Acoustic( 2475): libhtc_acoustic.so version 2.0.0.6.
I/HTC Acoustic( 2475): deonvvv gingerbread test.
I/HTC Acoustic( 2475): open /system/etc/AudioPara4_WB.csv success.
I/HTC Acoustic( 2475): acoustic table version: GOFU-WB_20120503
I/HTC Acoustic( 2475): read_audio_para_from_file success.
E/HTC Acoustic( 2475): Fail to open /system/etc/AudioPara_VODA-Spain.csv -1.
I/HTC Acoustic( 2475): open /system/etc/AudioPara4.csv success.
I/HTC Acoustic( 2475): acoustic table version: GOFU_20120427
I/HTC Acoustic( 2475): read_audio_para_from_file success.
I/HTC Acoustic( 2475): get_audpp_filter
I/HTC Acoustic( 2475): open /system/etc/AudioFilter.csv success.
I/HTC Acoustic( 2475): MBADRC Filter MBADRC FLAG = ffff.
E/HTC Acoustic( 2475): set mbadrc filter error.
I/HTC Acoustic( 2475): failed to set audpp parameters, exiting.
I/HTC Acoustic( 2475): get_audpre_filter
I/HTC Acoustic( 2475): open /system/etc/AudioPreProcess.csv success.
D/AudioHardwareMSM72XX( 2475): mNumSndEndpoints = 183
V/AudioHardwareMSM72XX( 2475): constructed 183 SND endpoints)
D/AudioHardwareMSM72XX( 2475): BT MATCH HANDSET
D/AudioHardwareMSM72XX( 2475): BT MATCH SPEAKER
D/AudioHardwareMSM72XX( 2475): BT MATCH HEADSET
D/AudioHardwareMSM72XX( 2475): BT MATCH BT
D/AudioHardwareMSM72XX( 2475): BT MATCH CARKIT
D/AudioHardwareMSM72XX( 2475): BT MATCH TTY_FULL
D/AudioHardwareMSM72XX( 2475): BT MATCH TTY_VCO
D/AudioHardwareMSM72XX( 2475): BT MATCH TTY_HCO
D/AudioHardwareMSM72XX( 2475): BT MATCH NO_MIC_HEADSET
D/AudioHardwareMSM72XX( 2475): BT MATCH FM_HEADSET
D/AudioHardwareMSM72XX( 2475): BT MATCH HEADSET_AND_SPEAKER
D/AudioHardwareMSM72XX( 2475): BT MATCH FM_SPEAKER
D/AudioHardwareMSM72XX( 2475): BT MATCH BT_EC_OFF
D/AudioHardwareMSM72XX( 2475): BT MATCH BT_EC_OFF
D/AudioHardwareMSM72XX( 2475): BT MATCH CURRENT
I/AudioFlinger( 2475): Loaded primary audio interface from LEGACY Audio HW HAL (audio)
I/AudioFlinger( 2475): Using 'LEGACY Audio HW HAL' (audio.primary) as the primary audio interface
I/AudioFlinger( 2475): Loaded a2dp audio interface from A2DP Audio HW HAL (audio)
D/AudioHardwareInterface( 2475): setMode(NORMAL)
I/AudioHardwareMSM72XX( 2475): Set master volume to 5.
I/CameraService( 2475): CameraService started (pid=2475)
E/HAL     ( 2475): load: module=/system/lib/hw/camera.marvel.so
E/HAL     ( 2475): Cannot load library: link_image[1965]:  2475 could not load needed library 'libcamera.so' for 'camera.marvel.so' (reloc_library[1314]:  2475 cannot locate '_debug_pthread_create'...
E/HAL     ( 2475): )
E/CameraService( 2475): Could not load camera HAL module
I/AudioFlinger( 2475): AudioFlinger's thread 0x18698 ready to run
W/AudioFlinger( 2475): Thread AudioOut_1 cannot connect to the power manager service
V/AudioHardwareMSM72XX( 2475): AudioStreamOutMSM72xx::setParameters() routing=2
V/AudioHardwareMSM72XX( 2475): set output routing 2
I/AudioHardwareMSM72XX( 2475): Routing audio to Speakerphone
V/AudioHardwareMSM72XX( 2475): doAudioRouteOrMute() device 1, mMode 0, mMicMute 1
D/AudioHardwareMSM72XX( 2475): setVoiceVolume(1.000000)
I/AudioHardwareMSM72XX( 2475): Setting in-call volume to 5 (available range is 0 to 5)
I/AudioPolicyService( 2475): Loaded audio policy from LEGACY Audio Policy HAL (audio_policy)
I/DEBUG   (   77): *** *** *** *** *** *** *** *** *** *** *** *** *** *** *** ***
I/DEBUG   (   77): Build fingerprint: 'htc_europe/htc_golfu/golfu:4.0.3/IML74K/62541.1:user/release-keys'
I/DEBUG   (   77): pid: 2455, tid: 2476  >>> /system/bin/surfaceflinger <<<
I/DEBUG   (   77): signal 8 (SIGFPE), code 0 (?), fault addr 00000997
I/DEBUG   (   77):  r0 00000000  r1 00000008  r2 ffffffff  r3 00000020
I/DEBUG   (   77):  r4 00000008  r5 00000000  r6 00000000  r7 00000025
I/DEBUG   (   77):  r8 00000000  r9 400de695  10 a4c68000  fp 0000fc00
I/DEBUG   (   77):  ip 40045029  sp 100ffa14  lr 40045037  pc 400396a0  cpsr 00000010
I/DEBUG   (   77):  d0  0000000000000000  d1  0000000000000000
I/DEBUG   (   77):  d2  0000000000000000  d3  0000000000000000
I/DEBUG   (   77):  d4  0000000000000000  d5  0000000000000000
I/DEBUG   (   77):  d6  0000000000000000  d7  0000000000000000
I/DEBUG   (   77):  d8  0000000000000000  d9  0000000000000000
I/DEBUG   (   77):  d10 0000000000000000  d11 0000000000000000
I/DEBUG   (   77):  d12 0000000000000000  d13 0000000000000000
I/DEBUG   (   77):  d14 0000000000000000  d15 0000000000000000
I/DEBUG   (   77):  scr 00000000
I/DEBUG   (   77): 
I/DEBUG   (   77):          #00  pc 0000d6a0  /system/lib/libc.so (kill)
I/DEBUG   (   77):          #01  pc 00019034  /system/lib/libc.so (raise)
I/DEBUG   (   77): 
I/DEBUG   (   77): code around pc:
I/DEBUG   (   77): 40039680 e2601000 e0100001 116f0f10 12600020  ..`.......o. .`.
I/DEBUG   (   77): 40039690 e12fff1e e92d50f0 e3a07025 ef000000  ../..P-.%p......
I/DEBUG   (   77): 400396a0 e8bd50f0 e1b00000 512fff1e ea00adbc  .P......../Q....
I/DEBUG   (   77): 400396b0 e92d50f0 e3a070ee ef000000 e8bd50f0  .P-..p.......P..
I/DEBUG   (   77): 400396c0 e1b00000 512fff1e ea00adb5 f5d0f000  ....../Q........
I/DEBUG   (   77): 
I/DEBUG   (   77): code around lr:
I/DEBUG   (   77): 40045014 b083b500 17db9300 f7f39301 b003ea4c  ............L...
I/DEBUG   (   77): 40045024 46c0bd00 1c04b510 e8a6f7f3 f7f41c21  ...F........!...
I/DEBUG   (   77): 40045034 bd10eb30 1c02b510 48034902 f7f42300  0........I.H.#..
I/DEBUG   (   77): 40045044 bd10e93e 28121969 fee1dead b082b510  >...i..(........
I/DEBUG   (   77): 40045054 94002400 f7f39401 b002efe4 46c0bd10  .$.............F
I/DEBUG   (   77): 
I/DEBUG   (   77): stack:
I/DEBUG   (   77):     100ff9d4  00000004  
I/DEBUG   (   77):     100ff9d8  400291cd  /system/lib/liblog.so
I/DEBUG   (   77):     100ff9dc  40021c70  /system/lib/libsurfaceflinger.so
I/DEBUG   (   77):     100ff9e0  100ff9f8  
I/DEBUG   (   77):     100ff9e4  100ffa2c  
I/DEBUG   (   77):     100ff9e8  00000000  
I/DEBUG   (   77):     100ff9ec  40029547  /system/lib/liblog.so
I/DEBUG   (   77):     100ff9f0  00000000  
I/DEBUG   (   77):     100ff9f4  00000004  
I/DEBUG   (   77):     100ff9f8  100ff9f4  
I/DEBUG   (   77):     100ff9fc  00000001  
I/DEBUG   (   77):     100ffa00  40021c70  /system/lib/libsurfaceflinger.so
I/DEBUG   (   77):     100ffa04  0000000f  
I/DEBUG   (   77):     100ffa08  100ffa2c  
I/DEBUG   (   77):     100ffa0c  00000048  
I/DEBUG   (   77):     100ffa10  30000000  
I/DEBUG   (   77): #01 100ffa14  00000008  
I/DEBUG   (   77):     100ffa18  00000000  
I/DEBUG   (   77):     100ffa1c  00000000  
I/DEBUG   (   77):     100ffa20  00038d7e  
I/DEBUG   (   77):     100ffa24  40045029  /system/lib/libc.so
I/DEBUG   (   77):     100ffa28  40045037  /system/lib/libc.so
I/DEBUG   (   77):     100ffa2c  00038d7e  
I/DEBUG   (   77):     100ffa30  4003b608  /system/lib/libc.so
I/DEBUG   (   77):     100ffa34  00000000  
I/DEBUG   (   77):     100ffa38  4003a3e4  /system/lib/libc.so
I/DEBUG   (   77):     100ffa3c  4003a3f4  /system/lib/libc.so
I/DEBUG   (   77):     100ffa40  00000000  
I/DEBUG   (   77):     100ffa44  00038d7e  
I/DEBUG   (   77):     100ffa48  00000000  
I/DEBUG   (   77):     100ffa4c  4003d180  /system/lib/libc.so
I/DEBUG   (   77):     100ffa50  a4c68000  
I/DEBUG   (   77):     100ffa54  00038d7e  
I/DEBUG   (   77):     100ffa58  00000000  
I/DEBUG   (   77): *** *** *** *** *** *** *** *** *** *** *** *** *** *** *** ***
I/DEBUG   (   77): Build fingerprint: 'htc_europe/htc_golfu/golfu:4.0.3/IML74K/62541.1:user/release-keys'
I/DEBUG   (   77): pid: 2457, tid: 2457  >>> /system/bin/drmserver <<<
I/DEBUG   (   77): signal 11 (SIGSEGV), code 1 (SEGV_MAPERR), fault addr 00000004
I/DEBUG   (   77):  r0 fffff41c  r1 00000032  r2 40c3993b  r3 40c39939
I/DEBUG   (   77):  r4 40dbf050  r5 00000030  r6 00000004  r7 20000000
I/DEBUG   (   77):  r8 00000000  r9 00000000  10 00000000  fp 00000000
I/DEBUG   (   77):  ip 00000000  sp bed24338  lr 40c39943  pc b0003c56  cpsr 00000030
I/DEBUG   (   77):  d0  0000000000000000  d1  0000000000000000
I/DEBUG   (   77):  d2  0000000000000000  d3  0000000000000000
I/DEBUG   (   77):  d4  0000000000000000  d5  0000000000000000
I/DEBUG   (   77):  d6  0000000000000000  d7  0000000000000000
I/DEBUG   (   77):  d8  0000000000000000  d9  0000000000000000
I/DEBUG   (   77):  d10 0000000000000000  d11 0000000000000000
I/DEBUG   (   77):  d12 0000000000000000  d13 0000000000000000
I/DEBUG   (   77):  d14 0000000000000000  d15 0000000000000000
I/DEBUG   (   77):  scr 00000000
I/DEBUG   (   77): 
I/DEBUG   (   77):          #00  pc b0003c56  /system/bin/linker
I/DEBUG   (   77):          #01  pc 000c0940  /system/lib/libWVStreamControlAPI_L3.so
I/DEBUG   (   77): 
I/DEBUG   (   77): code around pc:
I/DEBUG   (   77): b0003c34 000064bc 0000f1aa 0000591e 1c04b5f0  .d.......Y......
I/DEBUG   (   77): b0003c44 1c2630b0 b0836803 1c1736ac 93011c22  .0&..h...6.."...
I/DEBUG   (   77): b0003c54 683532b4 95001c08 f7fd6811 1c20ef20  .25h.....h.. . .
I/DEBUG   (   77): b0003c64 1c2530bc 35c06803 58ce0089 9b01e016  .0%..h.5...X....
I/DEBUG   (   77): b0003c74 191c0134 68219a00 1c391850 ecc2f7fd  4.....!hP.9.....
I/DEBUG   (   77): 
I/DEBUG   (   77): code around lr:
I/DEBUG   (   77): 40c39920 20004788 bdd0b004 105e6a01 19886a63  .G. .....j^.cj..
I/DEBUG   (   77): 40c39930 58d1598a bf00e7ec 4c15b570 447c4815  .Y.X....p..L.H|D
I/DEBUG   (   77): 40c39940 e054f8df 58264d15 200ef854 32084630  ..T..M&XT.. 0F.2
I/DEBUG   (   77): 40c39950 2b04f840 ffb0f095 c044f8df 21004a11  @..+......D..J.!
I/DEBUG   (   77): 40c39960 46306131 f8545961 58a5300c 60333308  1a0FaYT..0.X.33`
I/DEBUG   (   77): 
I/DEBUG   (   77): stack:
I/DEBUG   (   77):     bed242f8  000000f0  
I/DEBUG   (   77):     bed242fc  bed243e4  [stack]
I/DEBUG   (   77):     bed24300  b000a4d8  
I/DEBUG   (   77):     bed24304  b000d958  
I/DEBUG   (   77):     bed24308  40bfd954  /system/lib/libWVStreamControlAPI_L3.so
I/DEBUG   (   77):     bed2430c  07902248  
I/DEBUG   (   77):     bed24310  b00094f0  /system/bin/linker
I/DEBUG   (   77):     bed24314  b000a078  
I/DEBUG   (   77):     bed24318  00001f04  
I/DEBUG   (   77):     bed2431c  00003e33  
I/DEBUG   (   77):     bed24320  b00094fc  /system/bin/linker
I/DEBUG   (   77):     bed24324  b0012da4  
I/DEBUG   (   77):     bed24328  b000d958  
I/DEBUG   (   77):     bed2432c  00000000  
I/DEBUG   (   77):     bed24330  df0027ad  
I/DEBUG   (   77):     bed24334  00000000  
I/DEBUG   (   77): #01 bed24338  40db200c  /system/lib/libWVStreamControlAPI_L3.so
I/DEBUG   (   77):     bed2433c  00000030  
I/DEBUG   (   77):     bed24340  00000004  
I/DEBUG   (   77):     bed24344  b0003a99  /system/bin/linker
I/DEBUG   (   77):     bed24348  b000da3c  
I/DEBUG   (   77):     bed2434c  b000da38  
I/DEBUG   (   77):     bed24350  b000990c  /system/bin/linker
I/DEBUG   (   77):     bed24354  b00046eb  /system/bin/linker
I/DEBUG   (   77):     bed24358  b000d958  
I/DEBUG   (   77):     bed2435c  b000d958  
I/DEBUG   (   77):     bed24360  b000d9fc  
I/DEBUG   (   77):     bed24364  40b6dba4  /system/lib/libwvdrm_L3.so
I/DEBUG   (   77):     bed24368  00000000  
I/DEBUG   (   77):     bed2436c  ffffffff  
I/DEBUG   (   77):     bed24370  40db2000  /system/lib/libWVStreamControlAPI_L3.so
I/DEBUG   (   77):     bed24374  b0012fa8  
I/DEBUG   (   77):     bed24378  ffffffff  
I/DEBUG   (   77):     bed2437c  b000d9e4  
I/Netd    ( 2482): Netd 1.0 starting
I/        ( 2485): ServiceManager: 0x18910
D/AndroidRuntime( 2484): 
D/AndroidRuntime( 2484): >>>>>> AndroidRuntime START com.android.internal.os.ZygoteInit <<<<<<
D/AndroidRuntime( 2484): CheckJNI is OFF
E/dalvikvm( 2484): Bad heap size parameters (start=4194304, max=20971520, limit=33554432)
W/dalvikvm( 2484): CreateJavaVM failed: dvmGcStartup failed
E/AndroidRuntime( 2484): JNI_CreateJavaVM failed
I/ServiceManager(   74): service 'media.audio_flinger' died
I/ServiceManager(   74): service 'media.player' died
I/ServiceManager(   74): service 'media.camera' died
I/ServiceManager(   74): service 'media.audio_policy' died
I/SurfaceFlinger( 2483): SurfaceFlinger is starting
I/SurfaceFlinger( 2483): SurfaceFlinger's main thread ready to run. Initializing graphics H/W...
F/libc    ( 2483): Fatal signal 8 (SIGFPE) at 0x000009b3 (code=0)
F/libc    ( 2485): Fatal signal 11 (SIGSEGV) at 0x00000004 (code=1)
I/        ( 2503): ServiceManager: 0xf958
I/HTC Acoustic( 2503): libhtc_acoustic.so version 2.0.0.6.
I/HTC Acoustic( 2503): deonvvv gingerbread test.
I/HTC Acoustic( 2503): open /system/etc/AudioPara4_WB.csv success.
I/HTC Acoustic( 2503): acoustic table version: GOFU-WB_20120503
I/HTC Acoustic( 2503): read_audio_para_from_file success.
E/HTC Acoustic( 2503): Fail to open /system/etc/AudioPara_VODA-Spain.csv -1.
I/HTC Acoustic( 2503): open /system/etc/AudioPara4.csv success.
I/HTC Acoustic( 2503): acoustic table version: GOFU_20120427
I/HTC Acoustic( 2503): read_audio_para_from_file success.
I/HTC Acoustic( 2503): get_audpp_filter
I/HTC Acoustic( 2503): open /system/etc/AudioFilter.csv success.
I/HTC Acoustic( 2503): MBADRC Filter MBADRC FLAG = ffff.
E/HTC Acoustic( 2503): set mbadrc filter error.
I/HTC Acoustic( 2503): failed to set audpp parameters, exiting.
I/HTC Acoustic( 2503): get_audpre_filter
I/HTC Acoustic( 2503): open /system/etc/AudioPreProcess.csv success.
D/AudioHardwareMSM72XX( 2503): mNumSndEndpoints = 183
V/AudioHardwareMSM72XX( 2503): constructed 183 SND endpoints)
D/AudioHardwareMSM72XX( 2503): BT MATCH HANDSET
D/AudioHardwareMSM72XX( 2503): BT MATCH SPEAKER
D/AudioHardwareMSM72XX( 2503): BT MATCH HEADSET
D/AudioHardwareMSM72XX( 2503): BT MATCH BT
D/AudioHardwareMSM72XX( 2503): BT MATCH CARKIT
D/AudioHardwareMSM72XX( 2503): BT MATCH TTY_FULL
D/AudioHardwareMSM72XX( 2503): BT MATCH TTY_VCO
D/AudioHardwareMSM72XX( 2503): BT MATCH TTY_HCO
D/AudioHardwareMSM72XX( 2503): BT MATCH NO_MIC_HEADSET
D/AudioHardwareMSM72XX( 2503): BT MATCH FM_HEADSET
D/AudioHardwareMSM72XX( 2503): BT MATCH HEADSET_AND_SPEAKER
D/AudioHardwareMSM72XX( 2503): BT MATCH FM_SPEAKER
D/AudioHardwareMSM72XX( 2503): BT MATCH BT_EC_OFF
D/AudioHardwareMSM72XX( 2503): BT MATCH BT_EC_OFF
D/AudioHardwareMSM72XX( 2503): BT MATCH CURRENT
I/AudioFlinger( 2503): Loaded primary audio interface from LEGACY Audio HW HAL (audio)
I/AudioFlinger( 2503): Using 'LEGACY Audio HW HAL' (audio.primary) as the primary audio interface
