F/libc    ( 2145): Fatal signal 8 (SIGFPE) at 0x00000861 (code=0)
I/DEBUG   (   77): *** *** *** *** *** *** *** *** *** *** *** *** *** *** *** ***
I/DEBUG   (   77): Build fingerprint: 'htc_europe/htc_golfu/golfu:4.0.3/IML74K/62541.1:user/release-keys'
I/DEBUG   (   77): pid: 2147, tid: 2147  >>> /system/bin/drmserver <<<
I/DEBUG   (   77): signal 11 (SIGSEGV), code 1 (SEGV_MAPERR), fault addr 00000004
I/DEBUG   (   77):  r0 fffff41c  r1 00000032  r2 40c3993b  r3 40c39939
I/DEBUG   (   77):  r4 40dbf050  r5 00000030  r6 00000004  r7 20000000
I/DEBUG   (   77):  r8 00000000  r9 00000000  10 00000000  fp 00000000
I/DEBUG   (   77):  ip 00000000  sp beabe338  lr 40c39943  pc b0003c56  cpsr 00000030
I/DEBUG   (   77):  d0  0000000000000000  d1  0000000000000000
I/DEBUG   (   77):  d2  0000000000000000  d3  0000000000000000
I/DEBUG   (   77):  d4  0000000000000000  d5  0000000000000000
I/DEBUG   (   77):  d6  0000000000000000  d7  0000000000000000
I/DEBUG   (   77):  d8  0000000000000000  d9  0000000000000000
I/DEBUG   (   77):  d10 0000000000000000  d11 0000000000000000
I/DEBUG   (   77):  d12 0000000000000000  d13 0000000000000000
I/DEBUG   (   77):  d14 0000000000000000  d15 0000000000000000
I/DEBUG   (   77):  scr 00000000
I/DEBUG   (   77): 
I/DEBUG   (   77):          #00  pc b0003c56  /system/bin/linker
I/DEBUG   (   77):          #01  pc 000c0940  /system/lib/libWVStreamControlAPI_L3.so
I/DEBUG   (   77): 
I/DEBUG   (   77): code around pc:
I/DEBUG   (   77): b0003c34 000064bc 0000f1aa 0000591e 1c04b5f0  .d.......Y......
I/DEBUG   (   77): b0003c44 1c2630b0 b0836803 1c1736ac 93011c22  .0&..h...6.."...
I/DEBUG   (   77): b0003c54 683532b4 95001c08 f7fd6811 1c20ef20  .25h.....h.. . .
I/DEBUG   (   77): b0003c64 1c2530bc 35c06803 58ce0089 9b01e016  .0%..h.5...X....
I/DEBUG   (   77): b0003c74 191c0134 68219a00 1c391850 ecc2f7fd  4.....!hP.9.....
I/DEBUG   (   77): 
I/DEBUG   (   77): code around lr:
I/DEBUG   (   77): 40c39920 20004788 bdd0b004 105e6a01 19886a63  .G. .....j^.cj..
I/DEBUG   (   77): 40c39930 58d1598a bf00e7ec 4c15b570 447c4815  .Y.X....p..L.H|D
I/DEBUG   (   77): 40c39940 e054f8df 58264d15 200ef854 32084630  ..T..M&XT.. 0F.2
I/DEBUG   (   77): 40c39950 2b04f840 ffb0f095 c044f8df 21004a11  @..+......D..J.!
I/DEBUG   (   77): 40c39960 46306131 f8545961 58a5300c 60333308  1a0FaYT..0.X.33`
I/DEBUG   (   77): 
I/DEBUG   (   77): stack:
I/DEBUG   (   77):     beabe2f8  000000f0  
I/DEBUG   (   77):     beabe2fc  beabe3e4  [stack]
I/DEBUG   (   77):     beabe300  b000a4d8  
I/DEBUG   (   77):     beabe304  b000d958  
I/DEBUG   (   77):     beabe308  40bfd954  /system/lib/libWVStreamControlAPI_L3.so
I/DEBUG   (   77):     beabe30c  07902248  
I/DEBUG   (   77):     beabe310  b00094f0  /system/bin/linker
I/DEBUG   (   77):     beabe314  b000a078  
I/DEBUG   (   77):     beabe318  00001f04  
I/DEBUG   (   77):     beabe31c  00003e33  
I/DEBUG   (   77):     beabe320  b00094fc  /system/bin/linker
I/DEBUG   (   77):     beabe324  b0012da4  
I/DEBUG   (   77):     beabe328  b000d958  
I/DEBUG   (   77):     beabe32c  00000000  
I/DEBUG   (   77):     beabe330  df0027ad  
I/DEBUG   (   77):     beabe334  00000000  
I/DEBUG   (   77): #01 beabe338  40db200c  /system/lib/libWVStreamControlAPI_L3.so
I/DEBUG   (   77):     beabe33c  00000030  
I/DEBUG   (   77):     beabe340  00000004  
I/DEBUG   (   77):     beabe344  b0003a99  /system/bin/linker
I/DEBUG   (   77):     beabe348  b000da3c  
I/DEBUG   (   77):     beabe34c  b000da38  
I/DEBUG   (   77):     beabe350  b000990c  /system/bin/linker
I/DEBUG   (   77):     beabe354  b00046eb  /system/bin/linker
I/DEBUG   (   77):     beabe358  b000d958  
I/DEBUG   (   77):     beabe35c  b000d958  
I/DEBUG   (   77):     beabe360  b000d9fc  
I/DEBUG   (   77):     beabe364  40b6dba4  /system/lib/libwvdrm_L3.so
I/DEBUG   (   77):     beabe368  00000000  
I/DEBUG   (   77):     beabe36c  ffffffff  
I/DEBUG   (   77):     beabe370  40db2000  /system/lib/libWVStreamControlAPI_L3.so
I/DEBUG   (   77):     beabe374  b0012fa8  
I/DEBUG   (   77):     beabe378  ffffffff  
I/DEBUG   (   77):     beabe37c  b000d9e4  
I/DEBUG   (   77): *** *** *** *** *** *** *** *** *** *** *** *** *** *** *** ***
I/DEBUG   (   77): Build fingerprint: 'htc_europe/htc_golfu/golfu:4.0.3/IML74K/62541.1:user/release-keys'
I/DEBUG   (   77): pid: 2145, tid: 2165  >>> /system/bin/surfaceflinger <<<
I/DEBUG   (   77): signal 8 (SIGFPE), code 0 (?), fault addr 00000861
I/DEBUG   (   77):  r0 00000000  r1 00000008  r2 ffffffff  r3 00000020
I/DEBUG   (   77):  r4 00000008  r5 00000000  r6 00000000  r7 00000025
I/DEBUG   (   77):  r8 00000000  r9 400de695  10 a4c68000  fp 0000fc00
I/DEBUG   (   77):  ip 40045029  sp 100ffa14  lr 40045037  pc 400396a0  cpsr 00000010
I/DEBUG   (   77):  d0  0000000000000000  d1  0000000000000000
I/DEBUG   (   77):  d2  0000000000000000  d3  0000000000000000
I/DEBUG   (   77):  d4  0000000000000000  d5  0000000000000000
I/DEBUG   (   77):  d6  0000000000000000  d7  0000000000000000
I/DEBUG   (   77):  d8  0000000000000000  d9  0000000000000000
I/DEBUG   (   77):  d10 0000000000000000  d11 0000000000000000
I/DEBUG   (   77):  d12 0000000000000000  d13 0000000000000000
I/DEBUG   (   77):  d14 0000000000000000  d15 0000000000000000
I/DEBUG   (   77):  scr 00000000
I/DEBUG   (   77): 
I/DEBUG   (   77):          #00  pc 0000d6a0  /system/lib/libc.so (kill)
I/DEBUG   (   77):          #01  pc 00019034  /system/lib/libc.so (raise)
I/DEBUG   (   77): 
I/DEBUG   (   77): code around pc:
I/DEBUG   (   77): 40039680 e2601000 e0100001 116f0f10 12600020  ..`.......o. .`.
I/DEBUG   (   77): 40039690 e12fff1e e92d50f0 e3a07025 ef000000  ../..P-.%p......
I/DEBUG   (   77): 400396a0 e8bd50f0 e1b00000 512fff1e ea00adbc  .P......../Q....
I/DEBUG   (   77): 400396b0 e92d50f0 e3a070ee ef000000 e8bd50f0  .P-..p.......P..
I/DEBUG   (   77): 400396c0 e1b00000 512fff1e ea00adb5 f5d0f000  ....../Q........
I/DEBUG   (   77): 
I/DEBUG   (   77): code around lr:
I/DEBUG   (   77): 40045014 b083b500 17db9300 f7f39301 b003ea4c  ............L...
I/DEBUG   (   77): 40045024 46c0bd00 1c04b510 e8a6f7f3 f7f41c21  ...F........!...
I/DEBUG   (   77): 40045034 bd10eb30 1c02b510 48034902 f7f42300  0........I.H.#..
I/DEBUG   (   77): 40045044 bd10e93e 28121969 fee1dead b082b510  >...i..(........
I/DEBUG   (   77): 40045054 94002400 f7f39401 b002efe4 46c0bd10  .$.............F
I/DEBUG   (   77): 
I/DEBUG   (   77): stack:
I/DEBUG   (   77):     100ff9d4  00000004  
I/DEBUG   (   77):     100ff9d8  400291cd  /system/lib/liblog.so
I/DEBUG   (   77):     100ff9dc  40021c70  /system/lib/libsurfaceflinger.so
I/DEBUG   (   77):     100ff9e0  100ff9f8  
I/DEBUG   (   77):     100ff9e4  100ffa2c  
I/DEBUG   (   77):     100ff9e8  00000000  
I/DEBUG   (   77):     100ff9ec  40029547  /system/lib/liblog.so
I/DEBUG   (   77):     100ff9f0  00000000  
I/DEBUG   (   77):     100ff9f4  00000004  
I/DEBUG   (   77):     100ff9f8  100ff9f4  
I/DEBUG   (   77):     100ff9fc  00000001  
I/DEBUG   (   77):     100ffa00  40021c70  /system/lib/libsurfaceflinger.so
I/DEBUG   (   77):     100ffa04  0000000f  
I/DEBUG   (   77):     100ffa08  100ffa2c  
I/DEBUG   (   77):     100ffa0c  00000048  
I/DEBUG   (   77):     100ffa10  30000000  
I/DEBUG   (   77): #01 100ffa14  00000008  
I/DEBUG   (   77):     100ffa18  00000000  
I/DEBUG   (   77):     100ffa1c  00000000  
I/DEBUG   (   77):     100ffa20  00038d7e  
I/DEBUG   (   77):     100ffa24  40045029  /system/lib/libc.so
I/DEBUG   (   77):     100ffa28  40045037  /system/lib/libc.so
I/DEBUG   (   77):     100ffa2c  00038d7e  
I/DEBUG   (   77):     100ffa30  4003b608  /system/lib/libc.so
I/DEBUG   (   77):     100ffa34  00000000  
I/DEBUG   (   77):     100ffa38  4003a3e4  /system/lib/libc.so
I/DEBUG   (   77):     100ffa3c  4003a3f4  /system/lib/libc.so
I/DEBUG   (   77):     100ffa40  00000000  
I/DEBUG   (   77):     100ffa44  00038d7e  
I/DEBUG   (   77):     100ffa48  00000000  
I/DEBUG   (   77):     100ffa4c  4003d180  /system/lib/libc.so
I/DEBUG   (   77):     100ffa50  a4c68000  
I/DEBUG   (   77):     100ffa54  00038d7e  
I/DEBUG   (   77):     100ffa58  00000000  
I/        ( 2167): ServiceManager: 0xf958
I/HTC Acoustic( 2167): libhtc_acoustic.so version 2.0.0.6.
I/HTC Acoustic( 2167): deonvvv gingerbread test.
I/HTC Acoustic( 2167): open /system/etc/AudioPara4_WB.csv success.
I/HTC Acoustic( 2167): acoustic table version: GOFU-WB_20120503
I/HTC Acoustic( 2167): read_audio_para_from_file success.
E/HTC Acoustic( 2167): Fail to open /system/etc/AudioPara_VODA-Spain.csv -1.
I/HTC Acoustic( 2167): open /system/etc/AudioPara4.csv success.
I/HTC Acoustic( 2167): acoustic table version: GOFU_20120427
I/HTC Acoustic( 2167): read_audio_para_from_file success.
I/HTC Acoustic( 2167): get_audpp_filter
I/HTC Acoustic( 2167): open /system/etc/AudioFilter.csv success.
I/HTC Acoustic( 2167): MBADRC Filter MBADRC FLAG = ffff.
E/HTC Acoustic( 2167): set mbadrc filter error.
I/HTC Acoustic( 2167): failed to set audpp parameters, exiting.
I/HTC Acoustic( 2167): get_audpre_filter
I/HTC Acoustic( 2167): open /system/etc/AudioPreProcess.csv success.
D/AudioHardwareMSM72XX( 2167): mNumSndEndpoints = 183
V/AudioHardwareMSM72XX( 2167): constructed 183 SND endpoints)
D/AudioHardwareMSM72XX( 2167): BT MATCH HANDSET
D/AudioHardwareMSM72XX( 2167): BT MATCH SPEAKER
D/AudioHardwareMSM72XX( 2167): BT MATCH HEADSET
D/AudioHardwareMSM72XX( 2167): BT MATCH BT
D/AudioHardwareMSM72XX( 2167): BT MATCH CARKIT
D/AudioHardwareMSM72XX( 2167): BT MATCH TTY_FULL
D/AudioHardwareMSM72XX( 2167): BT MATCH TTY_VCO
D/AudioHardwareMSM72XX( 2167): BT MATCH TTY_HCO
D/AudioHardwareMSM72XX( 2167): BT MATCH NO_MIC_HEADSET
D/AudioHardwareMSM72XX( 2167): BT MATCH FM_HEADSET
D/AudioHardwareMSM72XX( 2167): BT MATCH HEADSET_AND_SPEAKER
D/AudioHardwareMSM72XX( 2167): BT MATCH FM_SPEAKER
D/AudioHardwareMSM72XX( 2167): BT MATCH BT_EC_OFF
D/AudioHardwareMSM72XX( 2167): BT MATCH BT_EC_OFF
D/AudioHardwareMSM72XX( 2167): BT MATCH CURRENT
I/AudioFlinger( 2167): Loaded primary audio interface from LEGACY Audio HW HAL (audio)
I/AudioFlinger( 2167): Using 'LEGACY Audio HW HAL' (audio.primary) as the primary audio interface
I/AudioFlinger( 2167): Loaded a2dp audio interface from A2DP Audio HW HAL (audio)
D/AudioHardwareInterface( 2167): setMode(NORMAL)
I/AudioHardwareMSM72XX( 2167): Set master volume to 5.
I/CameraService( 2167): CameraService started (pid=2167)
E/HAL     ( 2167): load: module=/system/lib/hw/camera.marvel.so
E/HAL     ( 2167): Cannot load library: link_image[1965]:  2167 could not load needed library 'libcamera.so' for 'camera.marvel.so' (reloc_library[1314]:  2167 cannot locate '_debug_pthread_create'...
E/HAL     ( 2167): )
E/CameraService( 2167): Could not load camera HAL module
I/AudioFlinger( 2167): AudioFlinger's thread 0x18698 ready to run
W/AudioFlinger( 2167): Thread AudioOut_1 cannot connect to the power manager service
V/AudioHardwareMSM72XX( 2167): AudioStreamOutMSM72xx::setParameters() routing=2
V/AudioHardwareMSM72XX( 2167): set output routing 2
I/AudioHardwareMSM72XX( 2167): Routing audio to Speakerphone
V/AudioHardwareMSM72XX( 2167): doAudioRouteOrMute() device 1, mMode 0, mMicMute 1
D/AudioHardwareMSM72XX( 2167): setVoiceVolume(1.000000)
I/AudioHardwareMSM72XX( 2167): Setting in-call volume to 5 (available range is 0 to 5)
I/AudioPolicyService( 2167): Loaded audio policy from LEGACY Audio Policy HAL (audio_policy)
I/Netd    ( 2174): Netd 1.0 starting
I/        ( 2177): ServiceManager: 0x18910
D/AndroidRuntime( 2176): 
D/AndroidRuntime( 2176): >>>>>> AndroidRuntime START com.android.internal.os.ZygoteInit <<<<<<
D/AndroidRuntime( 2176): CheckJNI is OFF
E/dalvikvm( 2176): Bad heap size parameters (start=4194304, max=20971520, limit=33554432)
W/dalvikvm( 2176): CreateJavaVM failed: dvmGcStartup failed
E/AndroidRuntime( 2176): JNI_CreateJavaVM failed
I/ServiceManager(   74): service 'media.audio_flinger' died
I/ServiceManager(   74): service 'media.player' died
I/ServiceManager(   74): service 'media.camera' died
I/ServiceManager(   74): service 'media.audio_policy' died
I/SurfaceFlinger( 2175): SurfaceFlinger is starting
F/libc    ( 2177): Fatal signal 11 (SIGSEGV) at 0x00000004 (code=1)
I/SurfaceFlinger( 2175): SurfaceFlinger's main thread ready to run. Initializing graphics H/W...
F/libc    ( 2175): Fatal signal 8 (SIGFPE) at 0x0000087f (code=0)
I/        ( 2195): ServiceManager: 0xf958
I/HTC Acoustic( 2195): libhtc_acoustic.so version 2.0.0.6.
I/HTC Acoustic( 2195): deonvvv gingerbread test.
I/HTC Acoustic( 2195): open /system/etc/AudioPara4_WB.csv success.
I/HTC Acoustic( 2195): acoustic table version: GOFU-WB_20120503
I/HTC Acoustic( 2195): read_audio_para_from_file success.
E/HTC Acoustic( 2195): Fail to open /system/etc/AudioPara_VODA-Spain.csv -1.
I/HTC Acoustic( 2195): open /system/etc/AudioPara4.csv success.
I/HTC Acoustic( 2195): acoustic table version: GOFU_20120427
I/HTC Acoustic( 2195): read_audio_para_from_file success.
I/HTC Acoustic( 2195): get_audpp_filter
I/HTC Acoustic( 2195): open /system/etc/AudioFilter.csv success.
I/HTC Acoustic( 2195): MBADRC Filter MBADRC FLAG = ffff.
E/HTC Acoustic( 2195): set mbadrc filter error.
I/HTC Acoustic( 2195): failed to set audpp parameters, exiting.
I/HTC Acoustic( 2195): get_audpre_filter
I/HTC Acoustic( 2195): open /system/etc/AudioPreProcess.csv success.
D/AudioHardwareMSM72XX( 2195): mNumSndEndpoints = 183
V/AudioHardwareMSM72XX( 2195): constructed 183 SND endpoints)
D/AudioHardwareMSM72XX( 2195): BT MATCH HANDSET
D/AudioHardwareMSM72XX( 2195): BT MATCH SPEAKER
D/AudioHardwareMSM72XX( 2195): BT MATCH HEADSET
D/AudioHardwareMSM72XX( 2195): BT MATCH BT
D/AudioHardwareMSM72XX( 2195): BT MATCH CARKIT
D/AudioHardwareMSM72XX( 2195): BT MATCH TTY_FULL
D/AudioHardwareMSM72XX( 2195): BT MATCH TTY_VCO
D/AudioHardwareMSM72XX( 2195): BT MATCH TTY_HCO
D/AudioHardwareMSM72XX( 2195): BT MATCH NO_MIC_HEADSET
D/AudioHardwareMSM72XX( 2195): BT MATCH FM_HEADSET
D/AudioHardwareMSM72XX( 2195): BT MATCH HEADSET_AND_SPEAKER
D/AudioHardwareMSM72XX( 2195): BT MATCH FM_SPEAKER
D/AudioHardwareMSM72XX( 2195): BT MATCH BT_EC_OFF
D/AudioHardwareMSM72XX( 2195): BT MATCH BT_EC_OFF
D/AudioHardwareMSM72XX( 2195): BT MATCH CURRENT
I/AudioFlinger( 2195): Loaded primary audio interface from LEGACY Audio HW HAL (audio)
I/AudioFlinger( 2195): Using 'LEGACY Audio HW HAL' (audio.primary) as the primary audio interface
I/AudioFlinger( 2195): Loaded a2dp audio interface from A2DP Audio HW HAL (audio)
D/AudioHardwareInterface( 2195): setMode(NORMAL)
I/AudioHardwareMSM72XX( 2195): Set master volume to 5.
I/CameraService( 2195): CameraService started (pid=2195)
E/HAL     ( 2195): load: module=/system/lib/hw/camera.marvel.so
E/HAL     ( 2195): Cannot load library: link_image[1965]:  2195 could not load needed library 'libcamera.so' for 'camera.marvel.so' (reloc_library[1314]:  2195 cannot locate '_debug_pthread_create'...
E/HAL     ( 2195): )
E/CameraService( 2195): Could not load camera HAL module
I/AudioFlinger( 2195): AudioFlinger's thread 0x18698 ready to run
W/AudioFlinger( 2195): Thread AudioOut_1 cannot connect to the power manager service
V/AudioHardwareMSM72XX( 2195): AudioStreamOutMSM72xx::setParameters() routing=2
V/AudioHardwareMSM72XX( 2195): set output routing 2
I/AudioHardwareMSM72XX( 2195): Routing audio to Speakerphone
V/AudioHardwareMSM72XX( 2195): doAudioRouteOrMute() device 1, mMode 0, mMicMute 1
D/AudioHardwareMSM72XX( 2195): setVoiceVolume(1.000000)
I/AudioHardwareMSM72XX( 2195): Setting in-call volume to 5 (available range is 0 to 5)
I/AudioPolicyService( 2195): Loaded audio policy from LEGACY Audio Policy HAL (audio_policy)
I/DEBUG   (   77): *** *** *** *** *** *** *** *** *** *** *** *** *** *** *** ***
I/DEBUG   (   77): Build fingerprint: 'htc_europe/htc_golfu/golfu:4.0.3/IML74K/62541.1:user/release-keys'
I/DEBUG   (   77): pid: 2175, tid: 2196  >>> /system/bin/surfaceflinger <<<
I/DEBUG   (   77): signal 8 (SIGFPE), code 0 (?), fault addr 0000087f
I/DEBUG   (   77):  r0 00000000  r1 00000008  r2 ffffffff  r3 00000020
I/DEBUG   (   77):  r4 00000008  r5 00000000  r6 00000000  r7 00000025
I/DEBUG   (   77):  r8 00000000  r9 400de695  10 a4c68000  fp 0000fc00
I/DEBUG   (   77):  ip 40045029  sp 100ffa14  lr 40045037  pc 400396a0  cpsr 00000010
I/DEBUG   (   77):  d0  0000000000000000  d1  0000000000000000
I/DEBUG   (   77):  d2  0000000000000000  d3  0000000000000000
I/DEBUG   (   77):  d4  0000000000000000  d5  0000000000000000
I/DEBUG   (   77):  d6  0000000000000000  d7  0000000000000000
I/DEBUG   (   77):  d8  0000000000000000  d9  0000000000000000
I/DEBUG   (   77):  d10 0000000000000000  d11 0000000000000000
I/DEBUG   (   77):  d12 0000000000000000  d13 0000000000000000
I/DEBUG   (   77):  d14 0000000000000000  d15 0000000000000000
I/DEBUG   (   77):  scr 00000000
I/DEBUG   (   77): 
I/DEBUG   (   77):          #00  pc 0000d6a0  /system/lib/libc.so (kill)
I/DEBUG   (   77):          #01  pc 00019034  /system/lib/libc.so (raise)
I/DEBUG   (   77): 
I/DEBUG   (   77): code around pc:
I/DEBUG   (   77): 40039680 e2601000 e0100001 116f0f10 12600020  ..`.......o. .`.
I/DEBUG   (   77): 40039690 e12fff1e e92d50f0 e3a07025 ef000000  ../..P-.%p......
I/DEBUG   (   77): 400396a0 e8bd50f0 e1b00000 512fff1e ea00adbc  .P......../Q....
I/DEBUG   (   77): 400396b0 e92d50f0 e3a070ee ef000000 e8bd50f0  .P-..p.......P..
I/DEBUG   (   77): 400396c0 e1b00000 512fff1e ea00adb5 f5d0f000  ....../Q........
I/DEBUG   (   77): 
I/DEBUG   (   77): code around lr:
I/DEBUG   (   77): 40045014 b083b500 17db9300 f7f39301 b003ea4c  ............L...
I/DEBUG   (   77): 40045024 46c0bd00 1c04b510 e8a6f7f3 f7f41c21  ...F........!...
I/DEBUG   (   77): 40045034 bd10eb30 1c02b510 48034902 f7f42300  0........I.H.#..
I/DEBUG   (   77): 40045044 bd10e93e 28121969 fee1dead b082b510  >...i..(........
I/DEBUG   (   77): 40045054 94002400 f7f39401 b002efe4 46c0bd10  .$.............F
I/DEBUG   (   77): 
I/DEBUG   (   77): stack:
I/DEBUG   (   77):     100ff9d4  00000004  
I/DEBUG   (   77):     100ff9d8  400291cd  /system/lib/liblog.so
I/DEBUG   (   77):     100ff9dc  40021c70  /system/lib/libsurfaceflinger.so
I/DEBUG   (   77):     100ff9e0  100ff9f8  
I/DEBUG   (   77):     100ff9e4  100ffa2c  
I/DEBUG   (   77):     100ff9e8  00000000  
I/DEBUG   (   77):     100ff9ec  40029547  /system/lib/liblog.so
I/DEBUG   (   77):     100ff9f0  00000000  
I/DEBUG   (   77):     100ff9f4  00000004  
I/DEBUG   (   77):     100ff9f8  100ff9f4  
I/DEBUG   (   77):     100ff9fc  00000001  
I/DEBUG   (   77):     100ffa00  40021c70  /system/lib/libsurfaceflinger.so
I/DEBUG   (   77):     100ffa04  0000000f  
I/DEBUG   (   77):     100ffa08  100ffa2c  
I/DEBUG   (   77):     100ffa0c  00000048  
I/DEBUG   (   77):     100ffa10  30000000  
I/DEBUG   (   77): #01 100ffa14  00000008  
I/DEBUG   (   77):     100ffa18  00000000  
I/DEBUG   (   77):     100ffa1c  00000000  
I/DEBUG   (   77):     100ffa20  00038d7e  
I/DEBUG   (   77):     100ffa24  40045029  /system/lib/libc.so
I/DEBUG   (   77):     100ffa28  40045037  /system/lib/libc.so
I/DEBUG   (   77):     100ffa2c  00038d7e  
I/DEBUG   (   77):     100ffa30  4003b608  /system/lib/libc.so
I/DEBUG   (   77):     100ffa34  00000000  
I/DEBUG   (   77):     100ffa38  4003a3e4  /system/lib/libc.so
I/DEBUG   (   77):     100ffa3c  4003a3f4  /system/lib/libc.so
I/DEBUG   (   77):     100ffa40  00000000  
I/DEBUG   (   77):     100ffa44  00038d7e  
I/DEBUG   (   77):     100ffa48  00000000  
I/DEBUG   (   77):     100ffa4c  4003d180  /system/lib/libc.so
I/DEBUG   (   77):     100ffa50  a4c68000  
I/DEBUG   (   77):     100ffa54  00038d7e  
I/DEBUG   (   77):     100ffa58  00000000  
I/DEBUG   (   77): *** *** *** *** *** *** *** *** *** *** *** *** *** *** *** ***
I/DEBUG   (   77): Build fingerprint: 'htc_europe/htc_golfu/golfu:4.0.3/IML74K/62541.1:user/release-keys'
I/DEBUG   (   77): pid: 2177, tid: 2177  >>> /system/bin/drmserver <<<
I/DEBUG   (   77): signal 11 (SIGSEGV), code 1 (SEGV_MAPERR), fault addr 00000004
I/DEBUG   (   77):  r0 fffff41c  r1 00000032  r2 40c3993b  r3 40c39939
I/DEBUG   (   77):  r4 40dbf050  r5 00000030  r6 00000004  r7 20000000
I/DEBUG   (   77):  r8 00000000  r9 00000000  10 00000000  fp 00000000
I/DEBUG   (   77):  ip 00000000  sp bebc1338  lr 40c39943  pc b0003c56  cpsr 00000030
I/DEBUG   (   77):  d0  0000000000000000  d1  0000000000000000
I/DEBUG   (   77):  d2  0000000000000000  d3  0000000000000000
I/DEBUG   (   77):  d4  0000000000000000  d5  0000000000000000
I/DEBUG   (   77):  d6  0000000000000000  d7  0000000000000000
I/DEBUG   (   77):  d8  0000000000000000  d9  0000000000000000
I/DEBUG   (   77):  d10 0000000000000000  d11 0000000000000000
I/DEBUG   (   77):  d12 0000000000000000  d13 0000000000000000
I/DEBUG   (   77):  d14 0000000000000000  d15 0000000000000000
I/DEBUG   (   77):  scr 00000000
I/DEBUG   (   77): 
I/DEBUG   (   77):          #00  pc b0003c56  /system/bin/linker
I/DEBUG   (   77):          #01  pc 000c0940  /system/lib/libWVStreamControlAPI_L3.so
I/DEBUG   (   77): 
I/DEBUG   (   77): code around pc:
I/DEBUG   (   77): b0003c34 000064bc 0000f1aa 0000591e 1c04b5f0  .d.......Y......
I/DEBUG   (   77): b0003c44 1c2630b0 b0836803 1c1736ac 93011c22  .0&..h...6.."...
I/DEBUG   (   77): b0003c54 683532b4 95001c08 f7fd6811 1c20ef20  .25h.....h.. . .
I/DEBUG   (   77): b0003c64 1c2530bc 35c06803 58ce0089 9b01e016  .0%..h.5...X....
I/DEBUG   (   77): b0003c74 191c0134 68219a00 1c391850 ecc2f7fd  4.....!hP.9.....
I/DEBUG   (   77): 
I/DEBUG   (   77): code around lr:
I/DEBUG   (   77): 40c39920 20004788 bdd0b004 105e6a01 19886a63  .G. .....j^.cj..
I/DEBUG   (   77): 40c39930 58d1598a bf00e7ec 4c15b570 447c4815  .Y.X....p..L.H|D
I/DEBUG   (   77): 40c39940 e054f8df 58264d15 200ef854 32084630  ..T..M&XT.. 0F.2
I/DEBUG   (   77): 40c39950 2b04f840 ffb0f095 c044f8df 21004a11  @..+......D..J.!
I/DEBUG   (   77): 40c39960 46306131 f8545961 58a5300c 60333308  1a0FaYT..0.X.33`
I/DEBUG   (   77): 
I/DEBUG   (   77): stack:
I/DEBUG   (   77):     bebc12f8  000000f0  
I/DEBUG   (   77):     bebc12fc  bebc13e4  [stack]
I/DEBUG   (   77):     bebc1300  b000a4d8  
I/DEBUG   (   77):     bebc1304  b000d958  
I/DEBUG   (   77):     bebc1308  40bfd954  /system/lib/libWVStreamControlAPI_L3.so
I/DEBUG   (   77):     bebc130c  07902248  
I/DEBUG   (   77):     bebc1310  b00094f0  /system/bin/linker
I/DEBUG   (   77):     bebc1314  b000a078  
I/DEBUG   (   77):     bebc1318  00001f04  
I/DEBUG   (   77):     bebc131c  00003e33  
I/DEBUG   (   77):     bebc1320  b00094fc  /system/bin/linker
I/DEBUG   (   77):     bebc1324  b0012da4  
I/DEBUG   (   77):     bebc1328  b000d958  
I/DEBUG   (   77):     bebc132c  00000000  
I/DEBUG   (   77):     bebc1330  df0027ad  
I/DEBUG   (   77):     bebc1334  00000000  
I/DEBUG   (   77): #01 bebc1338  40db200c  /system/lib/libWVStreamControlAPI_L3.so
I/DEBUG   (   77):     bebc133c  00000030  
I/DEBUG   (   77):     bebc1340  00000004  
I/DEBUG   (   77):     bebc1344  b0003a99  /system/bin/linker
I/DEBUG   (   77):     bebc1348  b000da3c  
I/DEBUG   (   77):     bebc134c  b000da38  
I/DEBUG   (   77):     bebc1350  b000990c  /system/bin/linker
I/DEBUG   (   77):     bebc1354  b00046eb  /system/bin/linker
I/DEBUG   (   77):     bebc1358  b000d958  
I/DEBUG   (   77):     bebc135c  b000d958  
I/DEBUG   (   77):     bebc1360  b000d9fc  
I/DEBUG   (   77):     bebc1364  40b6dba4  /system/lib/libwvdrm_L3.so
I/DEBUG   (   77):     bebc1368  00000000  
I/DEBUG   (   77):     bebc136c  ffffffff  
I/DEBUG   (   77):     bebc1370  40db2000  /system/lib/libWVStreamControlAPI_L3.so
I/DEBUG   (   77):     bebc1374  b0012fa8  
I/DEBUG   (   77):     bebc1378  ffffffff  
I/DEBUG   (   77):     bebc137c  b000d9e4  
I/Netd    ( 2202): Netd 1.0 starting
I/        ( 2205): ServiceManager: 0x18910
D/AndroidRuntime( 2204): 
D/AndroidRuntime( 2204): >>>>>> AndroidRuntime START com.android.internal.os.ZygoteInit <<<<<<
D/AndroidRuntime( 2204): CheckJNI is OFF
E/dalvikvm( 2204): Bad heap size parameters (start=4194304, max=20971520, limit=33554432)
W/dalvikvm( 2204): CreateJavaVM failed: dvmGcStartup failed
E/AndroidRuntime( 2204): JNI_CreateJavaVM failed
I/ServiceManager(   74): service 'media.audio_flinger' died
I/ServiceManager(   74): service 'media.player' died
I/ServiceManager(   74): service 'media.camera' died
I/ServiceManager(   74): service 'media.audio_policy' died
I/SurfaceFlinger( 2203): SurfaceFlinger is starting
I/SurfaceFlinger( 2203): SurfaceFlinger's main thread ready to run. Initializing graphics H/W...
F/libc    ( 2203): Fatal signal 8 (SIGFPE) at 0x0000089b (code=0)
F/libc    ( 2205): Fatal signal 11 (SIGSEGV) at 0x00000004 (code=1)
I/        ( 2223): ServiceManager: 0xf958
I/HTC Acoustic( 2223): libhtc_acoustic.so version 2.0.0.6.
I/HTC Acoustic( 2223): deonvvv gingerbread test.
I/HTC Acoustic( 2223): open /system/etc/AudioPara4_WB.csv success.
I/HTC Acoustic( 2223): acoustic table version: GOFU-WB_20120503
I/HTC Acoustic( 2223): read_audio_para_from_file success.
E/HTC Acoustic( 2223): Fail to open /system/etc/AudioPara_VODA-Spain.csv -1.
I/HTC Acoustic( 2223): open /system/etc/AudioPara4.csv success.
I/HTC Acoustic( 2223): acoustic table version: GOFU_20120427
I/HTC Acoustic( 2223): read_audio_para_from_file success.
I/HTC Acoustic( 2223): get_audpp_filter
I/HTC Acoustic( 2223): open /system/etc/AudioFilter.csv success.
I/HTC Acoustic( 2223): MBADRC Filter MBADRC FLAG = ffff.
E/HTC Acoustic( 2223): set mbadrc filter error.
I/HTC Acoustic( 2223): failed to set audpp parameters, exiting.
I/HTC Acoustic( 2223): get_audpre_filter
I/HTC Acoustic( 2223): open /system/etc/AudioPreProcess.csv success.
D/AudioHardwareMSM72XX( 2223): mNumSndEndpoints = 183
V/AudioHardwareMSM72XX( 2223): constructed 183 SND endpoints)
D/AudioHardwareMSM72XX( 2223): BT MATCH HANDSET
D/AudioHardwareMSM72XX( 2223): BT MATCH SPEAKER
D/AudioHardwareMSM72XX( 2223): BT MATCH HEADSET
D/AudioHardwareMSM72XX( 2223): BT MATCH BT
D/AudioHardwareMSM72XX( 2223): BT MATCH CARKIT
D/AudioHardwareMSM72XX( 2223): BT MATCH TTY_FULL
D/AudioHardwareMSM72XX( 2223): BT MATCH TTY_VCO
D/AudioHardwareMSM72XX( 2223): BT MATCH TTY_HCO
D/AudioHardwareMSM72XX( 2223): BT MATCH NO_MIC_HEADSET
D/AudioHardwareMSM72XX( 2223): BT MATCH FM_HEADSET
D/AudioHardwareMSM72XX( 2223): BT MATCH HEADSET_AND_SPEAKER
D/AudioHardwareMSM72XX( 2223): BT MATCH FM_SPEAKER
D/AudioHardwareMSM72XX( 2223): BT MATCH BT_EC_OFF
D/AudioHardwareMSM72XX( 2223): BT MATCH BT_EC_OFF
D/AudioHardwareMSM72XX( 2223): BT MATCH CURRENT
I/AudioFlinger( 2223): Loaded primary audio interface from LEGACY Audio HW HAL (audio)
I/AudioFlinger( 2223): Using 'LEGACY Audio HW HAL' (audio.primary) as the primary audio interface
I/AudioFlinger( 2223): Loaded a2dp audio interface from A2DP Audio HW HAL (audio)
D/AudioHardwareInterface( 2223): setMode(NORMAL)
I/AudioHardwareMSM72XX( 2223): Set master volume to 5.
I/CameraService( 2223): CameraService started (pid=2223)
E/HAL     ( 2223): load: module=/system/lib/hw/camera.marvel.so
E/HAL     ( 2223): Cannot load library: link_image[1965]:  2223 could not load needed library 'libcamera.so' for 'camera.marvel.so' (reloc_library[1314]:  2223 cannot locate '_debug_pthread_create'...
E/HAL     ( 2223): )
E/CameraService( 2223): Could not load camera HAL module
I/AudioFlinger( 2223): AudioFlinger's thread 0x18698 ready to run
W/AudioFlinger( 2223): Thread AudioOut_1 cannot connect to the power manager service
V/AudioHardwareMSM72XX( 2223): AudioStreamOutMSM72xx::setParameters() routing=2
V/AudioHardwareMSM72XX( 2223): set output routing 2
I/AudioHardwareMSM72XX( 2223): Routing audio to Speakerphone
V/AudioHardwareMSM72XX( 2223): doAudioRouteOrMute() device 1, mMode 0, mMicMute 1
D/AudioHardwareMSM72XX( 2223): setVoiceVolume(1.000000)
I/AudioHardwareMSM72XX( 2223): Setting in-call volume to 5 (available range is 0 to 5)
I/AudioPolicyService( 2223): Loaded audio policy from LEGACY Audio Policy HAL (audio_policy)
I/DEBUG   (   77): *** *** *** *** *** *** *** *** *** *** *** *** *** *** *** ***
I/DEBUG   (   77): Build fingerprint: 'htc_europe/htc_golfu/golfu:4.0.3/IML74K/62541.1:user/release-keys'
I/DEBUG   (   77): pid: 2203, tid: 2224  >>> /system/bin/surfaceflinger <<<
I/DEBUG   (   77): signal 8 (SIGFPE), code 0 (?), fault addr 0000089b
I/DEBUG   (   77):  r0 00000000  r1 00000008  r2 ffffffff  r3 00000020
I/DEBUG   (   77):  r4 00000008  r5 00000000  r6 00000000  r7 00000025
I/DEBUG   (   77):  r8 00000000  r9 400de695  10 a4c68000  fp 0000fc00
I/DEBUG   (   77):  ip 40045029  sp 100ffa14  lr 40045037  pc 400396a0  cpsr 00000010
I/DEBUG   (   77):  d0  0000000000000000  d1  0000000000000000
I/DEBUG   (   77):  d2  0000000000000000  d3  0000000000000000
I/DEBUG   (   77):  d4  0000000000000000  d5  0000000000000000
I/DEBUG   (   77):  d6  0000000000000000  d7  0000000000000000
I/DEBUG   (   77):  d8  0000000000000000  d9  0000000000000000
I/DEBUG   (   77):  d10 0000000000000000  d11 0000000000000000
I/DEBUG   (   77):  d12 0000000000000000  d13 0000000000000000
I/DEBUG   (   77):  d14 0000000000000000  d15 0000000000000000
I/DEBUG   (   77):  scr 00000000
I/DEBUG   (   77): 
I/DEBUG   (   77):          #00  pc 0000d6a0  /system/lib/libc.so (kill)
I/DEBUG   (   77):          #01  pc 00019034  /system/lib/libc.so (raise)
I/DEBUG   (   77): 
I/DEBUG   (   77): code around pc:
I/DEBUG   (   77): 40039680 e2601000 e0100001 116f0f10 12600020  ..`.......o. .`.
I/DEBUG   (   77): 40039690 e12fff1e e92d50f0 e3a07025 ef000000  ../..P-.%p......
I/DEBUG   (   77): 400396a0 e8bd50f0 e1b00000 512fff1e ea00adbc  .P......../Q....
I/DEBUG   (   77): 400396b0 e92d50f0 e3a070ee ef000000 e8bd50f0  .P-..p.......P..
I/DEBUG   (   77): 400396c0 e1b00000 512fff1e ea00adb5 f5d0f000  ....../Q........
I/DEBUG   (   77): 
I/DEBUG   (   77): code around lr:
I/DEBUG   (   77): 40045014 b083b500 17db9300 f7f39301 b003ea4c  ............L...
I/DEBUG   (   77): 40045024 46c0bd00 1c04b510 e8a6f7f3 f7f41c21  ...F........!...
I/DEBUG   (   77): 40045034 bd10eb30 1c02b510 48034902 f7f42300  0........I.H.#..
I/DEBUG   (   77): 40045044 bd10e93e 28121969 fee1dead b082b510  >...i..(........
I/DEBUG   (   77): 40045054 94002400 f7f39401 b002efe4 46c0bd10  .$.............F
I/DEBUG   (   77): 
I/DEBUG   (   77): stack:
I/DEBUG   (   77):     100ff9d4  00000004  
I/DEBUG   (   77):     100ff9d8  400291cd  /system/lib/liblog.so
I/DEBUG   (   77):     100ff9dc  40021c70  /system/lib/libsurfaceflinger.so
I/DEBUG   (   77):     100ff9e0  100ff9f8  
I/DEBUG   (   77):     100ff9e4  100ffa2c  
I/DEBUG   (   77):     100ff9e8  00000000  
I/DEBUG   (   77):     100ff9ec  40029547  /system/lib/liblog.so
I/DEBUG   (   77):     100ff9f0  00000000  
I/DEBUG   (   77):     100ff9f4  00000004  
I/DEBUG   (   77):     100ff9f8  100ff9f4  
I/DEBUG   (   77):     100ff9fc  00000001  
I/DEBUG   (   77):     100ffa00  40021c70  /system/lib/libsurfaceflinger.so
I/DEBUG   (   77):     100ffa04  0000000f  
I/DEBUG   (   77):     100ffa08  100ffa2c  
I/DEBUG   (   77):     100ffa0c  00000048  
I/DEBUG   (   77):     100ffa10  30000000  
I/DEBUG   (   77): #01 100ffa14  00000008  
I/DEBUG   (   77):     100ffa18  00000000  
I/DEBUG   (   77):     100ffa1c  00000000  
I/DEBUG   (   77):     100ffa20  00038d7e  
I/DEBUG   (   77):     100ffa24  40045029  /system/lib/libc.so
I/DEBUG   (   77):     100ffa28  40045037  /system/lib/libc.so
I/DEBUG   (   77):     100ffa2c  00038d7e  
I/DEBUG   (   77):     100ffa30  4003b608  /system/lib/libc.so
I/DEBUG   (   77):     100ffa34  00000000  
I/DEBUG   (   77):     100ffa38  4003a3e4  /system/lib/libc.so
I/DEBUG   (   77):     100ffa3c  4003a3f4  /system/lib/libc.so
I/DEBUG   (   77):     100ffa40  00000000  
I/DEBUG   (   77):     100ffa44  00038d7e  
I/DEBUG   (   77):     100ffa48  00000000  
I/DEBUG   (   77):     100ffa4c  4003d180  /system/lib/libc.so
I/DEBUG   (   77):     100ffa50  a4c68000  
I/DEBUG   (   77):     100ffa54  00038d7e  
I/DEBUG   (   77):     100ffa58  00000000  
I/DEBUG   (   77): *** *** *** *** *** *** *** *** *** *** *** *** *** *** *** ***
I/DEBUG   (   77): Build fingerprint: 'htc_europe/htc_golfu/golfu:4.0.3/IML74K/62541.1:user/release-keys'
I/DEBUG   (   77): pid: 2205, tid: 2205  >>> /system/bin/drmserver <<<
I/DEBUG   (   77): signal 11 (SIGSEGV), code 1 (SEGV_MAPERR), fault addr 00000004
I/DEBUG   (   77):  r0 fffff41c  r1 00000032  r2 40c3993b  r3 40c39939
I/DEBUG   (   77):  r4 40dbf050  r5 00000030  r6 00000004  r7 20000000
I/DEBUG   (   77):  r8 00000000  r9 00000000  10 00000000  fp 00000000
I/DEBUG   (   77):  ip 00000000  sp bec10338  lr 40c39943  pc b0003c56  cpsr 00000030
I/DEBUG   (   77):  d0  0000000000000000  d1  0000000000000000
I/DEBUG   (   77):  d2  0000000000000000  d3  0000000000000000
I/DEBUG   (   77):  d4  0000000000000000  d5  0000000000000000
I/DEBUG   (   77):  d6  0000000000000000  d7  0000000000000000
I/DEBUG   (   77):  d8  0000000000000000  d9  0000000000000000
I/DEBUG   (   77):  d10 0000000000000000  d11 0000000000000000
I/DEBUG   (   77):  d12 0000000000000000  d13 0000000000000000
I/DEBUG   (   77):  d14 0000000000000000  d15 0000000000000000
I/DEBUG   (   77):  scr 00000000
I/DEBUG   (   77): 
I/DEBUG   (   77):          #00  pc b0003c56  /system/bin/linker
I/DEBUG   (   77):          #01  pc 000c0940  /system/lib/libWVStreamControlAPI_L3.so
I/DEBUG   (   77): 
I/DEBUG   (   77): code around pc:
I/DEBUG   (   77): b0003c34 000064bc 0000f1aa 0000591e 1c04b5f0  .d.......Y......
I/DEBUG   (   77): b0003c44 1c2630b0 b0836803 1c1736ac 93011c22  .0&..h...6.."...
I/DEBUG   (   77): b0003c54 683532b4 95001c08 f7fd6811 1c20ef20  .25h.....h.. . .
I/DEBUG   (   77): b0003c64 1c2530bc 35c06803 58ce0089 9b01e016  .0%..h.5...X....
I/DEBUG   (   77): b0003c74 191c0134 68219a00 1c391850 ecc2f7fd  4.....!hP.9.....
I/DEBUG   (   77): 
I/DEBUG   (   77): code around lr:
I/DEBUG   (   77): 40c39920 20004788 bdd0b004 105e6a01 19886a63  .G. .....j^.cj..
I/DEBUG   (   77): 40c39930 58d1598a bf00e7ec 4c15b570 447c4815  .Y.X....p..L.H|D
I/DEBUG   (   77): 40c39940 e054f8df 58264d15 200ef854 32084630  ..T..M&XT.. 0F.2
I/DEBUG   (   77): 40c39950 2b04f840 ffb0f095 c044f8df 21004a11  @..+......D..J.!
I/DEBUG   (   77): 40c39960 46306131 f8545961 58a5300c 60333308  1a0FaYT..0.X.33`
I/DEBUG   (   77): 
I/DEBUG   (   77): stack:
I/DEBUG   (   77):     bec102f8  000000f0  
I/DEBUG   (   77):     bec102fc  bec103e4  [stack]
I/DEBUG   (   77):     bec10300  b000a4d8  
I/DEBUG   (   77):     bec10304  b000d958  
I/DEBUG   (   77):     bec10308  40bfd954  /system/lib/libWVStreamControlAPI_L3.so
I/DEBUG   (   77):     bec1030c  07902248  
I/DEBUG   (   77):     bec10310  b00094f0  /system/bin/linker
I/DEBUG   (   77):     bec10314  b000a078  
I/DEBUG   (   77):     bec10318  00001f04  
I/DEBUG   (   77):     bec1031c  00003e33  
I/DEBUG   (   77):     bec10320  b00094fc  /system/bin/linker
I/DEBUG   (   77):     bec10324  b0012da4  
I/DEBUG   (   77):     bec10328  b000d958  
I/DEBUG   (   77):     bec1032c  00000000  
I/DEBUG   (   77):     bec10330  df0027ad  
I/DEBUG   (   77):     bec10334  00000000  
I/DEBUG   (   77): #01 bec10338  40db200c  /system/lib/libWVStreamControlAPI_L3.so
I/DEBUG   (   77):     bec1033c  00000030  
I/DEBUG   (   77):     bec10340  00000004  
I/DEBUG   (   77):     bec10344  b0003a99  /system/bin/linker
I/DEBUG   (   77):     bec10348  b000da3c  
I/DEBUG   (   77):     bec1034c  b000da38  
I/DEBUG   (   77):     bec10350  b000990c  /system/bin/linker
I/DEBUG   (   77):     bec10354  b00046eb  /system/bin/linker
I/DEBUG   (   77):     bec10358  b000d958  
I/DEBUG   (   77):     bec1035c  b000d958  
I/DEBUG   (   77):     bec10360  b000d9fc  
I/DEBUG   (   77):     bec10364  40b6dba4  /system/lib/libwvdrm_L3.so
I/DEBUG   (   77):     bec10368  00000000  
I/DEBUG   (   77):     bec1036c  ffffffff  
I/DEBUG   (   77):     bec10370  40db2000  /system/lib/libWVStreamControlAPI_L3.so
I/DEBUG   (   77):     bec10374  b0012fa8  
I/DEBUG   (   77):     bec10378  ffffffff  
I/DEBUG   (   77):     bec1037c  b000d9e4  
I/Netd    ( 2230): Netd 1.0 starting
I/        ( 2233): ServiceManager: 0x18910
D/AndroidRuntime( 2232): 
D/AndroidRuntime( 2232): >>>>>> AndroidRuntime START com.android.internal.os.ZygoteInit <<<<<<
D/AndroidRuntime( 2232): CheckJNI is OFF
E/dalvikvm( 2232): Bad heap size parameters (start=4194304, max=20971520, limit=33554432)
W/dalvikvm( 2232): CreateJavaVM failed: dvmGcStartup failed
E/AndroidRuntime( 2232): JNI_CreateJavaVM failed
I/ServiceManager(   74): service 'media.audio_flinger' died
I/ServiceManager(   74): service 'media.player' died
I/ServiceManager(   74): service 'media.camera' died
I/ServiceManager(   74): service 'media.audio_policy' died
I/SurfaceFlinger( 2231): SurfaceFlinger is starting
I/SurfaceFlinger( 2231): SurfaceFlinger's main thread ready to run. Initializing graphics H/W...
F/libc    ( 2231): Fatal signal 8 (SIGFPE) at 0x000008b7 (code=0)
F/libc    ( 2233): Fatal signal 11 (SIGSEGV) at 0x00000004 (code=1)
I/DEBUG   (   77): *** *** *** *** *** *** *** *** *** *** *** *** *** *** *** ***
I/DEBUG   (   77): Build fingerprint: 'htc_europe/htc_golfu/golfu:4.0.3/IML74K/62541.1:user/release-keys'
I/DEBUG   (   77): pid: 2231, tid: 2251  >>> /system/bin/surfaceflinger <<<
I/DEBUG   (   77): signal 8 (SIGFPE), code 0 (?), fault addr 000008b7
I/DEBUG   (   77):  r0 00000000  r1 00000008  r2 ffffffff  r3 00000020
I/DEBUG   (   77):  r4 00000008  r5 00000000  r6 00000000  r7 00000025
I/DEBUG   (   77):  r8 00000000  r9 400de695  10 a4c68000  fp 0000fc00
I/DEBUG   (   77):  ip 40045029  sp 100ffa14  lr 40045037  pc 400396a0  cpsr 00000010
I/DEBUG   (   77):  d0  0000000000000000  d1  0000000000000000
I/DEBUG   (   77):  d2  0000000000000000  d3  0000000000000000
I/DEBUG   (   77):  d4  0000000000000000  d5  0000000000000000
I/DEBUG   (   77):  d6  0000000000000000  d7  0000000000000000
I/DEBUG   (   77):  d8  0000000000000000  d9  0000000000000000
I/DEBUG   (   77):  d10 0000000000000000  d11 0000000000000000
I/DEBUG   (   77):  d12 0000000000000000  d13 0000000000000000
I/DEBUG   (   77):  d14 0000000000000000  d15 0000000000000000
I/DEBUG   (   77):  scr 00000000
I/DEBUG   (   77): 
I/DEBUG   (   77):          #00  pc 0000d6a0  /system/lib/libc.so (kill)
I/DEBUG   (   77):          #01  pc 00019034  /system/lib/libc.so (raise)
I/DEBUG   (   77): 
I/DEBUG   (   77): code around pc:
I/DEBUG   (   77): 40039680 e2601000 e0100001 116f0f10 12600020  ..`.......o. .`.
I/DEBUG   (   77): 40039690 e12fff1e e92d50f0 e3a07025 ef000000  ../..P-.%p......
I/DEBUG   (   77): 400396a0 e8bd50f0 e1b00000 512fff1e ea00adbc  .P......../Q....
I/DEBUG   (   77): 400396b0 e92d50f0 e3a070ee ef000000 e8bd50f0  .P-..p.......P..
I/DEBUG   (   77): 400396c0 e1b00000 512fff1e ea00adb5 f5d0f000  ....../Q........
I/DEBUG   (   77): 
I/DEBUG   (   77): code around lr:
I/DEBUG   (   77): 40045014 b083b500 17db9300 f7f39301 b003ea4c  ............L...
I/DEBUG   (   77): 40045024 46c0bd00 1c04b510 e8a6f7f3 f7f41c21  ...F........!...
I/DEBUG   (   77): 40045034 bd10eb30 1c02b510 48034902 f7f42300  0........I.H.#..
I/DEBUG   (   77): 40045044 bd10e93e 28121969 fee1dead b082b510  >...i..(........
I/DEBUG   (   77): 40045054 94002400 f7f39401 b002efe4 46c0bd10  .$.............F
I/DEBUG   (   77): 
I/DEBUG   (   77): stack:
I/DEBUG   (   77):     100ff9d4  00000004  
I/DEBUG   (   77):     100ff9d8  400291cd  /system/lib/liblog.so
I/DEBUG   (   77):     100ff9dc  40021c70  /system/lib/libsurfaceflinger.so
I/DEBUG   (   77):     100ff9e0  100ff9f8  
I/DEBUG   (   77):     100ff9e4  100ffa2c  
I/DEBUG   (   77):     100ff9e8  00000000  
I/DEBUG   (   77):     100ff9ec  40029547  /system/lib/liblog.so
I/DEBUG   (   77):     100ff9f0  00000000  
I/DEBUG   (   77):     100ff9f4  00000004  
I/DEBUG   (   77):     100ff9f8  100ff9f4  
I/DEBUG   (   77):     100ff9fc  00000001  
I/DEBUG   (   77):     100ffa00  40021c70  /system/lib/libsurfaceflinger.so
I/DEBUG   (   77):     100ffa04  0000000f  
I/DEBUG   (   77):     100ffa08  100ffa2c  
I/DEBUG   (   77):     100ffa0c  00000048  
I/DEBUG   (   77):     100ffa10  30000000  
I/DEBUG   (   77): #01 100ffa14  00000008  
I/DEBUG   (   77):     100ffa18  00000000  
I/DEBUG   (   77):     100ffa1c  00000000  
I/DEBUG   (   77):     100ffa20  00038d7e  
I/DEBUG   (   77):     100ffa24  40045029  /system/lib/libc.so
I/DEBUG   (   77):     100ffa28  40045037  /system/lib/libc.so
I/DEBUG   (   77):     100ffa2c  00038d7e  
I/DEBUG   (   77):     100ffa30  4003b608  /system/lib/libc.so
I/DEBUG   (   77):     100ffa34  00000000  
I/DEBUG   (   77):     100ffa38  4003a3e4  /system/lib/libc.so
I/DEBUG   (   77):     100ffa3c  4003a3f4  /system/lib/libc.so
I/DEBUG   (   77):     100ffa40  00000000  
I/DEBUG   (   77):     100ffa44  00038d7e  
I/DEBUG   (   77):     100ffa48  00000000  
I/DEBUG   (   77):     100ffa4c  4003d180  /system/lib/libc.so
I/DEBUG   (   77):     100ffa50  a4c68000  
I/DEBUG   (   77):     100ffa54  00038d7e  
I/DEBUG   (   77):     100ffa58  00000000  
I/DEBUG   (   77): *** *** *** *** *** *** *** *** *** *** *** *** *** *** *** ***
I/DEBUG   (   77): Build fingerprint: 'htc_europe/htc_golfu/golfu:4.0.3/IML74K/62541.1:user/release-keys'
I/DEBUG   (   77): pid: 2233, tid: 2233  >>> /system/bin/drmserver <<<
I/DEBUG   (   77): signal 11 (SIGSEGV), code 1 (SEGV_MAPERR), fault addr 00000004
I/DEBUG   (   77):  r0 fffff41c  r1 00000032  r2 40c3993b  r3 40c39939
I/DEBUG   (   77):  r4 40dbf050  r5 00000030  r6 00000004  r7 20000000
I/DEBUG   (   77):  r8 00000000  r9 00000000  10 00000000  fp 00000000
I/DEBUG   (   77):  ip 00000000  sp bea98338  lr 40c39943  pc b0003c56  cpsr 00000030
I/DEBUG   (   77):  d0  0000000000000000  d1  0000000000000000
I/DEBUG   (   77):  d2  0000000000000000  d3  0000000000000000
I/DEBUG   (   77):  d4  0000000000000000  d5  0000000000000000
I/DEBUG   (   77):  d6  0000000000000000  d7  0000000000000000
I/DEBUG   (   77):  d8  0000000000000000  d9  0000000000000000
I/DEBUG   (   77):  d10 0000000000000000  d11 0000000000000000
I/DEBUG   (   77):  d12 0000000000000000  d13 0000000000000000
I/DEBUG   (   77):  d14 0000000000000000  d15 0000000000000000
I/DEBUG   (   77):  scr 00000000
I/DEBUG   (   77): 
I/DEBUG   (   77):          #00  pc b0003c56  /system/bin/linker
I/DEBUG   (   77):          #01  pc 000c0940  /system/lib/libWVStreamControlAPI_L3.so
I/DEBUG   (   77): 
I/DEBUG   (   77): code around pc:
I/DEBUG   (   77): b0003c34 000064bc 0000f1aa 0000591e 1c04b5f0  .d.......Y......
I/DEBUG   (   77): b0003c44 1c2630b0 b0836803 1c1736ac 93011c22  .0&..h...6.."...
I/DEBUG   (   77): b0003c54 683532b4 95001c08 f7fd6811 1c20ef20  .25h.....h.. . .
I/DEBUG   (   77): b0003c64 1c2530bc 35c06803 58ce0089 9b01e016  .0%..h.5...X....
I/DEBUG   (   77): b0003c74 191c0134 68219a00 1c391850 ecc2f7fd  4.....!hP.9.....
I/DEBUG   (   77): 
I/DEBUG   (   77): code around lr:
I/DEBUG   (   77): 40c39920 20004788 bdd0b004 105e6a01 19886a63  .G. .....j^.cj..
I/DEBUG   (   77): 40c39930 58d1598a bf00e7ec 4c15b570 447c4815  .Y.X....p..L.H|D
I/DEBUG   (   77): 40c39940 e054f8df 58264d15 200ef854 32084630  ..T..M&XT.. 0F.2
I/DEBUG   (   77): 40c39950 2b04f840 ffb0f095 c044f8df 21004a11  @..+......D..J.!
I/DEBUG   (   77): 40c39960 46306131 f8545961 58a5300c 60333308  1a0FaYT..0.X.33`
I/DEBUG   (   77): 
I/DEBUG   (   77): stack:
I/DEBUG   (   77):     bea982f8  000000f0  
I/DEBUG   (   77):     bea982fc  bea983e4  [stack]
I/DEBUG   (   77):     bea98300  b000a4d8  
I/DEBUG   (   77):     bea98304  b000d958  
I/DEBUG   (   77):     bea98308  40bfd954  /system/lib/libWVStreamControlAPI_L3.so
I/DEBUG   (   77):     bea9830c  07902248  
I/DEBUG   (   77):     bea98310  b00094f0  /system/bin/linker
I/DEBUG   (   77):     bea98314  b000a078  
I/DEBUG   (   77):     bea98318  00001f04  
I/DEBUG   (   77):     bea9831c  00003e33  
I/DEBUG   (   77):     bea98320  b00094fc  /system/bin/linker
I/DEBUG   (   77):     bea98324  b0012da4  
I/DEBUG   (   77):     bea98328  b000d958  
I/DEBUG   (   77):     bea9832c  00000000  
I/DEBUG   (   77):     bea98330  df0027ad  
I/DEBUG   (   77):     bea98334  00000000  
I/DEBUG   (   77): #01 bea98338  40db200c  /system/lib/libWVStreamControlAPI_L3.so
I/DEBUG   (   77):     bea9833c  00000030  
I/DEBUG   (   77):     bea98340  00000004  
I/DEBUG   (   77):     bea98344  b0003a99  /system/bin/linker
I/DEBUG   (   77):     bea98348  b000da3c  
I/DEBUG   (   77):     bea9834c  b000da38  
I/DEBUG   (   77):     bea98350  b000990c  /system/bin/linker
I/DEBUG   (   77):     bea98354  b00046eb  /system/bin/linker
I/DEBUG   (   77):     bea98358  b000d958  
I/DEBUG   (   77):     bea9835c  b000d958  
I/DEBUG   (   77):     bea98360  b000d9fc  
I/DEBUG   (   77):     bea98364  40b6dba4  /system/lib/libwvdrm_L3.so
I/DEBUG   (   77):     bea98368  00000000  
I/DEBUG   (   77):     bea9836c  ffffffff  
I/DEBUG   (   77):     bea98370  40db2000  /system/lib/libWVStreamControlAPI_L3.so
I/DEBUG   (   77):     bea98374  b0012fa8  
I/DEBUG   (   77):     bea98378  ffffffff  
I/DEBUG   (   77):     bea9837c  b000d9e4  
I/        ( 2253): ServiceManager: 0xf958
I/HTC Acoustic( 2253): libhtc_acoustic.so version 2.0.0.6.
I/HTC Acoustic( 2253): deonvvv gingerbread test.
I/HTC Acoustic( 2253): open /system/etc/AudioPara4_WB.csv success.
I/HTC Acoustic( 2253): acoustic table version: GOFU-WB_20120503
I/HTC Acoustic( 2253): read_audio_para_from_file success.
E/HTC Acoustic( 2253): Fail to open /system/etc/AudioPara_VODA-Spain.csv -1.
I/HTC Acoustic( 2253): open /system/etc/AudioPara4.csv success.
I/HTC Acoustic( 2253): acoustic table version: GOFU_20120427
I/HTC Acoustic( 2253): read_audio_para_from_file success.
I/HTC Acoustic( 2253): get_audpp_filter
I/HTC Acoustic( 2253): open /system/etc/AudioFilter.csv success.
I/HTC Acoustic( 2253): MBADRC Filter MBADRC FLAG = ffff.
E/HTC Acoustic( 2253): set mbadrc filter error.
I/HTC Acoustic( 2253): failed to set audpp parameters, exiting.
I/HTC Acoustic( 2253): get_audpre_filter
I/HTC Acoustic( 2253): open /system/etc/AudioPreProcess.csv success.
D/AudioHardwareMSM72XX( 2253): mNumSndEndpoints = 183
V/AudioHardwareMSM72XX( 2253): constructed 183 SND endpoints)
D/AudioHardwareMSM72XX( 2253): BT MATCH HANDSET
D/AudioHardwareMSM72XX( 2253): BT MATCH SPEAKER
D/AudioHardwareMSM72XX( 2253): BT MATCH HEADSET
D/AudioHardwareMSM72XX( 2253): BT MATCH BT
D/AudioHardwareMSM72XX( 2253): BT MATCH CARKIT
D/AudioHardwareMSM72XX( 2253): BT MATCH TTY_FULL
D/AudioHardwareMSM72XX( 2253): BT MATCH TTY_VCO
D/AudioHardwareMSM72XX( 2253): BT MATCH TTY_HCO
D/AudioHardwareMSM72XX( 2253): BT MATCH NO_MIC_HEADSET
D/AudioHardwareMSM72XX( 2253): BT MATCH FM_HEADSET
D/AudioHardwareMSM72XX( 2253): BT MATCH HEADSET_AND_SPEAKER
D/AudioHardwareMSM72XX( 2253): BT MATCH FM_SPEAKER
D/AudioHardwareMSM72XX( 2253): BT MATCH BT_EC_OFF
D/AudioHardwareMSM72XX( 2253): BT MATCH BT_EC_OFF
D/AudioHardwareMSM72XX( 2253): BT MATCH CURRENT
I/AudioFlinger( 2253): Loaded primary audio interface from LEGACY Audio HW HAL (audio)
I/AudioFlinger( 2253): Using 'LEGACY Audio HW HAL' (audio.primary) as the primary audio interface
I/AudioFlinger( 2253): Loaded a2dp audio interface from A2DP Audio HW HAL (audio)
D/AudioHardwareInterface( 2253): setMode(NORMAL)
I/AudioHardwareMSM72XX( 2253): Set master volume to 5.
I/CameraService( 2253): CameraService started (pid=2253)
E/HAL     ( 2253): load: module=/system/lib/hw/camera.marvel.so
E/HAL     ( 2253): Cannot load library: link_image[1965]:  2253 could not load needed library 'libcamera.so' for 'camera.marvel.so' (reloc_library[1314]:  2253 cannot locate '_debug_pthread_create'...
E/HAL     ( 2253): )
E/CameraService( 2253): Could not load camera HAL module
I/AudioFlinger( 2253): AudioFlinger's thread 0x18698 ready to run
W/AudioFlinger( 2253): Thread AudioOut_1 cannot connect to the power manager service
V/AudioHardwareMSM72XX( 2253): AudioStreamOutMSM72xx::setParameters() routing=2
V/AudioHardwareMSM72XX( 2253): set output routing 2
I/AudioHardwareMSM72XX( 2253): Routing audio to Speakerphone
V/AudioHardwareMSM72XX( 2253): doAudioRouteOrMute() device 1, mMode 0, mMicMute 1
D/AudioHardwareMSM72XX( 2253): setVoiceVolume(1.000000)
I/AudioHardwareMSM72XX( 2253): Setting in-call volume to 5 (available range is 0 to 5)
I/AudioPolicyService( 2253): Loaded audio policy from LEGACY Audio Policy HAL (audio_policy)
I/Netd    ( 2258): Netd 1.0 starting
I/        ( 2261): ServiceManager: 0x18910
D/AndroidRuntime( 2260): 
D/AndroidRuntime( 2260): >>>>>> AndroidRuntime START com.android.internal.os.ZygoteInit <<<<<<
D/AndroidRuntime( 2260): CheckJNI is OFF
E/dalvikvm( 2260): Bad heap size parameters (start=4194304, max=20971520, limit=33554432)
W/dalvikvm( 2260): CreateJavaVM failed: dvmGcStartup failed
E/AndroidRuntime( 2260): JNI_CreateJavaVM failed
I/ServiceManager(   74): service 'media.audio_flinger' died
I/ServiceManager(   74): service 'media.player' died
I/ServiceManager(   74): service 'media.camera' died
I/ServiceManager(   74): service 'media.audio_policy' died
I/SurfaceFlinger( 2259): SurfaceFlinger is starting
I/SurfaceFlinger( 2259): SurfaceFlinger's main thread ready to run. Initializing graphics H/W...
F/libc    ( 2259): Fatal signal 8 (SIGFPE) at 0x000008d3 (code=0)
F/libc    ( 2261): Fatal signal 11 (SIGSEGV) at 0x00000004 (code=1)
I/        ( 2279): ServiceManager: 0xf958
I/HTC Acoustic( 2279): libhtc_acoustic.so version 2.0.0.6.
I/HTC Acoustic( 2279): deonvvv gingerbread test.
I/HTC Acoustic( 2279): open /system/etc/AudioPara4_WB.csv success.
I/HTC Acoustic( 2279): acoustic table version: GOFU-WB_20120503
I/HTC Acoustic( 2279): read_audio_para_from_file success.
E/HTC Acoustic( 2279): Fail to open /system/etc/AudioPara_VODA-Spain.csv -1.
I/HTC Acoustic( 2279): open /system/etc/AudioPara4.csv success.
I/HTC Acoustic( 2279): acoustic table version: GOFU_20120427
I/HTC Acoustic( 2279): read_audio_para_from_file success.
I/HTC Acoustic( 2279): get_audpp_filter
