I/DEBUG   (   77): b0003c54 683532b4 95001c08 f7fd6811 1c20ef20  .25h.....h.. . .
I/DEBUG   (   77): b0003c64 1c2530bc 35c06803 58ce0089 9b01e016  .0%..h.5...X....
I/DEBUG   (   77): b0003c74 191c0134 68219a00 1c391850 ecc2f7fd  4.....!hP.9.....
I/DEBUG   (   77): 
I/DEBUG   (   77): code around lr:
I/DEBUG   (   77): 40c39920 20004788 bdd0b004 105e6a01 19886a63  .G. .....j^.cj..
I/DEBUG   (   77): 40c39930 58d1598a bf00e7ec 4c15b570 447c4815  .Y.X....p..L.H|D
I/DEBUG   (   77): 40c39940 e054f8df 58264d15 200ef854 32084630  ..T..M&XT.. 0F.2
I/DEBUG   (   77): 40c39950 2b04f840 ffb0f095 c044f8df 21004a11  @..+......D..J.!
I/DEBUG   (   77): 40c39960 46306131 f8545961 58a5300c 60333308  1a0FaYT..0.X.33`
I/DEBUG   (   77): 
I/DEBUG   (   77): stack:
I/DEBUG   (   77):     beb132f8  000000f0  
I/DEBUG   (   77):     beb132fc  beb133e4  [stack]
I/DEBUG   (   77):     beb13300  b000a4d8  
I/DEBUG   (   77):     beb13304  b000d958  
I/DEBUG   (   77):     beb13308  40bfd954  /system/lib/libWVStreamControlAPI_L3.so
I/DEBUG   (   77):     beb1330c  07902248  
I/DEBUG   (   77):     beb13310  b00094f0  /system/bin/linker
I/DEBUG   (   77):     beb13314  b000a078  
I/DEBUG   (   77):     beb13318  00001f04  
I/DEBUG   (   77):     beb1331c  00003e33  
I/DEBUG   (   77):     beb13320  b00094fc  /system/bin/linker
I/DEBUG   (   77):     beb13324  b0012da4  
I/DEBUG   (   77):     beb13328  b000d958  
I/DEBUG   (   77):     beb1332c  00000000  
I/DEBUG   (   77):     beb13330  df0027ad  
I/DEBUG   (   77):     beb13334  00000000  
I/DEBUG   (   77): #01 beb13338  40db200c  /system/lib/libWVStreamControlAPI_L3.so
I/DEBUG   (   77):     beb1333c  00000030  
I/DEBUG   (   77):     beb13340  00000004  
I/DEBUG   (   77):     beb13344  b0003a99  /system/bin/linker
I/DEBUG   (   77):     beb13348  b000da3c  
I/DEBUG   (   77):     beb1334c  b000da38  
I/DEBUG   (   77):     beb13350  b000990c  /system/bin/linker
I/DEBUG   (   77):     beb13354  b00046eb  /system/bin/linker
I/DEBUG   (   77):     beb13358  b000d958  
I/DEBUG   (   77):     beb1335c  b000d958  
I/DEBUG   (   77):     beb13360  b000d9fc  
I/DEBUG   (   77):     beb13364  40b6dba4  /system/lib/libwvdrm_L3.so
I/DEBUG   (   77):     beb13368  00000000  
I/DEBUG   (   77):     beb1336c  ffffffff  
I/DEBUG   (   77):     beb13370  40db2000  /system/lib/libWVStreamControlAPI_L3.so
I/DEBUG   (   77):     beb13374  b0012fa8  
I/DEBUG   (   77):     beb13378  ffffffff  
I/DEBUG   (   77):     beb1337c  b000d9e4  
I/DEBUG   (   77): *** *** *** *** *** *** *** *** *** *** *** *** *** *** *** ***
I/DEBUG   (   77): Build fingerprint: 'htc_europe/htc_golfu/golfu:4.0.3/IML74K/62541.1:user/release-keys'
I/DEBUG   (   77): pid: 2931, tid: 2952  >>> /system/bin/surfaceflinger <<<
I/DEBUG   (   77): signal 8 (SIGFPE), code 0 (?), fault addr 00000b73
I/DEBUG   (   77):  r0 00000000  r1 00000008  r2 ffffffff  r3 00000020
I/DEBUG   (   77):  r4 00000008  r5 00000000  r6 00000000  r7 00000025
I/DEBUG   (   77):  r8 00000000  r9 400de695  10 a4c68000  fp 0000fc00
I/DEBUG   (   77):  ip 40045029  sp 100ffa14  lr 40045037  pc 400396a0  cpsr 00000010
I/DEBUG   (   77):  d0  0000000000000000  d1  0000000000000000
I/DEBUG   (   77):  d2  0000000000000000  d3  0000000000000000
I/DEBUG   (   77):  d4  0000000000000000  d5  0000000000000000
I/DEBUG   (   77):  d6  0000000000000000  d7  0000000000000000
I/DEBUG   (   77):  d8  0000000000000000  d9  0000000000000000
I/DEBUG   (   77):  d10 0000000000000000  d11 0000000000000000
I/DEBUG   (   77):  d12 0000000000000000  d13 0000000000000000
I/DEBUG   (   77):  d14 0000000000000000  d15 0000000000000000
I/DEBUG   (   77):  scr 00000000
I/DEBUG   (   77): 
I/DEBUG   (   77):          #00  pc 0000d6a0  /system/lib/libc.so (kill)
I/DEBUG   (   77):          #01  pc 00019034  /system/lib/libc.so (raise)
I/DEBUG   (   77): 
I/DEBUG   (   77): code around pc:
I/DEBUG   (   77): 40039680 e2601000 e0100001 116f0f10 12600020  ..`.......o. .`.
I/DEBUG   (   77): 40039690 e12fff1e e92d50f0 e3a07025 ef000000  ../..P-.%p......
I/DEBUG   (   77): 400396a0 e8bd50f0 e1b00000 512fff1e ea00adbc  .P......../Q....
I/DEBUG   (   77): 400396b0 e92d50f0 e3a070ee ef000000 e8bd50f0  .P-..p.......P..
I/DEBUG   (   77): 400396c0 e1b00000 512fff1e ea00adb5 f5d0f000  ....../Q........
I/DEBUG   (   77): 
I/DEBUG   (   77): code around lr:
I/DEBUG   (   77): 40045014 b083b500 17db9300 f7f39301 b003ea4c  ............L...
I/DEBUG   (   77): 40045024 46c0bd00 1c04b510 e8a6f7f3 f7f41c21  ...F........!...
I/DEBUG   (   77): 40045034 bd10eb30 1c02b510 48034902 f7f42300  0........I.H.#..
I/DEBUG   (   77): 40045044 bd10e93e 28121969 fee1dead b082b510  >...i..(........
I/DEBUG   (   77): 40045054 94002400 f7f39401 b002efe4 46c0bd10  .$.............F
I/DEBUG   (   77): 
I/DEBUG   (   77): stack:
I/DEBUG   (   77):     100ff9d4  00000004  
I/DEBUG   (   77):     100ff9d8  400291cd  /system/lib/liblog.so
I/DEBUG   (   77):     100ff9dc  40021c70  /system/lib/libsurfaceflinger.so
I/DEBUG   (   77):     100ff9e0  100ff9f8  
I/DEBUG   (   77):     100ff9e4  100ffa2c  
I/DEBUG   (   77):     100ff9e8  00000000  
I/DEBUG   (   77):     100ff9ec  40029547  /system/lib/liblog.so
I/DEBUG   (   77):     100ff9f0  00000000  
I/DEBUG   (   77):     100ff9f4  00000004  
I/DEBUG   (   77):     100ff9f8  100ff9f4  
I/DEBUG   (   77):     100ff9fc  00000001  
I/DEBUG   (   77):     100ffa00  40021c70  /system/lib/libsurfaceflinger.so
I/DEBUG   (   77):     100ffa04  0000000f  
I/DEBUG   (   77):     100ffa08  100ffa2c  
I/DEBUG   (   77):     100ffa0c  00000048  
I/DEBUG   (   77):     100ffa10  30000000  
I/DEBUG   (   77): #01 100ffa14  00000008  
I/DEBUG   (   77):     100ffa18  00000000  
I/DEBUG   (   77):     100ffa1c  00000000  
I/DEBUG   (   77):     100ffa20  00038d7e  
I/DEBUG   (   77):     100ffa24  40045029  /system/lib/libc.so
I/DEBUG   (   77):     100ffa28  40045037  /system/lib/libc.so
I/DEBUG   (   77):     100ffa2c  00038d7e  
I/DEBUG   (   77):     100ffa30  4003b608  /system/lib/libc.so
I/DEBUG   (   77):     100ffa34  00000000  
I/DEBUG   (   77):     100ffa38  4003a3e4  /system/lib/libc.so
I/DEBUG   (   77):     100ffa3c  4003a3f4  /system/lib/libc.so
I/DEBUG   (   77):     100ffa40  00000000  
I/DEBUG   (   77):     100ffa44  00038d7e  
I/DEBUG   (   77):     100ffa48  00000000  
I/DEBUG   (   77):     100ffa4c  4003d180  /system/lib/libc.so
I/DEBUG   (   77):     100ffa50  a4c68000  
I/DEBUG   (   77):     100ffa54  00038d7e  
I/DEBUG   (   77):     100ffa58  00000000  
I/Netd    ( 2958): Netd 1.0 starting
I/        ( 2961): ServiceManager: 0x18910
D/AndroidRuntime( 2960): 
D/AndroidRuntime( 2960): >>>>>> AndroidRuntime START com.android.internal.os.ZygoteInit <<<<<<
D/AndroidRuntime( 2960): CheckJNI is OFF
E/dalvikvm( 2960): Bad heap size parameters (start=4194304, max=20971520, limit=33554432)
W/dalvikvm( 2960): CreateJavaVM failed: dvmGcStartup failed
E/AndroidRuntime( 2960): JNI_CreateJavaVM failed
I/ServiceManager(   74): service 'media.audio_flinger' died
I/ServiceManager(   74): service 'media.player' died
I/ServiceManager(   74): service 'media.camera' died
I/ServiceManager(   74): service 'media.audio_policy' died
I/SurfaceFlinger( 2959): SurfaceFlinger is starting
I/SurfaceFlinger( 2959): SurfaceFlinger's main thread ready to run. Initializing graphics H/W...
F/libc    ( 2959): Fatal signal 8 (SIGFPE) at 0x00000b8f (code=0)
F/libc    ( 2961): Fatal signal 11 (SIGSEGV) at 0x00000004 (code=1)
I/DEBUG   (   77): *** *** *** *** *** *** *** *** *** *** *** *** *** *** *** ***
I/DEBUG   (   77): Build fingerprint: 'htc_europe/htc_golfu/golfu:4.0.3/IML74K/62541.1:user/release-keys'
I/DEBUG   (   77): pid: 2959, tid: 2979  >>> /system/bin/surfaceflinger <<<
I/DEBUG   (   77): signal 8 (SIGFPE), code 0 (?), fault addr 00000b8f
I/DEBUG   (   77):  r0 00000000  r1 00000008  r2 ffffffff  r3 00000020
I/DEBUG   (   77):  r4 00000008  r5 00000000  r6 00000000  r7 00000025
I/DEBUG   (   77):  r8 00000000  r9 400de695  10 a4c68000  fp 0000fc00
I/DEBUG   (   77):  ip 40045029  sp 100ffa14  lr 40045037  pc 400396a0  cpsr 00000010
I/DEBUG   (   77):  d0  0000000000000000  d1  0000000000000000
I/DEBUG   (   77):  d2  0000000000000000  d3  0000000000000000
I/DEBUG   (   77):  d4  0000000000000000  d5  0000000000000000
I/DEBUG   (   77):  d6  0000000000000000  d7  0000000000000000
I/DEBUG   (   77):  d8  0000000000000000  d9  0000000000000000
I/DEBUG   (   77):  d10 0000000000000000  d11 0000000000000000
I/DEBUG   (   77):  d12 0000000000000000  d13 0000000000000000
I/DEBUG   (   77):  d14 0000000000000000  d15 0000000000000000
I/DEBUG   (   77):  scr 00000000
I/DEBUG   (   77): 
I/DEBUG   (   77):          #00  pc 0000d6a0  /system/lib/libc.so (kill)
I/DEBUG   (   77):          #01  pc 00019034  /system/lib/libc.so (raise)
I/DEBUG   (   77): 
I/DEBUG   (   77): code around pc:
I/DEBUG   (   77): 40039680 e2601000 e0100001 116f0f10 12600020  ..`.......o. .`.
I/DEBUG   (   77): 40039690 e12fff1e e92d50f0 e3a07025 ef000000  ../..P-.%p......
I/DEBUG   (   77): 400396a0 e8bd50f0 e1b00000 512fff1e ea00adbc  .P......../Q....
I/DEBUG   (   77): 400396b0 e92d50f0 e3a070ee ef000000 e8bd50f0  .P-..p.......P..
I/DEBUG   (   77): 400396c0 e1b00000 512fff1e ea00adb5 f5d0f000  ....../Q........
I/DEBUG   (   77): 
I/DEBUG   (   77): code around lr:
I/DEBUG   (   77): 40045014 b083b500 17db9300 f7f39301 b003ea4c  ............L...
I/DEBUG   (   77): 40045024 46c0bd00 1c04b510 e8a6f7f3 f7f41c21  ...F........!...
I/DEBUG   (   77): 40045034 bd10eb30 1c02b510 48034902 f7f42300  0........I.H.#..
I/DEBUG   (   77): 40045044 bd10e93e 28121969 fee1dead b082b510  >...i..(........
I/DEBUG   (   77): 40045054 94002400 f7f39401 b002efe4 46c0bd10  .$.............F
I/DEBUG   (   77): 
I/DEBUG   (   77): stack:
I/DEBUG   (   77):     100ff9d4  00000004  
I/DEBUG   (   77):     100ff9d8  400291cd  /system/lib/liblog.so
I/DEBUG   (   77):     100ff9dc  40021c70  /system/lib/libsurfaceflinger.so
I/DEBUG   (   77):     100ff9e0  100ff9f8  
I/DEBUG   (   77):     100ff9e4  100ffa2c  
I/DEBUG   (   77):     100ff9e8  00000000  
I/DEBUG   (   77):     100ff9ec  40029547  /system/lib/liblog.so
I/DEBUG   (   77):     100ff9f0  00000000  
I/DEBUG   (   77):     100ff9f4  00000004  
I/DEBUG   (   77):     100ff9f8  100ff9f4  
I/DEBUG   (   77):     100ff9fc  00000001  
I/DEBUG   (   77):     100ffa00  40021c70  /system/lib/libsurfaceflinger.so
I/DEBUG   (   77):     100ffa04  0000000f  
I/DEBUG   (   77):     100ffa08  100ffa2c  
I/DEBUG   (   77):     100ffa0c  00000048  
I/DEBUG   (   77):     100ffa10  30000000  
I/DEBUG   (   77): #01 100ffa14  00000008  
I/DEBUG   (   77):     100ffa18  00000000  
I/DEBUG   (   77):     100ffa1c  00000000  
I/DEBUG   (   77):     100ffa20  00038d7e  
I/DEBUG   (   77):     100ffa24  40045029  /system/lib/libc.so
I/DEBUG   (   77):     100ffa28  40045037  /system/lib/libc.so
I/DEBUG   (   77):     100ffa2c  00038d7e  
I/DEBUG   (   77):     100ffa30  4003b608  /system/lib/libc.so
I/DEBUG   (   77):     100ffa34  00000000  
I/DEBUG   (   77):     100ffa38  4003a3e4  /system/lib/libc.so
I/DEBUG   (   77):     100ffa3c  4003a3f4  /system/lib/libc.so
I/DEBUG   (   77):     100ffa40  00000000  
I/DEBUG   (   77):     100ffa44  00038d7e  
I/DEBUG   (   77):     100ffa48  00000000  
I/DEBUG   (   77):     100ffa4c  4003d180  /system/lib/libc.so
I/DEBUG   (   77):     100ffa50  a4c68000  
I/DEBUG   (   77):     100ffa54  00038d7e  
I/DEBUG   (   77):     100ffa58  00000000  
I/DEBUG   (   77): *** *** *** *** *** *** *** *** *** *** *** *** *** *** *** ***
I/DEBUG   (   77): Build fingerprint: 'htc_europe/htc_golfu/golfu:4.0.3/IML74K/62541.1:user/release-keys'
I/DEBUG   (   77): pid: 2961, tid: 2961  >>> /system/bin/drmserver <<<
I/DEBUG   (   77): signal 11 (SIGSEGV), code 1 (SEGV_MAPERR), fault addr 00000004
I/DEBUG   (   77):  r0 fffff41c  r1 00000032  r2 40c3993b  r3 40c39939
I/DEBUG   (   77):  r4 40dbf050  r5 00000030  r6 00000004  r7 20000000
I/DEBUG   (   77):  r8 00000000  r9 00000000  10 00000000  fp 00000000
I/DEBUG   (   77):  ip 00000000  sp beb4b338  lr 40c39943  pc b0003c56  cpsr 00000030
I/DEBUG   (   77):  d0  0000000000000000  d1  0000000000000000
I/DEBUG   (   77):  d2  0000000000000000  d3  0000000000000000
I/DEBUG   (   77):  d4  0000000000000000  d5  0000000000000000
I/DEBUG   (   77):  d6  0000000000000000  d7  0000000000000000
I/DEBUG   (   77):  d8  0000000000000000  d9  0000000000000000
I/DEBUG   (   77):  d10 0000000000000000  d11 0000000000000000
I/DEBUG   (   77):  d12 0000000000000000  d13 0000000000000000
I/DEBUG   (   77):  d14 0000000000000000  d15 0000000000000000
I/DEBUG   (   77):  scr 00000000
I/DEBUG   (   77): 
I/DEBUG   (   77):          #00  pc b0003c56  /system/bin/linker
I/DEBUG   (   77):          #01  pc 000c0940  /system/lib/libWVStreamControlAPI_L3.so
I/DEBUG   (   77): 
I/DEBUG   (   77): code around pc:
I/DEBUG   (   77): b0003c34 000064bc 0000f1aa 0000591e 1c04b5f0  .d.......Y......
I/DEBUG   (   77): b0003c44 1c2630b0 b0836803 1c1736ac 93011c22  .0&..h...6.."...
I/DEBUG   (   77): b0003c54 683532b4 95001c08 f7fd6811 1c20ef20  .25h.....h.. . .
I/DEBUG   (   77): b0003c64 1c2530bc 35c06803 58ce0089 9b01e016  .0%..h.5...X....
I/DEBUG   (   77): b0003c74 191c0134 68219a00 1c391850 ecc2f7fd  4.....!hP.9.....
I/DEBUG   (   77): 
I/DEBUG   (   77): code around lr:
I/DEBUG   (   77): 40c39920 20004788 bdd0b004 105e6a01 19886a63  .G. .....j^.cj..
I/DEBUG   (   77): 40c39930 58d1598a bf00e7ec 4c15b570 447c4815  .Y.X....p..L.H|D
I/DEBUG   (   77): 40c39940 e054f8df 58264d15 200ef854 32084630  ..T..M&XT.. 0F.2
I/DEBUG   (   77): 40c39950 2b04f840 ffb0f095 c044f8df 21004a11  @..+......D..J.!
I/DEBUG   (   77): 40c39960 46306131 f8545961 58a5300c 60333308  1a0FaYT..0.X.33`
I/DEBUG   (   77): 
I/DEBUG   (   77): stack:
I/DEBUG   (   77):     beb4b2f8  000000f0  
I/DEBUG   (   77):     beb4b2fc  beb4b3e4  [stack]
I/DEBUG   (   77):     beb4b300  b000a4d8  
I/DEBUG   (   77):     beb4b304  b000d958  
I/DEBUG   (   77):     beb4b308  40bfd954  /system/lib/libWVStreamControlAPI_L3.so
I/DEBUG   (   77):     beb4b30c  07902248  
I/DEBUG   (   77):     beb4b310  b00094f0  /system/bin/linker
I/DEBUG   (   77):     beb4b314  b000a078  
I/DEBUG   (   77):     beb4b318  00001f04  
I/DEBUG   (   77):     beb4b31c  00003e33  
I/DEBUG   (   77):     beb4b320  b00094fc  /system/bin/linker
I/DEBUG   (   77):     beb4b324  b0012da4  
I/DEBUG   (   77):     beb4b328  b000d958  
I/DEBUG   (   77):     beb4b32c  00000000  
I/DEBUG   (   77):     beb4b330  df0027ad  
I/DEBUG   (   77):     beb4b334  00000000  
I/DEBUG   (   77): #01 beb4b338  40db200c  /system/lib/libWVStreamControlAPI_L3.so
I/DEBUG   (   77):     beb4b33c  00000030  
I/DEBUG   (   77):     beb4b340  00000004  
I/DEBUG   (   77):     beb4b344  b0003a99  /system/bin/linker
I/DEBUG   (   77):     beb4b348  b000da3c  
I/DEBUG   (   77):     beb4b34c  b000da38  
I/DEBUG   (   77):     beb4b350  b000990c  /system/bin/linker
I/DEBUG   (   77):     beb4b354  b00046eb  /system/bin/linker
I/DEBUG   (   77):     beb4b358  b000d958  
I/DEBUG   (   77):     beb4b35c  b000d958  
I/DEBUG   (   77):     beb4b360  b000d9fc  
I/DEBUG   (   77):     beb4b364  40b6dba4  /system/lib/libwvdrm_L3.so
I/DEBUG   (   77):     beb4b368  00000000  
I/DEBUG   (   77):     beb4b36c  ffffffff  
I/DEBUG   (   77):     beb4b370  40db2000  /system/lib/libWVStreamControlAPI_L3.so
I/DEBUG   (   77):     beb4b374  b0012fa8  
I/DEBUG   (   77):     beb4b378  ffffffff  
I/DEBUG   (   77):     beb4b37c  b000d9e4  
I/        ( 2981): ServiceManager: 0xf958
I/HTC Acoustic( 2981): libhtc_acoustic.so version 2.0.0.6.
I/HTC Acoustic( 2981): deonvvv gingerbread test.
I/HTC Acoustic( 2981): open /system/etc/AudioPara4_WB.csv success.
I/HTC Acoustic( 2981): acoustic table version: GOFU-WB_20120503
I/HTC Acoustic( 2981): read_audio_para_from_file success.
E/HTC Acoustic( 2981): Fail to open /system/etc/AudioPara_VODA-Spain.csv -1.
I/HTC Acoustic( 2981): open /system/etc/AudioPara4.csv success.
I/HTC Acoustic( 2981): acoustic table version: GOFU_20120427
I/HTC Acoustic( 2981): read_audio_para_from_file success.
I/HTC Acoustic( 2981): get_audpp_filter
I/HTC Acoustic( 2981): open /system/etc/AudioFilter.csv success.
I/HTC Acoustic( 2981): MBADRC Filter MBADRC FLAG = ffff.
E/HTC Acoustic( 2981): set mbadrc filter error.
I/HTC Acoustic( 2981): failed to set audpp parameters, exiting.
I/HTC Acoustic( 2981): get_audpre_filter
I/HTC Acoustic( 2981): open /system/etc/AudioPreProcess.csv success.
D/AudioHardwareMSM72XX( 2981): mNumSndEndpoints = 183
V/AudioHardwareMSM72XX( 2981): constructed 183 SND endpoints)
D/AudioHardwareMSM72XX( 2981): BT MATCH HANDSET
D/AudioHardwareMSM72XX( 2981): BT MATCH SPEAKER
D/AudioHardwareMSM72XX( 2981): BT MATCH HEADSET
D/AudioHardwareMSM72XX( 2981): BT MATCH BT
D/AudioHardwareMSM72XX( 2981): BT MATCH CARKIT
D/AudioHardwareMSM72XX( 2981): BT MATCH TTY_FULL
D/AudioHardwareMSM72XX( 2981): BT MATCH TTY_VCO
D/AudioHardwareMSM72XX( 2981): BT MATCH TTY_HCO
D/AudioHardwareMSM72XX( 2981): BT MATCH NO_MIC_HEADSET
D/AudioHardwareMSM72XX( 2981): BT MATCH FM_HEADSET
D/AudioHardwareMSM72XX( 2981): BT MATCH HEADSET_AND_SPEAKER
D/AudioHardwareMSM72XX( 2981): BT MATCH FM_SPEAKER
D/AudioHardwareMSM72XX( 2981): BT MATCH BT_EC_OFF
D/AudioHardwareMSM72XX( 2981): BT MATCH BT_EC_OFF
D/AudioHardwareMSM72XX( 2981): BT MATCH CURRENT
I/AudioFlinger( 2981): Loaded primary audio interface from LEGACY Audio HW HAL (audio)
I/AudioFlinger( 2981): Using 'LEGACY Audio HW HAL' (audio.primary) as the primary audio interface
I/AudioFlinger( 2981): Loaded a2dp audio interface from A2DP Audio HW HAL (audio)
D/AudioHardwareInterface( 2981): setMode(NORMAL)
I/AudioHardwareMSM72XX( 2981): Set master volume to 5.
I/CameraService( 2981): CameraService started (pid=2981)
E/HAL     ( 2981): load: module=/system/lib/hw/camera.marvel.so
E/HAL     ( 2981): Cannot load library: link_image[1965]:  2981 could not load needed library 'libcamera.so' for 'camera.marvel.so' (reloc_library[1314]:  2981 cannot locate '_debug_pthread_create'...
E/HAL     ( 2981): )
E/CameraService( 2981): Could not load camera HAL module
I/AudioFlinger( 2981): AudioFlinger's thread 0x18698 ready to run
W/AudioFlinger( 2981): Thread AudioOut_1 cannot connect to the power manager service
V/AudioHardwareMSM72XX( 2981): AudioStreamOutMSM72xx::setParameters() routing=2
V/AudioHardwareMSM72XX( 2981): set output routing 2
I/AudioHardwareMSM72XX( 2981): Routing audio to Speakerphone
V/AudioHardwareMSM72XX( 2981): doAudioRouteOrMute() device 1, mMode 0, mMicMute 1
D/AudioHardwareMSM72XX( 2981): setVoiceVolume(1.000000)
I/AudioHardwareMSM72XX( 2981): Setting in-call volume to 5 (available range is 0 to 5)
I/AudioPolicyService( 2981): Loaded audio policy from LEGACY Audio Policy HAL (audio_policy)
I/Netd    ( 2986): Netd 1.0 starting
I/        ( 2989): ServiceManager: 0x18910
D/AndroidRuntime( 2988): 
D/AndroidRuntime( 2988): >>>>>> AndroidRuntime START com.android.internal.os.ZygoteInit <<<<<<
D/AndroidRuntime( 2988): CheckJNI is OFF
E/dalvikvm( 2988): Bad heap size parameters (start=4194304, max=20971520, limit=33554432)
W/dalvikvm( 2988): CreateJavaVM failed: dvmGcStartup failed
E/AndroidRuntime( 2988): JNI_CreateJavaVM failed
I/ServiceManager(   74): service 'media.audio_flinger' died
I/ServiceManager(   74): service 'media.player' died
I/ServiceManager(   74): service 'media.camera' died
I/ServiceManager(   74): service 'media.audio_policy' died
I/SurfaceFlinger( 2987): SurfaceFlinger is starting
I/SurfaceFlinger( 2987): SurfaceFlinger's main thread ready to run. Initializing graphics H/W...
F/libc    ( 2987): Fatal signal 8 (SIGFPE) at 0x00000bab (code=0)
F/libc    ( 2989): Fatal signal 11 (SIGSEGV) at 0x00000004 (code=1)
I/        ( 3007): ServiceManager: 0xf958
I/HTC Acoustic( 3007): libhtc_acoustic.so version 2.0.0.6.
I/HTC Acoustic( 3007): deonvvv gingerbread test.
I/HTC Acoustic( 3007): open /system/etc/AudioPara4_WB.csv success.
I/HTC Acoustic( 3007): acoustic table version: GOFU-WB_20120503
I/HTC Acoustic( 3007): read_audio_para_from_file success.
E/HTC Acoustic( 3007): Fail to open /system/etc/AudioPara_VODA-Spain.csv -1.
I/HTC Acoustic( 3007): open /system/etc/AudioPara4.csv success.
I/HTC Acoustic( 3007): acoustic table version: GOFU_20120427
I/HTC Acoustic( 3007): read_audio_para_from_file success.
I/HTC Acoustic( 3007): get_audpp_filter
I/HTC Acoustic( 3007): open /system/etc/AudioFilter.csv success.
I/HTC Acoustic( 3007): MBADRC Filter MBADRC FLAG = ffff.
E/HTC Acoustic( 3007): set mbadrc filter error.
I/HTC Acoustic( 3007): failed to set audpp parameters, exiting.
I/HTC Acoustic( 3007): get_audpre_filter
I/HTC Acoustic( 3007): open /system/etc/AudioPreProcess.csv success.
D/AudioHardwareMSM72XX( 3007): mNumSndEndpoints = 183
V/AudioHardwareMSM72XX( 3007): constructed 183 SND endpoints)
D/AudioHardwareMSM72XX( 3007): BT MATCH HANDSET
D/AudioHardwareMSM72XX( 3007): BT MATCH SPEAKER
D/AudioHardwareMSM72XX( 3007): BT MATCH HEADSET
D/AudioHardwareMSM72XX( 3007): BT MATCH BT
D/AudioHardwareMSM72XX( 3007): BT MATCH CARKIT
D/AudioHardwareMSM72XX( 3007): BT MATCH TTY_FULL
D/AudioHardwareMSM72XX( 3007): BT MATCH TTY_VCO
D/AudioHardwareMSM72XX( 3007): BT MATCH TTY_HCO
D/AudioHardwareMSM72XX( 3007): BT MATCH NO_MIC_HEADSET
D/AudioHardwareMSM72XX( 3007): BT MATCH FM_HEADSET
D/AudioHardwareMSM72XX( 3007): BT MATCH HEADSET_AND_SPEAKER
D/AudioHardwareMSM72XX( 3007): BT MATCH FM_SPEAKER
D/AudioHardwareMSM72XX( 3007): BT MATCH BT_EC_OFF
D/AudioHardwareMSM72XX( 3007): BT MATCH BT_EC_OFF
D/AudioHardwareMSM72XX( 3007): BT MATCH CURRENT
I/AudioFlinger( 3007): Loaded primary audio interface from LEGACY Audio HW HAL (audio)
I/AudioFlinger( 3007): Using 'LEGACY Audio HW HAL' (audio.primary) as the primary audio interface
I/AudioFlinger( 3007): Loaded a2dp audio interface from A2DP Audio HW HAL (audio)
D/AudioHardwareInterface( 3007): setMode(NORMAL)
I/AudioHardwareMSM72XX( 3007): Set master volume to 5.
I/CameraService( 3007): CameraService started (pid=3007)
E/HAL     ( 3007): load: module=/system/lib/hw/camera.marvel.so
E/HAL     ( 3007): Cannot load library: link_image[1965]:  3007 could not load needed library 'libcamera.so' for 'camera.marvel.so' (reloc_library[1314]:  3007 cannot locate '_debug_pthread_create'...
E/HAL     ( 3007): )
E/CameraService( 3007): Could not load camera HAL module
I/AudioFlinger( 3007): AudioFlinger's thread 0x18698 ready to run
W/AudioFlinger( 3007): Thread AudioOut_1 cannot connect to the power manager service
V/AudioHardwareMSM72XX( 3007): AudioStreamOutMSM72xx::setParameters() routing=2
V/AudioHardwareMSM72XX( 3007): set output routing 2
I/AudioHardwareMSM72XX( 3007): Routing audio to Speakerphone
V/AudioHardwareMSM72XX( 3007): doAudioRouteOrMute() device 1, mMode 0, mMicMute 1
D/AudioHardwareMSM72XX( 3007): setVoiceVolume(1.000000)
I/AudioHardwareMSM72XX( 3007): Setting in-call volume to 5 (available range is 0 to 5)
I/AudioPolicyService( 3007): Loaded audio policy from LEGACY Audio Policy HAL (audio_policy)
I/DEBUG   (   77): *** *** *** *** *** *** *** *** *** *** *** *** *** *** *** ***
I/DEBUG   (   77): Build fingerprint: 'htc_europe/htc_golfu/golfu:4.0.3/IML74K/62541.1:user/release-keys'
I/DEBUG   (   77): pid: 2987, tid: 3008  >>> /system/bin/surfaceflinger <<<
I/DEBUG   (   77): signal 8 (SIGFPE), code 0 (?), fault addr 00000bab
I/DEBUG   (   77):  r0 00000000  r1 00000008  r2 ffffffff  r3 00000020
I/DEBUG   (   77):  r4 00000008  r5 00000000  r6 00000000  r7 00000025
I/DEBUG   (   77):  r8 00000000  r9 400de695  10 a4c68000  fp 0000fc00
I/DEBUG   (   77):  ip 40045029  sp 100ffa14  lr 40045037  pc 400396a0  cpsr 00000010
I/DEBUG   (   77):  d0  0000000000000000  d1  0000000000000000
I/DEBUG   (   77):  d2  0000000000000000  d3  0000000000000000
I/DEBUG   (   77):  d4  0000000000000000  d5  0000000000000000
I/DEBUG   (   77):  d6  0000000000000000  d7  0000000000000000
I/DEBUG   (   77):  d8  0000000000000000  d9  0000000000000000
I/DEBUG   (   77):  d10 0000000000000000  d11 0000000000000000
I/DEBUG   (   77):  d12 0000000000000000  d13 0000000000000000
I/DEBUG   (   77):  d14 0000000000000000  d15 0000000000000000
I/DEBUG   (   77):  scr 00000000
I/DEBUG   (   77): 
I/DEBUG   (   77):          #00  pc 0000d6a0  /system/lib/libc.so (kill)
I/DEBUG   (   77):          #01  pc 00019034  /system/lib/libc.so (raise)
I/DEBUG   (   77): 
I/DEBUG   (   77): code around pc:
I/DEBUG   (   77): 40039680 e2601000 e0100001 116f0f10 12600020  ..`.......o. .`.
I/DEBUG   (   77): 40039690 e12fff1e e92d50f0 e3a07025 ef000000  ../..P-.%p......
I/DEBUG   (   77): 400396a0 e8bd50f0 e1b00000 512fff1e ea00adbc  .P......../Q....
I/DEBUG   (   77): 400396b0 e92d50f0 e3a070ee ef000000 e8bd50f0  .P-..p.......P..
I/DEBUG   (   77): 400396c0 e1b00000 512fff1e ea00adb5 f5d0f000  ....../Q........
I/DEBUG   (   77): 
I/DEBUG   (   77): code around lr:
I/DEBUG   (   77): 40045014 b083b500 17db9300 f7f39301 b003ea4c  ............L...
I/DEBUG   (   77): 40045024 46c0bd00 1c04b510 e8a6f7f3 f7f41c21  ...F........!...
I/DEBUG   (   77): 40045034 bd10eb30 1c02b510 48034902 f7f42300  0........I.H.#..
I/DEBUG   (   77): 40045044 bd10e93e 28121969 fee1dead b082b510  >...i..(........
I/DEBUG   (   77): 40045054 94002400 f7f39401 b002efe4 46c0bd10  .$.............F
I/DEBUG   (   77): 
I/DEBUG   (   77): stack:
I/DEBUG   (   77):     100ff9d4  00000004  
I/DEBUG   (   77):     100ff9d8  400291cd  /system/lib/liblog.so
I/DEBUG   (   77):     100ff9dc  40021c70  /system/lib/libsurfaceflinger.so
I/DEBUG   (   77):     100ff9e0  100ff9f8  
I/DEBUG   (   77):     100ff9e4  100ffa2c  
I/DEBUG   (   77):     100ff9e8  00000000  
I/DEBUG   (   77):     100ff9ec  40029547  /system/lib/liblog.so
I/DEBUG   (   77):     100ff9f0  00000000  
I/DEBUG   (   77):     100ff9f4  00000004  
I/DEBUG   (   77):     100ff9f8  100ff9f4  
I/DEBUG   (   77):     100ff9fc  00000001  
I/DEBUG   (   77):     100ffa00  40021c70  /system/lib/libsurfaceflinger.so
I/DEBUG   (   77):     100ffa04  0000000f  
I/DEBUG   (   77):     100ffa08  100ffa2c  
I/DEBUG   (   77):     100ffa0c  00000048  
I/DEBUG   (   77):     100ffa10  30000000  
I/DEBUG   (   77): #01 100ffa14  00000008  
I/DEBUG   (   77):     100ffa18  00000000  
I/DEBUG   (   77):     100ffa1c  00000000  
I/DEBUG   (   77):     100ffa20  00038d7e  
I/DEBUG   (   77):     100ffa24  40045029  /system/lib/libc.so
I/DEBUG   (   77):     100ffa28  40045037  /system/lib/libc.so
I/DEBUG   (   77):     100ffa2c  00038d7e  
I/DEBUG   (   77):     100ffa30  4003b608  /system/lib/libc.so
I/DEBUG   (   77):     100ffa34  00000000  
I/DEBUG   (   77):     100ffa38  4003a3e4  /system/lib/libc.so
I/DEBUG   (   77):     100ffa3c  4003a3f4  /system/lib/libc.so
I/DEBUG   (   77):     100ffa40  00000000  
I/DEBUG   (   77):     100ffa44  00038d7e  
I/DEBUG   (   77):     100ffa48  00000000  
I/DEBUG   (   77):     100ffa4c  4003d180  /system/lib/libc.so
I/DEBUG   (   77):     100ffa50  a4c68000  
I/DEBUG   (   77):     100ffa54  00038d7e  
I/DEBUG   (   77):     100ffa58  00000000  
I/DEBUG   (   77): *** *** *** *** *** *** *** *** *** *** *** *** *** *** *** ***
I/DEBUG   (   77): Build fingerprint: 'htc_europe/htc_golfu/golfu:4.0.3/IML74K/62541.1:user/release-keys'
I/DEBUG   (   77): pid: 2989, tid: 2989  >>> /system/bin/drmserver <<<
I/DEBUG   (   77): signal 11 (SIGSEGV), code 1 (SEGV_MAPERR), fault addr 00000004
I/DEBUG   (   77):  r0 fffff41c  r1 00000032  r2 40c3993b  r3 40c39939
I/DEBUG   (   77):  r4 40dbf050  r5 00000030  r6 00000004  r7 20000000
I/DEBUG   (   77):  r8 00000000  r9 00000000  10 00000000  fp 00000000
I/DEBUG   (   77):  ip 00000000  sp beb31338  lr 40c39943  pc b0003c56  cpsr 00000030
I/DEBUG   (   77):  d0  0000000000000000  d1  0000000000000000
I/DEBUG   (   77):  d2  0000000000000000  d3  0000000000000000
I/DEBUG   (   77):  d4  0000000000000000  d5  0000000000000000
I/DEBUG   (   77):  d6  0000000000000000  d7  0000000000000000
I/DEBUG   (   77):  d8  0000000000000000  d9  0000000000000000
I/DEBUG   (   77):  d10 0000000000000000  d11 0000000000000000
I/DEBUG   (   77):  d12 0000000000000000  d13 0000000000000000
I/DEBUG   (   77):  d14 0000000000000000  d15 0000000000000000
I/DEBUG   (   77):  scr 00000000
I/DEBUG   (   77): 
I/DEBUG   (   77):          #00  pc b0003c56  /system/bin/linker
I/DEBUG   (   77):          #01  pc 000c0940  /system/lib/libWVStreamControlAPI_L3.so
I/DEBUG   (   77): 
I/DEBUG   (   77): code around pc:
I/DEBUG   (   77): b0003c34 000064bc 0000f1aa 0000591e 1c04b5f0  .d.......Y......
I/DEBUG   (   77): b0003c44 1c2630b0 b0836803 1c1736ac 93011c22  .0&..h...6.."...
I/DEBUG   (   77): b0003c54 683532b4 95001c08 f7fd6811 1c20ef20  .25h.....h.. . .
I/DEBUG   (   77): b0003c64 1c2530bc 35c06803 58ce0089 9b01e016  .0%..h.5...X....
I/DEBUG   (   77): b0003c74 191c0134 68219a00 1c391850 ecc2f7fd  4.....!hP.9.....
I/DEBUG   (   77): 
I/DEBUG   (   77): code around lr:
I/DEBUG   (   77): 40c39920 20004788 bdd0b004 105e6a01 19886a63  .G. .....j^.cj..
I/DEBUG   (   77): 40c39930 58d1598a bf00e7ec 4c15b570 447c4815  .Y.X....p..L.H|D
I/DEBUG   (   77): 40c39940 e054f8df 58264d15 200ef854 32084630  ..T..M&XT.. 0F.2
I/DEBUG   (   77): 40c39950 2b04f840 ffb0f095 c044f8df 21004a11  @..+......D..J.!
I/DEBUG   (   77): 40c39960 46306131 f8545961 58a5300c 60333308  1a0FaYT..0.X.33`
I/DEBUG   (   77): 
I/DEBUG   (   77): stack:
I/DEBUG   (   77):     beb312f8  000000f0  
I/DEBUG   (   77):     beb312fc  beb313e4  [stack]
I/DEBUG   (   77):     beb31300  b000a4d8  
I/DEBUG   (   77):     beb31304  b000d958  
I/DEBUG   (   77):     beb31308  40bfd954  /system/lib/libWVStreamControlAPI_L3.so
I/DEBUG   (   77):     beb3130c  07902248  
I/DEBUG   (   77):     beb31310  b00094f0  /system/bin/linker
I/DEBUG   (   77):     beb31314  b000a078  
I/DEBUG   (   77):     beb31318  00001f04  
I/DEBUG   (   77):     beb3131c  00003e33  
I/DEBUG   (   77):     beb31320  b00094fc  /system/bin/linker
I/DEBUG   (   77):     beb31324  b0012da4  
I/DEBUG   (   77):     beb31328  b000d958  
I/DEBUG   (   77):     beb3132c  00000000  
I/DEBUG   (   77):     beb31330  df0027ad  
I/DEBUG   (   77):     beb31334  00000000  
I/DEBUG   (   77): #01 beb31338  40db200c  /system/lib/libWVStreamControlAPI_L3.so
I/DEBUG   (   77):     beb3133c  00000030  
I/DEBUG   (   77):     beb31340  00000004  
I/DEBUG   (   77):     beb31344  b0003a99  /system/bin/linker
I/DEBUG   (   77):     beb31348  b000da3c  
I/DEBUG   (   77):     beb3134c  b000da38  
I/DEBUG   (   77):     beb31350  b000990c  /system/bin/linker
I/DEBUG   (   77):     beb31354  b00046eb  /system/bin/linker
I/DEBUG   (   77):     beb31358  b000d958  
I/DEBUG   (   77):     beb3135c  b000d958  
I/DEBUG   (   77):     beb31360  b000d9fc  
I/DEBUG   (   77):     beb31364  40b6dba4  /system/lib/libwvdrm_L3.so
I/DEBUG   (   77):     beb31368  00000000  
I/DEBUG   (   77):     beb3136c  ffffffff  
I/DEBUG   (   77):     beb31370  40db2000  /system/lib/libWVStreamControlAPI_L3.so
I/DEBUG   (   77):     beb31374  b0012fa8  
I/DEBUG   (   77):     beb31378  ffffffff  
I/DEBUG   (   77):     beb3137c  b000d9e4  
I/Netd    ( 3014): Netd 1.0 starting
I/        ( 3017): ServiceManager: 0x18910
D/AndroidRuntime( 3016): 
D/AndroidRuntime( 3016): >>>>>> AndroidRuntime START com.android.internal.os.ZygoteInit <<<<<<
D/AndroidRuntime( 3016): CheckJNI is OFF
E/dalvikvm( 3016): Bad heap size parameters (start=4194304, max=20971520, limit=33554432)
W/dalvikvm( 3016): CreateJavaVM failed: dvmGcStartup failed
E/AndroidRuntime( 3016): JNI_CreateJavaVM failed
I/ServiceManager(   74): service 'media.audio_flinger' died
I/ServiceManager(   74): service 'media.player' died
I/ServiceManager(   74): service 'media.camera' died
I/ServiceManager(   74): service 'media.audio_policy' died
I/SurfaceFlinger( 3015): SurfaceFlinger is starting
I/SurfaceFlinger( 3015): SurfaceFlinger's main thread ready to run. Initializing graphics H/W...
F/libc    ( 3015): Fatal signal 8 (SIGFPE) at 0x00000bc7 (code=0)
F/libc    ( 3017): Fatal signal 11 (SIGSEGV) at 0x00000004 (code=1)
I/        ( 3035): ServiceManager: 0xf958
I/HTC Acoustic( 3035): libhtc_acoustic.so version 2.0.0.6.
I/HTC Acoustic( 3035): deonvvv gingerbread test.
I/HTC Acoustic( 3035): open /system/etc/AudioPara4_WB.csv success.
I/HTC Acoustic( 3035): acoustic table version: GOFU-WB_20120503
I/HTC Acoustic( 3035): read_audio_para_from_file success.
E/HTC Acoustic( 3035): Fail to open /system/etc/AudioPara_VODA-Spain.csv -1.
I/HTC Acoustic( 3035): open /system/etc/AudioPara4.csv success.
I/HTC Acoustic( 3035): acoustic table version: GOFU_20120427
I/HTC Acoustic( 3035): read_audio_para_from_file success.
I/HTC Acoustic( 3035): get_audpp_filter
I/HTC Acoustic( 3035): open /system/etc/AudioFilter.csv success.
I/HTC Acoustic( 3035): MBADRC Filter MBADRC FLAG = ffff.
E/HTC Acoustic( 3035): set mbadrc filter error.
I/HTC Acoustic( 3035): failed to set audpp parameters, exiting.
I/HTC Acoustic( 3035): get_audpre_filter
I/HTC Acoustic( 3035): open /system/etc/AudioPreProcess.csv success.
D/AudioHardwareMSM72XX( 3035): mNumSndEndpoints = 183
V/AudioHardwareMSM72XX( 3035): constructed 183 SND endpoints)
D/AudioHardwareMSM72XX( 3035): BT MATCH HANDSET
D/AudioHardwareMSM72XX( 3035): BT MATCH SPEAKER
D/AudioHardwareMSM72XX( 3035): BT MATCH HEADSET
D/AudioHardwareMSM72XX( 3035): BT MATCH BT
D/AudioHardwareMSM72XX( 3035): BT MATCH CARKIT
D/AudioHardwareMSM72XX( 3035): BT MATCH TTY_FULL
D/AudioHardwareMSM72XX( 3035): BT MATCH TTY_VCO
D/AudioHardwareMSM72XX( 3035): BT MATCH TTY_HCO
D/AudioHardwareMSM72XX( 3035): BT MATCH NO_MIC_HEADSET
D/AudioHardwareMSM72XX( 3035): BT MATCH FM_HEADSET
D/AudioHardwareMSM72XX( 3035): BT MATCH HEADSET_AND_SPEAKER
D/AudioHardwareMSM72XX( 3035): BT MATCH FM_SPEAKER
D/AudioHardwareMSM72XX( 3035): BT MATCH BT_EC_OFF
D/AudioHardwareMSM72XX( 3035): BT MATCH BT_EC_OFF
D/AudioHardwareMSM72XX( 3035): BT MATCH CURRENT
I/AudioFlinger( 3035): Loaded primary audio interface from LEGACY Audio HW HAL (audio)
I/AudioFlinger( 3035): Using 'LEGACY Audio HW HAL' (audio.primary) as the primary audio interface
I/AudioFlinger( 3035): Loaded a2dp audio interface from A2DP Audio HW HAL (audio)
D/AudioHardwareInterface( 3035): setMode(NORMAL)
I/AudioHardwareMSM72XX( 3035): Set master volume to 5.
I/CameraService( 3035): CameraService started (pid=3035)
E/HAL     ( 3035): load: module=/system/lib/hw/camera.marvel.so
E/HAL     ( 3035): Cannot load library: link_image[1965]:  3035 could not load needed library 'libcamera.so' for 'camera.marvel.so' (reloc_library[1314]:  3035 cannot locate '_debug_pthread_create'...
E/HAL     ( 3035): )
E/CameraService( 3035): Could not load camera HAL module
I/AudioFlinger( 3035): AudioFlinger's thread 0x18698 ready to run
W/AudioFlinger( 3035): Thread AudioOut_1 cannot connect to the power manager service
V/AudioHardwareMSM72XX( 3035): AudioStreamOutMSM72xx::setParameters() routing=2
V/AudioHardwareMSM72XX( 3035): set output routing 2
I/AudioHardwareMSM72XX( 3035): Routing audio to Speakerphone
V/AudioHardwareMSM72XX( 3035): doAudioRouteOrMute() device 1, mMode 0, mMicMute 1
D/AudioHardwareMSM72XX( 3035): setVoiceVolume(1.000000)
I/AudioHardwareMSM72XX( 3035): Setting in-call volume to 5 (available range is 0 to 5)
I/AudioPolicyService( 3035): Loaded audio policy from LEGACY Audio Policy HAL (audio_policy)
I/DEBUG   (   77): *** *** *** *** *** *** *** *** *** *** *** *** *** *** *** ***
I/DEBUG   (   77): Build fingerprint: 'htc_europe/htc_golfu/golfu:4.0.3/IML74K/62541.1:user/release-keys'
I/DEBUG   (   77): pid: 3015, tid: 3036  >>> /system/bin/surfaceflinger <<<
I/DEBUG   (   77): signal 8 (SIGFPE), code 0 (?), fault addr 00000bc7
I/DEBUG   (   77):  r0 00000000  r1 00000008  r2 ffffffff  r3 00000020
I/DEBUG   (   77):  r4 00000008  r5 00000000  r6 00000000  r7 00000025
I/DEBUG   (   77):  r8 00000000  r9 400de695  10 a4c68000  fp 0000fc00
I/DEBUG   (   77):  ip 40045029  sp 100ffa14  lr 40045037  pc 400396a0  cpsr 00000010
I/DEBUG   (   77):  d0  0000000000000000  d1  0000000000000000
I/DEBUG   (   77):  d2  0000000000000000  d3  0000000000000000
I/DEBUG   (   77):  d4  0000000000000000  d5  0000000000000000
I/DEBUG   (   77):  d6  0000000000000000  d7  0000000000000000
I/DEBUG   (   77):  d8  0000000000000000  d9  0000000000000000
I/DEBUG   (   77):  d10 0000000000000000  d11 0000000000000000
I/DEBUG   (   77):  d12 0000000000000000  d13 0000000000000000
I/DEBUG   (   77):  d14 0000000000000000  d15 0000000000000000
I/DEBUG   (   77):  scr 00000000
I/DEBUG   (   77): 
I/DEBUG   (   77):          #00  pc 0000d6a0  /system/lib/libc.so (kill)
I/DEBUG   (   77):          #01  pc 00019034  /system/lib/libc.so (raise)
I/DEBUG   (   77): 
I/DEBUG   (   77): code around pc:
I/DEBUG   (   77): 40039680 e2601000 e0100001 116f0f10 12600020  ..`.......o. .`.
I/DEBUG   (   77): 40039690 e12fff1e e92d50f0 e3a07025 ef000000  ../..P-.%p......
I/DEBUG   (   77): 400396a0 e8bd50f0 e1b00000 512fff1e ea00adbc  .P......../Q....
I/DEBUG   (   77): 400396b0 e92d50f0 e3a070ee ef000000 e8bd50f0  .P-..p.......P..
I/DEBUG   (   77): 400396c0 e1b00000 512fff1e ea00adb5 f5d0f000  ....../Q........
I/DEBUG   (   77): 
I/DEBUG   (   77): code around lr:
I/DEBUG   (   77): 40045014 b083b500 17db9300 f7f39301 b003ea4c  ............L...
I/DEBUG   (   77): 40045024 46c0bd00 1c04b510 e8a6f7f3 f7f41c21  ...F........!...
I/DEBUG   (   77): 40045034 bd10eb30 1c02b510 48034902 f7f42300  0........I.H.#..
I/DEBUG   (   77): 40045044 bd10e93e 28121969 fee1dead b082b510  >...i..(........
I/DEBUG   (   77): 40045054 94002400 f7f39401 b002efe4 46c0bd10  .$.............F
I/DEBUG   (   77): 
I/DEBUG   (   77): stack:
I/DEBUG   (   77):     100ff9d4  00000004  
I/DEBUG   (   77):     100ff9d8  400291cd  /system/lib/liblog.so
I/DEBUG   (   77):     100ff9dc  40021c70  /system/lib/libsurfaceflinger.so
I/DEBUG   (   77):     100ff9e0  100ff9f8  
I/DEBUG   (   77):     100ff9e4  100ffa2c  
I/DEBUG   (   77):     100ff9e8  00000000  
I/DEBUG   (   77):     100ff9ec  40029547  /system/lib/liblog.so
I/DEBUG   (   77):     100ff9f0  00000000  
I/DEBUG   (   77):     100ff9f4  00000004  
I/DEBUG   (   77):     100ff9f8  100ff9f4  
I/DEBUG   (   77):     100ff9fc  00000001  
I/DEBUG   (   77):     100ffa00  40021c70  /system/lib/libsurfaceflinger.so
I/DEBUG   (   77):     100ffa04  0000000f  
I/DEBUG   (   77):     100ffa08  100ffa2c  
I/DEBUG   (   77):     100ffa0c  00000048  
I/DEBUG   (   77):     100ffa10  30000000  
I/DEBUG   (   77): #01 100ffa14  00000008  
I/DEBUG   (   77):     100ffa18  00000000  
I/DEBUG   (   77):     100ffa1c  00000000  
I/DEBUG   (   77):     100ffa20  00038d7e  
I/DEBUG   (   77):     100ffa24  40045029  /system/lib/libc.so
I/DEBUG   (   77):     100ffa28  40045037  /system/lib/libc.so
I/DEBUG   (   77):     100ffa2c  00038d7e  
I/DEBUG   (   77):     100ffa30  4003b608  /system/lib/libc.so
I/DEBUG   (   77):     100ffa34  00000000  
I/DEBUG   (   77):     100ffa38  4003a3e4  /system/lib/libc.so
I/DEBUG   (   77):     100ffa3c  4003a3f4  /system/lib/libc.so
I/DEBUG   (   77):     100ffa40  00000000  
I/DEBUG   (   77):     100ffa44  00038d7e  
I/DEBUG   (   77):     100ffa48  00000000  
I/DEBUG   (   77):     100ffa4c  4003d180  /system/lib/libc.so
I/DEBUG   (   77):     100ffa50  a4c68000  
I/DEBUG   (   77):     100ffa54  00038d7e  
I/DEBUG   (   77):     100ffa58  00000000  
I/DEBUG   (   77): *** *** *** *** *** *** *** *** *** *** *** *** *** *** *** ***
I/DEBUG   (   77): Build fingerprint: 'htc_europe/htc_golfu/golfu:4.0.3/IML74K/62541.1:user/release-keys'
I/DEBUG   (   77): pid: 3017, tid: 3017  >>> /system/bin/drmserver <<<
I/DEBUG   (   77): signal 11 (SIGSEGV), code 1 (SEGV_MAPERR), fault addr 00000004
I/DEBUG   (   77):  r0 fffff41c  r1 00000032  r2 40c3993b  r3 40c39939
I/DEBUG   (   77):  r4 40dbf050  r5 00000030  r6 00000004  r7 20000000
I/DEBUG   (   77):  r8 00000000  r9 00000000  10 00000000  fp 00000000
I/DEBUG   (   77):  ip 00000000  sp bee6a338  lr 40c39943  pc b0003c56  cpsr 00000030
I/DEBUG   (   77):  d0  0000000000000000  d1  0000000000000000
I/DEBUG   (   77):  d2  0000000000000000  d3  0000000000000000
I/DEBUG   (   77):  d4  0000000000000000  d5  0000000000000000
I/DEBUG   (   77):  d6  0000000000000000  d7  0000000000000000
I/DEBUG   (   77):  d8  0000000000000000  d9  0000000000000000
I/DEBUG   (   77):  d10 0000000000000000  d11 0000000000000000
I/DEBUG   (   77):  d12 0000000000000000  d13 0000000000000000
I/DEBUG   (   77):  d14 0000000000000000  d15 0000000000000000
I/DEBUG   (   77):  scr 00000000
I/DEBUG   (   77): 
I/DEBUG   (   77):          #00  pc b0003c56  /system/bin/linker
I/DEBUG   (   77):          #01  pc 000c0940  /system/lib/libWVStreamControlAPI_L3.so
I/DEBUG   (   77): 
I/DEBUG   (   77): code around pc:
I/DEBUG   (   77): b0003c34 000064bc 0000f1aa 0000591e 1c04b5f0  .d.......Y......
I/DEBUG   (   77): b0003c44 1c2630b0 b0836803 1c1736ac 93011c22  .0&..h...6.."...
I/DEBUG   (   77): b0003c54 683532b4 95001c08 f7fd6811 1c20ef20  .25h.....h.. . .
I/DEBUG   (   77): b0003c64 1c2530bc 35c06803 58ce0089 9b01e016  .0%..h.5...X....
I/DEBUG   (   77): b0003c74 191c0134 68219a00 1c391850 ecc2f7fd  4.....!hP.9.....
I/DEBUG   (   77): 
I/DEBUG   (   77): code around lr:
I/DEBUG   (   77): 40c39920 20004788 bdd0b004 105e6a01 19886a63  .G. .....j^.cj..
I/DEBUG   (   77): 40c39930 58d1598a bf00e7ec 4c15b570 447c4815  .Y.X....p..L.H|D
I/DEBUG   (   77): 40c39940 e054f8df 58264d15 200ef854 32084630  ..T..M&XT.. 0F.2
I/DEBUG   (   77): 40c39950 2b04f840 ffb0f095 c044f8df 21004a11  @..+......D..J.!
I/DEBUG   (   77): 40c39960 46306131 f8545961 58a5300c 60333308  1a0FaYT..0.X.33`
I/DEBUG   (   77): 
I/DEBUG   (   77): stack:
I/DEBUG   (   77):     bee6a2f8  000000f0  
I/DEBUG   (   77):     bee6a2fc  bee6a3e4  [stack]
I/DEBUG   (   77):     bee6a300  b000a4d8  
I/DEBUG   (   77):     bee6a304  b000d958  
I/DEBUG   (   77):     bee6a308  40bfd954  /system/lib/libWVStreamControlAPI_L3.so
I/DEBUG   (   77):     bee6a30c  07902248  
I/DEBUG   (   77):     bee6a310  b00094f0  /system/bin/linker
I/DEBUG   (   77):     bee6a314  b000a078  
I/DEBUG   (   77):     bee6a318  00001f04  
I/DEBUG   (   77):     bee6a31c  00003e33  
I/DEBUG   (   77):     bee6a320  b00094fc  /system/bin/linker
I/DEBUG   (   77):     bee6a324  b0012da4  
I/DEBUG   (   77):     bee6a328  b000d958  
I/DEBUG   (   77):     bee6a32c  00000000  
I/DEBUG   (   77):     bee6a330  df0027ad  
I/DEBUG   (   77):     bee6a334  00000000  
I/DEBUG   (   77): #01 bee6a338  40db200c  /system/lib/libWVStreamControlAPI_L3.so
I/DEBUG   (   77):     bee6a33c  00000030  
I/DEBUG   (   77):     bee6a340  00000004  
I/DEBUG   (   77):     bee6a344  b0003a99  /system/bin/linker
I/DEBUG   (   77):     bee6a348  b000da3c  
I/DEBUG   (   77):     bee6a34c  b000da38  
I/DEBUG   (   77):     bee6a350  b000990c  /system/bin/linker
I/DEBUG   (   77):     bee6a354  b00046eb  /system/bin/linker
I/DEBUG   (   77):     bee6a358  b000d958  
I/DEBUG   (   77):     bee6a35c  b000d958  
I/DEBUG   (   77):     bee6a360  b000d9fc  
I/DEBUG   (   77):     bee6a364  40b6dba4  /system/lib/libwvdrm_L3.so
I/DEBUG   (   77):     bee6a368  00000000  
I/DEBUG   (   77):     bee6a36c  ffffffff  
I/DEBUG   (   77):     bee6a370  40db2000  /system/lib/libWVStreamControlAPI_L3.so
I/DEBUG   (   77):     bee6a374  b0012fa8  
I/DEBUG   (   77):     bee6a378  ffffffff  
I/DEBUG   (   77):     bee6a37c  b000d9e4  
I/Netd    ( 3042): Netd 1.0 starting
I/        ( 3045): ServiceManager: 0x18910
D/AndroidRuntime( 3044): 
D/AndroidRuntime( 3044): >>>>>> AndroidRuntime START com.android.internal.os.ZygoteInit <<<<<<
D/AndroidRuntime( 3044): CheckJNI is OFF
E/dalvikvm( 3044): Bad heap size parameters (start=4194304, max=20971520, limit=33554432)
W/dalvikvm( 3044): CreateJavaVM failed: dvmGcStartup failed
E/AndroidRuntime( 3044): JNI_CreateJavaVM failed
I/ServiceManager(   74): service 'media.audio_flinger' died
I/ServiceManager(   74): service 'media.player' died
I/ServiceManager(   74): service 'media.camera' died
I/ServiceManager(   74): service 'media.audio_policy' died
I/SurfaceFlinger( 3043): SurfaceFlinger is starting
I/SurfaceFlinger( 3043): SurfaceFlinger's main thread ready to run. Initializing graphics H/W...
F/libc    ( 3043): Fatal signal 8 (SIGFPE) at 0x00000be3 (code=0)
F/libc    ( 3045): Fatal signal 11 (SIGSEGV) at 0x00000004 (code=1)
I/        ( 3063): ServiceManager: 0xf958
I/HTC Acoustic( 3063): libhtc_acoustic.so version 2.0.0.6.
I/HTC Acoustic( 3063): deonvvv gingerbread test.
I/HTC Acoustic( 3063): open /system/etc/AudioPara4_WB.csv success.
I/HTC Acoustic( 3063): acoustic table version: GOFU-WB_20120503
I/HTC Acoustic( 3063): read_audio_para_from_file success.
E/HTC Acoustic( 3063): Fail to open /system/etc/AudioPara_VODA-Spain.csv -1.
I/HTC Acoustic( 3063): open /system/etc/AudioPara4.csv success.
I/HTC Acoustic( 3063): acoustic table version: GOFU_20120427
I/HTC Acoustic( 3063): read_audio_para_from_file success.
I/HTC Acoustic( 3063): get_audpp_filter
I/HTC Acoustic( 3063): open /system/etc/AudioFilter.csv success.
I/HTC Acoustic( 3063): MBADRC Filter MBADRC FLAG = ffff.
E/HTC Acoustic( 3063): set mbadrc filter error.
I/HTC Acoustic( 3063): failed to set audpp parameters, exiting.
I/HTC Acoustic( 3063): get_audpre_filter
I/HTC Acoustic( 3063): open /system/etc/AudioPreProcess.csv success.
D/AudioHardwareMSM72XX( 3063): mNumSndEndpoints = 183
V/AudioHardwareMSM72XX( 3063): constructed 183 SND endpoints)
D/AudioHardwareMSM72XX( 3063): BT MATCH HANDSET
D/AudioHardwareMSM72XX( 3063): BT MATCH SPEAKER
D/AudioHardwareMSM72XX( 3063): BT MATCH HEADSET
D/AudioHardwareMSM72XX( 3063): BT MATCH BT
D/AudioHardwareMSM72XX( 3063): BT MATCH CARKIT
D/AudioHardwareMSM72XX( 3063): BT MATCH TTY_FULL
D/AudioHardwareMSM72XX( 3063): BT MATCH TTY_VCO
D/AudioHardwareMSM72XX( 3063): BT MATCH TTY_HCO
D/AudioHardwareMSM72XX( 3063): BT MATCH NO_MIC_HEADSET
D/AudioHardwareMSM72XX( 3063): BT MATCH FM_HEADSET
D/AudioHardwareMSM72XX( 3063): BT MATCH HEADSET_AND_SPEAKER
D/AudioHardwareMSM72XX( 3063): BT MATCH FM_SPEAKER
D/AudioHardwareMSM72XX( 3063): BT MATCH BT_EC_OFF
D/AudioHardwareMSM72XX( 3063): BT MATCH BT_EC_OFF
D/AudioHardwareMSM72XX( 3063): BT MATCH CURRENT
I/AudioFlinger( 3063): Loaded primary audio interface from LEGACY Audio HW HAL (audio)
I/AudioFlinger( 3063): Using 'LEGACY Audio HW HAL' (audio.primary) as the primary audio interface
I/AudioFlinger( 3063): Loaded a2dp audio interface from A2DP Audio HW HAL (audio)
D/AudioHardwareInterface( 3063): setMode(NORMAL)
I/AudioHardwareMSM72XX( 3063): Set master volume to 5.
I/CameraService( 3063): CameraService started (pid=3063)
E/HAL     ( 3063): load: module=/system/lib/hw/camera.marvel.so
E/HAL     ( 3063): Cannot load library: link_image[1965]:  3063 could not load needed library 'libcamera.so' for 'camera.marvel.so' (reloc_library[1314]:  3063 cannot locate '_debug_pthread_create'...
E/HAL     ( 3063): )
E/CameraService( 3063): Could not load camera HAL module
I/AudioFlinger( 3063): AudioFlinger's thread 0x18698 ready to run
W/AudioFlinger( 3063): Thread AudioOut_1 cannot connect to the power manager service
V/AudioHardwareMSM72XX( 3063): AudioStreamOutMSM72xx::setParameters() routing=2
V/AudioHardwareMSM72XX( 3063): set output routing 2
I/AudioHardwareMSM72XX( 3063): Routing audio to Speakerphone
V/AudioHardwareMSM72XX( 3063): doAudioRouteOrMute() device 1, mMode 0, mMicMute 1
D/AudioHardwareMSM72XX( 3063): setVoiceVolume(1.000000)
I/AudioHardwareMSM72XX( 3063): Setting in-call volume to 5 (available range is 0 to 5)
I/AudioPolicyService( 3063): Loaded audio policy from LEGACY Audio Policy HAL (audio_policy)
I/DEBUG   (   77): *** *** *** *** *** *** *** *** *** *** *** *** *** *** *** ***
I/DEBUG   (   77): Build fingerprint: 'htc_europe/htc_golfu/golfu:4.0.3/IML74K/62541.1:user/release-keys'
I/DEBUG   (   77): pid: 3043, tid: 3064  >>> /system/bin/surfaceflinger <<<
I/DEBUG   (   77): signal 8 (SIGFPE), code 0 (?), fault addr 00000be3
I/DEBUG   (   77):  r0 00000000  r1 00000008  r2 ffffffff  r3 00000020
I/DEBUG   (   77):  r4 00000008  r5 00000000  r6 00000000  r7 00000025
I/DEBUG   (   77):  r8 00000000  r9 400de695  10 a4c68000  fp 0000fc00
I/DEBUG   (   77):  ip 40045029  sp 100ffa14  lr 40045037  pc 400396a0  cpsr 00000010
I/DEBUG   (   77):  d0  0000000000000000  d1  0000000000000000
I/DEBUG   (   77):  d2  0000000000000000  d3  0000000000000000
I/DEBUG   (   77):  d4  0000000000000000  d5  0000000000000000
I/DEBUG   (   77):  d6  0000000000000000  d7  0000000000000000
I/DEBUG   (   77):  d8  0000000000000000  d9  0000000000000000
I/DEBUG   (   77):  d10 0000000000000000  d11 0000000000000000
I/DEBUG   (   77):  d12 0000000000000000  d13 0000000000000000
I/DEBUG   (   77):  d14 0000000000000000  d15 0000000000000000
I/DEBUG   (   77):  scr 00000000
I/DEBUG   (   77): 
I/DEBUG   (   77):          #00  pc 0000d6a0  /system/lib/libc.so (kill)
I/DEBUG   (   77):          #01  pc 00019034  /system/lib/libc.so (raise)
I/DEBUG   (   77): 
I/DEBUG   (   77): code around pc:
I/DEBUG   (   77): 40039680 e2601000 e0100001 116f0f10 12600020  ..`.......o. .`.
I/DEBUG   (   77): 40039690 e12fff1e e92d50f0 e3a07025 ef000000  ../..P-.%p......
I/DEBUG   (   77): 400396a0 e8bd50f0 e1b00000 512fff1e ea00adbc  .P......../Q....
I/DEBUG   (   77): 400396b0 e92d50f0 e3a070ee ef000000 e8bd50f0  .P-..p.......P..
I/DEBUG   (   77): 400396c0 e1b00000 512fff1e ea00adb5 f5d0f000  ....../Q........
I/DEBUG   (   77): 
I/DEBUG   (   77): code around lr:
I/DEBUG   (   77): 40045014 b083b500 17db9300 f7f39301 b003ea4c  ............L...
I/DEBUG   (   77): 40045024 46c0bd00 1c04b510 e8a6f7f3 f7f41c21  ...F........!...
I/DEBUG   (   77): 40045034 bd10eb30 1c02b510 48034902 f7f42300  0........I.H.#..
I/DEBUG   (   77): 40045044 bd10e93e 28121969 fee1dead b082b510  >...i..(........
I/DEBUG   (   77): 40045054 94002400 f7f39401 b002efe4 46c0bd10  .$.............F
I/DEBUG   (   77): 
