I/DEBUG   (   77):  d8  0000000000000000  d9  0000000000000000
I/DEBUG   (   77):  d10 0000000000000000  d11 0000000000000000
I/DEBUG   (   77):  d12 0000000000000000  d13 0000000000000000
I/DEBUG   (   77):  d14 0000000000000000  d15 0000000000000000
I/DEBUG   (   77):  scr 60000000
I/DEBUG   (   77): 
I/DEBUG   (   77):          #00  pc 00017656  /system/lib/libc.so
I/DEBUG   (   77):          #01  pc 0000c658  /system/lib/libnativehelper.so (jniRegisterNativeMethods)
I/DEBUG   (   77): 
I/DEBUG   (   77): code around pc:
I/DEBUG   (   77): 4001b634 1c2bd00c 2d00682d e027d1fb 2a0068da  ..+.-h.-..'..h.*
I/DEBUG   (   77): 4001b644 4b16d004 447b2001 47906018 22274814  ...K. {D.`.G.H'"
I/DEBUG   (   77): 4001b654 70022580 ef8cf7f4 f7f62106 aa01e81a  .%.p.....!......
I/DEBUG   (   77): 4001b664 05692400 60546091 20061c11 f7f59401  .$i..`T`... ....
I/DEBUG   (   77): 4001b674 a905ebe6 20022200 ebeef7f5 ef78f7f4  .....". ......x.
I/DEBUG   (   77): 
I/DEBUG   (   77): code around lr:
I/DEBUG   (   77): 4001ee7c 4b0db5f0 447bb083 681c2600 68a59001  ...K..{D.&.h...h
I/DEBUG   (   77): 4001ee8c e0086867 5ea8220c dd032800 99011c28  gh...".^.(..(...
I/DEBUG   (   77): 4001ee9c 43064788 3f013554 6824d5f4 d1ee2c00  .G.CT5.?..$h.,..
I/DEBUG   (   77): 4001eeac 1c30b003 46c0bdf0 00028662 1c0fb5f0  ..0....Fb.......
I/DEBUG   (   77): 4001eebc b0891c3d a9064355 604d9103 90064914  =...UC....M`.I..
I/DEBUG   (   77): 
I/DEBUG   (   77): memory map around addr deadbaad:
I/DEBUG   (   77): bed33000-bed54000 [stack]
I/DEBUG   (   77): (no map for address)
I/DEBUG   (   77): (no map above)
I/DEBUG   (   77): 
I/DEBUG   (   77): stack:
I/DEBUG   (   77):     bed53a10  40a45478  /dev/ashmem/dalvik-heap (deleted)
I/DEBUG   (   77):     bed53a14  00012800  [heap]
I/DEBUG   (   77):     bed53a18  40047720  /system/lib/libc.so
I/DEBUG   (   77):     bed53a1c  400476b0  /system/lib/libc.so
I/DEBUG   (   77):     bed53a20  00000000  
I/DEBUG   (   77):     bed53a24  4001ee9f  /system/lib/libc.so
I/DEBUG   (   77):     bed53a28  00000000  
I/DEBUG   (   77):     bed53a2c  4001dc05  /system/lib/libc.so
I/DEBUG   (   77):     bed53a30  00000000  
I/DEBUG   (   77):     bed53a34  00000000  
I/DEBUG   (   77):     bed53a38  00000000  
I/DEBUG   (   77):     bed53a3c  40199b7c  /system/lib/libandroid_runtime.so
I/DEBUG   (   77):     bed53a40  bed53a88  [stack]
I/DEBUG   (   77):     bed53a44  4001e01d  /system/lib/libc.so
I/DEBUG   (   77):     bed53a48  df0027ad  
I/DEBUG   (   77):     bed53a4c  00000000  
I/DEBUG   (   77): #00 bed53a50  00000000  
I/DEBUG   (   77):     bed53a54  000af608  [heap]
I/DEBUG   (   77):     bed53a58  40a45478  /dev/ashmem/dalvik-heap (deleted)
I/DEBUG   (   77):     bed53a5c  f9056982  
I/DEBUG   (   77):     bed53a60  4083bdfd  /system/lib/libdvm.so
I/DEBUG   (   77):     bed53a64  fffffbdf  
I/DEBUG   (   77):     bed53a68  0000f2b8  [heap]
I/DEBUG   (   77):     bed53a6c  4019f96c  /system/lib/libandroid_runtime.so
I/DEBUG   (   77):     bed53a70  0000f2b8  [heap]
I/DEBUG   (   77):     bed53a74  401cb65b  /system/lib/libnativehelper.so
I/DEBUG   (   77): #01 bed53a78  4019f96c  /system/lib/libandroid_runtime.so
I/DEBUG   (   77):     bed53a7c  401cb65b  /system/lib/libnativehelper.so
I/DEBUG   (   77):     bed53a80  401a84c4  /system/lib/libandroid_runtime.so
I/DEBUG   (   77):     bed53a84  00000004  
I/DEBUG   (   77):     bed53a88  0000f2b8  [heap]
I/DEBUG   (   77):     bed53a8c  00000000  
I/DEBUG   (   77):     bed53a90  401a8fa8  /system/lib/libandroid_runtime.so
I/DEBUG   (   77):     bed53a94  4019f96c  /system/lib/libandroid_runtime.so
I/DEBUG   (   77):     bed53a98  0000f2b8  [heap]
I/DEBUG   (   77):     bed53a9c  4019f9bc  /system/lib/libandroid_runtime.so
I/DEBUG   (   77):     bed53aa0  00000001  
I/DEBUG   (   77):     bed53aa4  40181c81  /system/lib/libandroid_runtime.so
I/DEBUG   (   77):     bed53aa8  4019f96c  /system/lib/libandroid_runtime.so
I/DEBUG   (   77):     bed53aac  40149a41  /system/lib/libandroid_runtime.so
I/DEBUG   (   77):     bed53ab0  0000f2b8  [heap]
I/DEBUG   (   77):     bed53ab4  fffffe40  
I/DEBUG   (   77):     bed53ab8  bed53b94  [stack]
I/DEBUG   (   77):     bed53abc  40149a77  /system/lib/libandroid_runtime.so
I/ServiceManager(   74): service 'media.audio_flinger' died
I/ServiceManager(   74): service 'media.player' died
I/ServiceManager(   74): service 'media.camera' died
I/ServiceManager(   74): service 'media.audio_policy' died
I/Netd    (  365): Netd 1.0 starting
D/AndroidRuntime(  366): 
D/AndroidRuntime(  366): >>>>>> AndroidRuntime START com.android.internal.os.ZygoteInit <<<<<<
D/AndroidRuntime(  366): CheckJNI is OFF
I/        (  367): ServiceManager: 0xf958
I/HTC Acoustic(  367): libhtc_acoustic.so version 2.0.0.6.
I/HTC Acoustic(  367): deonvvv gingerbread test.
I/HTC Acoustic(  367): open /system/etc/AudioPara4_WB.csv success.
I/HTC Acoustic(  367): acoustic table version: MAL_WB_20110217
I/HTC Acoustic(  367): read_audio_para_from_file success.
E/HTC Acoustic(  367): Fail to open /system/etc/AudioPara_HTC-WWE.csv -1.
I/HTC Acoustic(  367): open /system/etc/AudioPara4.csv success.
I/HTC Acoustic(  367): acoustic table version: MAL_Gerenic_20110509
I/HTC Acoustic(  367): read_audio_para_from_file success.
W/dalvikvm(  366): VFY: unable to find class referenced in signature (Landroid/content/res/PackageRedirectionMap;)
I/dalvikvm(  366): Could not find method android.content.res.PackageRedirectionMap.getPackageId, referenced from method android.content.res.AssetManager.addRedirections
W/dalvikvm(  366): VFY: unable to resolve virtual method 10109: Landroid/content/res/PackageRedirectionMap;.getPackageId ()I
D/dalvikvm(  366): VFY: replacing opcode 0x6e at 0x000e
I/HTC Acoustic(  367): get_audpp_filter
I/HTC Acoustic(  367): open /system/etc/AudioFilter.csv success.
I/HTC Acoustic(  367): MBADRC Filter MBADRC FLAG = ffff.
E/HTC Acoustic(  367): set mbadrc filter error.
I/HTC Acoustic(  367): failed to set audpp parameters, exiting.
I/HTC Acoustic(  367): get_audpre_filter
I/HTC Acoustic(  367): open /system/etc/AudioPreProcess.csv success.
D/AudioHardwareMSM72XX(  367): mNumSndEndpoints = 151
V/AudioHardwareMSM72XX(  367): constructed 151 SND endpoints)
D/AudioHardwareMSM72XX(  367): BT MATCH HANDSET
D/AudioHardwareMSM72XX(  367): BT MATCH SPEAKER
D/AudioHardwareMSM72XX(  367): BT MATCH HEADSET
D/AudioHardwareMSM72XX(  367): BT MATCH BT
D/AudioHardwareMSM72XX(  367): BT MATCH CARKIT
D/AudioHardwareMSM72XX(  367): BT MATCH TTY_FULL
D/AudioHardwareMSM72XX(  367): BT MATCH TTY_VCO
D/AudioHardwareMSM72XX(  367): BT MATCH TTY_HCO
D/AudioHardwareMSM72XX(  367): BT MATCH NO_MIC_HEADSET
D/AudioHardwareMSM72XX(  367): BT MATCH FM_HEADSET
D/AudioHardwareMSM72XX(  367): BT MATCH HEADSET_AND_SPEAKER
D/AudioHardwareMSM72XX(  367): BT MATCH FM_SPEAKER
D/AudioHardwareMSM72XX(  367): BT MATCH BT_EC_OFF
D/AudioHardwareMSM72XX(  367): BT MATCH BT_EC_OFF
D/AudioHardwareMSM72XX(  367): BT MATCH CURRENT
I/AudioFlinger(  367): Loaded primary audio interface from LEGACY Audio HW HAL (audio)
I/AudioFlinger(  367): Using 'LEGACY Audio HW HAL' (audio.primary) as the primary audio interface
I/AudioFlinger(  367): Loaded a2dp audio interface from A2DP Audio HW HAL (audio)
D/AudioHardwareInterface(  367): setMode(NORMAL)
I/AudioHardwareMSM72XX(  367): Set master volume to 5.
I/CameraService(  367): CameraService started (pid=367)
E/HAL     (  367): load: module=/system/lib/hw/camera.marvel.so
E/HAL     (  367): Cannot load library: link_image[1965]:   367 could not load needed library 'libcamera.so' for 'camera.marvel.so' (reloc_library[1314]:   367 cannot locate '_debug_pthread_create'...
E/HAL     (  367): )
E/CameraService(  367): Could not load camera HAL module
I/AudioFlinger(  367): AudioFlinger's thread 0x16f90 ready to run
W/AudioFlinger(  367): Thread AudioOut_1 cannot connect to the power manager service
V/AudioHardwareMSM72XX(  367): AudioStreamOutMSM72xx::setParameters() routing=2
V/AudioHardwareMSM72XX(  367): set output routing 2
I/AudioHardwareMSM72XX(  367): Routing audio to Speakerphone
V/AudioHardwareMSM72XX(  367): doAudioRouteOrMute() device 1, mMode 0, mMicMute 1
D/AudioHardwareMSM72XX(  367): setVoiceVolume(1.000000)
I/AudioHardwareMSM72XX(  367): Setting in-call volume to 5 (available range is 0 to 5)
I/AudioPolicyService(  367): Loaded audio policy from LEGACY Audio Policy HAL (audio_policy)
D/dalvikvm(  366): DexOpt: couldn't find field Landroid/database/sqlite/SQLiteDatabase;.mCanDumpMonitoredSql
W/dalvikvm(  366): VFY: unable to resolve instance field 9348
D/dalvikvm(  366): VFY: replacing opcode 0x55 at 0x0004
E/JNIHelp (  366): Native registration unable to find class 'com/android/server/NetworkManagementSocketTagger', aborting
F/libc    (  366): Fatal signal 11 (SIGSEGV) at 0xdeadbaad (code=1)
I/DEBUG   (   77): *** *** *** *** *** *** *** *** *** *** *** *** *** *** *** ***
I/DEBUG   (   77): Build fingerprint: 'htc_europe/htc_golfu/golfu:4.0.3/IML74K/62541.1:user/release-keys'
I/DEBUG   (   77): pid: 366, tid: 366  >>> zygote <<<
I/DEBUG   (   77): signal 11 (SIGSEGV), code 1 (SEGV_MAPERR), fault addr deadbaad
I/DEBUG   (   77):  r0 deadbaad  r1 0000000c  r2 00000027  r3 a0000000
I/DEBUG   (   77):  r4 00000000  r5 00000080  r6 40199b7c  r7 bef75a88
I/DEBUG   (   77):  r8 00000000  r9 00000000  10 00000000  fp 00000000
I/DEBUG   (   77):  ip ffffffff  sp bef75a50  lr 4001ee9f  pc 4001b656  cpsr 00000030
I/DEBUG   (   77):  d0  3f4000003f400000  d1  0000000000000000
I/DEBUG   (   77):  d2  0000000000000000  d3  0000000000000000
I/DEBUG   (   77):  d4  0000000000000000  d5  0000000000000000
I/DEBUG   (   77):  d6  0000000000000000  d7  000000003f800000
I/DEBUG   (   77):  d8  0000000000000000  d9  0000000000000000
I/DEBUG   (   77):  d10 0000000000000000  d11 0000000000000000
I/DEBUG   (   77):  d12 0000000000000000  d13 0000000000000000
I/DEBUG   (   77):  d14 0000000000000000  d15 0000000000000000
I/DEBUG   (   77):  scr 60000000
I/DEBUG   (   77): 
I/DEBUG   (   77):          #00  pc 00017656  /system/lib/libc.so
I/DEBUG   (   77):          #01  pc 0000c658  /system/lib/libnativehelper.so (jniRegisterNativeMethods)
I/DEBUG   (   77): 
I/DEBUG   (   77): code around pc:
I/DEBUG   (   77): 4001b634 1c2bd00c 2d00682d e027d1fb 2a0068da  ..+.-h.-..'..h.*
I/DEBUG   (   77): 4001b644 4b16d004 447b2001 47906018 22274814  ...K. {D.`.G.H'"
I/DEBUG   (   77): 4001b654 70022580 ef8cf7f4 f7f62106 aa01e81a  .%.p.....!......
I/DEBUG   (   77): 4001b664 05692400 60546091 20061c11 f7f59401  .$i..`T`... ....
I/DEBUG   (   77): 4001b674 a905ebe6 20022200 ebeef7f5 ef78f7f4  .....". ......x.
I/DEBUG   (   77): 
I/DEBUG   (   77): code around lr:
I/DEBUG   (   77): 4001ee7c 4b0db5f0 447bb083 681c2600 68a59001  ...K..{D.&.h...h
I/DEBUG   (   77): 4001ee8c e0086867 5ea8220c dd032800 99011c28  gh...".^.(..(...
I/DEBUG   (   77): 4001ee9c 43064788 3f013554 6824d5f4 d1ee2c00  .G.CT5.?..$h.,..
I/DEBUG   (   77): 4001eeac 1c30b003 46c0bdf0 00028662 1c0fb5f0  ..0....Fb.......
I/DEBUG   (   77): 4001eebc b0891c3d a9064355 604d9103 90064914  =...UC....M`.I..
I/DEBUG   (   77): 
I/DEBUG   (   77): memory map around addr deadbaad:
I/DEBUG   (   77): bef55000-bef76000 [stack]
I/DEBUG   (   77): (no map for address)
I/DEBUG   (   77): (no map above)
I/DEBUG   (   77): 
I/DEBUG   (   77): stack:
I/DEBUG   (   77):     bef75a10  40a45478  /dev/ashmem/dalvik-heap (deleted)
I/DEBUG   (   77):     bef75a14  00012800  [heap]
I/DEBUG   (   77):     bef75a18  40047720  /system/lib/libc.so
I/DEBUG   (   77):     bef75a1c  400476b0  /system/lib/libc.so
I/DEBUG   (   77):     bef75a20  00000000  
I/DEBUG   (   77):     bef75a24  4001ee9f  /system/lib/libc.so
I/DEBUG   (   77):     bef75a28  00000000  
I/DEBUG   (   77):     bef75a2c  4001dc05  /system/lib/libc.so
I/DEBUG   (   77):     bef75a30  00000000  
I/DEBUG   (   77):     bef75a34  00000000  
I/DEBUG   (   77):     bef75a38  00000000  
I/DEBUG   (   77):     bef75a3c  40199b7c  /system/lib/libandroid_runtime.so
I/DEBUG   (   77):     bef75a40  bef75a88  [stack]
I/DEBUG   (   77):     bef75a44  4001e01d  /system/lib/libc.so
I/DEBUG   (   77):     bef75a48  df0027ad  
I/DEBUG   (   77):     bef75a4c  00000000  
I/DEBUG   (   77): #00 bef75a50  00000000  
I/DEBUG   (   77):     bef75a54  000aef60  [heap]
I/DEBUG   (   77):     bef75a58  40a45478  /dev/ashmem/dalvik-heap (deleted)
I/DEBUG   (   77):     bef75a5c  b4bf7799  
I/DEBUG   (   77):     bef75a60  4083bdfd  /system/lib/libdvm.so
I/DEBUG   (   77):     bef75a64  fffffbdf  
I/DEBUG   (   77):     bef75a68  0000f2b8  [heap]
I/DEBUG   (   77):     bef75a6c  4019f96c  /system/lib/libandroid_runtime.so
I/DEBUG   (   77):     bef75a70  0000f2b8  [heap]
I/DEBUG   (   77):     bef75a74  401cb65b  /system/lib/libnativehelper.so
I/DEBUG   (   77): #01 bef75a78  4019f96c  /system/lib/libandroid_runtime.so
I/DEBUG   (   77):     bef75a7c  401cb65b  /system/lib/libnativehelper.so
I/DEBUG   (   77):     bef75a80  401a84c4  /system/lib/libandroid_runtime.so
I/DEBUG   (   77):     bef75a84  00000004  
I/DEBUG   (   77):     bef75a88  0000f2b8  [heap]
I/DEBUG   (   77):     bef75a8c  00000000  
I/DEBUG   (   77):     bef75a90  401a8fa8  /system/lib/libandroid_runtime.so
I/DEBUG   (   77):     bef75a94  4019f96c  /system/lib/libandroid_runtime.so
I/DEBUG   (   77):     bef75a98  0000f2b8  [heap]
I/DEBUG   (   77):     bef75a9c  4019f9bc  /system/lib/libandroid_runtime.so
I/DEBUG   (   77):     bef75aa0  00000001  
I/DEBUG   (   77):     bef75aa4  40181c81  /system/lib/libandroid_runtime.so
I/DEBUG   (   77):     bef75aa8  4019f96c  /system/lib/libandroid_runtime.so
I/DEBUG   (   77):     bef75aac  40149a41  /system/lib/libandroid_runtime.so
I/DEBUG   (   77):     bef75ab0  0000f2b8  [heap]
I/DEBUG   (   77):     bef75ab4  fffffe40  
I/DEBUG   (   77):     bef75ab8  bef75b94  [stack]
I/DEBUG   (   77):     bef75abc  40149a77  /system/lib/libandroid_runtime.so
I/ServiceManager(   74): service 'media.audio_flinger' died
I/ServiceManager(   74): service 'media.player' died
I/ServiceManager(   74): service 'media.camera' died
I/ServiceManager(   74): service 'media.audio_policy' died
I/Netd    (  392): Netd 1.0 starting
D/AndroidRuntime(  393): 
D/AndroidRuntime(  393): >>>>>> AndroidRuntime START com.android.internal.os.ZygoteInit <<<<<<
D/AndroidRuntime(  393): CheckJNI is OFF
I/        (  394): ServiceManager: 0xf958
I/HTC Acoustic(  394): libhtc_acoustic.so version 2.0.0.6.
I/HTC Acoustic(  394): deonvvv gingerbread test.
I/HTC Acoustic(  394): open /system/etc/AudioPara4_WB.csv success.
I/HTC Acoustic(  394): acoustic table version: MAL_WB_20110217
I/HTC Acoustic(  394): read_audio_para_from_file success.
E/HTC Acoustic(  394): Fail to open /system/etc/AudioPara_HTC-WWE.csv -1.
I/HTC Acoustic(  394): open /system/etc/AudioPara4.csv success.
I/HTC Acoustic(  394): acoustic table version: MAL_Gerenic_20110509
I/HTC Acoustic(  394): read_audio_para_from_file success.
W/dalvikvm(  393): VFY: unable to find class referenced in signature (Landroid/content/res/PackageRedirectionMap;)
I/dalvikvm(  393): Could not find method android.content.res.PackageRedirectionMap.getPackageId, referenced from method android.content.res.AssetManager.addRedirections
W/dalvikvm(  393): VFY: unable to resolve virtual method 10109: Landroid/content/res/PackageRedirectionMap;.getPackageId ()I
D/dalvikvm(  393): VFY: replacing opcode 0x6e at 0x000e
I/HTC Acoustic(  394): get_audpp_filter
I/HTC Acoustic(  394): open /system/etc/AudioFilter.csv success.
I/HTC Acoustic(  394): MBADRC Filter MBADRC FLAG = ffff.
E/HTC Acoustic(  394): set mbadrc filter error.
I/HTC Acoustic(  394): failed to set audpp parameters, exiting.
I/HTC Acoustic(  394): get_audpre_filter
I/HTC Acoustic(  394): open /system/etc/AudioPreProcess.csv success.
D/AudioHardwareMSM72XX(  394): mNumSndEndpoints = 151
V/AudioHardwareMSM72XX(  394): constructed 151 SND endpoints)
D/AudioHardwareMSM72XX(  394): BT MATCH HANDSET
D/AudioHardwareMSM72XX(  394): BT MATCH SPEAKER
D/AudioHardwareMSM72XX(  394): BT MATCH HEADSET
D/AudioHardwareMSM72XX(  394): BT MATCH BT
D/AudioHardwareMSM72XX(  394): BT MATCH CARKIT
D/AudioHardwareMSM72XX(  394): BT MATCH TTY_FULL
D/AudioHardwareMSM72XX(  394): BT MATCH TTY_VCO
D/AudioHardwareMSM72XX(  394): BT MATCH TTY_HCO
D/AudioHardwareMSM72XX(  394): BT MATCH NO_MIC_HEADSET
D/AudioHardwareMSM72XX(  394): BT MATCH FM_HEADSET
D/AudioHardwareMSM72XX(  394): BT MATCH HEADSET_AND_SPEAKER
D/AudioHardwareMSM72XX(  394): BT MATCH FM_SPEAKER
D/AudioHardwareMSM72XX(  394): BT MATCH BT_EC_OFF
D/AudioHardwareMSM72XX(  394): BT MATCH BT_EC_OFF
D/AudioHardwareMSM72XX(  394): BT MATCH CURRENT
I/AudioFlinger(  394): Loaded primary audio interface from LEGACY Audio HW HAL (audio)
I/AudioFlinger(  394): Using 'LEGACY Audio HW HAL' (audio.primary) as the primary audio interface
I/AudioFlinger(  394): Loaded a2dp audio interface from A2DP Audio HW HAL (audio)
D/AudioHardwareInterface(  394): setMode(NORMAL)
I/AudioHardwareMSM72XX(  394): Set master volume to 5.
I/CameraService(  394): CameraService started (pid=394)
E/HAL     (  394): load: module=/system/lib/hw/camera.marvel.so
E/HAL     (  394): Cannot load library: link_image[1965]:   394 could not load needed library 'libcamera.so' for 'camera.marvel.so' (reloc_library[1314]:   394 cannot locate '_debug_pthread_create'...
E/HAL     (  394): )
E/CameraService(  394): Could not load camera HAL module
I/AudioFlinger(  394): AudioFlinger's thread 0x16f90 ready to run
W/AudioFlinger(  394): Thread AudioOut_1 cannot connect to the power manager service
V/AudioHardwareMSM72XX(  394): AudioStreamOutMSM72xx::setParameters() routing=2
V/AudioHardwareMSM72XX(  394): set output routing 2
I/AudioHardwareMSM72XX(  394): Routing audio to Speakerphone
V/AudioHardwareMSM72XX(  394): doAudioRouteOrMute() device 1, mMode 0, mMicMute 1
D/AudioHardwareMSM72XX(  394): setVoiceVolume(1.000000)
I/AudioHardwareMSM72XX(  394): Setting in-call volume to 5 (available range is 0 to 5)
I/AudioPolicyService(  394): Loaded audio policy from LEGACY Audio Policy HAL (audio_policy)
D/dalvikvm(  393): DexOpt: couldn't find field Landroid/database/sqlite/SQLiteDatabase;.mCanDumpMonitoredSql
W/dalvikvm(  393): VFY: unable to resolve instance field 9348
D/dalvikvm(  393): VFY: replacing opcode 0x55 at 0x0004
E/JNIHelp (  393): Native registration unable to find class 'com/android/server/NetworkManagementSocketTagger', aborting
F/libc    (  393): Fatal signal 11 (SIGSEGV) at 0xdeadbaad (code=1)
I/DEBUG   (   77): *** *** *** *** *** *** *** *** *** *** *** *** *** *** *** ***
I/DEBUG   (   77): Build fingerprint: 'htc_europe/htc_golfu/golfu:4.0.3/IML74K/62541.1:user/release-keys'
I/DEBUG   (   77): pid: 393, tid: 393  >>> zygote <<<
I/DEBUG   (   77): signal 11 (SIGSEGV), code 1 (SEGV_MAPERR), fault addr deadbaad
I/DEBUG   (   77):  r0 deadbaad  r1 0000000c  r2 00000027  r3 a0000000
I/DEBUG   (   77):  r4 00000000  r5 00000080  r6 40199b7c  r7 bec00a88
I/DEBUG   (   77):  r8 00000000  r9 00000000  10 00000000  fp 00000000
I/DEBUG   (   77):  ip ffffffff  sp bec00a50  lr 4001ee9f  pc 4001b656  cpsr 00000030
I/DEBUG   (   77):  d0  3f4000003f400000  d1  0000000000000000
I/DEBUG   (   77):  d2  0000000000000000  d3  0000000000000000
I/DEBUG   (   77):  d4  0000000000000000  d5  0000000000000000
I/DEBUG   (   77):  d6  0000000000000000  d7  000000003f800000
I/DEBUG   (   77):  d8  0000000000000000  d9  0000000000000000
I/DEBUG   (   77):  d10 0000000000000000  d11 0000000000000000
I/DEBUG   (   77):  d12 0000000000000000  d13 0000000000000000
I/DEBUG   (   77):  d14 0000000000000000  d15 0000000000000000
I/DEBUG   (   77):  scr 60000000
I/DEBUG   (   77): 
I/DEBUG   (   77):          #00  pc 00017656  /system/lib/libc.so
I/DEBUG   (   77):          #01  pc 0000c658  /system/lib/libnativehelper.so (jniRegisterNativeMethods)
I/DEBUG   (   77): 
I/DEBUG   (   77): code around pc:
I/DEBUG   (   77): 4001b634 1c2bd00c 2d00682d e027d1fb 2a0068da  ..+.-h.-..'..h.*
I/DEBUG   (   77): 4001b644 4b16d004 447b2001 47906018 22274814  ...K. {D.`.G.H'"
I/DEBUG   (   77): 4001b654 70022580 ef8cf7f4 f7f62106 aa01e81a  .%.p.....!......
I/DEBUG   (   77): 4001b664 05692400 60546091 20061c11 f7f59401  .$i..`T`... ....
I/DEBUG   (   77): 4001b674 a905ebe6 20022200 ebeef7f5 ef78f7f4  .....". ......x.
I/DEBUG   (   77): 
I/DEBUG   (   77): code around lr:
I/DEBUG   (   77): 4001ee7c 4b0db5f0 447bb083 681c2600 68a59001  ...K..{D.&.h...h
I/DEBUG   (   77): 4001ee8c e0086867 5ea8220c dd032800 99011c28  gh...".^.(..(...
I/DEBUG   (   77): 4001ee9c 43064788 3f013554 6824d5f4 d1ee2c00  .G.CT5.?..$h.,..
I/DEBUG   (   77): 4001eeac 1c30b003 46c0bdf0 00028662 1c0fb5f0  ..0....Fb.......
I/DEBUG   (   77): 4001eebc b0891c3d a9064355 604d9103 90064914  =...UC....M`.I..
I/DEBUG   (   77): 
I/DEBUG   (   77): memory map around addr deadbaad:
I/DEBUG   (   77): bebe0000-bec01000 [stack]
I/DEBUG   (   77): (no map for address)
I/DEBUG   (   77): (no map above)
I/DEBUG   (   77): 
I/DEBUG   (   77): stack:
I/DEBUG   (   77):     bec00a10  40a45478  /dev/ashmem/dalvik-heap (deleted)
I/DEBUG   (   77):     bec00a14  00012800  [heap]
I/DEBUG   (   77):     bec00a18  40047720  /system/lib/libc.so
I/DEBUG   (   77):     bec00a1c  400476b0  /system/lib/libc.so
I/DEBUG   (   77):     bec00a20  00000000  
I/DEBUG   (   77):     bec00a24  4001ee9f  /system/lib/libc.so
I/DEBUG   (   77):     bec00a28  00000000  
I/DEBUG   (   77):     bec00a2c  4001dc05  /system/lib/libc.so
I/DEBUG   (   77):     bec00a30  00000000  
I/DEBUG   (   77):     bec00a34  00000000  
I/DEBUG   (   77):     bec00a38  00000000  
I/DEBUG   (   77):     bec00a3c  40199b7c  /system/lib/libandroid_runtime.so
I/DEBUG   (   77):     bec00a40  bec00a88  [stack]
I/DEBUG   (   77):     bec00a44  4001e01d  /system/lib/libc.so
I/DEBUG   (   77):     bec00a48  df0027ad  
I/DEBUG   (   77):     bec00a4c  00000000  
I/DEBUG   (   77): #00 bec00a50  00000000  
I/DEBUG   (   77):     bec00a54  000af608  [heap]
I/DEBUG   (   77):     bec00a58  40a45478  /dev/ashmem/dalvik-heap (deleted)
I/DEBUG   (   77):     bec00a5c  162aef4c  
I/DEBUG   (   77):     bec00a60  4083bdfd  /system/lib/libdvm.so
I/DEBUG   (   77):     bec00a64  fffffbdf  
I/DEBUG   (   77):     bec00a68  0000f2b8  [heap]
I/DEBUG   (   77):     bec00a6c  4019f96c  /system/lib/libandroid_runtime.so
I/DEBUG   (   77):     bec00a70  0000f2b8  [heap]
I/DEBUG   (   77):     bec00a74  401cb65b  /system/lib/libnativehelper.so
I/DEBUG   (   77): #01 bec00a78  4019f96c  /system/lib/libandroid_runtime.so
I/DEBUG   (   77):     bec00a7c  401cb65b  /system/lib/libnativehelper.so
I/DEBUG   (   77):     bec00a80  401a84c4  /system/lib/libandroid_runtime.so
I/DEBUG   (   77):     bec00a84  00000004  
I/DEBUG   (   77):     bec00a88  0000f2b8  [heap]
I/DEBUG   (   77):     bec00a8c  00000000  
I/DEBUG   (   77):     bec00a90  401a8fa8  /system/lib/libandroid_runtime.so
I/DEBUG   (   77):     bec00a94  4019f96c  /system/lib/libandroid_runtime.so
I/DEBUG   (   77):     bec00a98  0000f2b8  [heap]
I/DEBUG   (   77):     bec00a9c  4019f9bc  /system/lib/libandroid_runtime.so
I/DEBUG   (   77):     bec00aa0  00000001  
I/DEBUG   (   77):     bec00aa4  40181c81  /system/lib/libandroid_runtime.so
I/DEBUG   (   77):     bec00aa8  4019f96c  /system/lib/libandroid_runtime.so
I/DEBUG   (   77):     bec00aac  40149a41  /system/lib/libandroid_runtime.so
I/DEBUG   (   77):     bec00ab0  0000f2b8  [heap]
I/DEBUG   (   77):     bec00ab4  fffffe40  
I/DEBUG   (   77):     bec00ab8  bec00b94  [stack]
I/DEBUG   (   77):     bec00abc  40149a77  /system/lib/libandroid_runtime.so
I/ServiceManager(   74): service 'media.audio_flinger' died
I/ServiceManager(   74): service 'media.player' died
I/ServiceManager(   74): service 'media.camera' died
I/ServiceManager(   74): service 'media.audio_policy' died
I/Netd    (  419): Netd 1.0 starting
D/AndroidRuntime(  420): 
D/AndroidRuntime(  420): >>>>>> AndroidRuntime START com.android.internal.os.ZygoteInit <<<<<<
D/AndroidRuntime(  420): CheckJNI is OFF
I/        (  421): ServiceManager: 0xf958
I/HTC Acoustic(  421): libhtc_acoustic.so version 2.0.0.6.
I/HTC Acoustic(  421): deonvvv gingerbread test.
I/HTC Acoustic(  421): open /system/etc/AudioPara4_WB.csv success.
I/HTC Acoustic(  421): acoustic table version: MAL_WB_20110217
