I/AudioHardwareMSM72XX(  205): Setting in-call volume to 5 (available range is 0 to 5)
I/AudioPolicyService(  205): Loaded audio policy from LEGACY Audio Policy HAL (audio_policy)
D/dalvikvm(  204): DexOpt: couldn't find field Landroid/database/sqlite/SQLiteDatabase;.mCanDumpMonitoredSql
W/dalvikvm(  204): VFY: unable to resolve instance field 9348
D/dalvikvm(  204): VFY: replacing opcode 0x55 at 0x0004
E/JNIHelp (  204): Native registration unable to find class 'com/android/server/NetworkManagementSocketTagger', aborting
F/libc    (  204): Fatal signal 11 (SIGSEGV) at 0xdeadbaad (code=1)
I/DEBUG   (   77): *** *** *** *** *** *** *** *** *** *** *** *** *** *** *** ***
I/DEBUG   (   77): Build fingerprint: 'htc_europe/htc_golfu/golfu:4.0.3/IML74K/62541.1:user/release-keys'
I/DEBUG   (   77): pid: 204, tid: 204  >>> zygote <<<
I/DEBUG   (   77): signal 11 (SIGSEGV), code 1 (SEGV_MAPERR), fault addr deadbaad
I/DEBUG   (   77):  r0 deadbaad  r1 0000000c  r2 00000027  r3 a0000000
I/DEBUG   (   77):  r4 00000000  r5 00000080  r6 40199b7c  r7 bec12a88
I/DEBUG   (   77):  r8 00000000  r9 00000000  10 00000000  fp 00000000
I/DEBUG   (   77):  ip ffffffff  sp bec12a50  lr 4001ee9f  pc 4001b656  cpsr 00000030
I/DEBUG   (   77):  d0  3f4000003f400000  d1  0000000000000000
I/DEBUG   (   77):  d2  0000000000000000  d3  0000000000000000
I/DEBUG   (   77):  d4  0000000000000000  d5  0000000000000000
I/DEBUG   (   77):  d6  0000000000000000  d7  000000003f800000
I/DEBUG   (   77):  d8  0000000000000000  d9  0000000000000000
I/DEBUG   (   77):  d10 0000000000000000  d11 0000000000000000
I/DEBUG   (   77):  d12 0000000000000000  d13 0000000000000000
I/DEBUG   (   77):  d14 0000000000000000  d15 0000000000000000
I/DEBUG   (   77):  scr 60000000
I/DEBUG   (   77): 
I/DEBUG   (   77):          #00  pc 00017656  /system/lib/libc.so
I/DEBUG   (   77):          #01  pc 0000c658  /system/lib/libnativehelper.so (jniRegisterNativeMethods)
I/DEBUG   (   77): 
I/DEBUG   (   77): code around pc:
I/DEBUG   (   77): 4001b634 1c2bd00c 2d00682d e027d1fb 2a0068da  ..+.-h.-..'..h.*
I/DEBUG   (   77): 4001b644 4b16d004 447b2001 47906018 22274814  ...K. {D.`.G.H'"
I/DEBUG   (   77): 4001b654 70022580 ef8cf7f4 f7f62106 aa01e81a  .%.p.....!......
I/DEBUG   (   77): 4001b664 05692400 60546091 20061c11 f7f59401  .$i..`T`... ....
I/DEBUG   (   77): 4001b674 a905ebe6 20022200 ebeef7f5 ef78f7f4  .....". ......x.
I/DEBUG   (   77): 
I/DEBUG   (   77): code around lr:
I/DEBUG   (   77): 4001ee7c 4b0db5f0 447bb083 681c2600 68a59001  ...K..{D.&.h...h
I/DEBUG   (   77): 4001ee8c e0086867 5ea8220c dd032800 99011c28  gh...".^.(..(...
I/DEBUG   (   77): 4001ee9c 43064788 3f013554 6824d5f4 d1ee2c00  .G.CT5.?..$h.,..
I/DEBUG   (   77): 4001eeac 1c30b003 46c0bdf0 00028662 1c0fb5f0  ..0....Fb.......
I/DEBUG   (   77): 4001eebc b0891c3d a9064355 604d9103 90064914  =...UC....M`.I..
I/DEBUG   (   77): 
I/DEBUG   (   77): memory map around addr deadbaad:
I/DEBUG   (   77): bebf2000-bec13000 [stack]
I/DEBUG   (   77): (no map for address)
I/DEBUG   (   77): (no map above)
I/DEBUG   (   77): 
I/DEBUG   (   77): stack:
I/DEBUG   (   77):     bec12a10  40a45478  /dev/ashmem/dalvik-heap (deleted)
I/DEBUG   (   77):     bec12a14  00012800  [heap]
I/DEBUG   (   77):     bec12a18  40047720  /system/lib/libc.so
I/DEBUG   (   77):     bec12a1c  400476b0  /system/lib/libc.so
I/DEBUG   (   77):     bec12a20  00000000  
I/DEBUG   (   77):     bec12a24  4001ee9f  /system/lib/libc.so
I/DEBUG   (   77):     bec12a28  00000000  
I/DEBUG   (   77):     bec12a2c  4001dc05  /system/lib/libc.so
I/DEBUG   (   77):     bec12a30  00000000  
I/DEBUG   (   77):     bec12a34  00000000  
I/DEBUG   (   77):     bec12a38  00000000  
I/DEBUG   (   77):     bec12a3c  40199b7c  /system/lib/libandroid_runtime.so
I/DEBUG   (   77):     bec12a40  bec12a88  [stack]
I/DEBUG   (   77):     bec12a44  4001e01d  /system/lib/libc.so
I/DEBUG   (   77):     bec12a48  df0027ad  
I/DEBUG   (   77):     bec12a4c  00000000  
I/DEBUG   (   77): #00 bec12a50  00000000  
I/DEBUG   (   77):     bec12a54  000ad300  [heap]
I/DEBUG   (   77):     bec12a58  40a45478  /dev/ashmem/dalvik-heap (deleted)
I/DEBUG   (   77):     bec12a5c  6c2b531f  
I/DEBUG   (   77):     bec12a60  4083bdfd  /system/lib/libdvm.so
I/DEBUG   (   77):     bec12a64  fffffbdf  
I/DEBUG   (   77):     bec12a68  0000f2b8  [heap]
I/DEBUG   (   77):     bec12a6c  4019f96c  /system/lib/libandroid_runtime.so
I/DEBUG   (   77):     bec12a70  0000f2b8  [heap]
I/DEBUG   (   77):     bec12a74  401cb65b  /system/lib/libnativehelper.so
I/DEBUG   (   77): #01 bec12a78  4019f96c  /system/lib/libandroid_runtime.so
I/DEBUG   (   77):     bec12a7c  401cb65b  /system/lib/libnativehelper.so
I/DEBUG   (   77):     bec12a80  401a84c4  /system/lib/libandroid_runtime.so
I/DEBUG   (   77):     bec12a84  00000004  
I/DEBUG   (   77):     bec12a88  0000f2b8  [heap]
I/DEBUG   (   77):     bec12a8c  00000000  
I/DEBUG   (   77):     bec12a90  401a8fa8  /system/lib/libandroid_runtime.so
I/DEBUG   (   77):     bec12a94  4019f96c  /system/lib/libandroid_runtime.so
I/DEBUG   (   77):     bec12a98  0000f2b8  [heap]
I/DEBUG   (   77):     bec12a9c  4019f9bc  /system/lib/libandroid_runtime.so
I/DEBUG   (   77):     bec12aa0  00000001  
I/DEBUG   (   77):     bec12aa4  40181c81  /system/lib/libandroid_runtime.so
I/DEBUG   (   77):     bec12aa8  4019f96c  /system/lib/libandroid_runtime.so
I/DEBUG   (   77):     bec12aac  40149a41  /system/lib/libandroid_runtime.so
I/DEBUG   (   77):     bec12ab0  0000f2b8  [heap]
I/DEBUG   (   77):     bec12ab4  fffffe40  
I/DEBUG   (   77):     bec12ab8  bec12b94  [stack]
I/DEBUG   (   77):     bec12abc  40149a77  /system/lib/libandroid_runtime.so
I/ServiceManager(   74): service 'media.audio_flinger' died
I/ServiceManager(   74): service 'media.player' died
I/ServiceManager(   74): service 'media.camera' died
I/ServiceManager(   74): service 'media.audio_policy' died
I/Netd    (  230): Netd 1.0 starting
D/AndroidRuntime(  231): 
D/AndroidRuntime(  231): >>>>>> AndroidRuntime START com.android.internal.os.ZygoteInit <<<<<<
D/AndroidRuntime(  231): CheckJNI is OFF
I/        (  232): ServiceManager: 0xf958
I/HTC Acoustic(  232): libhtc_acoustic.so version 2.0.0.6.
I/HTC Acoustic(  232): deonvvv gingerbread test.
I/HTC Acoustic(  232): open /system/etc/AudioPara4_WB.csv success.
I/HTC Acoustic(  232): acoustic table version: MAL_WB_20110217
I/HTC Acoustic(  232): read_audio_para_from_file success.
E/HTC Acoustic(  232): Fail to open /system/etc/AudioPara_HTC-WWE.csv -1.
I/HTC Acoustic(  232): open /system/etc/AudioPara4.csv success.
I/HTC Acoustic(  232): acoustic table version: MAL_Gerenic_20110509
I/HTC Acoustic(  232): read_audio_para_from_file success.
W/dalvikvm(  231): VFY: unable to find class referenced in signature (Landroid/content/res/PackageRedirectionMap;)
I/dalvikvm(  231): Could not find method android.content.res.PackageRedirectionMap.getPackageId, referenced from method android.content.res.AssetManager.addRedirections
W/dalvikvm(  231): VFY: unable to resolve virtual method 10109: Landroid/content/res/PackageRedirectionMap;.getPackageId ()I
D/dalvikvm(  231): VFY: replacing opcode 0x6e at 0x000e
I/HTC Acoustic(  232): get_audpp_filter
I/HTC Acoustic(  232): open /system/etc/AudioFilter.csv success.
I/HTC Acoustic(  232): MBADRC Filter MBADRC FLAG = ffff.
E/HTC Acoustic(  232): set mbadrc filter error.
I/HTC Acoustic(  232): failed to set audpp parameters, exiting.
I/HTC Acoustic(  232): get_audpre_filter
I/HTC Acoustic(  232): open /system/etc/AudioPreProcess.csv success.
D/AudioHardwareMSM72XX(  232): mNumSndEndpoints = 151
V/AudioHardwareMSM72XX(  232): constructed 151 SND endpoints)
D/AudioHardwareMSM72XX(  232): BT MATCH HANDSET
D/AudioHardwareMSM72XX(  232): BT MATCH SPEAKER
D/AudioHardwareMSM72XX(  232): BT MATCH HEADSET
D/AudioHardwareMSM72XX(  232): BT MATCH BT
D/AudioHardwareMSM72XX(  232): BT MATCH CARKIT
D/AudioHardwareMSM72XX(  232): BT MATCH TTY_FULL
D/AudioHardwareMSM72XX(  232): BT MATCH TTY_VCO
D/AudioHardwareMSM72XX(  232): BT MATCH TTY_HCO
D/AudioHardwareMSM72XX(  232): BT MATCH NO_MIC_HEADSET
D/AudioHardwareMSM72XX(  232): BT MATCH FM_HEADSET
D/AudioHardwareMSM72XX(  232): BT MATCH HEADSET_AND_SPEAKER
D/AudioHardwareMSM72XX(  232): BT MATCH FM_SPEAKER
D/AudioHardwareMSM72XX(  232): BT MATCH BT_EC_OFF
D/AudioHardwareMSM72XX(  232): BT MATCH BT_EC_OFF
D/AudioHardwareMSM72XX(  232): BT MATCH CURRENT
I/AudioFlinger(  232): Loaded primary audio interface from LEGACY Audio HW HAL (audio)
I/AudioFlinger(  232): Using 'LEGACY Audio HW HAL' (audio.primary) as the primary audio interface
I/AudioFlinger(  232): Loaded a2dp audio interface from A2DP Audio HW HAL (audio)
D/AudioHardwareInterface(  232): setMode(NORMAL)
I/AudioHardwareMSM72XX(  232): Set master volume to 5.
I/CameraService(  232): CameraService started (pid=232)
E/HAL     (  232): load: module=/system/lib/hw/camera.marvel.so
E/HAL     (  232): Cannot load library: link_image[1965]:   232 could not load needed library 'libcamera.so' for 'camera.marvel.so' (reloc_library[1314]:   232 cannot locate '_debug_pthread_create'...
E/HAL     (  232): )
E/CameraService(  232): Could not load camera HAL module
I/AudioFlinger(  232): AudioFlinger's thread 0x16f90 ready to run
W/AudioFlinger(  232): Thread AudioOut_1 cannot connect to the power manager service
V/AudioHardwareMSM72XX(  232): AudioStreamOutMSM72xx::setParameters() routing=2
V/AudioHardwareMSM72XX(  232): set output routing 2
I/AudioHardwareMSM72XX(  232): Routing audio to Speakerphone
V/AudioHardwareMSM72XX(  232): doAudioRouteOrMute() device 1, mMode 0, mMicMute 1
D/AudioHardwareMSM72XX(  232): setVoiceVolume(1.000000)
I/AudioHardwareMSM72XX(  232): Setting in-call volume to 5 (available range is 0 to 5)
I/AudioPolicyService(  232): Loaded audio policy from LEGACY Audio Policy HAL (audio_policy)
D/dalvikvm(  231): DexOpt: couldn't find field Landroid/database/sqlite/SQLiteDatabase;.mCanDumpMonitoredSql
W/dalvikvm(  231): VFY: unable to resolve instance field 9348
D/dalvikvm(  231): VFY: replacing opcode 0x55 at 0x0004
E/JNIHelp (  231): Native registration unable to find class 'com/android/server/NetworkManagementSocketTagger', aborting
F/libc    (  231): Fatal signal 11 (SIGSEGV) at 0xdeadbaad (code=1)
I/DEBUG   (   77): *** *** *** *** *** *** *** *** *** *** *** *** *** *** *** ***
I/DEBUG   (   77): Build fingerprint: 'htc_europe/htc_golfu/golfu:4.0.3/IML74K/62541.1:user/release-keys'
I/DEBUG   (   77): pid: 231, tid: 231  >>> zygote <<<
I/DEBUG   (   77): signal 11 (SIGSEGV), code 1 (SEGV_MAPERR), fault addr deadbaad
I/DEBUG   (   77):  r0 deadbaad  r1 0000000c  r2 00000027  r3 a0000000
I/DEBUG   (   77):  r4 00000000  r5 00000080  r6 40199b7c  r7 be974a88
I/DEBUG   (   77):  r8 00000000  r9 00000000  10 00000000  fp 00000000
I/DEBUG   (   77):  ip ffffffff  sp be974a50  lr 4001ee9f  pc 4001b656  cpsr 00000030
I/DEBUG   (   77):  d0  3f4000003f400000  d1  0000000000000000
I/DEBUG   (   77):  d2  0000000000000000  d3  0000000000000000
I/DEBUG   (   77):  d4  0000000000000000  d5  0000000000000000
I/DEBUG   (   77):  d6  0000000000000000  d7  000000003f800000
I/DEBUG   (   77):  d8  0000000000000000  d9  0000000000000000
I/DEBUG   (   77):  d10 0000000000000000  d11 0000000000000000
I/DEBUG   (   77):  d12 0000000000000000  d13 0000000000000000
I/DEBUG   (   77):  d14 0000000000000000  d15 0000000000000000
I/DEBUG   (   77):  scr 60000000
I/DEBUG   (   77): 
I/DEBUG   (   77):          #00  pc 00017656  /system/lib/libc.so
I/DEBUG   (   77):          #01  pc 0000c658  /system/lib/libnativehelper.so (jniRegisterNativeMethods)
I/DEBUG   (   77): 
I/DEBUG   (   77): code around pc:
I/DEBUG   (   77): 4001b634 1c2bd00c 2d00682d e027d1fb 2a0068da  ..+.-h.-..'..h.*
I/DEBUG   (   77): 4001b644 4b16d004 447b2001 47906018 22274814  ...K. {D.`.G.H'"
I/DEBUG   (   77): 4001b654 70022580 ef8cf7f4 f7f62106 aa01e81a  .%.p.....!......
I/DEBUG   (   77): 4001b664 05692400 60546091 20061c11 f7f59401  .$i..`T`... ....
I/DEBUG   (   77): 4001b674 a905ebe6 20022200 ebeef7f5 ef78f7f4  .....". ......x.
I/DEBUG   (   77): 
I/DEBUG   (   77): code around lr:
I/DEBUG   (   77): 4001ee7c 4b0db5f0 447bb083 681c2600 68a59001  ...K..{D.&.h...h
I/DEBUG   (   77): 4001ee8c e0086867 5ea8220c dd032800 99011c28  gh...".^.(..(...
I/DEBUG   (   77): 4001ee9c 43064788 3f013554 6824d5f4 d1ee2c00  .G.CT5.?..$h.,..
I/DEBUG   (   77): 4001eeac 1c30b003 46c0bdf0 00028662 1c0fb5f0  ..0....Fb.......
I/DEBUG   (   77): 4001eebc b0891c3d a9064355 604d9103 90064914  =...UC....M`.I..
I/DEBUG   (   77): 
I/DEBUG   (   77): memory map around addr deadbaad:
I/DEBUG   (   77): be954000-be975000 [stack]
I/DEBUG   (   77): (no map for address)
I/DEBUG   (   77): (no map above)
I/DEBUG   (   77): 
I/DEBUG   (   77): stack:
I/DEBUG   (   77):     be974a10  40a45478  /dev/ashmem/dalvik-heap (deleted)
I/DEBUG   (   77):     be974a14  00012800  [heap]
I/DEBUG   (   77):     be974a18  40047720  /system/lib/libc.so
I/DEBUG   (   77):     be974a1c  400476b0  /system/lib/libc.so
I/DEBUG   (   77):     be974a20  00000000  
I/DEBUG   (   77):     be974a24  4001ee9f  /system/lib/libc.so
I/DEBUG   (   77):     be974a28  00000000  
I/DEBUG   (   77):     be974a2c  4001dc05  /system/lib/libc.so
I/DEBUG   (   77):     be974a30  00000000  
I/DEBUG   (   77):     be974a34  00000000  
I/DEBUG   (   77):     be974a38  00000000  
I/DEBUG   (   77):     be974a3c  40199b7c  /system/lib/libandroid_runtime.so
I/DEBUG   (   77):     be974a40  be974a88  [stack]
I/DEBUG   (   77):     be974a44  4001e01d  /system/lib/libc.so
I/DEBUG   (   77):     be974a48  df0027ad  
I/DEBUG   (   77):     be974a4c  00000000  
I/DEBUG   (   77): #00 be974a50  00000000  
I/DEBUG   (   77):     be974a54  000b0738  [heap]
I/DEBUG   (   77):     be974a58  40a45478  /dev/ashmem/dalvik-heap (deleted)
I/DEBUG   (   77):     be974a5c  a8af5f26  
I/DEBUG   (   77):     be974a60  4083bdfd  /system/lib/libdvm.so
I/DEBUG   (   77):     be974a64  fffffbdf  
I/DEBUG   (   77):     be974a68  0000f2b8  [heap]
I/DEBUG   (   77):     be974a6c  4019f96c  /system/lib/libandroid_runtime.so
I/DEBUG   (   77):     be974a70  0000f2b8  [heap]
I/DEBUG   (   77):     be974a74  401cb65b  /system/lib/libnativehelper.so
I/DEBUG   (   77): #01 be974a78  4019f96c  /system/lib/libandroid_runtime.so
I/DEBUG   (   77):     be974a7c  401cb65b  /system/lib/libnativehelper.so
I/DEBUG   (   77):     be974a80  401a84c4  /system/lib/libandroid_runtime.so
I/DEBUG   (   77):     be974a84  00000004  
I/DEBUG   (   77):     be974a88  0000f2b8  [heap]
I/DEBUG   (   77):     be974a8c  00000000  
I/DEBUG   (   77):     be974a90  401a8fa8  /system/lib/libandroid_runtime.so
I/DEBUG   (   77):     be974a94  4019f96c  /system/lib/libandroid_runtime.so
I/DEBUG   (   77):     be974a98  0000f2b8  [heap]
I/DEBUG   (   77):     be974a9c  4019f9bc  /system/lib/libandroid_runtime.so
I/DEBUG   (   77):     be974aa0  00000001  
I/DEBUG   (   77):     be974aa4  40181c81  /system/lib/libandroid_runtime.so
I/DEBUG   (   77):     be974aa8  4019f96c  /system/lib/libandroid_runtime.so
I/DEBUG   (   77):     be974aac  40149a41  /system/lib/libandroid_runtime.so
I/DEBUG   (   77):     be974ab0  0000f2b8  [heap]
I/DEBUG   (   77):     be974ab4  fffffe40  
I/DEBUG   (   77):     be974ab8  be974b94  [stack]
I/DEBUG   (   77):     be974abc  40149a77  /system/lib/libandroid_runtime.so
I/ServiceManager(   74): service 'media.audio_flinger' died
I/ServiceManager(   74): service 'media.player' died
I/ServiceManager(   74): service 'media.camera' died
I/ServiceManager(   74): service 'media.audio_policy' died
I/Netd    (  257): Netd 1.0 starting
D/AndroidRuntime(  258): 
D/AndroidRuntime(  258): >>>>>> AndroidRuntime START com.android.internal.os.ZygoteInit <<<<<<
D/AndroidRuntime(  258): CheckJNI is OFF
I/        (  259): ServiceManager: 0xf958
I/HTC Acoustic(  259): libhtc_acoustic.so version 2.0.0.6.
I/HTC Acoustic(  259): deonvvv gingerbread test.
I/HTC Acoustic(  259): open /system/etc/AudioPara4_WB.csv success.
I/HTC Acoustic(  259): acoustic table version: MAL_WB_20110217
I/HTC Acoustic(  259): read_audio_para_from_file success.
E/HTC Acoustic(  259): Fail to open /system/etc/AudioPara_HTC-WWE.csv -1.
I/HTC Acoustic(  259): open /system/etc/AudioPara4.csv success.
I/HTC Acoustic(  259): acoustic table version: MAL_Gerenic_20110509
W/dalvikvm(  258): VFY: unable to find class referenced in signature (Landroid/content/res/PackageRedirectionMap;)
I/dalvikvm(  258): Could not find method android.content.res.PackageRedirectionMap.getPackageId, referenced from method android.content.res.AssetManager.addRedirections
W/dalvikvm(  258): VFY: unable to resolve virtual method 10109: Landroid/content/res/PackageRedirectionMap;.getPackageId ()I
D/dalvikvm(  258): VFY: replacing opcode 0x6e at 0x000e
I/HTC Acoustic(  259): read_audio_para_from_file success.
I/HTC Acoustic(  259): get_audpp_filter
I/HTC Acoustic(  259): open /system/etc/AudioFilter.csv success.
I/HTC Acoustic(  259): MBADRC Filter MBADRC FLAG = ffff.
E/HTC Acoustic(  259): set mbadrc filter error.
I/HTC Acoustic(  259): failed to set audpp parameters, exiting.
I/HTC Acoustic(  259): get_audpre_filter
I/HTC Acoustic(  259): open /system/etc/AudioPreProcess.csv success.
D/AudioHardwareMSM72XX(  259): mNumSndEndpoints = 151
V/AudioHardwareMSM72XX(  259): constructed 151 SND endpoints)
D/AudioHardwareMSM72XX(  259): BT MATCH HANDSET
D/AudioHardwareMSM72XX(  259): BT MATCH SPEAKER
D/AudioHardwareMSM72XX(  259): BT MATCH HEADSET
D/AudioHardwareMSM72XX(  259): BT MATCH BT
D/AudioHardwareMSM72XX(  259): BT MATCH CARKIT
D/AudioHardwareMSM72XX(  259): BT MATCH TTY_FULL
D/AudioHardwareMSM72XX(  259): BT MATCH TTY_VCO
D/AudioHardwareMSM72XX(  259): BT MATCH TTY_HCO
D/AudioHardwareMSM72XX(  259): BT MATCH NO_MIC_HEADSET
D/AudioHardwareMSM72XX(  259): BT MATCH FM_HEADSET
D/AudioHardwareMSM72XX(  259): BT MATCH HEADSET_AND_SPEAKER
D/AudioHardwareMSM72XX(  259): BT MATCH FM_SPEAKER
D/AudioHardwareMSM72XX(  259): BT MATCH BT_EC_OFF
D/AudioHardwareMSM72XX(  259): BT MATCH BT_EC_OFF
D/AudioHardwareMSM72XX(  259): BT MATCH CURRENT
I/AudioFlinger(  259): Loaded primary audio interface from LEGACY Audio HW HAL (audio)
I/AudioFlinger(  259): Using 'LEGACY Audio HW HAL' (audio.primary) as the primary audio interface
I/AudioFlinger(  259): Loaded a2dp audio interface from A2DP Audio HW HAL (audio)
D/AudioHardwareInterface(  259): setMode(NORMAL)
I/AudioHardwareMSM72XX(  259): Set master volume to 5.
I/CameraService(  259): CameraService started (pid=259)
E/HAL     (  259): load: module=/system/lib/hw/camera.marvel.so
E/HAL     (  259): Cannot load library: link_image[1965]:   259 could not load needed library 'libcamera.so' for 'camera.marvel.so' (reloc_library[1314]:   259 cannot locate '_debug_pthread_create'...
E/HAL     (  259): )
E/CameraService(  259): Could not load camera HAL module
I/AudioFlinger(  259): AudioFlinger's thread 0x16f90 ready to run
W/AudioFlinger(  259): Thread AudioOut_1 cannot connect to the power manager service
V/AudioHardwareMSM72XX(  259): AudioStreamOutMSM72xx::setParameters() routing=2
V/AudioHardwareMSM72XX(  259): set output routing 2
I/AudioHardwareMSM72XX(  259): Routing audio to Speakerphone
V/AudioHardwareMSM72XX(  259): doAudioRouteOrMute() device 1, mMode 0, mMicMute 1
D/AudioHardwareMSM72XX(  259): setVoiceVolume(1.000000)
I/AudioHardwareMSM72XX(  259): Setting in-call volume to 5 (available range is 0 to 5)
I/AudioPolicyService(  259): Loaded audio policy from LEGACY Audio Policy HAL (audio_policy)
D/dalvikvm(  258): DexOpt: couldn't find field Landroid/database/sqlite/SQLiteDatabase;.mCanDumpMonitoredSql
W/dalvikvm(  258): VFY: unable to resolve instance field 9348
D/dalvikvm(  258): VFY: replacing opcode 0x55 at 0x0004
E/JNIHelp (  258): Native registration unable to find class 'com/android/server/NetworkManagementSocketTagger', aborting
F/libc    (  258): Fatal signal 11 (SIGSEGV) at 0xdeadbaad (code=1)
I/DEBUG   (   77): *** *** *** *** *** *** *** *** *** *** *** *** *** *** *** ***
I/DEBUG   (   77): Build fingerprint: 'htc_europe/htc_golfu/golfu:4.0.3/IML74K/62541.1:user/release-keys'
I/DEBUG   (   77): pid: 258, tid: 258  >>> zygote <<<
I/DEBUG   (   77): signal 11 (SIGSEGV), code 1 (SEGV_MAPERR), fault addr deadbaad
I/DEBUG   (   77):  r0 deadbaad  r1 0000000c  r2 00000027  r3 a0000000
I/DEBUG   (   77):  r4 00000000  r5 00000080  r6 40199b7c  r7 beb0fa88
I/DEBUG   (   77):  r8 00000000  r9 00000000  10 00000000  fp 00000000
I/DEBUG   (   77):  ip ffffffff  sp beb0fa50  lr 4001ee9f  pc 4001b656  cpsr 00000030
I/DEBUG   (   77):  d0  3f4000003f400000  d1  0000000000000000
I/DEBUG   (   77):  d2  0000000000000000  d3  0000000000000000
I/DEBUG   (   77):  d4  0000000000000000  d5  0000000000000000
I/DEBUG   (   77):  d6  0000000000000000  d7  000000003f800000
I/DEBUG   (   77):  d8  0000000000000000  d9  0000000000000000
I/DEBUG   (   77):  d10 0000000000000000  d11 0000000000000000
I/DEBUG   (   77):  d12 0000000000000000  d13 0000000000000000
I/DEBUG   (   77):  d14 0000000000000000  d15 0000000000000000
I/DEBUG   (   77):  scr 60000000
I/DEBUG   (   77): 
I/DEBUG   (   77):          #00  pc 00017656  /system/lib/libc.so
I/DEBUG   (   77):          #01  pc 0000c658  /system/lib/libnativehelper.so (jniRegisterNativeMethods)
I/DEBUG   (   77): 
I/DEBUG   (   77): code around pc:
I/DEBUG   (   77): 4001b634 1c2bd00c 2d00682d e027d1fb 2a0068da  ..+.-h.-..'..h.*
I/DEBUG   (   77): 4001b644 4b16d004 447b2001 47906018 22274814  ...K. {D.`.G.H'"
I/DEBUG   (   77): 4001b654 70022580 ef8cf7f4 f7f62106 aa01e81a  .%.p.....!......
I/DEBUG   (   77): 4001b664 05692400 60546091 20061c11 f7f59401  .$i..`T`... ....
I/DEBUG   (   77): 4001b674 a905ebe6 20022200 ebeef7f5 ef78f7f4  .....". ......x.
I/DEBUG   (   77): 
I/DEBUG   (   77): code around lr:
I/DEBUG   (   77): 4001ee7c 4b0db5f0 447bb083 681c2600 68a59001  ...K..{D.&.h...h
I/DEBUG   (   77): 4001ee8c e0086867 5ea8220c dd032800 99011c28  gh...".^.(..(...
I/DEBUG   (   77): 4001ee9c 43064788 3f013554 6824d5f4 d1ee2c00  .G.CT5.?..$h.,..
I/DEBUG   (   77): 4001eeac 1c30b003 46c0bdf0 00028662 1c0fb5f0  ..0....Fb.......
I/DEBUG   (   77): 4001eebc b0891c3d a9064355 604d9103 90064914  =...UC....M`.I..
I/DEBUG   (   77): 
I/DEBUG   (   77): memory map around addr deadbaad:
I/DEBUG   (   77): beaef000-beb10000 [stack]
I/DEBUG   (   77): (no map for address)
I/DEBUG   (   77): (no map above)
I/DEBUG   (   77): 
I/DEBUG   (   77): stack:
I/DEBUG   (   77):     beb0fa10  40a45478  /dev/ashmem/dalvik-heap (deleted)
I/DEBUG   (   77):     beb0fa14  00012800  [heap]
I/DEBUG   (   77):     beb0fa18  40047720  /system/lib/libc.so
I/DEBUG   (   77):     beb0fa1c  400476b0  /system/lib/libc.so
I/DEBUG   (   77):     beb0fa20  00000000  
I/DEBUG   (   77):     beb0fa24  4001ee9f  /system/lib/libc.so
I/DEBUG   (   77):     beb0fa28  00000000  
I/DEBUG   (   77):     beb0fa2c  4001dc05  /system/lib/libc.so
I/DEBUG   (   77):     beb0fa30  00000000  
I/DEBUG   (   77):     beb0fa34  00000000  
I/DEBUG   (   77):     beb0fa38  00000000  
I/DEBUG   (   77):     beb0fa3c  40199b7c  /system/lib/libandroid_runtime.so
I/DEBUG   (   77):     beb0fa40  beb0fa88  [stack]
I/DEBUG   (   77):     beb0fa44  4001e01d  /system/lib/libc.so
I/DEBUG   (   77):     beb0fa48  df0027ad  
I/DEBUG   (   77):     beb0fa4c  00000000  
I/DEBUG   (   77): #00 beb0fa50  00000000  
I/DEBUG   (   77):     beb0fa54  000af608  [heap]
I/DEBUG   (   77):     beb0fa58  40a45478  /dev/ashmem/dalvik-heap (deleted)
I/DEBUG   (   77):     beb0fa5c  6e5cb3d3  
I/DEBUG   (   77):     beb0fa60  4083bdfd  /system/lib/libdvm.so
I/DEBUG   (   77):     beb0fa64  fffffbdf  
I/DEBUG   (   77):     beb0fa68  0000f2b8  [heap]
I/DEBUG   (   77):     beb0fa6c  4019f96c  /system/lib/libandroid_runtime.so
I/DEBUG   (   77):     beb0fa70  0000f2b8  [heap]
I/DEBUG   (   77):     beb0fa74  401cb65b  /system/lib/libnativehelper.so
I/DEBUG   (   77): #01 beb0fa78  4019f96c  /system/lib/libandroid_runtime.so
I/DEBUG   (   77):     beb0fa7c  401cb65b  /system/lib/libnativehelper.so
I/DEBUG   (   77):     beb0fa80  401a84c4  /system/lib/libandroid_runtime.so
I/DEBUG   (   77):     beb0fa84  00000004  
I/DEBUG   (   77):     beb0fa88  0000f2b8  [heap]
I/DEBUG   (   77):     beb0fa8c  00000000  
I/DEBUG   (   77):     beb0fa90  401a8fa8  /system/lib/libandroid_runtime.so
I/DEBUG   (   77):     beb0fa94  4019f96c  /system/lib/libandroid_runtime.so
I/DEBUG   (   77):     beb0fa98  0000f2b8  [heap]
I/DEBUG   (   77):     beb0fa9c  4019f9bc  /system/lib/libandroid_runtime.so
I/DEBUG   (   77):     beb0faa0  00000001  
I/DEBUG   (   77):     beb0faa4  40181c81  /system/lib/libandroid_runtime.so
I/DEBUG   (   77):     beb0faa8  4019f96c  /system/lib/libandroid_runtime.so
I/DEBUG   (   77):     beb0faac  40149a41  /system/lib/libandroid_runtime.so
I/DEBUG   (   77):     beb0fab0  0000f2b8  [heap]
I/DEBUG   (   77):     beb0fab4  fffffe40  
I/DEBUG   (   77):     beb0fab8  beb0fb94  [stack]
I/DEBUG   (   77):     beb0fabc  40149a77  /system/lib/libandroid_runtime.so
I/ServiceManager(   74): service 'media.audio_flinger' died
I/ServiceManager(   74): service 'media.player' died
I/ServiceManager(   74): service 'media.camera' died
I/ServiceManager(   74): service 'media.audio_policy' died
I/Netd    (  284): Netd 1.0 starting
D/AndroidRuntime(  285): 
D/AndroidRuntime(  285): >>>>>> AndroidRuntime START com.android.internal.os.ZygoteInit <<<<<<
D/AndroidRuntime(  285): CheckJNI is OFF
I/        (  286): ServiceManager: 0xf958
I/HTC Acoustic(  286): libhtc_acoustic.so version 2.0.0.6.
I/HTC Acoustic(  286): deonvvv gingerbread test.
I/HTC Acoustic(  286): open /system/etc/AudioPara4_WB.csv success.
I/HTC Acoustic(  286): acoustic table version: MAL_WB_20110217
I/HTC Acoustic(  286): read_audio_para_from_file success.
E/HTC Acoustic(  286): Fail to open /system/etc/AudioPara_HTC-WWE.csv -1.
I/HTC Acoustic(  286): open /system/etc/AudioPara4.csv success.
I/HTC Acoustic(  286): acoustic table version: MAL_Gerenic_20110509
W/dalvikvm(  285): VFY: unable to find class referenced in signature (Landroid/content/res/PackageRedirectionMap;)
I/dalvikvm(  285): Could not find method android.content.res.PackageRedirectionMap.getPackageId, referenced from method android.content.res.AssetManager.addRedirections
W/dalvikvm(  285): VFY: unable to resolve virtual method 10109: Landroid/content/res/PackageRedirectionMap;.getPackageId ()I
D/dalvikvm(  285): VFY: replacing opcode 0x6e at 0x000e
I/HTC Acoustic(  286): read_audio_para_from_file success.
I/HTC Acoustic(  286): get_audpp_filter
I/HTC Acoustic(  286): open /system/etc/AudioFilter.csv success.
I/HTC Acoustic(  286): MBADRC Filter MBADRC FLAG = ffff.
E/HTC Acoustic(  286): set mbadrc filter error.
I/HTC Acoustic(  286): failed to set audpp parameters, exiting.
I/HTC Acoustic(  286): get_audpre_filter
I/HTC Acoustic(  286): open /system/etc/AudioPreProcess.csv success.
D/AudioHardwareMSM72XX(  286): mNumSndEndpoints = 151
V/AudioHardwareMSM72XX(  286): constructed 151 SND endpoints)
D/AudioHardwareMSM72XX(  286): BT MATCH HANDSET
D/AudioHardwareMSM72XX(  286): BT MATCH SPEAKER
D/AudioHardwareMSM72XX(  286): BT MATCH HEADSET
D/AudioHardwareMSM72XX(  286): BT MATCH BT
D/AudioHardwareMSM72XX(  286): BT MATCH CARKIT
D/AudioHardwareMSM72XX(  286): BT MATCH TTY_FULL
D/AudioHardwareMSM72XX(  286): BT MATCH TTY_VCO
D/AudioHardwareMSM72XX(  286): BT MATCH TTY_HCO
D/AudioHardwareMSM72XX(  286): BT MATCH NO_MIC_HEADSET
D/AudioHardwareMSM72XX(  286): BT MATCH FM_HEADSET
D/AudioHardwareMSM72XX(  286): BT MATCH HEADSET_AND_SPEAKER
D/AudioHardwareMSM72XX(  286): BT MATCH FM_SPEAKER
D/AudioHardwareMSM72XX(  286): BT MATCH BT_EC_OFF
D/AudioHardwareMSM72XX(  286): BT MATCH BT_EC_OFF
D/AudioHardwareMSM72XX(  286): BT MATCH CURRENT
I/AudioFlinger(  286): Loaded primary audio interface from LEGACY Audio HW HAL (audio)
I/AudioFlinger(  286): Using 'LEGACY Audio HW HAL' (audio.primary) as the primary audio interface
I/AudioFlinger(  286): Loaded a2dp audio interface from A2DP Audio HW HAL (audio)
D/AudioHardwareInterface(  286): setMode(NORMAL)
I/AudioHardwareMSM72XX(  286): Set master volume to 5.
I/CameraService(  286): CameraService started (pid=286)
E/HAL     (  286): load: module=/system/lib/hw/camera.marvel.so
E/HAL     (  286): Cannot load library: link_image[1965]:   286 could not load needed library 'libcamera.so' for 'camera.marvel.so' (reloc_library[1314]:   286 cannot locate '_debug_pthread_create'...
E/HAL     (  286): )
E/CameraService(  286): Could not load camera HAL module
I/AudioFlinger(  286): AudioFlinger's thread 0x16f90 ready to run
W/AudioFlinger(  286): Thread AudioOut_1 cannot connect to the power manager service
V/AudioHardwareMSM72XX(  286): AudioStreamOutMSM72xx::setParameters() routing=2
V/AudioHardwareMSM72XX(  286): set output routing 2
I/AudioHardwareMSM72XX(  286): Routing audio to Speakerphone
V/AudioHardwareMSM72XX(  286): doAudioRouteOrMute() device 1, mMode 0, mMicMute 1
D/AudioHardwareMSM72XX(  286): setVoiceVolume(1.000000)
I/AudioHardwareMSM72XX(  286): Setting in-call volume to 5 (available range is 0 to 5)
I/AudioPolicyService(  286): Loaded audio policy from LEGACY Audio Policy HAL (audio_policy)
D/dalvikvm(  285): DexOpt: couldn't find field Landroid/database/sqlite/SQLiteDatabase;.mCanDumpMonitoredSql
W/dalvikvm(  285): VFY: unable to resolve instance field 9348
D/dalvikvm(  285): VFY: replacing opcode 0x55 at 0x0004
E/JNIHelp (  285): Native registration unable to find class 'com/android/server/NetworkManagementSocketTagger', aborting
F/libc    (  285): Fatal signal 11 (SIGSEGV) at 0xdeadbaad (code=1)
I/DEBUG   (   77): *** *** *** *** *** *** *** *** *** *** *** *** *** *** *** ***
I/DEBUG   (   77): Build fingerprint: 'htc_europe/htc_golfu/golfu:4.0.3/IML74K/62541.1:user/release-keys'
I/DEBUG   (   77): pid: 285, tid: 285  >>> zygote <<<
I/DEBUG   (   77): signal 11 (SIGSEGV), code 1 (SEGV_MAPERR), fault addr deadbaad
I/DEBUG   (   77):  r0 deadbaad  r1 0000000c  r2 00000027  r3 a0000000
I/DEBUG   (   77):  r4 00000000  r5 00000080  r6 40199b7c  r7 bea76a88
I/DEBUG   (   77):  r8 00000000  r9 00000000  10 00000000  fp 00000000
I/DEBUG   (   77):  ip ffffffff  sp bea76a50  lr 4001ee9f  pc 4001b656  cpsr 00000030
I/DEBUG   (   77):  d0  3f4000003f400000  d1  0000000000000000
I/DEBUG   (   77):  d2  0000000000000000  d3  0000000000000000
I/DEBUG   (   77):  d4  0000000000000000  d5  0000000000000000
I/DEBUG   (   77):  d6  0000000000000000  d7  000000003f800000
I/DEBUG   (   77):  d8  0000000000000000  d9  0000000000000000
I/DEBUG   (   77):  d10 0000000000000000  d11 0000000000000000
I/DEBUG   (   77):  d12 0000000000000000  d13 0000000000000000
I/DEBUG   (   77):  d14 0000000000000000  d15 0000000000000000
I/DEBUG   (   77):  scr 60000000
I/DEBUG   (   77): 
I/DEBUG   (   77):          #00  pc 00017656  /system/lib/libc.so
I/DEBUG   (   77):          #01  pc 0000c658  /system/lib/libnativehelper.so (jniRegisterNativeMethods)
I/DEBUG   (   77): 
I/DEBUG   (   77): code around pc:
I/DEBUG   (   77): 4001b634 1c2bd00c 2d00682d e027d1fb 2a0068da  ..+.-h.-..'..h.*
I/DEBUG   (   77): 4001b644 4b16d004 447b2001 47906018 22274814  ...K. {D.`.G.H'"
I/DEBUG   (   77): 4001b654 70022580 ef8cf7f4 f7f62106 aa01e81a  .%.p.....!......
I/DEBUG   (   77): 4001b664 05692400 60546091 20061c11 f7f59401  .$i..`T`... ....
I/DEBUG   (   77): 4001b674 a905ebe6 20022200 ebeef7f5 ef78f7f4  .....". ......x.
I/DEBUG   (   77): 
I/DEBUG   (   77): code around lr:
I/DEBUG   (   77): 4001ee7c 4b0db5f0 447bb083 681c2600 68a59001  ...K..{D.&.h...h
I/DEBUG   (   77): 4001ee8c e0086867 5ea8220c dd032800 99011c28  gh...".^.(..(...
I/DEBUG   (   77): 4001ee9c 43064788 3f013554 6824d5f4 d1ee2c00  .G.CT5.?..$h.,..
I/DEBUG   (   77): 4001eeac 1c30b003 46c0bdf0 00028662 1c0fb5f0  ..0....Fb.......
I/DEBUG   (   77): 4001eebc b0891c3d a9064355 604d9103 90064914  =...UC....M`.I..
I/DEBUG   (   77): 
I/DEBUG   (   77): memory map around addr deadbaad:
I/DEBUG   (   77): bea56000-bea77000 [stack]
I/DEBUG   (   77): (no map for address)
I/DEBUG   (   77): (no map above)
I/DEBUG   (   77): 
I/DEBUG   (   77): stack:
I/DEBUG   (   77):     bea76a10  40a45478  /dev/ashmem/dalvik-heap (deleted)
I/DEBUG   (   77):     bea76a14  00012800  [heap]
I/DEBUG   (   77):     bea76a18  40047720  /system/lib/libc.so
I/DEBUG   (   77):     bea76a1c  400476b0  /system/lib/libc.so
I/DEBUG   (   77):     bea76a20  00000000  
I/DEBUG   (   77):     bea76a24  4001ee9f  /system/lib/libc.so
I/DEBUG   (   77):     bea76a28  00000000  
I/DEBUG   (   77):     bea76a2c  4001dc05  /system/lib/libc.so
I/DEBUG   (   77):     bea76a30  00000000  
I/DEBUG   (   77):     bea76a34  00000000  
I/DEBUG   (   77):     bea76a38  00000000  
I/DEBUG   (   77):     bea76a3c  40199b7c  /system/lib/libandroid_runtime.so
I/DEBUG   (   77):     bea76a40  bea76a88  [stack]
I/DEBUG   (   77):     bea76a44  4001e01d  /system/lib/libc.so
I/DEBUG   (   77):     bea76a48  df0027ad  
I/DEBUG   (   77):     bea76a4c  00000000  
I/DEBUG   (   77): #00 bea76a50  00000000  
I/DEBUG   (   77):     bea76a54  000af338  [heap]
I/DEBUG   (   77):     bea76a58  40a45478  /dev/ashmem/dalvik-heap (deleted)
I/DEBUG   (   77):     bea76a5c  ae5ebe51  
I/DEBUG   (   77):     bea76a60  4083bdfd  /system/lib/libdvm.so
I/DEBUG   (   77):     bea76a64  fffffbdf  
I/DEBUG   (   77):     bea76a68  0000f2b8  [heap]
I/DEBUG   (   77):     bea76a6c  4019f96c  /system/lib/libandroid_runtime.so
I/DEBUG   (   77):     bea76a70  0000f2b8  [heap]
I/DEBUG   (   77):     bea76a74  401cb65b  /system/lib/libnativehelper.so
I/DEBUG   (   77): #01 bea76a78  4019f96c  /system/lib/libandroid_runtime.so
I/DEBUG   (   77):     bea76a7c  401cb65b  /system/lib/libnativehelper.so
I/DEBUG   (   77):     bea76a80  401a84c4  /system/lib/libandroid_runtime.so
I/DEBUG   (   77):     bea76a84  00000004  
I/DEBUG   (   77):     bea76a88  0000f2b8  [heap]
I/DEBUG   (   77):     bea76a8c  00000000  
I/DEBUG   (   77):     bea76a90  401a8fa8  /system/lib/libandroid_runtime.so
I/DEBUG   (   77):     bea76a94  4019f96c  /system/lib/libandroid_runtime.so
I/DEBUG   (   77):     bea76a98  0000f2b8  [heap]
I/DEBUG   (   77):     bea76a9c  4019f9bc  /system/lib/libandroid_runtime.so
I/DEBUG   (   77):     bea76aa0  00000001  
I/DEBUG   (   77):     bea76aa4  40181c81  /system/lib/libandroid_runtime.so
I/DEBUG   (   77):     bea76aa8  4019f96c  /system/lib/libandroid_runtime.so
I/DEBUG   (   77):     bea76aac  40149a41  /system/lib/libandroid_runtime.so
I/DEBUG   (   77):     bea76ab0  0000f2b8  [heap]
I/DEBUG   (   77):     bea76ab4  fffffe40  
I/DEBUG   (   77):     bea76ab8  bea76b94  [stack]
I/DEBUG   (   77):     bea76abc  40149a77  /system/lib/libandroid_runtime.so
I/ServiceManager(   74): service 'media.audio_flinger' died
I/ServiceManager(   74): service 'media.player' died
I/ServiceManager(   74): service 'media.camera' died
I/ServiceManager(   74): service 'media.audio_policy' died
I/Netd    (  311): Netd 1.0 starting
D/AndroidRuntime(  312): 
D/AndroidRuntime(  312): >>>>>> AndroidRuntime START com.android.internal.os.ZygoteInit <<<<<<
D/AndroidRuntime(  312): CheckJNI is OFF
I/        (  313): ServiceManager: 0xf958
I/HTC Acoustic(  313): libhtc_acoustic.so version 2.0.0.6.
I/HTC Acoustic(  313): deonvvv gingerbread test.
I/HTC Acoustic(  313): open /system/etc/AudioPara4_WB.csv success.
I/HTC Acoustic(  313): acoustic table version: MAL_WB_20110217
I/HTC Acoustic(  313): read_audio_para_from_file success.
E/HTC Acoustic(  313): Fail to open /system/etc/AudioPara_HTC-WWE.csv -1.
I/HTC Acoustic(  313): open /system/etc/AudioPara4.csv success.
I/HTC Acoustic(  313): acoustic table version: MAL_Gerenic_20110509
I/HTC Acoustic(  313): read_audio_para_from_file success.
W/dalvikvm(  312): VFY: unable to find class referenced in signature (Landroid/content/res/PackageRedirectionMap;)
I/dalvikvm(  312): Could not find method android.content.res.PackageRedirectionMap.getPackageId, referenced from method android.content.res.AssetManager.addRedirections
W/dalvikvm(  312): VFY: unable to resolve virtual method 10109: Landroid/content/res/PackageRedirectionMap;.getPackageId ()I
D/dalvikvm(  312): VFY: replacing opcode 0x6e at 0x000e
I/HTC Acoustic(  313): get_audpp_filter
I/HTC Acoustic(  313): open /system/etc/AudioFilter.csv success.
I/HTC Acoustic(  313): MBADRC Filter MBADRC FLAG = ffff.
E/HTC Acoustic(  313): set mbadrc filter error.
I/HTC Acoustic(  313): failed to set audpp parameters, exiting.
I/HTC Acoustic(  313): get_audpre_filter
I/HTC Acoustic(  313): open /system/etc/AudioPreProcess.csv success.
D/AudioHardwareMSM72XX(  313): mNumSndEndpoints = 151
V/AudioHardwareMSM72XX(  313): constructed 151 SND endpoints)
D/AudioHardwareMSM72XX(  313): BT MATCH HANDSET
D/AudioHardwareMSM72XX(  313): BT MATCH SPEAKER
D/AudioHardwareMSM72XX(  313): BT MATCH HEADSET
D/AudioHardwareMSM72XX(  313): BT MATCH BT
D/AudioHardwareMSM72XX(  313): BT MATCH CARKIT
D/AudioHardwareMSM72XX(  313): BT MATCH TTY_FULL
D/AudioHardwareMSM72XX(  313): BT MATCH TTY_VCO
D/AudioHardwareMSM72XX(  313): BT MATCH TTY_HCO
D/AudioHardwareMSM72XX(  313): BT MATCH NO_MIC_HEADSET
D/AudioHardwareMSM72XX(  313): BT MATCH FM_HEADSET
D/AudioHardwareMSM72XX(  313): BT MATCH HEADSET_AND_SPEAKER
D/AudioHardwareMSM72XX(  313): BT MATCH FM_SPEAKER
D/AudioHardwareMSM72XX(  313): BT MATCH BT_EC_OFF
D/AudioHardwareMSM72XX(  313): BT MATCH BT_EC_OFF
D/AudioHardwareMSM72XX(  313): BT MATCH CURRENT
I/AudioFlinger(  313): Loaded primary audio interface from LEGACY Audio HW HAL (audio)
I/AudioFlinger(  313): Using 'LEGACY Audio HW HAL' (audio.primary) as the primary audio interface
I/AudioFlinger(  313): Loaded a2dp audio interface from A2DP Audio HW HAL (audio)
D/AudioHardwareInterface(  313): setMode(NORMAL)
I/AudioHardwareMSM72XX(  313): Set master volume to 5.
I/CameraService(  313): CameraService started (pid=313)
E/HAL     (  313): load: module=/system/lib/hw/camera.marvel.so
E/HAL     (  313): Cannot load library: link_image[1965]:   313 could not load needed library 'libcamera.so' for 'camera.marvel.so' (reloc_library[1314]:   313 cannot locate '_debug_pthread_create'...
E/HAL     (  313): )
E/CameraService(  313): Could not load camera HAL module
I/AudioFlinger(  313): AudioFlinger's thread 0x16f90 ready to run
W/AudioFlinger(  313): Thread AudioOut_1 cannot connect to the power manager service
V/AudioHardwareMSM72XX(  313): AudioStreamOutMSM72xx::setParameters() routing=2
V/AudioHardwareMSM72XX(  313): set output routing 2
I/AudioHardwareMSM72XX(  313): Routing audio to Speakerphone
V/AudioHardwareMSM72XX(  313): doAudioRouteOrMute() device 1, mMode 0, mMicMute 1
D/AudioHardwareMSM72XX(  313): setVoiceVolume(1.000000)
I/AudioHardwareMSM72XX(  313): Setting in-call volume to 5 (available range is 0 to 5)
I/AudioPolicyService(  313): Loaded audio policy from LEGACY Audio Policy HAL (audio_policy)
D/dalvikvm(  312): DexOpt: couldn't find field Landroid/database/sqlite/SQLiteDatabase;.mCanDumpMonitoredSql
W/dalvikvm(  312): VFY: unable to resolve instance field 9348
D/dalvikvm(  312): VFY: replacing opcode 0x55 at 0x0004
E/JNIHelp (  312): Native registration unable to find class 'com/android/server/NetworkManagementSocketTagger', aborting
F/libc    (  312): Fatal signal 11 (SIGSEGV) at 0xdeadbaad (code=1)
I/DEBUG   (   77): *** *** *** *** *** *** *** *** *** *** *** *** *** *** *** ***
I/DEBUG   (   77): Build fingerprint: 'htc_europe/htc_golfu/golfu:4.0.3/IML74K/62541.1:user/release-keys'
I/DEBUG   (   77): pid: 312, tid: 312  >>> zygote <<<
I/DEBUG   (   77): signal 11 (SIGSEGV), code 1 (SEGV_MAPERR), fault addr deadbaad
I/DEBUG   (   77):  r0 deadbaad  r1 0000000c  r2 00000027  r3 a0000000
I/DEBUG   (   77):  r4 00000000  r5 00000080  r6 40199b7c  r7 beca6a88
I/DEBUG   (   77):  r8 00000000  r9 00000000  10 00000000  fp 00000000
I/DEBUG   (   77):  ip ffffffff  sp beca6a50  lr 4001ee9f  pc 4001b656  cpsr 00000030
I/DEBUG   (   77):  d0  3f4000003f400000  d1  0000000000000000
I/DEBUG   (   77):  d2  0000000000000000  d3  0000000000000000
I/DEBUG   (   77):  d4  0000000000000000  d5  0000000000000000
I/DEBUG   (   77):  d6  0000000000000000  d7  000000003f800000
I/DEBUG   (   77):  d8  0000000000000000  d9  0000000000000000
I/DEBUG   (   77):  d10 0000000000000000  d11 0000000000000000
I/DEBUG   (   77):  d12 0000000000000000  d13 0000000000000000
I/DEBUG   (   77):  d14 0000000000000000  d15 0000000000000000
I/DEBUG   (   77):  scr 60000000
I/DEBUG   (   77): 
I/DEBUG   (   77):          #00  pc 00017656  /system/lib/libc.so
I/DEBUG   (   77):          #01  pc 0000c658  /system/lib/libnativehelper.so (jniRegisterNativeMethods)
I/DEBUG   (   77): 
I/DEBUG   (   77): code around pc:
I/DEBUG   (   77): 4001b634 1c2bd00c 2d00682d e027d1fb 2a0068da  ..+.-h.-..'..h.*
I/DEBUG   (   77): 4001b644 4b16d004 447b2001 47906018 22274814  ...K. {D.`.G.H'"
I/DEBUG   (   77): 4001b654 70022580 ef8cf7f4 f7f62106 aa01e81a  .%.p.....!......
I/DEBUG   (   77): 4001b664 05692400 60546091 20061c11 f7f59401  .$i..`T`... ....
I/DEBUG   (   77): 4001b674 a905ebe6 20022200 ebeef7f5 ef78f7f4  .....". ......x.
I/DEBUG   (   77): 
I/DEBUG   (   77): code around lr:
I/DEBUG   (   77): 4001ee7c 4b0db5f0 447bb083 681c2600 68a59001  ...K..{D.&.h...h
I/DEBUG   (   77): 4001ee8c e0086867 5ea8220c dd032800 99011c28  gh...".^.(..(...
I/DEBUG   (   77): 4001ee9c 43064788 3f013554 6824d5f4 d1ee2c00  .G.CT5.?..$h.,..
I/DEBUG   (   77): 4001eeac 1c30b003 46c0bdf0 00028662 1c0fb5f0  ..0....Fb.......
I/DEBUG   (   77): 4001eebc b0891c3d a9064355 604d9103 90064914  =...UC....M`.I..
I/DEBUG   (   77): 
I/DEBUG   (   77): memory map around addr deadbaad:
I/DEBUG   (   77): bec86000-beca7000 [stack]
I/DEBUG   (   77): (no map for address)
I/DEBUG   (   77): (no map above)
I/DEBUG   (   77): 
I/DEBUG   (   77): stack:
I/DEBUG   (   77):     beca6a10  40a45478  /dev/ashmem/dalvik-heap (deleted)
I/DEBUG   (   77):     beca6a14  00012800  [heap]
I/DEBUG   (   77):     beca6a18  40047720  /system/lib/libc.so
I/DEBUG   (   77):     beca6a1c  400476b0  /system/lib/libc.so
I/DEBUG   (   77):     beca6a20  00000000  
I/DEBUG   (   77):     beca6a24  4001ee9f  /system/lib/libc.so
I/DEBUG   (   77):     beca6a28  00000000  
I/DEBUG   (   77):     beca6a2c  4001dc05  /system/lib/libc.so
I/DEBUG   (   77):     beca6a30  00000000  
I/DEBUG   (   77):     beca6a34  00000000  
I/DEBUG   (   77):     beca6a38  00000000  
I/DEBUG   (   77):     beca6a3c  40199b7c  /system/lib/libandroid_runtime.so
I/DEBUG   (   77):     beca6a40  beca6a88  [stack]
I/DEBUG   (   77):     beca6a44  4001e01d  /system/lib/libc.so
I/DEBUG   (   77):     beca6a48  df0027ad  
I/DEBUG   (   77):     beca6a4c  00000000  
I/DEBUG   (   77): #00 beca6a50  00000000  
I/DEBUG   (   77):     beca6a54  000b0738  [heap]
I/DEBUG   (   77):     beca6a58  40a45478  /dev/ashmem/dalvik-heap (deleted)
I/DEBUG   (   77):     beca6a5c  c0fa0ec5  
I/DEBUG   (   77):     beca6a60  4083bdfd  /system/lib/libdvm.so
I/DEBUG   (   77):     beca6a64  fffffbdf  
I/DEBUG   (   77):     beca6a68  0000f2b8  [heap]
I/DEBUG   (   77):     beca6a6c  4019f96c  /system/lib/libandroid_runtime.so
I/DEBUG   (   77):     beca6a70  0000f2b8  [heap]
I/DEBUG   (   77):     beca6a74  401cb65b  /system/lib/libnativehelper.so
I/DEBUG   (   77): #01 beca6a78  4019f96c  /system/lib/libandroid_runtime.so
I/DEBUG   (   77):     beca6a7c  401cb65b  /system/lib/libnativehelper.so
I/DEBUG   (   77):     beca6a80  401a84c4  /system/lib/libandroid_runtime.so
I/DEBUG   (   77):     beca6a84  00000004  
I/DEBUG   (   77):     beca6a88  0000f2b8  [heap]
I/DEBUG   (   77):     beca6a8c  00000000  
I/DEBUG   (   77):     beca6a90  401a8fa8  /system/lib/libandroid_runtime.so
I/DEBUG   (   77):     beca6a94  4019f96c  /system/lib/libandroid_runtime.so
I/DEBUG   (   77):     beca6a98  0000f2b8  [heap]
I/DEBUG   (   77):     beca6a9c  4019f9bc  /system/lib/libandroid_runtime.so
I/DEBUG   (   77):     beca6aa0  00000001  
I/DEBUG   (   77):     beca6aa4  40181c81  /system/lib/libandroid_runtime.so
I/DEBUG   (   77):     beca6aa8  4019f96c  /system/lib/libandroid_runtime.so
I/DEBUG   (   77):     beca6aac  40149a41  /system/lib/libandroid_runtime.so
I/DEBUG   (   77):     beca6ab0  0000f2b8  [heap]
I/DEBUG   (   77):     beca6ab4  fffffe40  
I/DEBUG   (   77):     beca6ab8  beca6b94  [stack]
I/DEBUG   (   77):     beca6abc  40149a77  /system/lib/libandroid_runtime.so
I/ServiceManager(   74): service 'media.audio_flinger' died
I/ServiceManager(   74): service 'media.player' died
I/ServiceManager(   74): service 'media.camera' died
I/ServiceManager(   74): service 'media.audio_policy' died
I/Netd    (  338): Netd 1.0 starting
D/AndroidRuntime(  339): 
D/AndroidRuntime(  339): >>>>>> AndroidRuntime START com.android.internal.os.ZygoteInit <<<<<<
D/AndroidRuntime(  339): CheckJNI is OFF
I/        (  340): ServiceManager: 0xf958
I/HTC Acoustic(  340): libhtc_acoustic.so version 2.0.0.6.
I/HTC Acoustic(  340): deonvvv gingerbread test.
I/HTC Acoustic(  340): open /system/etc/AudioPara4_WB.csv success.
I/HTC Acoustic(  340): acoustic table version: MAL_WB_20110217
I/HTC Acoustic(  340): read_audio_para_from_file success.
E/HTC Acoustic(  340): Fail to open /system/etc/AudioPara_HTC-WWE.csv -1.
I/HTC Acoustic(  340): open /system/etc/AudioPara4.csv success.
I/HTC Acoustic(  340): acoustic table version: MAL_Gerenic_20110509
W/dalvikvm(  339): VFY: unable to find class referenced in signature (Landroid/content/res/PackageRedirectionMap;)
I/dalvikvm(  339): Could not find method android.content.res.PackageRedirectionMap.getPackageId, referenced from method android.content.res.AssetManager.addRedirections
W/dalvikvm(  339): VFY: unable to resolve virtual method 10109: Landroid/content/res/PackageRedirectionMap;.getPackageId ()I
D/dalvikvm(  339): VFY: replacing opcode 0x6e at 0x000e
I/HTC Acoustic(  340): read_audio_para_from_file success.
I/HTC Acoustic(  340): get_audpp_filter
I/HTC Acoustic(  340): open /system/etc/AudioFilter.csv success.
I/HTC Acoustic(  340): MBADRC Filter MBADRC FLAG = ffff.
E/HTC Acoustic(  340): set mbadrc filter error.
I/HTC Acoustic(  340): failed to set audpp parameters, exiting.
I/HTC Acoustic(  340): get_audpre_filter
I/HTC Acoustic(  340): open /system/etc/AudioPreProcess.csv success.
D/AudioHardwareMSM72XX(  340): mNumSndEndpoints = 151
V/AudioHardwareMSM72XX(  340): constructed 151 SND endpoints)
D/AudioHardwareMSM72XX(  340): BT MATCH HANDSET
D/AudioHardwareMSM72XX(  340): BT MATCH SPEAKER
D/AudioHardwareMSM72XX(  340): BT MATCH HEADSET
D/AudioHardwareMSM72XX(  340): BT MATCH BT
D/AudioHardwareMSM72XX(  340): BT MATCH CARKIT
D/AudioHardwareMSM72XX(  340): BT MATCH TTY_FULL
D/AudioHardwareMSM72XX(  340): BT MATCH TTY_VCO
D/AudioHardwareMSM72XX(  340): BT MATCH TTY_HCO
D/AudioHardwareMSM72XX(  340): BT MATCH NO_MIC_HEADSET
D/AudioHardwareMSM72XX(  340): BT MATCH FM_HEADSET
D/AudioHardwareMSM72XX(  340): BT MATCH HEADSET_AND_SPEAKER
D/AudioHardwareMSM72XX(  340): BT MATCH FM_SPEAKER
D/AudioHardwareMSM72XX(  340): BT MATCH BT_EC_OFF
D/AudioHardwareMSM72XX(  340): BT MATCH BT_EC_OFF
D/AudioHardwareMSM72XX(  340): BT MATCH CURRENT
I/AudioFlinger(  340): Loaded primary audio interface from LEGACY Audio HW HAL (audio)
I/AudioFlinger(  340): Using 'LEGACY Audio HW HAL' (audio.primary) as the primary audio interface
I/AudioFlinger(  340): Loaded a2dp audio interface from A2DP Audio HW HAL (audio)
D/AudioHardwareInterface(  340): setMode(NORMAL)
I/AudioHardwareMSM72XX(  340): Set master volume to 5.
I/CameraService(  340): CameraService started (pid=340)
E/HAL     (  340): load: module=/system/lib/hw/camera.marvel.so
E/HAL     (  340): Cannot load library: link_image[1965]:   340 could not load needed library 'libcamera.so' for 'camera.marvel.so' (reloc_library[1314]:   340 cannot locate '_debug_pthread_create'...
E/HAL     (  340): )
E/CameraService(  340): Could not load camera HAL module
I/AudioFlinger(  340): AudioFlinger's thread 0x16ff8 ready to run
W/AudioFlinger(  340): Thread AudioOut_1 cannot connect to the power manager service
V/AudioHardwareMSM72XX(  340): AudioStreamOutMSM72xx::setParameters() routing=2
V/AudioHardwareMSM72XX(  340): set output routing 2
I/AudioHardwareMSM72XX(  340): Routing audio to Speakerphone
V/AudioHardwareMSM72XX(  340): doAudioRouteOrMute() device 1, mMode 0, mMicMute 1
D/AudioHardwareMSM72XX(  340): setVoiceVolume(1.000000)
I/AudioHardwareMSM72XX(  340): Setting in-call volume to 5 (available range is 0 to 5)
I/AudioPolicyService(  340): Loaded audio policy from LEGACY Audio Policy HAL (audio_policy)
D/dalvikvm(  339): DexOpt: couldn't find field Landroid/database/sqlite/SQLiteDatabase;.mCanDumpMonitoredSql
W/dalvikvm(  339): VFY: unable to resolve instance field 9348
D/dalvikvm(  339): VFY: replacing opcode 0x55 at 0x0004
E/JNIHelp (  339): Native registration unable to find class 'com/android/server/NetworkManagementSocketTagger', aborting
F/libc    (  339): Fatal signal 11 (SIGSEGV) at 0xdeadbaad (code=1)
I/DEBUG   (   77): *** *** *** *** *** *** *** *** *** *** *** *** *** *** *** ***
I/DEBUG   (   77): Build fingerprint: 'htc_europe/htc_golfu/golfu:4.0.3/IML74K/62541.1:user/release-keys'
I/DEBUG   (   77): pid: 339, tid: 339  >>> zygote <<<
I/DEBUG   (   77): signal 11 (SIGSEGV), code 1 (SEGV_MAPERR), fault addr deadbaad
I/DEBUG   (   77):  r0 deadbaad  r1 0000000c  r2 00000027  r3 a0000000
I/DEBUG   (   77):  r4 00000000  r5 00000080  r6 40199b7c  r7 bed53a88
I/DEBUG   (   77):  r8 00000000  r9 00000000  10 00000000  fp 00000000
I/DEBUG   (   77):  ip ffffffff  sp bed53a50  lr 4001ee9f  pc 4001b656  cpsr 00000030
I/DEBUG   (   77):  d0  3f4000003f400000  d1  0000000000000000
I/DEBUG   (   77):  d2  0000000000000000  d3  0000000000000000
I/DEBUG   (   77):  d4  0000000000000000  d5  0000000000000000
I/DEBUG   (   77):  d6  0000000000000000  d7  000000003f800000
