F/libc    (  747): Fatal signal 11 (SIGSEGV) at 0x01c60020 (code=1)
F/libc    (  749): Fatal signal 4 (SIGILL) at 0x401c01e0 (code=1)
F/libc    (  748): Fatal signal 4 (SIGILL) at 0x405631e0 (code=1)
I/DEBUG   (   77): *** *** *** *** *** *** *** *** *** *** *** *** *** *** *** ***
I/DEBUG   (   77): Build fingerprint: 'htc_europe/htc_golfu/golfu:4.0.3/IML74K/62541.1:user/release-keys'
I/DEBUG   (   77): pid: 747, tid: 747  >>> /system/bin/surfaceflinger <<<
I/DEBUG   (   77): signal 11 (SIGSEGV), code 1 (SEGV_MAPERR), fault addr 01c60020
I/DEBUG   (   77):  r0 401c6000  r1 01c60000  r2 401c033f  r3 401c7138
I/DEBUG   (   77):  r4 401c6ec4  r5 00000005  r6 00000004  r7 20000000
I/DEBUG   (   77):  r8 00000000  r9 00000000  10 00000000  fp 00000000
I/DEBUG   (   77):  ip 00000000  sp bedbc660  lr 401c036d  pc 401d16d0  cpsr 00000030
I/DEBUG   (   77):  d0  0000000000000000  d1  0000000000000000
I/DEBUG   (   77):  d2  0000000000000000  d3  0000000000000000
I/DEBUG   (   77):  d4  0000000000000000  d5  0000000000000000
I/DEBUG   (   77):  d6  0000000000000000  d7  0000000000000000
I/DEBUG   (   77):  d8  0000000000000000  d9  0000000000000000
I/DEBUG   (   77):  d10 0000000000000000  d11 0000000000000000
I/DEBUG   (   77):  d12 0000000000000000  d13 0000000000000000
I/DEBUG   (   77):  d14 0000000000000000  d15 0000000000000000
I/DEBUG   (   77):  scr 00000000
I/DEBUG   (   77): 
I/DEBUG   (   77):          #00  pc 000096d0  /system/lib/libpixelflinger.so (_ZN7android8ggl_pickEPNS_9context_tE)
I/DEBUG   (   77):          #01  lr 401c036d  /system/lib/libui.so
I/DEBUG   (   77): 
I/DEBUG   (   77): code around pc:
I/DEBUG   (   77): 401d16b0 e3580001 e1d395be 959da00c 83a08000  ..X.............
I/DEBUG   (   77): 401d16c0 e2499c29 979a8108 e3590001 959da008  ).I.......Y.....
I/DEBUG   (   77): 401d16d0 e1a08408 e2088c03 e1887007 979a8109  .........p......
I/DEBUG   (   77): 401d16e0 83a08000 e1a09508 e209ab03 e187700a  .............p..
I/DEBUG   (   77): 401d16f0 e1d386b2 e1d3a6b0 e28d9020 e1580005  ........ .....X.
I/DEBUG   (   77): 
I/DEBUG   (   77): code around lr:
I/DEBUG   (   77): 401c034c 4a1bd10d 601e2601 462858a5 efd4f7fa  ...J.&.`.X(F....
I/DEBUG   (   77): 401c035c 49194818 44795822 f7fb4628 f8dfe804  .H.I"XyD(F......
I/DEBUG   (   77): 401c036c 2100e05c 500ef854 f7fa4628 4811efc6  \..!T..P(F.....H
I/DEBUG   (   77): 401c037c 58264913 46284479 f7fa4632 4b11eff4  .I&XyD(F2F.....K
I/DEBUG   (   77): 401c038c 2200211c 462858e5 eefcf7fa c038f8df  .!.".X(F......8.
I/DEBUG   (   77): 
I/DEBUG   (   77): memory map around addr 01c60020:
I/DEBUG   (   77): 0000a000-0000e000 [heap]
I/DEBUG   (   77): (no map for address)
I/DEBUG   (   77): 40000000-40024000 /system/lib/libsurfaceflinger.so
I/DEBUG   (   77): 
I/DEBUG   (   77): stack:
I/DEBUG   (   77):     bedbc620  000000f0  
I/DEBUG   (   77):     bedbc624  bedbc70c  [stack]
I/DEBUG   (   77):     bedbc628  b000a3c0  
I/DEBUG   (   77):     bedbc62c  b000b0e0  
I/DEBUG   (   77):     bedbc630  401b987e  /system/lib/libui.so
I/DEBUG   (   77):     bedbc634  0e301a42  
I/DEBUG   (   77):     bedbc638  b00094f0  /system/bin/linker
I/DEBUG   (   77):     bedbc63c  b000a078  
I/DEBUG   (   77):     bedbc640  0000023d  
I/DEBUG   (   77):     bedbc644  00000216  
I/DEBUG   (   77):     bedbc648  b00094fc  /system/bin/linker
I/DEBUG   (   77):     bedbc64c  b0012da4  
I/DEBUG   (   77):     bedbc650  b000b0e0  
I/DEBUG   (   77):     bedbc654  00000000  
I/DEBUG   (   77):     bedbc658  df0027ad  
I/DEBUG   (   77):     bedbc65c  00000000  
I/DEBUG   (   77): #00 bedbc660  401c6004  /system/lib/libui.so
I/DEBUG   (   77):     bedbc664  00000005  
I/DEBUG   (   77):     bedbc668  00000004  
I/DEBUG   (   77):     bedbc66c  b0003a99  /system/bin/linker
I/DEBUG   (   77):     bedbc670  b000b1c4  
I/DEBUG   (   77):     bedbc674  b000b1c0  
I/DEBUG   (   77):     bedbc678  b000990c  /system/bin/linker
I/DEBUG   (   77):     bedbc67c  b00046eb  /system/bin/linker
I/DEBUG   (   77):     bedbc680  b000b0e0  
I/DEBUG   (   77):     bedbc684  b000b0e0  
I/DEBUG   (   77):     bedbc688  b000b184  
I/DEBUG   (   77):     bedbc68c  400103fc  /system/lib/libsurfaceflinger.so
I/DEBUG   (   77):     bedbc690  00000016  
I/DEBUG   (   77):     bedbc694  00000003  
I/DEBUG   (   77):     bedbc698  00016000  
I/DEBUG   (   77):     bedbc69c  b0012fa8  
I/DEBUG   (   77):     bedbc6a0  401c7118  /system/lib/libui.so
I/DEBUG   (   77):     bedbc6a4  b000b16c  
I/DEBUG   (   77): tid 749 does not exist in pid 749. ignoring debug request
I/DEBUG   (   77): tid 748 does not exist in pid 748. ignoring debug request
I/Netd    (  767): Netd 1.0 starting
F/libc    (  770): Fatal signal 4 (SIGILL) at 0x401c01e0 (code=1)
F/libc    (  768): Fatal signal 11 (SIGSEGV) at 0x01c60020 (code=1)
F/libc    (  769): Fatal signal 4 (SIGILL) at 0x405631e0 (code=1)
I/DEBUG   (   77): *** *** *** *** *** *** *** *** *** *** *** *** *** *** *** ***
I/DEBUG   (   77): Build fingerprint: 'htc_europe/htc_golfu/golfu:4.0.3/IML74K/62541.1:user/release-keys'
I/DEBUG   (   77): pid: 768, tid: 768  >>> /system/bin/surfaceflinger <<<
I/DEBUG   (   77): signal 11 (SIGSEGV), code 1 (SEGV_MAPERR), fault addr 01c60020
I/DEBUG   (   77):  r0 401c6000  r1 01c60000  r2 401c033f  r3 401c7138
I/DEBUG   (   77):  r4 401c6ec4  r5 00000005  r6 00000004  r7 20000000
I/DEBUG   (   77):  r8 00000000  r9 00000000  10 00000000  fp 00000000
I/DEBUG   (   77):  ip 00000000  sp beea4660  lr 401c036d  pc 401d16d0  cpsr 00000030
I/DEBUG   (   77):  d0  0000000000000000  d1  0000000000000000
I/DEBUG   (   77):  d2  0000000000000000  d3  0000000000000000
I/DEBUG   (   77):  d4  0000000000000000  d5  0000000000000000
I/DEBUG   (   77):  d6  0000000000000000  d7  0000000000000000
I/DEBUG   (   77):  d8  0000000000000000  d9  0000000000000000
I/DEBUG   (   77):  d10 0000000000000000  d11 0000000000000000
I/DEBUG   (   77):  d12 0000000000000000  d13 0000000000000000
I/DEBUG   (   77):  d14 0000000000000000  d15 0000000000000000
I/DEBUG   (   77):  scr 00000000
I/DEBUG   (   77): 
I/DEBUG   (   77):          #00  pc 000096d0  /system/lib/libpixelflinger.so (_ZN7android8ggl_pickEPNS_9context_tE)
I/DEBUG   (   77):          #01  lr 401c036d  /system/lib/libui.so
I/DEBUG   (   77): 
I/DEBUG   (   77): code around pc:
I/DEBUG   (   77): 401d16b0 e3580001 e1d395be 959da00c 83a08000  ..X.............
I/DEBUG   (   77): 401d16c0 e2499c29 979a8108 e3590001 959da008  ).I.......Y.....
I/DEBUG   (   77): 401d16d0 e1a08408 e2088c03 e1887007 979a8109  .........p......
I/DEBUG   (   77): 401d16e0 83a08000 e1a09508 e209ab03 e187700a  .............p..
I/DEBUG   (   77): 401d16f0 e1d386b2 e1d3a6b0 e28d9020 e1580005  ........ .....X.
I/DEBUG   (   77): 
I/DEBUG   (   77): code around lr:
I/DEBUG   (   77): 401c034c 4a1bd10d 601e2601 462858a5 efd4f7fa  ...J.&.`.X(F....
I/DEBUG   (   77): 401c035c 49194818 44795822 f7fb4628 f8dfe804  .H.I"XyD(F......
I/DEBUG   (   77): 401c036c 2100e05c 500ef854 f7fa4628 4811efc6  \..!T..P(F.....H
I/DEBUG   (   77): 401c037c 58264913 46284479 f7fa4632 4b11eff4  .I&XyD(F2F.....K
I/DEBUG   (   77): 401c038c 2200211c 462858e5 eefcf7fa c038f8df  .!.".X(F......8.
I/DEBUG   (   77): 
I/DEBUG   (   77): memory map around addr 01c60020:
I/DEBUG   (   77): 0000a000-0000e000 [heap]
I/DEBUG   (   77): (no map for address)
I/DEBUG   (   77): 40000000-40024000 /system/lib/libsurfaceflinger.so
I/DEBUG   (   77): 
I/DEBUG   (   77): stack:
I/DEBUG   (   77):     beea4620  000000f0  
I/DEBUG   (   77):     beea4624  beea470c  [stack]
I/DEBUG   (   77):     beea4628  b000a3c0  
I/DEBUG   (   77):     beea462c  b000b0e0  
I/DEBUG   (   77):     beea4630  401b987e  /system/lib/libui.so
I/DEBUG   (   77):     beea4634  0e301a42  
I/DEBUG   (   77):     beea4638  b00094f0  /system/bin/linker
I/DEBUG   (   77):     beea463c  b000a078  
I/DEBUG   (   77):     beea4640  0000023d  
I/DEBUG   (   77):     beea4644  00000216  
I/DEBUG   (   77):     beea4648  b00094fc  /system/bin/linker
I/DEBUG   (   77):     beea464c  b0012da4  
I/DEBUG   (   77):     beea4650  b000b0e0  
I/DEBUG   (   77):     beea4654  00000000  
I/DEBUG   (   77):     beea4658  df0027ad  
I/DEBUG   (   77):     beea465c  00000000  
I/DEBUG   (   77): #00 beea4660  401c6004  /system/lib/libui.so
I/DEBUG   (   77):     beea4664  00000005  
I/DEBUG   (   77):     beea4668  00000004  
I/DEBUG   (   77):     beea466c  b0003a99  /system/bin/linker
I/DEBUG   (   77):     beea4670  b000b1c4  
I/DEBUG   (   77):     beea4674  b000b1c0  
I/DEBUG   (   77):     beea4678  b000990c  /system/bin/linker
I/DEBUG   (   77):     beea467c  b00046eb  /system/bin/linker
I/DEBUG   (   77):     beea4680  b000b0e0  
I/DEBUG   (   77):     beea4684  b000b0e0  
I/DEBUG   (   77):     beea4688  b000b184  
I/DEBUG   (   77):     beea468c  400103fc  /system/lib/libsurfaceflinger.so
I/DEBUG   (   77):     beea4690  00000016  
I/DEBUG   (   77):     beea4694  00000003  
I/DEBUG   (   77):     beea4698  00016000  
I/DEBUG   (   77):     beea469c  b0012fa8  
I/DEBUG   (   77):     beea46a0  401c7118  /system/lib/libui.so
I/DEBUG   (   77):     beea46a4  b000b16c  
I/DEBUG   (   77): tid 770 does not exist in pid 770. ignoring debug request
I/DEBUG   (   77): tid 769 does not exist in pid 769. ignoring debug request
I/Netd    (  788): Netd 1.0 starting
F/libc    (  789): Fatal signal 11 (SIGSEGV) at 0x01c60020 (code=1)
F/libc    (  791): Fatal signal 4 (SIGILL) at 0x401c01e0 (code=1)
F/libc    (  790): Fatal signal 4 (SIGILL) at 0x405631e0 (code=1)
I/DEBUG   (   77): *** *** *** *** *** *** *** *** *** *** *** *** *** *** *** ***
I/DEBUG   (   77): Build fingerprint: 'htc_europe/htc_golfu/golfu:4.0.3/IML74K/62541.1:user/release-keys'
I/DEBUG   (   77): pid: 789, tid: 789  >>> /system/bin/surfaceflinger <<<
I/DEBUG   (   77): signal 11 (SIGSEGV), code 1 (SEGV_MAPERR), fault addr 01c60020
I/DEBUG   (   77):  r0 401c6000  r1 01c60000  r2 401c033f  r3 401c7138
I/DEBUG   (   77):  r4 401c6ec4  r5 00000005  r6 00000004  r7 20000000
I/DEBUG   (   77):  r8 00000000  r9 00000000  10 00000000  fp 00000000
I/DEBUG   (   77):  ip 00000000  sp bee59660  lr 401c036d  pc 401d16d0  cpsr 00000030
I/DEBUG   (   77):  d0  0000000000000000  d1  0000000000000000
I/DEBUG   (   77):  d2  0000000000000000  d3  0000000000000000
I/DEBUG   (   77):  d4  0000000000000000  d5  0000000000000000
I/DEBUG   (   77):  d6  0000000000000000  d7  0000000000000000
I/DEBUG   (   77):  d8  0000000000000000  d9  0000000000000000
I/DEBUG   (   77):  d10 0000000000000000  d11 0000000000000000
I/DEBUG   (   77):  d12 0000000000000000  d13 0000000000000000
I/DEBUG   (   77):  d14 0000000000000000  d15 0000000000000000
I/DEBUG   (   77):  scr 00000000
I/DEBUG   (   77): 
I/DEBUG   (   77):          #00  pc 000096d0  /system/lib/libpixelflinger.so (_ZN7android8ggl_pickEPNS_9context_tE)
I/DEBUG   (   77):          #01  lr 401c036d  /system/lib/libui.so
I/DEBUG   (   77): 
I/DEBUG   (   77): code around pc:
I/DEBUG   (   77): 401d16b0 e3580001 e1d395be 959da00c 83a08000  ..X.............
I/DEBUG   (   77): 401d16c0 e2499c29 979a8108 e3590001 959da008  ).I.......Y.....
I/DEBUG   (   77): 401d16d0 e1a08408 e2088c03 e1887007 979a8109  .........p......
I/DEBUG   (   77): 401d16e0 83a08000 e1a09508 e209ab03 e187700a  .............p..
I/DEBUG   (   77): 401d16f0 e1d386b2 e1d3a6b0 e28d9020 e1580005  ........ .....X.
I/DEBUG   (   77): 
I/DEBUG   (   77): code around lr:
I/DEBUG   (   77): 401c034c 4a1bd10d 601e2601 462858a5 efd4f7fa  ...J.&.`.X(F....
I/DEBUG   (   77): 401c035c 49194818 44795822 f7fb4628 f8dfe804  .H.I"XyD(F......
I/DEBUG   (   77): 401c036c 2100e05c 500ef854 f7fa4628 4811efc6  \..!T..P(F.....H
I/DEBUG   (   77): 401c037c 58264913 46284479 f7fa4632 4b11eff4  .I&XyD(F2F.....K
I/DEBUG   (   77): 401c038c 2200211c 462858e5 eefcf7fa c038f8df  .!.".X(F......8.
I/DEBUG   (   77): 
I/DEBUG   (   77): memory map around addr 01c60020:
I/DEBUG   (   77): 0000a000-0000e000 [heap]
I/DEBUG   (   77): (no map for address)
I/DEBUG   (   77): 40000000-40024000 /system/lib/libsurfaceflinger.so
I/DEBUG   (   77): 
I/DEBUG   (   77): stack:
I/DEBUG   (   77):     bee59620  000000f0  
I/DEBUG   (   77):     bee59624  bee5970c  [stack]
I/DEBUG   (   77):     bee59628  b000a3c0  
I/DEBUG   (   77):     bee5962c  b000b0e0  
I/DEBUG   (   77):     bee59630  401b987e  /system/lib/libui.so
I/DEBUG   (   77):     bee59634  0e301a42  
I/DEBUG   (   77):     bee59638  b00094f0  /system/bin/linker
I/DEBUG   (   77):     bee5963c  b000a078  
I/DEBUG   (   77):     bee59640  0000023d  
I/DEBUG   (   77):     bee59644  00000216  
I/DEBUG   (   77):     bee59648  b00094fc  /system/bin/linker
I/DEBUG   (   77):     bee5964c  b0012da4  
I/DEBUG   (   77):     bee59650  b000b0e0  
I/DEBUG   (   77):     bee59654  00000000  
I/DEBUG   (   77):     bee59658  df0027ad  
I/DEBUG   (   77):     bee5965c  00000000  
I/DEBUG   (   77): #00 bee59660  401c6004  /system/lib/libui.so
I/DEBUG   (   77):     bee59664  00000005  
I/DEBUG   (   77):     bee59668  00000004  
I/DEBUG   (   77):     bee5966c  b0003a99  /system/bin/linker
I/DEBUG   (   77):     bee59670  b000b1c4  
I/DEBUG   (   77):     bee59674  b000b1c0  
I/DEBUG   (   77):     bee59678  b000990c  /system/bin/linker
I/DEBUG   (   77):     bee5967c  b00046eb  /system/bin/linker
I/DEBUG   (   77):     bee59680  b000b0e0  
I/DEBUG   (   77):     bee59684  b000b0e0  
I/DEBUG   (   77):     bee59688  b000b184  
I/DEBUG   (   77):     bee5968c  400103fc  /system/lib/libsurfaceflinger.so
I/DEBUG   (   77):     bee59690  00000016  
I/DEBUG   (   77):     bee59694  00000003  
I/DEBUG   (   77):     bee59698  00016000  
I/DEBUG   (   77):     bee5969c  b0012fa8  
I/DEBUG   (   77):     bee596a0  401c7118  /system/lib/libui.so
I/DEBUG   (   77):     bee596a4  b000b16c  
I/DEBUG   (   77): tid 791 does not exist in pid 791. ignoring debug request
I/DEBUG   (   77): tid 790 does not exist in pid 790. ignoring debug request
I/Netd    (  809): Netd 1.0 starting
F/libc    (  810): Fatal signal 11 (SIGSEGV) at 0x01c60020 (code=1)
F/libc    (  812): Fatal signal 4 (SIGILL) at 0x401c01e0 (code=1)
F/libc    (  811): Fatal signal 4 (SIGILL) at 0x405631e0 (code=1)
I/DEBUG   (   77): *** *** *** *** *** *** *** *** *** *** *** *** *** *** *** ***
I/DEBUG   (   77): Build fingerprint: 'htc_europe/htc_golfu/golfu:4.0.3/IML74K/62541.1:user/release-keys'
I/DEBUG   (   77): pid: 810, tid: 810  >>> /system/bin/surfaceflinger <<<
I/DEBUG   (   77): signal 11 (SIGSEGV), code 1 (SEGV_MAPERR), fault addr 01c60020
I/DEBUG   (   77):  r0 401c6000  r1 01c60000  r2 401c033f  r3 401c7138
I/DEBUG   (   77):  r4 401c6ec4  r5 00000005  r6 00000004  r7 20000000
I/DEBUG   (   77):  r8 00000000  r9 00000000  10 00000000  fp 00000000
I/DEBUG   (   77):  ip 00000000  sp bed33660  lr 401c036d  pc 401d16d0  cpsr 00000030
I/DEBUG   (   77):  d0  0000000000000000  d1  0000000000000000
I/DEBUG   (   77):  d2  0000000000000000  d3  0000000000000000
I/DEBUG   (   77):  d4  0000000000000000  d5  0000000000000000
I/DEBUG   (   77):  d6  0000000000000000  d7  0000000000000000
I/DEBUG   (   77):  d8  0000000000000000  d9  0000000000000000
I/DEBUG   (   77):  d10 0000000000000000  d11 0000000000000000
I/DEBUG   (   77):  d12 0000000000000000  d13 0000000000000000
I/DEBUG   (   77):  d14 0000000000000000  d15 0000000000000000
I/DEBUG   (   77):  scr 00000000
I/DEBUG   (   77): 
I/DEBUG   (   77):          #00  pc 000096d0  /system/lib/libpixelflinger.so (_ZN7android8ggl_pickEPNS_9context_tE)
I/DEBUG   (   77):          #01  lr 401c036d  /system/lib/libui.so
I/DEBUG   (   77): 
I/DEBUG   (   77): code around pc:
I/DEBUG   (   77): 401d16b0 e3580001 e1d395be 959da00c 83a08000  ..X.............
I/DEBUG   (   77): 401d16c0 e2499c29 979a8108 e3590001 959da008  ).I.......Y.....
I/DEBUG   (   77): 401d16d0 e1a08408 e2088c03 e1887007 979a8109  .........p......
I/DEBUG   (   77): 401d16e0 83a08000 e1a09508 e209ab03 e187700a  .............p..
I/DEBUG   (   77): 401d16f0 e1d386b2 e1d3a6b0 e28d9020 e1580005  ........ .....X.
I/DEBUG   (   77): 
I/DEBUG   (   77): code around lr:
I/DEBUG   (   77): 401c034c 4a1bd10d 601e2601 462858a5 efd4f7fa  ...J.&.`.X(F....
I/DEBUG   (   77): 401c035c 49194818 44795822 f7fb4628 f8dfe804  .H.I"XyD(F......
I/DEBUG   (   77): 401c036c 2100e05c 500ef854 f7fa4628 4811efc6  \..!T..P(F.....H
I/DEBUG   (   77): 401c037c 58264913 46284479 f7fa4632 4b11eff4  .I&XyD(F2F.....K
I/DEBUG   (   77): 401c038c 2200211c 462858e5 eefcf7fa c038f8df  .!.".X(F......8.
I/DEBUG   (   77): 
I/DEBUG   (   77): memory map around addr 01c60020:
I/DEBUG   (   77): 0000a000-0000e000 [heap]
I/DEBUG   (   77): (no map for address)
I/DEBUG   (   77): 40000000-40024000 /system/lib/libsurfaceflinger.so
I/DEBUG   (   77): 
I/DEBUG   (   77): stack:
I/DEBUG   (   77):     bed33620  000000f0  
I/DEBUG   (   77):     bed33624  bed3370c  [stack]
I/DEBUG   (   77):     bed33628  b000a3c0  
I/DEBUG   (   77):     bed3362c  b000b0e0  
I/DEBUG   (   77):     bed33630  401b987e  /system/lib/libui.so
I/DEBUG   (   77):     bed33634  0e301a42  
I/DEBUG   (   77):     bed33638  b00094f0  /system/bin/linker
I/DEBUG   (   77):     bed3363c  b000a078  
I/DEBUG   (   77):     bed33640  0000023d  
I/DEBUG   (   77):     bed33644  00000216  
I/DEBUG   (   77):     bed33648  b00094fc  /system/bin/linker
I/DEBUG   (   77):     bed3364c  b0012da4  
I/DEBUG   (   77):     bed33650  b000b0e0  
I/DEBUG   (   77):     bed33654  00000000  
I/DEBUG   (   77):     bed33658  df0027ad  
I/DEBUG   (   77):     bed3365c  00000000  
I/DEBUG   (   77): #00 bed33660  401c6004  /system/lib/libui.so
I/DEBUG   (   77):     bed33664  00000005  
I/DEBUG   (   77):     bed33668  00000004  
I/DEBUG   (   77):     bed3366c  b0003a99  /system/bin/linker
I/DEBUG   (   77):     bed33670  b000b1c4  
I/DEBUG   (   77):     bed33674  b000b1c0  
I/DEBUG   (   77):     bed33678  b000990c  /system/bin/linker
I/DEBUG   (   77):     bed3367c  b00046eb  /system/bin/linker
I/DEBUG   (   77):     bed33680  b000b0e0  
I/DEBUG   (   77):     bed33684  b000b0e0  
I/DEBUG   (   77):     bed33688  b000b184  
I/DEBUG   (   77):     bed3368c  400103fc  /system/lib/libsurfaceflinger.so
I/DEBUG   (   77):     bed33690  00000016  
I/DEBUG   (   77):     bed33694  00000003  
I/DEBUG   (   77):     bed33698  00016000  
I/DEBUG   (   77):     bed3369c  b0012fa8  
I/DEBUG   (   77):     bed336a0  401c7118  /system/lib/libui.so
I/DEBUG   (   77):     bed336a4  b000b16c  
I/DEBUG   (   77): tid 812 does not exist in pid 812. ignoring debug request
I/DEBUG   (   77): tid 811 does not exist in pid 811. ignoring debug request
I/Netd    (  830): Netd 1.0 starting
F/libc    (  831): Fatal signal 11 (SIGSEGV) at 0x01c60020 (code=1)
F/libc    (  833): Fatal signal 4 (SIGILL) at 0x401c01e0 (code=1)
F/libc    (  832): Fatal signal 4 (SIGILL) at 0x405631e0 (code=1)
I/DEBUG   (   77): *** *** *** *** *** *** *** *** *** *** *** *** *** *** *** ***
I/DEBUG   (   77): Build fingerprint: 'htc_europe/htc_golfu/golfu:4.0.3/IML74K/62541.1:user/release-keys'
I/DEBUG   (   77): pid: 831, tid: 831  >>> /system/bin/surfaceflinger <<<
I/DEBUG   (   77): signal 11 (SIGSEGV), code 1 (SEGV_MAPERR), fault addr 01c60020
I/DEBUG   (   77):  r0 401c6000  r1 01c60000  r2 401c033f  r3 401c7138
I/DEBUG   (   77):  r4 401c6ec4  r5 00000005  r6 00000004  r7 20000000
I/DEBUG   (   77):  r8 00000000  r9 00000000  10 00000000  fp 00000000
I/DEBUG   (   77):  ip 00000000  sp befa5660  lr 401c036d  pc 401d16d0  cpsr 00000030
I/DEBUG   (   77):  d0  0000000000000000  d1  0000000000000000
I/DEBUG   (   77):  d2  0000000000000000  d3  0000000000000000
I/DEBUG   (   77):  d4  0000000000000000  d5  0000000000000000
I/DEBUG   (   77):  d6  0000000000000000  d7  0000000000000000
I/DEBUG   (   77):  d8  0000000000000000  d9  0000000000000000
I/DEBUG   (   77):  d10 0000000000000000  d11 0000000000000000
I/DEBUG   (   77):  d12 0000000000000000  d13 0000000000000000
I/DEBUG   (   77):  d14 0000000000000000  d15 0000000000000000
I/DEBUG   (   77):  scr 00000000
I/DEBUG   (   77): 
I/DEBUG   (   77):          #00  pc 000096d0  /system/lib/libpixelflinger.so (_ZN7android8ggl_pickEPNS_9context_tE)
I/DEBUG   (   77):          #01  lr 401c036d  /system/lib/libui.so
I/DEBUG   (   77): 
I/DEBUG   (   77): code around pc:
I/DEBUG   (   77): 401d16b0 e3580001 e1d395be 959da00c 83a08000  ..X.............
I/DEBUG   (   77): 401d16c0 e2499c29 979a8108 e3590001 959da008  ).I.......Y.....
I/DEBUG   (   77): 401d16d0 e1a08408 e2088c03 e1887007 979a8109  .........p......
I/DEBUG   (   77): 401d16e0 83a08000 e1a09508 e209ab03 e187700a  .............p..
I/DEBUG   (   77): 401d16f0 e1d386b2 e1d3a6b0 e28d9020 e1580005  ........ .....X.
I/DEBUG   (   77): 
I/DEBUG   (   77): code around lr:
I/DEBUG   (   77): 401c034c 4a1bd10d 601e2601 462858a5 efd4f7fa  ...J.&.`.X(F....
I/DEBUG   (   77): 401c035c 49194818 44795822 f7fb4628 f8dfe804  .H.I"XyD(F......
I/DEBUG   (   77): 401c036c 2100e05c 500ef854 f7fa4628 4811efc6  \..!T..P(F.....H
I/DEBUG   (   77): 401c037c 58264913 46284479 f7fa4632 4b11eff4  .I&XyD(F2F.....K
I/DEBUG   (   77): 401c038c 2200211c 462858e5 eefcf7fa c038f8df  .!.".X(F......8.
I/DEBUG   (   77): 
I/DEBUG   (   77): memory map around addr 01c60020:
I/DEBUG   (   77): 0000a000-0000e000 [heap]
I/DEBUG   (   77): (no map for address)
I/DEBUG   (   77): 40000000-40024000 /system/lib/libsurfaceflinger.so
I/DEBUG   (   77): 
I/DEBUG   (   77): stack:
I/DEBUG   (   77):     befa5620  000000f0  
I/DEBUG   (   77):     befa5624  befa570c  [stack]
I/DEBUG   (   77):     befa5628  b000a3c0  
I/DEBUG   (   77):     befa562c  b000b0e0  
I/DEBUG   (   77):     befa5630  401b987e  /system/lib/libui.so
I/DEBUG   (   77):     befa5634  0e301a42  
I/DEBUG   (   77):     befa5638  b00094f0  /system/bin/linker
I/DEBUG   (   77):     befa563c  b000a078  
I/DEBUG   (   77):     befa5640  0000023d  
I/DEBUG   (   77):     befa5644  00000216  
I/DEBUG   (   77):     befa5648  b00094fc  /system/bin/linker
I/DEBUG   (   77):     befa564c  b0012da4  
I/DEBUG   (   77):     befa5650  b000b0e0  
I/DEBUG   (   77):     befa5654  00000000  
I/DEBUG   (   77):     befa5658  df0027ad  
I/DEBUG   (   77):     befa565c  00000000  
I/DEBUG   (   77): #00 befa5660  401c6004  /system/lib/libui.so
I/DEBUG   (   77):     befa5664  00000005  
I/DEBUG   (   77):     befa5668  00000004  
I/DEBUG   (   77):     befa566c  b0003a99  /system/bin/linker
I/DEBUG   (   77):     befa5670  b000b1c4  
I/DEBUG   (   77):     befa5674  b000b1c0  
I/DEBUG   (   77):     befa5678  b000990c  /system/bin/linker
I/DEBUG   (   77):     befa567c  b00046eb  /system/bin/linker
I/DEBUG   (   77):     befa5680  b000b0e0  
I/DEBUG   (   77):     befa5684  b000b0e0  
I/DEBUG   (   77):     befa5688  b000b184  
I/DEBUG   (   77):     befa568c  400103fc  /system/lib/libsurfaceflinger.so
I/DEBUG   (   77):     befa5690  00000016  
I/DEBUG   (   77):     befa5694  00000003  
I/DEBUG   (   77):     befa5698  00016000  
I/DEBUG   (   77):     befa569c  b0012fa8  
I/DEBUG   (   77):     befa56a0  401c7118  /system/lib/libui.so
I/DEBUG   (   77):     befa56a4  b000b16c  
I/DEBUG   (   77): tid 833 does not exist in pid 833. ignoring debug request
I/DEBUG   (   77): tid 832 does not exist in pid 832. ignoring debug request
I/Netd    (  851): Netd 1.0 starting
F/libc    (  852): Fatal signal 11 (SIGSEGV) at 0x01c60020 (code=1)
F/libc    (  854): Fatal signal 4 (SIGILL) at 0x401c01e0 (code=1)
F/libc    (  853): Fatal signal 4 (SIGILL) at 0x405631e0 (code=1)
I/DEBUG   (   77): *** *** *** *** *** *** *** *** *** *** *** *** *** *** *** ***
I/DEBUG   (   77): Build fingerprint: 'htc_europe/htc_golfu/golfu:4.0.3/IML74K/62541.1:user/release-keys'
I/DEBUG   (   77): pid: 852, tid: 852  >>> /system/bin/surfaceflinger <<<
I/DEBUG   (   77): signal 11 (SIGSEGV), code 1 (SEGV_MAPERR), fault addr 01c60020
I/DEBUG   (   77):  r0 401c6000  r1 01c60000  r2 401c033f  r3 401c7138
I/DEBUG   (   77):  r4 401c6ec4  r5 00000005  r6 00000004  r7 20000000
I/DEBUG   (   77):  r8 00000000  r9 00000000  10 00000000  fp 00000000
I/DEBUG   (   77):  ip 00000000  sp beba1660  lr 401c036d  pc 401d16d0  cpsr 00000030
I/DEBUG   (   77):  d0  0000000000000000  d1  0000000000000000
I/DEBUG   (   77):  d2  0000000000000000  d3  0000000000000000
I/DEBUG   (   77):  d4  0000000000000000  d5  0000000000000000
I/DEBUG   (   77):  d6  0000000000000000  d7  0000000000000000
I/DEBUG   (   77):  d8  0000000000000000  d9  0000000000000000
I/DEBUG   (   77):  d10 0000000000000000  d11 0000000000000000
I/DEBUG   (   77):  d12 0000000000000000  d13 0000000000000000
I/DEBUG   (   77):  d14 0000000000000000  d15 0000000000000000
I/DEBUG   (   77):  scr 00000000
I/DEBUG   (   77): 
I/DEBUG   (   77):          #00  pc 000096d0  /system/lib/libpixelflinger.so (_ZN7android8ggl_pickEPNS_9context_tE)
I/DEBUG   (   77):          #01  lr 401c036d  /system/lib/libui.so
I/DEBUG   (   77): 
I/DEBUG   (   77): code around pc:
I/DEBUG   (   77): 401d16b0 e3580001 e1d395be 959da00c 83a08000  ..X.............
I/DEBUG   (   77): 401d16c0 e2499c29 979a8108 e3590001 959da008  ).I.......Y.....
I/DEBUG   (   77): 401d16d0 e1a08408 e2088c03 e1887007 979a8109  .........p......
I/DEBUG   (   77): 401d16e0 83a08000 e1a09508 e209ab03 e187700a  .............p..
I/DEBUG   (   77): 401d16f0 e1d386b2 e1d3a6b0 e28d9020 e1580005  ........ .....X.
I/DEBUG   (   77): 
I/DEBUG   (   77): code around lr:
I/DEBUG   (   77): 401c034c 4a1bd10d 601e2601 462858a5 efd4f7fa  ...J.&.`.X(F....
I/DEBUG   (   77): 401c035c 49194818 44795822 f7fb4628 f8dfe804  .H.I"XyD(F......
I/DEBUG   (   77): 401c036c 2100e05c 500ef854 f7fa4628 4811efc6  \..!T..P(F.....H
I/DEBUG   (   77): 401c037c 58264913 46284479 f7fa4632 4b11eff4  .I&XyD(F2F.....K
I/DEBUG   (   77): 401c038c 2200211c 462858e5 eefcf7fa c038f8df  .!.".X(F......8.
I/DEBUG   (   77): 
I/DEBUG   (   77): memory map around addr 01c60020:
I/DEBUG   (   77): 0000a000-0000e000 [heap]
I/DEBUG   (   77): (no map for address)
I/DEBUG   (   77): 40000000-40024000 /system/lib/libsurfaceflinger.so
I/DEBUG   (   77): 
I/DEBUG   (   77): stack:
I/DEBUG   (   77):     beba1620  000000f0  
I/DEBUG   (   77):     beba1624  beba170c  [stack]
I/DEBUG   (   77):     beba1628  b000a3c0  
I/DEBUG   (   77):     beba162c  b000b0e0  
I/DEBUG   (   77):     beba1630  401b987e  /system/lib/libui.so
I/DEBUG   (   77):     beba1634  0e301a42  
I/DEBUG   (   77):     beba1638  b00094f0  /system/bin/linker
I/DEBUG   (   77):     beba163c  b000a078  
I/DEBUG   (   77):     beba1640  0000023d  
I/DEBUG   (   77):     beba1644  00000216  
I/DEBUG   (   77):     beba1648  b00094fc  /system/bin/linker
I/DEBUG   (   77):     beba164c  b0012da4  
I/DEBUG   (   77):     beba1650  b000b0e0  
I/DEBUG   (   77):     beba1654  00000000  
I/DEBUG   (   77):     beba1658  df0027ad  
I/DEBUG   (   77):     beba165c  00000000  
I/DEBUG   (   77): #00 beba1660  401c6004  /system/lib/libui.so
I/DEBUG   (   77):     beba1664  00000005  
I/DEBUG   (   77):     beba1668  00000004  
I/DEBUG   (   77):     beba166c  b0003a99  /system/bin/linker
I/DEBUG   (   77):     beba1670  b000b1c4  
I/DEBUG   (   77):     beba1674  b000b1c0  
I/DEBUG   (   77):     beba1678  b000990c  /system/bin/linker
I/DEBUG   (   77):     beba167c  b00046eb  /system/bin/linker
I/DEBUG   (   77):     beba1680  b000b0e0  
I/DEBUG   (   77):     beba1684  b000b0e0  
I/DEBUG   (   77):     beba1688  b000b184  
I/DEBUG   (   77):     beba168c  400103fc  /system/lib/libsurfaceflinger.so
I/DEBUG   (   77):     beba1690  00000016  
I/DEBUG   (   77):     beba1694  00000003  
I/DEBUG   (   77):     beba1698  00016000  
I/DEBUG   (   77):     beba169c  b0012fa8  
I/DEBUG   (   77):     beba16a0  401c7118  /system/lib/libui.so
I/DEBUG   (   77):     beba16a4  b000b16c  
I/DEBUG   (   77): tid 854 does not exist in pid 854. ignoring debug request
I/DEBUG   (   77): tid 853 does not exist in pid 853. ignoring debug request
I/Netd    (  872): Netd 1.0 starting
F/libc    (  873): Fatal signal 11 (SIGSEGV) at 0x01c60020 (code=1)
F/libc    (  875): Fatal signal 4 (SIGILL) at 0x401c01e0 (code=1)
F/libc    (  874): Fatal signal 4 (SIGILL) at 0x405631e0 (code=1)
I/DEBUG   (   77): *** *** *** *** *** *** *** *** *** *** *** *** *** *** *** ***
I/DEBUG   (   77): Build fingerprint: 'htc_europe/htc_golfu/golfu:4.0.3/IML74K/62541.1:user/release-keys'
I/DEBUG   (   77): pid: 873, tid: 873  >>> /system/bin/surfaceflinger <<<
I/DEBUG   (   77): signal 11 (SIGSEGV), code 1 (SEGV_MAPERR), fault addr 01c60020
I/DEBUG   (   77):  r0 401c6000  r1 01c60000  r2 401c033f  r3 401c7138
I/DEBUG   (   77):  r4 401c6ec4  r5 00000005  r6 00000004  r7 20000000
I/DEBUG   (   77):  r8 00000000  r9 00000000  10 00000000  fp 00000000
I/DEBUG   (   77):  ip 00000000  sp befe2660  lr 401c036d  pc 401d16d0  cpsr 00000030
I/DEBUG   (   77):  d0  0000000000000000  d1  0000000000000000
I/DEBUG   (   77):  d2  0000000000000000  d3  0000000000000000
I/DEBUG   (   77):  d4  0000000000000000  d5  0000000000000000
I/DEBUG   (   77):  d6  0000000000000000  d7  0000000000000000
I/DEBUG   (   77):  d8  0000000000000000  d9  0000000000000000
I/DEBUG   (   77):  d10 0000000000000000  d11 0000000000000000
I/DEBUG   (   77):  d12 0000000000000000  d13 0000000000000000
I/DEBUG   (   77):  d14 0000000000000000  d15 0000000000000000
I/DEBUG   (   77):  scr 00000000
I/DEBUG   (   77): 
I/DEBUG   (   77):          #00  pc 000096d0  /system/lib/libpixelflinger.so (_ZN7android8ggl_pickEPNS_9context_tE)
I/DEBUG   (   77):          #01  lr 401c036d  /system/lib/libui.so
I/DEBUG   (   77): 
I/DEBUG   (   77): code around pc:
I/DEBUG   (   77): 401d16b0 e3580001 e1d395be 959da00c 83a08000  ..X.............
I/DEBUG   (   77): 401d16c0 e2499c29 979a8108 e3590001 959da008  ).I.......Y.....
I/DEBUG   (   77): 401d16d0 e1a08408 e2088c03 e1887007 979a8109  .........p......
I/DEBUG   (   77): 401d16e0 83a08000 e1a09508 e209ab03 e187700a  .............p..
I/DEBUG   (   77): 401d16f0 e1d386b2 e1d3a6b0 e28d9020 e1580005  ........ .....X.
I/DEBUG   (   77): 
I/DEBUG   (   77): code around lr:
I/DEBUG   (   77): 401c034c 4a1bd10d 601e2601 462858a5 efd4f7fa  ...J.&.`.X(F....
I/DEBUG   (   77): 401c035c 49194818 44795822 f7fb4628 f8dfe804  .H.I"XyD(F......
I/DEBUG   (   77): 401c036c 2100e05c 500ef854 f7fa4628 4811efc6  \..!T..P(F.....H
I/DEBUG   (   77): 401c037c 58264913 46284479 f7fa4632 4b11eff4  .I&XyD(F2F.....K
I/DEBUG   (   77): 401c038c 2200211c 462858e5 eefcf7fa c038f8df  .!.".X(F......8.
I/DEBUG   (   77): 
I/DEBUG   (   77): memory map around addr 01c60020:
I/DEBUG   (   77): 0000a000-0000e000 [heap]
I/DEBUG   (   77): (no map for address)
I/DEBUG   (   77): 40000000-40024000 /system/lib/libsurfaceflinger.so
I/DEBUG   (   77): 
I/DEBUG   (   77): stack:
I/DEBUG   (   77):     befe2620  000000f0  
I/DEBUG   (   77):     befe2624  befe270c  [stack]
I/DEBUG   (   77):     befe2628  b000a3c0  
I/DEBUG   (   77):     befe262c  b000b0e0  
I/DEBUG   (   77):     befe2630  401b987e  /system/lib/libui.so
I/DEBUG   (   77):     befe2634  0e301a42  
I/DEBUG   (   77):     befe2638  b00094f0  /system/bin/linker
I/DEBUG   (   77):     befe263c  b000a078  
I/DEBUG   (   77):     befe2640  0000023d  
I/DEBUG   (   77):     befe2644  00000216  
I/DEBUG   (   77):     befe2648  b00094fc  /system/bin/linker
I/DEBUG   (   77):     befe264c  b0012da4  
I/DEBUG   (   77):     befe2650  b000b0e0  
I/DEBUG   (   77):     befe2654  00000000  
I/DEBUG   (   77):     befe2658  df0027ad  
I/DEBUG   (   77):     befe265c  00000000  
I/DEBUG   (   77): #00 befe2660  401c6004  /system/lib/libui.so
I/DEBUG   (   77):     befe2664  00000005  
I/DEBUG   (   77):     befe2668  00000004  
I/DEBUG   (   77):     befe266c  b0003a99  /system/bin/linker
I/DEBUG   (   77):     befe2670  b000b1c4  
I/DEBUG   (   77):     befe2674  b000b1c0  
I/DEBUG   (   77):     befe2678  b000990c  /system/bin/linker
I/DEBUG   (   77):     befe267c  b00046eb  /system/bin/linker
I/DEBUG   (   77):     befe2680  b000b0e0  
I/DEBUG   (   77):     befe2684  b000b0e0  
I/DEBUG   (   77):     befe2688  b000b184  
I/DEBUG   (   77):     befe268c  400103fc  /system/lib/libsurfaceflinger.so
I/DEBUG   (   77):     befe2690  00000016  
I/DEBUG   (   77):     befe2694  00000003  
I/DEBUG   (   77):     befe2698  00016000  
I/DEBUG   (   77):     befe269c  b0012fa8  
I/DEBUG   (   77):     befe26a0  401c7118  /system/lib/libui.so
I/DEBUG   (   77):     befe26a4  b000b16c  
I/DEBUG   (   77): tid 875 does not exist in pid 875. ignoring debug request
I/DEBUG   (   77): tid 874 does not exist in pid 874. ignoring debug request
I/Netd    (  893): Netd 1.0 starting
F/libc    (  894): Fatal signal 11 (SIGSEGV) at 0x01c60020 (code=1)
F/libc    (  896): Fatal signal 4 (SIGILL) at 0x401c01e0 (code=1)
F/libc    (  895): Fatal signal 4 (SIGILL) at 0x405631e0 (code=1)
I/DEBUG   (   77): *** *** *** *** *** *** *** *** *** *** *** *** *** *** *** ***
I/DEBUG   (   77): Build fingerprint: 'htc_europe/htc_golfu/golfu:4.0.3/IML74K/62541.1:user/release-keys'
I/DEBUG   (   77): pid: 894, tid: 894  >>> /system/bin/surfaceflinger <<<
I/DEBUG   (   77): signal 11 (SIGSEGV), code 1 (SEGV_MAPERR), fault addr 01c60020
I/DEBUG   (   77):  r0 401c6000  r1 01c60000  r2 401c033f  r3 401c7138
I/DEBUG   (   77):  r4 401c6ec4  r5 00000005  r6 00000004  r7 20000000
I/DEBUG   (   77):  r8 00000000  r9 00000000  10 00000000  fp 00000000
I/DEBUG   (   77):  ip 00000000  sp bea47660  lr 401c036d  pc 401d16d0  cpsr 00000030
I/DEBUG   (   77):  d0  0000000000000000  d1  0000000000000000
I/DEBUG   (   77):  d2  0000000000000000  d3  0000000000000000
I/DEBUG   (   77):  d4  0000000000000000  d5  0000000000000000
I/DEBUG   (   77):  d6  0000000000000000  d7  0000000000000000
I/DEBUG   (   77):  d8  0000000000000000  d9  0000000000000000
I/DEBUG   (   77):  d10 0000000000000000  d11 0000000000000000
I/DEBUG   (   77):  d12 0000000000000000  d13 0000000000000000
I/DEBUG   (   77):  d14 0000000000000000  d15 0000000000000000
I/DEBUG   (   77):  scr 00000000
I/DEBUG   (   77): 
I/DEBUG   (   77):          #00  pc 000096d0  /system/lib/libpixelflinger.so (_ZN7android8ggl_pickEPNS_9context_tE)
I/DEBUG   (   77):          #01  lr 401c036d  /system/lib/libui.so
I/DEBUG   (   77): 
I/DEBUG   (   77): code around pc:
I/DEBUG   (   77): 401d16b0 e3580001 e1d395be 959da00c 83a08000  ..X.............
I/DEBUG   (   77): 401d16c0 e2499c29 979a8108 e3590001 959da008  ).I.......Y.....
I/DEBUG   (   77): 401d16d0 e1a08408 e2088c03 e1887007 979a8109  .........p......
I/DEBUG   (   77): 401d16e0 83a08000 e1a09508 e209ab03 e187700a  .............p..
I/DEBUG   (   77): 401d16f0 e1d386b2 e1d3a6b0 e28d9020 e1580005  ........ .....X.
I/DEBUG   (   77): 
I/DEBUG   (   77): code around lr:
I/DEBUG   (   77): 401c034c 4a1bd10d 601e2601 462858a5 efd4f7fa  ...J.&.`.X(F....
I/DEBUG   (   77): 401c035c 49194818 44795822 f7fb4628 f8dfe804  .H.I"XyD(F......
I/DEBUG   (   77): 401c036c 2100e05c 500ef854 f7fa4628 4811efc6  \..!T..P(F.....H
I/DEBUG   (   77): 401c037c 58264913 46284479 f7fa4632 4b11eff4  .I&XyD(F2F.....K
I/DEBUG   (   77): 401c038c 2200211c 462858e5 eefcf7fa c038f8df  .!.".X(F......8.
I/DEBUG   (   77): 
I/DEBUG   (   77): memory map around addr 01c60020:
I/DEBUG   (   77): 0000a000-0000e000 [heap]
I/DEBUG   (   77): (no map for address)
I/DEBUG   (   77): 40000000-40024000 /system/lib/libsurfaceflinger.so
I/DEBUG   (   77): 
I/DEBUG   (   77): stack:
I/DEBUG   (   77):     bea47620  000000f0  
I/DEBUG   (   77):     bea47624  bea4770c  [stack]
I/DEBUG   (   77):     bea47628  b000a3c0  
I/DEBUG   (   77):     bea4762c  b000b0e0  
I/DEBUG   (   77):     bea47630  401b987e  /system/lib/libui.so
I/DEBUG   (   77):     bea47634  0e301a42  
I/DEBUG   (   77):     bea47638  b00094f0  /system/bin/linker
I/DEBUG   (   77):     bea4763c  b000a078  
I/DEBUG   (   77):     bea47640  0000023d  
I/DEBUG   (   77):     bea47644  00000216  
I/DEBUG   (   77):     bea47648  b00094fc  /system/bin/linker
I/DEBUG   (   77):     bea4764c  b0012da4  
I/DEBUG   (   77):     bea47650  b000b0e0  
I/DEBUG   (   77):     bea47654  00000000  
I/DEBUG   (   77):     bea47658  df0027ad  
I/DEBUG   (   77):     bea4765c  00000000  
I/DEBUG   (   77): #00 bea47660  401c6004  /system/lib/libui.so
I/DEBUG   (   77):     bea47664  00000005  
I/DEBUG   (   77):     bea47668  00000004  
I/DEBUG   (   77):     bea4766c  b0003a99  /system/bin/linker
I/DEBUG   (   77):     bea47670  b000b1c4  
I/DEBUG   (   77):     bea47674  b000b1c0  
I/DEBUG   (   77):     bea47678  b000990c  /system/bin/linker
I/DEBUG   (   77):     bea4767c  b00046eb  /system/bin/linker
I/DEBUG   (   77):     bea47680  b000b0e0  
I/DEBUG   (   77):     bea47684  b000b0e0  
I/DEBUG   (   77):     bea47688  b000b184  
I/DEBUG   (   77):     bea4768c  400103fc  /system/lib/libsurfaceflinger.so
I/DEBUG   (   77):     bea47690  00000016  
I/DEBUG   (   77):     bea47694  00000003  
I/DEBUG   (   77):     bea47698  00016000  
I/DEBUG   (   77):     bea4769c  b0012fa8  
I/DEBUG   (   77):     bea476a0  401c7118  /system/lib/libui.so
I/DEBUG   (   77):     bea476a4  b000b16c  
I/DEBUG   (   77): tid 896 does not exist in pid 896. ignoring debug request
I/DEBUG   (   77): tid 895 does not exist in pid 895. ignoring debug request
I/Netd    (  914): Netd 1.0 starting
F/libc    (  915): Fatal signal 11 (SIGSEGV) at 0x01c60020 (code=1)
F/libc    (  917): Fatal signal 4 (SIGILL) at 0x401c01e0 (code=1)
F/libc    (  916): Fatal signal 4 (SIGILL) at 0x405631e0 (code=1)
I/DEBUG   (   77): *** *** *** *** *** *** *** *** *** *** *** *** *** *** *** ***
I/DEBUG   (   77): Build fingerprint: 'htc_europe/htc_golfu/golfu:4.0.3/IML74K/62541.1:user/release-keys'
I/DEBUG   (   77): pid: 915, tid: 915  >>> /system/bin/surfaceflinger <<<
I/DEBUG   (   77): signal 11 (SIGSEGV), code 1 (SEGV_MAPERR), fault addr 01c60020
I/DEBUG   (   77):  r0 401c6000  r1 01c60000  r2 401c033f  r3 401c7138
I/DEBUG   (   77):  r4 401c6ec4  r5 00000005  r6 00000004  r7 20000000
I/DEBUG   (   77):  r8 00000000  r9 00000000  10 00000000  fp 00000000
I/DEBUG   (   77):  ip 00000000  sp becde660  lr 401c036d  pc 401d16d0  cpsr 00000030
I/DEBUG   (   77):  d0  0000000000000000  d1  0000000000000000
I/DEBUG   (   77):  d2  0000000000000000  d3  0000000000000000
I/DEBUG   (   77):  d4  0000000000000000  d5  0000000000000000
I/DEBUG   (   77):  d6  0000000000000000  d7  0000000000000000
I/DEBUG   (   77):  d8  0000000000000000  d9  0000000000000000
I/DEBUG   (   77):  d10 0000000000000000  d11 0000000000000000
I/DEBUG   (   77):  d12 0000000000000000  d13 0000000000000000
I/DEBUG   (   77):  d14 0000000000000000  d15 0000000000000000
I/DEBUG   (   77):  scr 00000000
I/DEBUG   (   77): 
I/DEBUG   (   77):          #00  pc 000096d0  /system/lib/libpixelflinger.so (_ZN7android8ggl_pickEPNS_9context_tE)
I/DEBUG   (   77):          #01  lr 401c036d  /system/lib/libui.so
I/DEBUG   (   77): 
I/DEBUG   (   77): code around pc:
I/DEBUG   (   77): 401d16b0 e3580001 e1d395be 959da00c 83a08000  ..X.............
I/DEBUG   (   77): 401d16c0 e2499c29 979a8108 e3590001 959da008  ).I.......Y.....
I/DEBUG   (   77): 401d16d0 e1a08408 e2088c03 e1887007 979a8109  .........p......
I/DEBUG   (   77): 401d16e0 83a08000 e1a09508 e209ab03 e187700a  .............p..
I/DEBUG   (   77): 401d16f0 e1d386b2 e1d3a6b0 e28d9020 e1580005  ........ .....X.
I/DEBUG   (   77): 
I/DEBUG   (   77): code around lr:
I/DEBUG   (   77): 401c034c 4a1bd10d 601e2601 462858a5 efd4f7fa  ...J.&.`.X(F....
I/DEBUG   (   77): 401c035c 49194818 44795822 f7fb4628 f8dfe804  .H.I"XyD(F......
I/DEBUG   (   77): 401c036c 2100e05c 500ef854 f7fa4628 4811efc6  \..!T..P(F.....H
I/DEBUG   (   77): 401c037c 58264913 46284479 f7fa4632 4b11eff4  .I&XyD(F2F.....K
I/DEBUG   (   77): 401c038c 2200211c 462858e5 eefcf7fa c038f8df  .!.".X(F......8.
I/DEBUG   (   77): 
I/DEBUG   (   77): memory map around addr 01c60020:
I/DEBUG   (   77): 0000a000-0000e000 [heap]
I/DEBUG   (   77): (no map for address)
I/DEBUG   (   77): 40000000-40024000 /system/lib/libsurfaceflinger.so
I/DEBUG   (   77): 
I/DEBUG   (   77): stack:
I/DEBUG   (   77):     becde620  000000f0  
I/DEBUG   (   77):     becde624  becde70c  [stack]
I/DEBUG   (   77):     becde628  b000a3c0  
I/DEBUG   (   77):     becde62c  b000b0e0  
I/DEBUG   (   77):     becde630  401b987e  /system/lib/libui.so
I/DEBUG   (   77):     becde634  0e301a42  
I/DEBUG   (   77):     becde638  b00094f0  /system/bin/linker
I/DEBUG   (   77):     becde63c  b000a078  
I/DEBUG   (   77):     becde640  0000023d  
I/DEBUG   (   77):     becde644  00000216  
I/DEBUG   (   77):     becde648  b00094fc  /system/bin/linker
I/DEBUG   (   77):     becde64c  b0012da4  
I/DEBUG   (   77):     becde650  b000b0e0  
I/DEBUG   (   77):     becde654  00000000  
I/DEBUG   (   77):     becde658  df0027ad  
I/DEBUG   (   77):     becde65c  00000000  
I/DEBUG   (   77): #00 becde660  401c6004  /system/lib/libui.so
I/DEBUG   (   77):     becde664  00000005  
I/DEBUG   (   77):     becde668  00000004  
I/DEBUG   (   77):     becde66c  b0003a99  /system/bin/linker
I/DEBUG   (   77):     becde670  b000b1c4  
I/DEBUG   (   77):     becde674  b000b1c0  
I/DEBUG   (   77):     becde678  b000990c  /system/bin/linker
I/DEBUG   (   77):     becde67c  b00046eb  /system/bin/linker
I/DEBUG   (   77):     becde680  b000b0e0  
I/DEBUG   (   77):     becde684  b000b0e0  
I/DEBUG   (   77):     becde688  b000b184  
I/DEBUG   (   77):     becde68c  400103fc  /system/lib/libsurfaceflinger.so
I/DEBUG   (   77):     becde690  00000016  
I/DEBUG   (   77):     becde694  00000003  
I/DEBUG   (   77):     becde698  00016000  
I/DEBUG   (   77):     becde69c  b0012fa8  
I/DEBUG   (   77):     becde6a0  401c7118  /system/lib/libui.so
I/DEBUG   (   77):     becde6a4  b000b16c  
I/DEBUG   (   77): tid 917 does not exist in pid 917. ignoring debug request
I/DEBUG   (   77): tid 916 does not exist in pid 916. ignoring debug request
I/Netd    (  935): Netd 1.0 starting
F/libc    (  936): Fatal signal 11 (SIGSEGV) at 0x01c60020 (code=1)
F/libc    (  938): Fatal signal 4 (SIGILL) at 0x401c01e0 (code=1)
F/libc    (  937): Fatal signal 4 (SIGILL) at 0x405631e0 (code=1)
I/DEBUG   (   77): *** *** *** *** *** *** *** *** *** *** *** *** *** *** *** ***
I/DEBUG   (   77): Build fingerprint: 'htc_europe/htc_golfu/golfu:4.0.3/IML74K/62541.1:user/release-keys'
I/DEBUG   (   77): pid: 936, tid: 936  >>> /system/bin/surfaceflinger <<<
I/DEBUG   (   77): signal 11 (SIGSEGV), code 1 (SEGV_MAPERR), fault addr 01c60020
I/DEBUG   (   77):  r0 401c6000  r1 01c60000  r2 401c033f  r3 401c7138
I/DEBUG   (   77):  r4 401c6ec4  r5 00000005  r6 00000004  r7 20000000
I/DEBUG   (   77):  r8 00000000  r9 00000000  10 00000000  fp 00000000
I/DEBUG   (   77):  ip 00000000  sp be940660  lr 401c036d  pc 401d16d0  cpsr 00000030
I/DEBUG   (   77):  d0  0000000000000000  d1  0000000000000000
I/DEBUG   (   77):  d2  0000000000000000  d3  0000000000000000
I/DEBUG   (   77):  d4  0000000000000000  d5  0000000000000000
I/DEBUG   (   77):  d6  0000000000000000  d7  0000000000000000
I/DEBUG   (   77):  d8  0000000000000000  d9  0000000000000000
I/DEBUG   (   77):  d10 0000000000000000  d11 0000000000000000
I/DEBUG   (   77):  d12 0000000000000000  d13 0000000000000000
I/DEBUG   (   77):  d14 0000000000000000  d15 0000000000000000
I/DEBUG   (   77):  scr 00000000
I/DEBUG   (   77): 
I/DEBUG   (   77):          #00  pc 000096d0  /system/lib/libpixelflinger.so (_ZN7android8ggl_pickEPNS_9context_tE)
I/DEBUG   (   77):          #01  lr 401c036d  /system/lib/libui.so
I/DEBUG   (   77): 
I/DEBUG   (   77): code around pc:
I/DEBUG   (   77): 401d16b0 e3580001 e1d395be 959da00c 83a08000  ..X.............
I/DEBUG   (   77): 401d16c0 e2499c29 979a8108 e3590001 959da008  ).I.......Y.....
I/DEBUG   (   77): 401d16d0 e1a08408 e2088c03 e1887007 979a8109  .........p......
I/DEBUG   (   77): 401d16e0 83a08000 e1a09508 e209ab03 e187700a  .............p..
I/DEBUG   (   77): 401d16f0 e1d386b2 e1d3a6b0 e28d9020 e1580005  ........ .....X.
I/DEBUG   (   77): 
I/DEBUG   (   77): code around lr:
I/DEBUG   (   77): 401c034c 4a1bd10d 601e2601 462858a5 efd4f7fa  ...J.&.`.X(F....
I/DEBUG   (   77): 401c035c 49194818 44795822 f7fb4628 f8dfe804  .H.I"XyD(F......
I/DEBUG   (   77): 401c036c 2100e05c 500ef854 f7fa4628 4811efc6  \..!T..P(F.....H
I/DEBUG   (   77): 401c037c 58264913 46284479 f7fa4632 4b11eff4  .I&XyD(F2F.....K
I/DEBUG   (   77): 401c038c 2200211c 462858e5 eefcf7fa c038f8df  .!.".X(F......8.
I/DEBUG   (   77): 
I/DEBUG   (   77): memory map around addr 01c60020:
I/DEBUG   (   77): 0000a000-0000e000 [heap]
I/DEBUG   (   77): (no map for address)
I/DEBUG   (   77): 40000000-40024000 /system/lib/libsurfaceflinger.so
I/DEBUG   (   77): 
I/DEBUG   (   77): stack:
I/DEBUG   (   77):     be940620  000000f0  
I/DEBUG   (   77):     be940624  be94070c  [stack]
I/DEBUG   (   77):     be940628  b000a3c0  
I/DEBUG   (   77):     be94062c  b000b0e0  
I/DEBUG   (   77):     be940630  401b987e  /system/lib/libui.so
I/DEBUG   (   77):     be940634  0e301a42  
I/DEBUG   (   77):     be940638  b00094f0  /system/bin/linker
I/DEBUG   (   77):     be94063c  b000a078  
I/DEBUG   (   77):     be940640  0000023d  
I/DEBUG   (   77):     be940644  00000216  
I/DEBUG   (   77):     be940648  b00094fc  /system/bin/linker
I/DEBUG   (   77):     be94064c  b0012da4  
I/DEBUG   (   77):     be940650  b000b0e0  
I/DEBUG   (   77):     be940654  00000000  
I/DEBUG   (   77):     be940658  df0027ad  
I/DEBUG   (   77):     be94065c  00000000  
I/DEBUG   (   77): #00 be940660  401c6004  /system/lib/libui.so
I/DEBUG   (   77):     be940664  00000005  
I/DEBUG   (   77):     be940668  00000004  
I/DEBUG   (   77):     be94066c  b0003a99  /system/bin/linker
I/DEBUG   (   77):     be940670  b000b1c4  
I/DEBUG   (   77):     be940674  b000b1c0  
I/DEBUG   (   77):     be940678  b000990c  /system/bin/linker
I/DEBUG   (   77):     be94067c  b00046eb  /system/bin/linker
I/DEBUG   (   77):     be940680  b000b0e0  
I/DEBUG   (   77):     be940684  b000b0e0  
I/DEBUG   (   77):     be940688  b000b184  
I/DEBUG   (   77):     be94068c  400103fc  /system/lib/libsurfaceflinger.so
I/DEBUG   (   77):     be940690  00000016  
I/DEBUG   (   77):     be940694  00000003  
I/DEBUG   (   77):     be940698  00016000  
I/DEBUG   (   77):     be94069c  b0012fa8  
I/DEBUG   (   77):     be9406a0  401c7118  /system/lib/libui.so
I/DEBUG   (   77):     be9406a4  b000b16c  
I/DEBUG   (   77): tid 938 does not exist in pid 938. ignoring debug request
I/DEBUG   (   77): tid 937 does not exist in pid 937. ignoring debug request
I/Netd    (  956): Netd 1.0 starting
F/libc    (  959): Fatal signal 4 (SIGILL) at 0x401c01e0 (code=1)
F/libc    (  957): Fatal signal 11 (SIGSEGV) at 0x01c60020 (code=1)
F/libc    (  958): Fatal signal 4 (SIGILL) at 0x405631e0 (code=1)
I/DEBUG   (   77): *** *** *** *** *** *** *** *** *** *** *** *** *** *** *** ***
I/DEBUG   (   77): Build fingerprint: 'htc_europe/htc_golfu/golfu:4.0.3/IML74K/62541.1:user/release-keys'
I/DEBUG   (   77): pid: 959, tid: 959  >>> /system/bin/mediaserver <<<
I/DEBUG   (   77): signal 4 (SIGILL), code 1 (ILL_ILLOPC), fault addr 401c01e0
I/DEBUG   (   77):  r0 00000000  r1 01c50000  r2 401bf33f  r3 401c6138
I/DEBUG   (   77):  r4 000200e3  r5 00000005  r6 00000004  r7 20000000
I/DEBUG   (   77):  r8 00000000  r9 00000000  10 00000000  fp 00000000
I/DEBUG   (   77):  ip 00000000  sp bee473d4  lr 401c01a7  pc 401c01e0  cpsr 60000030
I/DEBUG   (   77):  d0  0000000000000000  d1  0000000000000000
I/DEBUG   (   77):  d2  0000000000000000  d3  0000000000000000
I/DEBUG   (   77):  d4  0000000000000000  d5  0000000000000000
I/DEBUG   (   77):  d6  0000000000000000  d7  0000000000000000
I/DEBUG   (   77):  d8  0000000000000000  d9  0000000000000000
I/DEBUG   (   77):  d10 0000000000000000  d11 0000000000000000
I/DEBUG   (   77):  d12 0000000000000000  d13 0000000000000000
I/DEBUG   (   77):  d14 0000000000000000  d15 0000000000000000
I/DEBUG   (   77):  scr 00000000
I/DEBUG   (   77): 
I/DEBUG   (   77):          #00  pc 000111e0  /system/lib/libui.so (_ZN7android14InputPublisher18appendMotionSampleExPKNS_13PointerCoordsE)
I/DEBUG   (   77):          #01  lr 401c01a7  /system/lib/libui.so
I/DEBUG   (   77): 
I/DEBUG   (   77): code around pc:
I/DEBUG   (   77): 401c01c0 447a4479 93006803 46232006 ef20f7f9  yDzD.h... #F.. .
I/DEBUG   (   77): 401c01d0 f7f94628 f04fee88 e0004000 b0072000  (F....O..@... ..
I/DEBUG   (   77): 401c01e0 8b02ecbd bf00bdf0 80000002 0000312a  ............*1..
I/DEBUG   (   77): 401c01f0 00003327 000030d0 00003364 00003072  '3...0..d3..r0..
I/DEBUG   (   77): 401c0200 00003338 47f0e92d 460e7b07 4604b086  83..-..G.{.F...F
I/DEBUG   (   77): 
I/DEBUG   (   77): code around lr:
I/DEBUG   (   77): 401c0184 3640f92f 42956922 68a3d3f3 f8d36167  /.@6"i.B...hga..
I/DEBUG   (   77): 401c0194 1c5120cc 10ccf8c3 b1e87ba0 f7fa68a0  . Q......{...h..
I/DEBUG   (   77): 401c01a4 2800e95e 6821da18 4628ad03 f7f93108  ^..(..!h..(F.1..
I/DEBUG   (   77): 401c01b4 9c03eea4 e8f2f7fa 4a10490f 447a4479  .........I.JyDzD
I/DEBUG   (   77): 401c01c4 93006803 46232006 ef20f7f9 f7f94628  .h... #F.. .(F..
I/DEBUG   (   77): 
I/DEBUG   (   77): memory map around addr 401c01e0:
I/DEBUG   (   77): 4019f000-401af000 /system/lib/libmedia.so
I/DEBUG   (   77): 401af000-401c5000 /system/lib/libui.so
I/DEBUG   (   77): 401c5000-401c7000 /system/lib/libui.so
I/DEBUG   (   77): 
I/DEBUG   (   77): stack:
I/DEBUG   (   77):     bee47394  b000a078  
I/DEBUG   (   77):     bee47398  0000023d  
I/DEBUG   (   77):     bee4739c  00000216  
I/DEBUG   (   77):     bee473a0  b00094fc  /system/bin/linker
I/DEBUG   (   77):     bee473a4  b0012da4  
I/DEBUG   (   77):     bee473a8  b000ac80  
I/DEBUG   (   77):     bee473ac  00000000  
I/DEBUG   (   77):     bee473b0  00000000  
I/DEBUG   (   77):     bee473b4  00000000  
I/DEBUG   (   77):     bee473b8  401c5004  /system/lib/libui.so
I/DEBUG   (   77):     bee473bc  00000005  
