I/DEBUG   (   77): 401d16f0 e1d386b2 e1d3a6b0 e28d9020 e1580005  ........ .....X.
I/DEBUG   (   77): 
I/DEBUG   (   77): code around lr:
I/DEBUG   (   77): 401c034c 4a1bd10d 601e2601 462858a5 efd4f7fa  ...J.&.`.X(F....
I/DEBUG   (   77): 401c035c 49194818 44795822 f7fb4628 f8dfe804  .H.I"XyD(F......
I/DEBUG   (   77): 401c036c 2100e05c 500ef854 f7fa4628 4811efc6  \..!T..P(F.....H
I/DEBUG   (   77): 401c037c 58264913 46284479 f7fa4632 4b11eff4  .I&XyD(F2F.....K
I/DEBUG   (   77): 401c038c 2200211c 462858e5 eefcf7fa c038f8df  .!.".X(F......8.
I/DEBUG   (   77): 
I/DEBUG   (   77): memory map around addr 01c60020:
I/DEBUG   (   77): 0000a000-0000e000 [heap]
I/DEBUG   (   77): (no map for address)
I/DEBUG   (   77): 40000000-40024000 /system/lib/libsurfaceflinger.so
I/DEBUG   (   77): 
I/DEBUG   (   77): stack:
I/DEBUG   (   77):     bea6b620  000000f0  
I/DEBUG   (   77):     bea6b624  bea6b70c  [stack]
I/DEBUG   (   77):     bea6b628  b000a3c0  
I/DEBUG   (   77):     bea6b62c  b000b0e0  
I/DEBUG   (   77):     bea6b630  401b987e  /system/lib/libui.so
I/DEBUG   (   77):     bea6b634  0e301a42  
I/DEBUG   (   77):     bea6b638  b00094f0  /system/bin/linker
I/DEBUG   (   77):     bea6b63c  b000a078  
I/DEBUG   (   77):     bea6b640  0000023d  
I/DEBUG   (   77):     bea6b644  00000216  
I/DEBUG   (   77):     bea6b648  b00094fc  /system/bin/linker
I/DEBUG   (   77):     bea6b64c  b0012da4  
I/DEBUG   (   77):     bea6b650  b000b0e0  
I/DEBUG   (   77):     bea6b654  00000000  
I/DEBUG   (   77):     bea6b658  df0027ad  
I/DEBUG   (   77):     bea6b65c  00000000  
I/DEBUG   (   77): #00 bea6b660  401c6004  /system/lib/libui.so
I/DEBUG   (   77):     bea6b664  00000005  
I/DEBUG   (   77):     bea6b668  00000004  
I/DEBUG   (   77):     bea6b66c  b0003a99  /system/bin/linker
I/DEBUG   (   77):     bea6b670  b000b1c4  
I/DEBUG   (   77):     bea6b674  b000b1c0  
I/DEBUG   (   77):     bea6b678  b000990c  /system/bin/linker
I/DEBUG   (   77):     bea6b67c  b00046eb  /system/bin/linker
I/DEBUG   (   77):     bea6b680  b000b0e0  
I/DEBUG   (   77):     bea6b684  b000b0e0  
I/DEBUG   (   77):     bea6b688  b000b184  
I/DEBUG   (   77):     bea6b68c  400103fc  /system/lib/libsurfaceflinger.so
I/DEBUG   (   77):     bea6b690  00000016  
I/DEBUG   (   77):     bea6b694  00000003  
I/DEBUG   (   77):     bea6b698  00016000  
I/DEBUG   (   77):     bea6b69c  b0012fa8  
I/DEBUG   (   77):     bea6b6a0  401c7118  /system/lib/libui.so
I/DEBUG   (   77):     bea6b6a4  b000b16c  
I/DEBUG   (   77): tid 1358 does not exist in pid 1358. ignoring debug request
I/DEBUG   (   77): tid 1357 does not exist in pid 1357. ignoring debug request
I/Netd    ( 1376): Netd 1.0 starting
F/libc    ( 1377): Fatal signal 11 (SIGSEGV) at 0x01c60020 (code=1)
F/libc    ( 1379): Fatal signal 4 (SIGILL) at 0x401c01e0 (code=1)
F/libc    ( 1378): Fatal signal 4 (SIGILL) at 0x405631e0 (code=1)
I/DEBUG   (   77): *** *** *** *** *** *** *** *** *** *** *** *** *** *** *** ***
I/DEBUG   (   77): Build fingerprint: 'htc_europe/htc_golfu/golfu:4.0.3/IML74K/62541.1:user/release-keys'
I/DEBUG   (   77): pid: 1377, tid: 1377  >>> /system/bin/surfaceflinger <<<
I/DEBUG   (   77): signal 11 (SIGSEGV), code 1 (SEGV_MAPERR), fault addr 01c60020
I/DEBUG   (   77):  r0 401c6000  r1 01c60000  r2 401c033f  r3 401c7138
I/DEBUG   (   77):  r4 401c6ec4  r5 00000005  r6 00000004  r7 20000000
I/DEBUG   (   77):  r8 00000000  r9 00000000  10 00000000  fp 00000000
I/DEBUG   (   77):  ip 00000000  sp beea6660  lr 401c036d  pc 401d16d0  cpsr 00000030
I/DEBUG   (   77):  d0  0000000000000000  d1  0000000000000000
I/DEBUG   (   77):  d2  0000000000000000  d3  0000000000000000
I/DEBUG   (   77):  d4  0000000000000000  d5  0000000000000000
I/DEBUG   (   77):  d6  0000000000000000  d7  0000000000000000
I/DEBUG   (   77):  d8  0000000000000000  d9  0000000000000000
I/DEBUG   (   77):  d10 0000000000000000  d11 0000000000000000
I/DEBUG   (   77):  d12 0000000000000000  d13 0000000000000000
I/DEBUG   (   77):  d14 0000000000000000  d15 0000000000000000
I/DEBUG   (   77):  scr 00000000
I/DEBUG   (   77): 
I/DEBUG   (   77):          #00  pc 000096d0  /system/lib/libpixelflinger.so (_ZN7android8ggl_pickEPNS_9context_tE)
I/DEBUG   (   77):          #01  lr 401c036d  /system/lib/libui.so
I/DEBUG   (   77): 
I/DEBUG   (   77): code around pc:
I/DEBUG   (   77): 401d16b0 e3580001 e1d395be 959da00c 83a08000  ..X.............
I/DEBUG   (   77): 401d16c0 e2499c29 979a8108 e3590001 959da008  ).I.......Y.....
I/DEBUG   (   77): 401d16d0 e1a08408 e2088c03 e1887007 979a8109  .........p......
I/DEBUG   (   77): 401d16e0 83a08000 e1a09508 e209ab03 e187700a  .............p..
I/DEBUG   (   77): 401d16f0 e1d386b2 e1d3a6b0 e28d9020 e1580005  ........ .....X.
I/DEBUG   (   77): 
I/DEBUG   (   77): code around lr:
I/DEBUG   (   77): 401c034c 4a1bd10d 601e2601 462858a5 efd4f7fa  ...J.&.`.X(F....
I/DEBUG   (   77): 401c035c 49194818 44795822 f7fb4628 f8dfe804  .H.I"XyD(F......
I/DEBUG   (   77): 401c036c 2100e05c 500ef854 f7fa4628 4811efc6  \..!T..P(F.....H
I/DEBUG   (   77): 401c037c 58264913 46284479 f7fa4632 4b11eff4  .I&XyD(F2F.....K
I/DEBUG   (   77): 401c038c 2200211c 462858e5 eefcf7fa c038f8df  .!.".X(F......8.
I/DEBUG   (   77): 
I/DEBUG   (   77): memory map around addr 01c60020:
I/DEBUG   (   77): 0000a000-0000e000 [heap]
I/DEBUG   (   77): (no map for address)
I/DEBUG   (   77): 40000000-40024000 /system/lib/libsurfaceflinger.so
I/DEBUG   (   77): 
I/DEBUG   (   77): stack:
I/DEBUG   (   77):     beea6620  000000f0  
I/DEBUG   (   77):     beea6624  beea670c  [stack]
I/DEBUG   (   77):     beea6628  b000a3c0  
I/DEBUG   (   77):     beea662c  b000b0e0  
I/DEBUG   (   77):     beea6630  401b987e  /system/lib/libui.so
I/DEBUG   (   77):     beea6634  0e301a42  
I/DEBUG   (   77):     beea6638  b00094f0  /system/bin/linker
I/DEBUG   (   77):     beea663c  b000a078  
I/DEBUG   (   77):     beea6640  0000023d  
I/DEBUG   (   77):     beea6644  00000216  
I/DEBUG   (   77):     beea6648  b00094fc  /system/bin/linker
I/DEBUG   (   77):     beea664c  b0012da4  
I/DEBUG   (   77):     beea6650  b000b0e0  
I/DEBUG   (   77):     beea6654  00000000  
I/DEBUG   (   77):     beea6658  df0027ad  
I/DEBUG   (   77):     beea665c  00000000  
I/DEBUG   (   77): #00 beea6660  401c6004  /system/lib/libui.so
I/DEBUG   (   77):     beea6664  00000005  
I/DEBUG   (   77):     beea6668  00000004  
I/DEBUG   (   77):     beea666c  b0003a99  /system/bin/linker
I/DEBUG   (   77):     beea6670  b000b1c4  
I/DEBUG   (   77):     beea6674  b000b1c0  
I/DEBUG   (   77):     beea6678  b000990c  /system/bin/linker
I/DEBUG   (   77):     beea667c  b00046eb  /system/bin/linker
I/DEBUG   (   77):     beea6680  b000b0e0  
I/DEBUG   (   77):     beea6684  b000b0e0  
I/DEBUG   (   77):     beea6688  b000b184  
I/DEBUG   (   77):     beea668c  400103fc  /system/lib/libsurfaceflinger.so
I/DEBUG   (   77):     beea6690  00000016  
I/DEBUG   (   77):     beea6694  00000003  
I/DEBUG   (   77):     beea6698  00016000  
I/DEBUG   (   77):     beea669c  b0012fa8  
I/DEBUG   (   77):     beea66a0  401c7118  /system/lib/libui.so
I/DEBUG   (   77):     beea66a4  b000b16c  
I/DEBUG   (   77): tid 1379 does not exist in pid 1379. ignoring debug request
I/DEBUG   (   77): tid 1378 does not exist in pid 1378. ignoring debug request
I/Netd    ( 1398): Netd 1.0 starting
F/libc    ( 1399): Fatal signal 11 (SIGSEGV) at 0x01c60020 (code=1)
F/libc    ( 1401): Fatal signal 4 (SIGILL) at 0x401c01e0 (code=1)
F/libc    ( 1400): Fatal signal 4 (SIGILL) at 0x405631e0 (code=1)
I/DEBUG   (   77): *** *** *** *** *** *** *** *** *** *** *** *** *** *** *** ***
I/DEBUG   (   77): Build fingerprint: 'htc_europe/htc_golfu/golfu:4.0.3/IML74K/62541.1:user/release-keys'
I/DEBUG   (   77): pid: 1399, tid: 1399  >>> /system/bin/surfaceflinger <<<
I/DEBUG   (   77): signal 11 (SIGSEGV), code 1 (SEGV_MAPERR), fault addr 01c60020
I/DEBUG   (   77):  r0 401c6000  r1 01c60000  r2 401c033f  r3 401c7138
I/DEBUG   (   77):  r4 401c6ec4  r5 00000005  r6 00000004  r7 20000000
I/DEBUG   (   77):  r8 00000000  r9 00000000  10 00000000  fp 00000000
I/DEBUG   (   77):  ip 00000000  sp bed11660  lr 401c036d  pc 401d16d0  cpsr 00000030
I/DEBUG   (   77):  d0  0000000000000000  d1  0000000000000000
I/DEBUG   (   77):  d2  0000000000000000  d3  0000000000000000
I/DEBUG   (   77):  d4  0000000000000000  d5  0000000000000000
I/DEBUG   (   77):  d6  0000000000000000  d7  0000000000000000
I/DEBUG   (   77):  d8  0000000000000000  d9  0000000000000000
I/DEBUG   (   77):  d10 0000000000000000  d11 0000000000000000
I/DEBUG   (   77):  d12 0000000000000000  d13 0000000000000000
I/DEBUG   (   77):  d14 0000000000000000  d15 0000000000000000
I/DEBUG   (   77):  scr 00000000
I/DEBUG   (   77): 
I/DEBUG   (   77):          #00  pc 000096d0  /system/lib/libpixelflinger.so (_ZN7android8ggl_pickEPNS_9context_tE)
I/DEBUG   (   77):          #01  lr 401c036d  /system/lib/libui.so
I/DEBUG   (   77): 
I/DEBUG   (   77): code around pc:
I/DEBUG   (   77): 401d16b0 e3580001 e1d395be 959da00c 83a08000  ..X.............
I/DEBUG   (   77): 401d16c0 e2499c29 979a8108 e3590001 959da008  ).I.......Y.....
I/DEBUG   (   77): 401d16d0 e1a08408 e2088c03 e1887007 979a8109  .........p......
I/DEBUG   (   77): 401d16e0 83a08000 e1a09508 e209ab03 e187700a  .............p..
I/DEBUG   (   77): 401d16f0 e1d386b2 e1d3a6b0 e28d9020 e1580005  ........ .....X.
I/DEBUG   (   77): 
I/DEBUG   (   77): code around lr:
I/DEBUG   (   77): 401c034c 4a1bd10d 601e2601 462858a5 efd4f7fa  ...J.&.`.X(F....
I/DEBUG   (   77): 401c035c 49194818 44795822 f7fb4628 f8dfe804  .H.I"XyD(F......
I/DEBUG   (   77): 401c036c 2100e05c 500ef854 f7fa4628 4811efc6  \..!T..P(F.....H
I/DEBUG   (   77): 401c037c 58264913 46284479 f7fa4632 4b11eff4  .I&XyD(F2F.....K
I/DEBUG   (   77): 401c038c 2200211c 462858e5 eefcf7fa c038f8df  .!.".X(F......8.
I/DEBUG   (   77): 
I/DEBUG   (   77): memory map around addr 01c60020:
I/DEBUG   (   77): 0000a000-0000e000 [heap]
I/DEBUG   (   77): (no map for address)
I/DEBUG   (   77): 40000000-40024000 /system/lib/libsurfaceflinger.so
I/DEBUG   (   77): 
I/DEBUG   (   77): stack:
I/DEBUG   (   77):     bed11620  000000f0  
I/DEBUG   (   77):     bed11624  bed1170c  [stack]
I/DEBUG   (   77):     bed11628  b000a3c0  
I/DEBUG   (   77):     bed1162c  b000b0e0  
I/DEBUG   (   77):     bed11630  401b987e  /system/lib/libui.so
I/DEBUG   (   77):     bed11634  0e301a42  
I/DEBUG   (   77):     bed11638  b00094f0  /system/bin/linker
I/DEBUG   (   77):     bed1163c  b000a078  
I/DEBUG   (   77):     bed11640  0000023d  
I/DEBUG   (   77):     bed11644  00000216  
I/DEBUG   (   77):     bed11648  b00094fc  /system/bin/linker
I/DEBUG   (   77):     bed1164c  b0012da4  
I/DEBUG   (   77):     bed11650  b000b0e0  
I/DEBUG   (   77):     bed11654  00000000  
I/DEBUG   (   77):     bed11658  df0027ad  
I/DEBUG   (   77):     bed1165c  00000000  
I/DEBUG   (   77): #00 bed11660  401c6004  /system/lib/libui.so
I/DEBUG   (   77):     bed11664  00000005  
I/DEBUG   (   77):     bed11668  00000004  
I/DEBUG   (   77):     bed1166c  b0003a99  /system/bin/linker
I/DEBUG   (   77):     bed11670  b000b1c4  
I/DEBUG   (   77):     bed11674  b000b1c0  
I/DEBUG   (   77):     bed11678  b000990c  /system/bin/linker
I/DEBUG   (   77):     bed1167c  b00046eb  /system/bin/linker
I/DEBUG   (   77):     bed11680  b000b0e0  
I/DEBUG   (   77):     bed11684  b000b0e0  
I/DEBUG   (   77):     bed11688  b000b184  
I/DEBUG   (   77):     bed1168c  400103fc  /system/lib/libsurfaceflinger.so
I/DEBUG   (   77):     bed11690  00000016  
I/DEBUG   (   77):     bed11694  00000003  
I/DEBUG   (   77):     bed11698  00016000  
I/DEBUG   (   77):     bed1169c  b0012fa8  
I/DEBUG   (   77):     bed116a0  401c7118  /system/lib/libui.so
I/DEBUG   (   77):     bed116a4  b000b16c  
I/DEBUG   (   77): tid 1401 does not exist in pid 1401. ignoring debug request
I/DEBUG   (   77): tid 1400 does not exist in pid 1400. ignoring debug request
I/Netd    ( 1419): Netd 1.0 starting
F/libc    ( 1422): Fatal signal 4 (SIGILL) at 0x401c01e0 (code=1)
F/libc    ( 1420): Fatal signal 11 (SIGSEGV) at 0x01c60020 (code=1)
F/libc    ( 1421): Fatal signal 4 (SIGILL) at 0x405631e0 (code=1)
I/DEBUG   (   77): *** *** *** *** *** *** *** *** *** *** *** *** *** *** *** ***
I/DEBUG   (   77): Build fingerprint: 'htc_europe/htc_golfu/golfu:4.0.3/IML74K/62541.1:user/release-keys'
I/DEBUG   (   77): pid: 1420, tid: 1420  >>> /system/bin/surfaceflinger <<<
I/DEBUG   (   77): signal 11 (SIGSEGV), code 1 (SEGV_MAPERR), fault addr 01c60020
I/DEBUG   (   77):  r0 401c6000  r1 01c60000  r2 401c033f  r3 401c7138
I/DEBUG   (   77):  r4 401c6ec4  r5 00000005  r6 00000004  r7 20000000
I/DEBUG   (   77):  r8 00000000  r9 00000000  10 00000000  fp 00000000
I/DEBUG   (   77):  ip 00000000  sp be9f2660  lr 401c036d  pc 401d16d0  cpsr 00000030
I/DEBUG   (   77):  d0  0000000000000000  d1  0000000000000000
I/DEBUG   (   77):  d2  0000000000000000  d3  0000000000000000
I/DEBUG   (   77):  d4  0000000000000000  d5  0000000000000000
I/DEBUG   (   77):  d6  0000000000000000  d7  0000000000000000
I/DEBUG   (   77):  d8  0000000000000000  d9  0000000000000000
I/DEBUG   (   77):  d10 0000000000000000  d11 0000000000000000
I/DEBUG   (   77):  d12 0000000000000000  d13 0000000000000000
I/DEBUG   (   77):  d14 0000000000000000  d15 0000000000000000
I/DEBUG   (   77):  scr 00000000
I/DEBUG   (   77): 
I/DEBUG   (   77):          #00  pc 000096d0  /system/lib/libpixelflinger.so (_ZN7android8ggl_pickEPNS_9context_tE)
I/DEBUG   (   77):          #01  lr 401c036d  /system/lib/libui.so
I/DEBUG   (   77): 
I/DEBUG   (   77): code around pc:
I/DEBUG   (   77): 401d16b0 e3580001 e1d395be 959da00c 83a08000  ..X.............
I/DEBUG   (   77): 401d16c0 e2499c29 979a8108 e3590001 959da008  ).I.......Y.....
I/DEBUG   (   77): 401d16d0 e1a08408 e2088c03 e1887007 979a8109  .........p......
I/DEBUG   (   77): 401d16e0 83a08000 e1a09508 e209ab03 e187700a  .............p..
I/DEBUG   (   77): 401d16f0 e1d386b2 e1d3a6b0 e28d9020 e1580005  ........ .....X.
I/DEBUG   (   77): 
I/DEBUG   (   77): code around lr:
I/DEBUG   (   77): 401c034c 4a1bd10d 601e2601 462858a5 efd4f7fa  ...J.&.`.X(F....
I/DEBUG   (   77): 401c035c 49194818 44795822 f7fb4628 f8dfe804  .H.I"XyD(F......
I/DEBUG   (   77): 401c036c 2100e05c 500ef854 f7fa4628 4811efc6  \..!T..P(F.....H
I/DEBUG   (   77): 401c037c 58264913 46284479 f7fa4632 4b11eff4  .I&XyD(F2F.....K
I/DEBUG   (   77): 401c038c 2200211c 462858e5 eefcf7fa c038f8df  .!.".X(F......8.
I/DEBUG   (   77): 
I/DEBUG   (   77): memory map around addr 01c60020:
I/DEBUG   (   77): 0000a000-0000e000 [heap]
I/DEBUG   (   77): (no map for address)
I/DEBUG   (   77): 40000000-40024000 /system/lib/libsurfaceflinger.so
I/DEBUG   (   77): 
I/DEBUG   (   77): stack:
I/DEBUG   (   77):     be9f2620  000000f0  
I/DEBUG   (   77):     be9f2624  be9f270c  [stack]
I/DEBUG   (   77):     be9f2628  b000a3c0  
I/DEBUG   (   77):     be9f262c  b000b0e0  
I/DEBUG   (   77):     be9f2630  401b987e  /system/lib/libui.so
I/DEBUG   (   77):     be9f2634  0e301a42  
I/DEBUG   (   77):     be9f2638  b00094f0  /system/bin/linker
I/DEBUG   (   77):     be9f263c  b000a078  
I/DEBUG   (   77):     be9f2640  0000023d  
I/DEBUG   (   77):     be9f2644  00000216  
I/DEBUG   (   77):     be9f2648  b00094fc  /system/bin/linker
I/DEBUG   (   77):     be9f264c  b0012da4  
I/DEBUG   (   77):     be9f2650  b000b0e0  
I/DEBUG   (   77):     be9f2654  00000000  
I/DEBUG   (   77):     be9f2658  df0027ad  
I/DEBUG   (   77):     be9f265c  00000000  
I/DEBUG   (   77): #00 be9f2660  401c6004  /system/lib/libui.so
I/DEBUG   (   77):     be9f2664  00000005  
I/DEBUG   (   77):     be9f2668  00000004  
I/DEBUG   (   77):     be9f266c  b0003a99  /system/bin/linker
I/DEBUG   (   77):     be9f2670  b000b1c4  
I/DEBUG   (   77):     be9f2674  b000b1c0  
I/DEBUG   (   77):     be9f2678  b000990c  /system/bin/linker
I/DEBUG   (   77):     be9f267c  b00046eb  /system/bin/linker
I/DEBUG   (   77):     be9f2680  b000b0e0  
I/DEBUG   (   77):     be9f2684  b000b0e0  
I/DEBUG   (   77):     be9f2688  b000b184  
I/DEBUG   (   77):     be9f268c  400103fc  /system/lib/libsurfaceflinger.so
I/DEBUG   (   77):     be9f2690  00000016  
I/DEBUG   (   77):     be9f2694  00000003  
I/DEBUG   (   77):     be9f2698  00016000  
I/DEBUG   (   77):     be9f269c  b0012fa8  
I/DEBUG   (   77):     be9f26a0  401c7118  /system/lib/libui.so
I/DEBUG   (   77):     be9f26a4  b000b16c  
I/DEBUG   (   77): tid 1422 does not exist in pid 1422. ignoring debug request
I/DEBUG   (   77): tid 1421 does not exist in pid 1421. ignoring debug request
I/Netd    ( 1440): Netd 1.0 starting
F/libc    ( 1443): Fatal signal 4 (SIGILL) at 0x401c01e0 (code=1)
F/libc    ( 1441): Fatal signal 11 (SIGSEGV) at 0x01c60020 (code=1)
F/libc    ( 1442): Fatal signal 4 (SIGILL) at 0x405631e0 (code=1)
I/DEBUG   (   77): *** *** *** *** *** *** *** *** *** *** *** *** *** *** *** ***
I/DEBUG   (   77): Build fingerprint: 'htc_europe/htc_golfu/golfu:4.0.3/IML74K/62541.1:user/release-keys'
I/DEBUG   (   77): pid: 1441, tid: 1441  >>> /system/bin/surfaceflinger <<<
I/DEBUG   (   77): signal 11 (SIGSEGV), code 1 (SEGV_MAPERR), fault addr 01c60020
I/DEBUG   (   77):  r0 401c6000  r1 01c60000  r2 401c033f  r3 401c7138
I/DEBUG   (   77):  r4 401c6ec4  r5 00000005  r6 00000004  r7 20000000
I/DEBUG   (   77):  r8 00000000  r9 00000000  10 00000000  fp 00000000
I/DEBUG   (   77):  ip 00000000  sp bee93660  lr 401c036d  pc 401d16d0  cpsr 00000030
I/DEBUG   (   77):  d0  0000000000000000  d1  0000000000000000
I/DEBUG   (   77):  d2  0000000000000000  d3  0000000000000000
I/DEBUG   (   77):  d4  0000000000000000  d5  0000000000000000
I/DEBUG   (   77):  d6  0000000000000000  d7  0000000000000000
I/DEBUG   (   77):  d8  0000000000000000  d9  0000000000000000
I/DEBUG   (   77):  d10 0000000000000000  d11 0000000000000000
I/DEBUG   (   77):  d12 0000000000000000  d13 0000000000000000
I/DEBUG   (   77):  d14 0000000000000000  d15 0000000000000000
I/DEBUG   (   77):  scr 00000000
I/DEBUG   (   77): 
I/DEBUG   (   77):          #00  pc 000096d0  /system/lib/libpixelflinger.so (_ZN7android8ggl_pickEPNS_9context_tE)
I/DEBUG   (   77):          #01  lr 401c036d  /system/lib/libui.so
I/DEBUG   (   77): 
I/DEBUG   (   77): code around pc:
I/DEBUG   (   77): 401d16b0 e3580001 e1d395be 959da00c 83a08000  ..X.............
I/DEBUG   (   77): 401d16c0 e2499c29 979a8108 e3590001 959da008  ).I.......Y.....
I/DEBUG   (   77): 401d16d0 e1a08408 e2088c03 e1887007 979a8109  .........p......
I/DEBUG   (   77): 401d16e0 83a08000 e1a09508 e209ab03 e187700a  .............p..
I/DEBUG   (   77): 401d16f0 e1d386b2 e1d3a6b0 e28d9020 e1580005  ........ .....X.
I/DEBUG   (   77): 
I/DEBUG   (   77): code around lr:
I/DEBUG   (   77): 401c034c 4a1bd10d 601e2601 462858a5 efd4f7fa  ...J.&.`.X(F....
I/DEBUG   (   77): 401c035c 49194818 44795822 f7fb4628 f8dfe804  .H.I"XyD(F......
I/DEBUG   (   77): 401c036c 2100e05c 500ef854 f7fa4628 4811efc6  \..!T..P(F.....H
I/DEBUG   (   77): 401c037c 58264913 46284479 f7fa4632 4b11eff4  .I&XyD(F2F.....K
I/DEBUG   (   77): 401c038c 2200211c 462858e5 eefcf7fa c038f8df  .!.".X(F......8.
I/DEBUG   (   77): 
I/DEBUG   (   77): memory map around addr 01c60020:
I/DEBUG   (   77): 0000a000-0000e000 [heap]
I/DEBUG   (   77): (no map for address)
I/DEBUG   (   77): 40000000-40024000 /system/lib/libsurfaceflinger.so
I/DEBUG   (   77): 
I/DEBUG   (   77): stack:
I/DEBUG   (   77):     bee93620  000000f0  
I/DEBUG   (   77):     bee93624  bee9370c  [stack]
I/DEBUG   (   77):     bee93628  b000a3c0  
I/DEBUG   (   77):     bee9362c  b000b0e0  
I/DEBUG   (   77):     bee93630  401b987e  /system/lib/libui.so
I/DEBUG   (   77):     bee93634  0e301a42  
I/DEBUG   (   77):     bee93638  b00094f0  /system/bin/linker
I/DEBUG   (   77):     bee9363c  b000a078  
I/DEBUG   (   77):     bee93640  0000023d  
I/DEBUG   (   77):     bee93644  00000216  
I/DEBUG   (   77):     bee93648  b00094fc  /system/bin/linker
I/DEBUG   (   77):     bee9364c  b0012da4  
I/DEBUG   (   77):     bee93650  b000b0e0  
I/DEBUG   (   77):     bee93654  00000000  
I/DEBUG   (   77):     bee93658  df0027ad  
I/DEBUG   (   77):     bee9365c  00000000  
I/DEBUG   (   77): #00 bee93660  401c6004  /system/lib/libui.so
I/DEBUG   (   77):     bee93664  00000005  
I/DEBUG   (   77):     bee93668  00000004  
I/DEBUG   (   77):     bee9366c  b0003a99  /system/bin/linker
I/DEBUG   (   77):     bee93670  b000b1c4  
I/DEBUG   (   77):     bee93674  b000b1c0  
I/DEBUG   (   77):     bee93678  b000990c  /system/bin/linker
I/DEBUG   (   77):     bee9367c  b00046eb  /system/bin/linker
I/DEBUG   (   77):     bee93680  b000b0e0  
I/DEBUG   (   77):     bee93684  b000b0e0  
I/DEBUG   (   77):     bee93688  b000b184  
I/DEBUG   (   77):     bee9368c  400103fc  /system/lib/libsurfaceflinger.so
I/DEBUG   (   77):     bee93690  00000016  
I/DEBUG   (   77):     bee93694  00000003  
I/DEBUG   (   77):     bee93698  00016000  
I/DEBUG   (   77):     bee9369c  b0012fa8  
I/DEBUG   (   77):     bee936a0  401c7118  /system/lib/libui.so
I/DEBUG   (   77):     bee936a4  b000b16c  
I/DEBUG   (   77): tid 1443 does not exist in pid 1443. ignoring debug request
I/DEBUG   (   77): tid 1442 does not exist in pid 1442. ignoring debug request
I/Netd    ( 1461): Netd 1.0 starting
F/libc    ( 1462): Fatal signal 11 (SIGSEGV) at 0x01c60020 (code=1)
F/libc    ( 1464): Fatal signal 4 (SIGILL) at 0x401c01e0 (code=1)
F/libc    ( 1463): Fatal signal 4 (SIGILL) at 0x405631e0 (code=1)
I/DEBUG   (   77): *** *** *** *** *** *** *** *** *** *** *** *** *** *** *** ***
I/DEBUG   (   77): Build fingerprint: 'htc_europe/htc_golfu/golfu:4.0.3/IML74K/62541.1:user/release-keys'
I/DEBUG   (   77): pid: 1462, tid: 1462  >>> /system/bin/surfaceflinger <<<
I/DEBUG   (   77): signal 11 (SIGSEGV), code 1 (SEGV_MAPERR), fault addr 01c60020
I/DEBUG   (   77):  r0 401c6000  r1 01c60000  r2 401c033f  r3 401c7138
I/DEBUG   (   77):  r4 401c6ec4  r5 00000005  r6 00000004  r7 20000000
I/DEBUG   (   77):  r8 00000000  r9 00000000  10 00000000  fp 00000000
I/DEBUG   (   77):  ip 00000000  sp be906660  lr 401c036d  pc 401d16d0  cpsr 00000030
I/DEBUG   (   77):  d0  0000000000000000  d1  0000000000000000
I/DEBUG   (   77):  d2  0000000000000000  d3  0000000000000000
I/DEBUG   (   77):  d4  0000000000000000  d5  0000000000000000
I/DEBUG   (   77):  d6  0000000000000000  d7  0000000000000000
I/DEBUG   (   77):  d8  0000000000000000  d9  0000000000000000
I/DEBUG   (   77):  d10 0000000000000000  d11 0000000000000000
I/DEBUG   (   77):  d12 0000000000000000  d13 0000000000000000
I/DEBUG   (   77):  d14 0000000000000000  d15 0000000000000000
I/DEBUG   (   77):  scr 00000000
I/DEBUG   (   77): 
I/DEBUG   (   77):          #00  pc 000096d0  /system/lib/libpixelflinger.so (_ZN7android8ggl_pickEPNS_9context_tE)
I/DEBUG   (   77):          #01  lr 401c036d  /system/lib/libui.so
I/DEBUG   (   77): 
I/DEBUG   (   77): code around pc:
I/DEBUG   (   77): 401d16b0 e3580001 e1d395be 959da00c 83a08000  ..X.............
I/DEBUG   (   77): 401d16c0 e2499c29 979a8108 e3590001 959da008  ).I.......Y.....
I/DEBUG   (   77): 401d16d0 e1a08408 e2088c03 e1887007 979a8109  .........p......
I/DEBUG   (   77): 401d16e0 83a08000 e1a09508 e209ab03 e187700a  .............p..
I/DEBUG   (   77): 401d16f0 e1d386b2 e1d3a6b0 e28d9020 e1580005  ........ .....X.
I/DEBUG   (   77): 
I/DEBUG   (   77): code around lr:
I/DEBUG   (   77): 401c034c 4a1bd10d 601e2601 462858a5 efd4f7fa  ...J.&.`.X(F....
I/DEBUG   (   77): 401c035c 49194818 44795822 f7fb4628 f8dfe804  .H.I"XyD(F......
I/DEBUG   (   77): 401c036c 2100e05c 500ef854 f7fa4628 4811efc6  \..!T..P(F.....H
I/DEBUG   (   77): 401c037c 58264913 46284479 f7fa4632 4b11eff4  .I&XyD(F2F.....K
I/DEBUG   (   77): 401c038c 2200211c 462858e5 eefcf7fa c038f8df  .!.".X(F......8.
I/DEBUG   (   77): 
I/DEBUG   (   77): memory map around addr 01c60020:
I/DEBUG   (   77): 0000a000-0000e000 [heap]
I/DEBUG   (   77): (no map for address)
I/DEBUG   (   77): 40000000-40024000 /system/lib/libsurfaceflinger.so
I/DEBUG   (   77): 
I/DEBUG   (   77): stack:
I/DEBUG   (   77):     be906620  000000f0  
I/DEBUG   (   77):     be906624  be90670c  [stack]
I/DEBUG   (   77):     be906628  b000a3c0  
I/DEBUG   (   77):     be90662c  b000b0e0  
I/DEBUG   (   77):     be906630  401b987e  /system/lib/libui.so
I/DEBUG   (   77):     be906634  0e301a42  
I/DEBUG   (   77):     be906638  b00094f0  /system/bin/linker
I/DEBUG   (   77):     be90663c  b000a078  
I/DEBUG   (   77):     be906640  0000023d  
I/DEBUG   (   77):     be906644  00000216  
I/DEBUG   (   77):     be906648  b00094fc  /system/bin/linker
I/DEBUG   (   77):     be90664c  b0012da4  
I/DEBUG   (   77):     be906650  b000b0e0  
I/DEBUG   (   77):     be906654  00000000  
I/DEBUG   (   77):     be906658  df0027ad  
I/DEBUG   (   77):     be90665c  00000000  
I/DEBUG   (   77): #00 be906660  401c6004  /system/lib/libui.so
I/DEBUG   (   77):     be906664  00000005  
I/DEBUG   (   77):     be906668  00000004  
I/DEBUG   (   77):     be90666c  b0003a99  /system/bin/linker
I/DEBUG   (   77):     be906670  b000b1c4  
I/DEBUG   (   77):     be906674  b000b1c0  
I/DEBUG   (   77):     be906678  b000990c  /system/bin/linker
I/DEBUG   (   77):     be90667c  b00046eb  /system/bin/linker
I/DEBUG   (   77):     be906680  b000b0e0  
I/DEBUG   (   77):     be906684  b000b0e0  
I/DEBUG   (   77):     be906688  b000b184  
I/DEBUG   (   77):     be90668c  400103fc  /system/lib/libsurfaceflinger.so
I/DEBUG   (   77):     be906690  00000016  
I/DEBUG   (   77):     be906694  00000003  
I/DEBUG   (   77):     be906698  00016000  
I/DEBUG   (   77):     be90669c  b0012fa8  
I/DEBUG   (   77):     be9066a0  401c7118  /system/lib/libui.so
I/DEBUG   (   77):     be9066a4  b000b16c  
I/DEBUG   (   77): tid 1464 does not exist in pid 1464. ignoring debug request
I/DEBUG   (   77): tid 1463 does not exist in pid 1463. ignoring debug request
I/Netd    ( 1482): Netd 1.0 starting
F/libc    ( 1485): Fatal signal 4 (SIGILL) at 0x401c01e0 (code=1)
F/libc    ( 1483): Fatal signal 11 (SIGSEGV) at 0x01c60020 (code=1)
F/libc    ( 1484): Fatal signal 4 (SIGILL) at 0x405631e0 (code=1)
I/DEBUG   (   77): *** *** *** *** *** *** *** *** *** *** *** *** *** *** *** ***
I/DEBUG   (   77): Build fingerprint: 'htc_europe/htc_golfu/golfu:4.0.3/IML74K/62541.1:user/release-keys'
I/DEBUG   (   77): pid: 1483, tid: 1483  >>> /system/bin/surfaceflinger <<<
I/DEBUG   (   77): signal 11 (SIGSEGV), code 1 (SEGV_MAPERR), fault addr 01c60020
I/DEBUG   (   77):  r0 401c6000  r1 01c60000  r2 401c033f  r3 401c7138
I/DEBUG   (   77):  r4 401c6ec4  r5 00000005  r6 00000004  r7 20000000
I/DEBUG   (   77):  r8 00000000  r9 00000000  10 00000000  fp 00000000
I/DEBUG   (   77):  ip 00000000  sp be92c660  lr 401c036d  pc 401d16d0  cpsr 00000030
I/DEBUG   (   77):  d0  0000000000000000  d1  0000000000000000
I/DEBUG   (   77):  d2  0000000000000000  d3  0000000000000000
I/DEBUG   (   77):  d4  0000000000000000  d5  0000000000000000
I/DEBUG   (   77):  d6  0000000000000000  d7  0000000000000000
I/DEBUG   (   77):  d8  0000000000000000  d9  0000000000000000
I/DEBUG   (   77):  d10 0000000000000000  d11 0000000000000000
I/DEBUG   (   77):  d12 0000000000000000  d13 0000000000000000
I/DEBUG   (   77):  d14 0000000000000000  d15 0000000000000000
I/DEBUG   (   77):  scr 00000000
I/DEBUG   (   77): 
I/DEBUG   (   77):          #00  pc 000096d0  /system/lib/libpixelflinger.so (_ZN7android8ggl_pickEPNS_9context_tE)
I/DEBUG   (   77):          #01  lr 401c036d  /system/lib/libui.so
I/DEBUG   (   77): 
I/DEBUG   (   77): code around pc:
I/DEBUG   (   77): 401d16b0 e3580001 e1d395be 959da00c 83a08000  ..X.............
I/DEBUG   (   77): 401d16c0 e2499c29 979a8108 e3590001 959da008  ).I.......Y.....
I/DEBUG   (   77): 401d16d0 e1a08408 e2088c03 e1887007 979a8109  .........p......
I/DEBUG   (   77): 401d16e0 83a08000 e1a09508 e209ab03 e187700a  .............p..
I/DEBUG   (   77): 401d16f0 e1d386b2 e1d3a6b0 e28d9020 e1580005  ........ .....X.
I/DEBUG   (   77): 
I/DEBUG   (   77): code around lr:
I/DEBUG   (   77): 401c034c 4a1bd10d 601e2601 462858a5 efd4f7fa  ...J.&.`.X(F....
I/DEBUG   (   77): 401c035c 49194818 44795822 f7fb4628 f8dfe804  .H.I"XyD(F......
I/DEBUG   (   77): 401c036c 2100e05c 500ef854 f7fa4628 4811efc6  \..!T..P(F.....H
I/DEBUG   (   77): 401c037c 58264913 46284479 f7fa4632 4b11eff4  .I&XyD(F2F.....K
I/DEBUG   (   77): 401c038c 2200211c 462858e5 eefcf7fa c038f8df  .!.".X(F......8.
I/DEBUG   (   77): 
I/DEBUG   (   77): memory map around addr 01c60020:
I/DEBUG   (   77): 0000a000-0000e000 [heap]
I/DEBUG   (   77): (no map for address)
I/DEBUG   (   77): 40000000-40024000 /system/lib/libsurfaceflinger.so
I/DEBUG   (   77): 
I/DEBUG   (   77): stack:
I/DEBUG   (   77):     be92c620  000000f0  
I/DEBUG   (   77):     be92c624  be92c70c  [stack]
I/DEBUG   (   77):     be92c628  b000a3c0  
I/DEBUG   (   77):     be92c62c  b000b0e0  
I/DEBUG   (   77):     be92c630  401b987e  /system/lib/libui.so
I/DEBUG   (   77):     be92c634  0e301a42  
I/DEBUG   (   77):     be92c638  b00094f0  /system/bin/linker
I/DEBUG   (   77):     be92c63c  b000a078  
I/DEBUG   (   77):     be92c640  0000023d  
I/DEBUG   (   77):     be92c644  00000216  
I/DEBUG   (   77):     be92c648  b00094fc  /system/bin/linker
I/DEBUG   (   77):     be92c64c  b0012da4  
I/DEBUG   (   77):     be92c650  b000b0e0  
I/DEBUG   (   77):     be92c654  00000000  
I/DEBUG   (   77):     be92c658  df0027ad  
I/DEBUG   (   77):     be92c65c  00000000  
I/DEBUG   (   77): #00 be92c660  401c6004  /system/lib/libui.so
I/DEBUG   (   77):     be92c664  00000005  
I/DEBUG   (   77):     be92c668  00000004  
I/DEBUG   (   77):     be92c66c  b0003a99  /system/bin/linker
I/DEBUG   (   77):     be92c670  b000b1c4  
I/DEBUG   (   77):     be92c674  b000b1c0  
I/DEBUG   (   77):     be92c678  b000990c  /system/bin/linker
I/DEBUG   (   77):     be92c67c  b00046eb  /system/bin/linker
I/DEBUG   (   77):     be92c680  b000b0e0  
I/DEBUG   (   77):     be92c684  b000b0e0  
I/DEBUG   (   77):     be92c688  b000b184  
I/DEBUG   (   77):     be92c68c  400103fc  /system/lib/libsurfaceflinger.so
I/DEBUG   (   77):     be92c690  00000016  
I/DEBUG   (   77):     be92c694  00000003  
I/DEBUG   (   77):     be92c698  00016000  
I/DEBUG   (   77):     be92c69c  b0012fa8  
I/DEBUG   (   77):     be92c6a0  401c7118  /system/lib/libui.so
I/DEBUG   (   77):     be92c6a4  b000b16c  
I/DEBUG   (   77): tid 1485 does not exist in pid 1485. ignoring debug request
I/DEBUG   (   77): tid 1484 does not exist in pid 1484. ignoring debug request
I/Netd    ( 1503): Netd 1.0 starting
F/libc    ( 1504): Fatal signal 11 (SIGSEGV) at 0x01c60020 (code=1)
F/libc    ( 1506): Fatal signal 4 (SIGILL) at 0x401c01e0 (code=1)
F/libc    ( 1505): Fatal signal 4 (SIGILL) at 0x405631e0 (code=1)
I/DEBUG   (   77): *** *** *** *** *** *** *** *** *** *** *** *** *** *** *** ***
I/DEBUG   (   77): Build fingerprint: 'htc_europe/htc_golfu/golfu:4.0.3/IML74K/62541.1:user/release-keys'
I/DEBUG   (   77): pid: 1504, tid: 1504  >>> /system/bin/surfaceflinger <<<
I/DEBUG   (   77): signal 11 (SIGSEGV), code 1 (SEGV_MAPERR), fault addr 01c60020
I/DEBUG   (   77):  r0 401c6000  r1 01c60000  r2 401c033f  r3 401c7138
I/DEBUG   (   77):  r4 401c6ec4  r5 00000005  r6 00000004  r7 20000000
I/DEBUG   (   77):  r8 00000000  r9 00000000  10 00000000  fp 00000000
I/DEBUG   (   77):  ip 00000000  sp bed91660  lr 401c036d  pc 401d16d0  cpsr 00000030
I/DEBUG   (   77):  d0  0000000000000000  d1  0000000000000000
I/DEBUG   (   77):  d2  0000000000000000  d3  0000000000000000
I/DEBUG   (   77):  d4  0000000000000000  d5  0000000000000000
I/DEBUG   (   77):  d6  0000000000000000  d7  0000000000000000
I/DEBUG   (   77):  d8  0000000000000000  d9  0000000000000000
I/DEBUG   (   77):  d10 0000000000000000  d11 0000000000000000
I/DEBUG   (   77):  d12 0000000000000000  d13 0000000000000000
I/DEBUG   (   77):  d14 0000000000000000  d15 0000000000000000
I/DEBUG   (   77):  scr 00000000
I/DEBUG   (   77): 
I/DEBUG   (   77):          #00  pc 000096d0  /system/lib/libpixelflinger.so (_ZN7android8ggl_pickEPNS_9context_tE)
I/DEBUG   (   77):          #01  lr 401c036d  /system/lib/libui.so
I/DEBUG   (   77): 
I/DEBUG   (   77): code around pc:
I/DEBUG   (   77): 401d16b0 e3580001 e1d395be 959da00c 83a08000  ..X.............
I/DEBUG   (   77): 401d16c0 e2499c29 979a8108 e3590001 959da008  ).I.......Y.....
I/DEBUG   (   77): 401d16d0 e1a08408 e2088c03 e1887007 979a8109  .........p......
I/DEBUG   (   77): 401d16e0 83a08000 e1a09508 e209ab03 e187700a  .............p..
I/DEBUG   (   77): 401d16f0 e1d386b2 e1d3a6b0 e28d9020 e1580005  ........ .....X.
I/DEBUG   (   77): 
I/DEBUG   (   77): code around lr:
I/DEBUG   (   77): 401c034c 4a1bd10d 601e2601 462858a5 efd4f7fa  ...J.&.`.X(F....
I/DEBUG   (   77): 401c035c 49194818 44795822 f7fb4628 f8dfe804  .H.I"XyD(F......
I/DEBUG   (   77): 401c036c 2100e05c 500ef854 f7fa4628 4811efc6  \..!T..P(F.....H
I/DEBUG   (   77): 401c037c 58264913 46284479 f7fa4632 4b11eff4  .I&XyD(F2F.....K
I/DEBUG   (   77): 401c038c 2200211c 462858e5 eefcf7fa c038f8df  .!.".X(F......8.
I/DEBUG   (   77): 
I/DEBUG   (   77): memory map around addr 01c60020:
I/DEBUG   (   77): 0000a000-0000e000 [heap]
I/DEBUG   (   77): (no map for address)
I/DEBUG   (   77): 40000000-40024000 /system/lib/libsurfaceflinger.so
I/DEBUG   (   77): 
I/DEBUG   (   77): stack:
I/DEBUG   (   77):     bed91620  000000f0  
I/DEBUG   (   77):     bed91624  bed9170c  [stack]
I/DEBUG   (   77):     bed91628  b000a3c0  
I/DEBUG   (   77):     bed9162c  b000b0e0  
I/DEBUG   (   77):     bed91630  401b987e  /system/lib/libui.so
I/DEBUG   (   77):     bed91634  0e301a42  
I/DEBUG   (   77):     bed91638  b00094f0  /system/bin/linker
I/DEBUG   (   77):     bed9163c  b000a078  
I/DEBUG   (   77):     bed91640  0000023d  
I/DEBUG   (   77):     bed91644  00000216  
I/DEBUG   (   77):     bed91648  b00094fc  /system/bin/linker
I/DEBUG   (   77):     bed9164c  b0012da4  
I/DEBUG   (   77):     bed91650  b000b0e0  
I/DEBUG   (   77):     bed91654  00000000  
I/DEBUG   (   77):     bed91658  df0027ad  
I/DEBUG   (   77):     bed9165c  00000000  
I/DEBUG   (   77): #00 bed91660  401c6004  /system/lib/libui.so
I/DEBUG   (   77):     bed91664  00000005  
I/DEBUG   (   77):     bed91668  00000004  
I/DEBUG   (   77):     bed9166c  b0003a99  /system/bin/linker
I/DEBUG   (   77):     bed91670  b000b1c4  
I/DEBUG   (   77):     bed91674  b000b1c0  
I/DEBUG   (   77):     bed91678  b000990c  /system/bin/linker
I/DEBUG   (   77):     bed9167c  b00046eb  /system/bin/linker
I/DEBUG   (   77):     bed91680  b000b0e0  
I/DEBUG   (   77):     bed91684  b000b0e0  
I/DEBUG   (   77):     bed91688  b000b184  
I/DEBUG   (   77):     bed9168c  400103fc  /system/lib/libsurfaceflinger.so
I/DEBUG   (   77):     bed91690  00000016  
I/DEBUG   (   77):     bed91694  00000003  
I/DEBUG   (   77):     bed91698  00016000  
I/DEBUG   (   77):     bed9169c  b0012fa8  
I/DEBUG   (   77):     bed916a0  401c7118  /system/lib/libui.so
I/DEBUG   (   77):     bed916a4  b000b16c  
I/DEBUG   (   77): tid 1506 does not exist in pid 1506. ignoring debug request
I/DEBUG   (   77): tid 1505 does not exist in pid 1505. ignoring debug request
I/Netd    ( 1524): Netd 1.0 starting
F/libc    ( 1527): Fatal signal 4 (SIGILL) at 0x401c01e0 (code=1)
F/libc    ( 1525): Fatal signal 11 (SIGSEGV) at 0x01c60020 (code=1)
F/libc    ( 1526): Fatal signal 4 (SIGILL) at 0x405631e0 (code=1)
I/DEBUG   (   77): *** *** *** *** *** *** *** *** *** *** *** *** *** *** *** ***
I/DEBUG   (   77): Build fingerprint: 'htc_europe/htc_golfu/golfu:4.0.3/IML74K/62541.1:user/release-keys'
I/DEBUG   (   77): pid: 1527, tid: 1527  >>> /system/bin/mediaserver <<<
I/DEBUG   (   77): signal 4 (SIGILL), code 1 (ILL_ILLOPC), fault addr 401c01e0
I/DEBUG   (   77):  r0 00000000  r1 01c50000  r2 401bf33f  r3 401c6138
I/DEBUG   (   77):  r4 000200e3  r5 00000005  r6 00000004  r7 20000000
I/DEBUG   (   77):  r8 00000000  r9 00000000  10 00000000  fp 00000000
I/DEBUG   (   77):  ip 00000000  sp beb9f3d4  lr 401c01a7  pc 401c01e0  cpsr 60000030
I/DEBUG   (   77):  d0  0000000000000000  d1  0000000000000000
I/DEBUG   (   77):  d2  0000000000000000  d3  0000000000000000
I/DEBUG   (   77):  d4  0000000000000000  d5  0000000000000000
I/DEBUG   (   77):  d6  0000000000000000  d7  0000000000000000
I/DEBUG   (   77):  d8  0000000000000000  d9  0000000000000000
I/DEBUG   (   77):  d10 0000000000000000  d11 0000000000000000
I/DEBUG   (   77):  d12 0000000000000000  d13 0000000000000000
I/DEBUG   (   77):  d14 0000000000000000  d15 0000000000000000
I/DEBUG   (   77):  scr 00000000
I/DEBUG   (   77): 
I/DEBUG   (   77):          #00  pc 000111e0  /system/lib/libui.so (_ZN7android14InputPublisher18appendMotionSampleExPKNS_13PointerCoordsE)
I/DEBUG   (   77):          #01  lr 401c01a7  /system/lib/libui.so
I/DEBUG   (   77): 
I/DEBUG   (   77): code around pc:
I/DEBUG   (   77): 401c01c0 447a4479 93006803 46232006 ef20f7f9  yDzD.h... #F.. .
I/DEBUG   (   77): 401c01d0 f7f94628 f04fee88 e0004000 b0072000  (F....O..@... ..
I/DEBUG   (   77): 401c01e0 8b02ecbd bf00bdf0 80000002 0000312a  ............*1..
I/DEBUG   (   77): 401c01f0 00003327 000030d0 00003364 00003072  '3...0..d3..r0..
I/DEBUG   (   77): 401c0200 00003338 47f0e92d 460e7b07 4604b086  83..-..G.{.F...F
I/DEBUG   (   77): 
I/DEBUG   (   77): code around lr:
I/DEBUG   (   77): 401c0184 3640f92f 42956922 68a3d3f3 f8d36167  /.@6"i.B...hga..
I/DEBUG   (   77): 401c0194 1c5120cc 10ccf8c3 b1e87ba0 f7fa68a0  . Q......{...h..
I/DEBUG   (   77): 401c01a4 2800e95e 6821da18 4628ad03 f7f93108  ^..(..!h..(F.1..
I/DEBUG   (   77): 401c01b4 9c03eea4 e8f2f7fa 4a10490f 447a4479  .........I.JyDzD
I/DEBUG   (   77): 401c01c4 93006803 46232006 ef20f7f9 f7f94628  .h... #F.. .(F..
I/DEBUG   (   77): 
I/DEBUG   (   77): memory map around addr 401c01e0:
I/DEBUG   (   77): 4019f000-401af000 /system/lib/libmedia.so
I/DEBUG   (   77): 401af000-401c5000 /system/lib/libui.so
I/DEBUG   (   77): 401c5000-401c7000 /system/lib/libui.so
I/DEBUG   (   77): 
I/DEBUG   (   77): stack:
I/DEBUG   (   77):     beb9f394  b000a078  
I/DEBUG   (   77):     beb9f398  0000023d  
I/DEBUG   (   77):     beb9f39c  00000216  
I/DEBUG   (   77):     beb9f3a0  b00094fc  /system/bin/linker
I/DEBUG   (   77):     beb9f3a4  b0012da4  
I/DEBUG   (   77):     beb9f3a8  b000ac80  
I/DEBUG   (   77):     beb9f3ac  00000000  
I/DEBUG   (   77):     beb9f3b0  00000000  
I/DEBUG   (   77):     beb9f3b4  00000000  
I/DEBUG   (   77):     beb9f3b8  401c5004  /system/lib/libui.so
I/DEBUG   (   77):     beb9f3bc  00000005  
I/DEBUG   (   77):     beb9f3c0  00000004  
I/DEBUG   (   77):     beb9f3c4  b0003a99  /system/bin/linker
I/DEBUG   (   77):     beb9f3c8  df0027ad  
I/DEBUG   (   77):     beb9f3cc  00000000  
I/DEBUG   (   77):     beb9f3d0  b000990c  /system/bin/linker
I/DEBUG   (   77): #00 beb9f3d4  b00046eb  /system/bin/linker
I/DEBUG   (   77):     beb9f3d8  b000ac80  
I/DEBUG   (   77):     beb9f3dc  b000ac80  
I/DEBUG   (   77):     beb9f3e0  b000ad24  
I/DEBUG   (   77):     beb9f3e4  40163e0e  /system/lib/libmedia.so
I/DEBUG   (   77):     beb9f3e8  00000016  
I/DEBUG   (   77):     beb9f3ec  00000003  
I/DEBUG   (   77):     beb9f3f0  00016000  
I/DEBUG   (   77):     beb9f3f4  b0012fa8  
I/DEBUG   (   77):     beb9f3f8  401c6118  /system/lib/libui.so
I/DEBUG   (   77):     beb9f3fc  b000ad0c  
I/DEBUG   (   77):     beb9f400  b000ac80  
I/DEBUG   (   77):     beb9f404  b000ad10  
I/DEBUG   (   77):     beb9f408  00000001  
I/DEBUG   (   77):     beb9f40c  b0005195  /system/bin/linker
I/DEBUG   (   77):     beb9f410  00000003  
I/DEBUG   (   77):     beb9f414  00016000  
I/DEBUG   (   77):     beb9f418  00000000  
I/DEBUG   (   77): *** *** *** *** *** *** *** *** *** *** *** *** *** *** *** ***
I/DEBUG   (   77): Build fingerprint: 'htc_europe/htc_golfu/golfu:4.0.3/IML74K/62541.1:user/release-keys'
I/DEBUG   (   77): pid: 1525, tid: 1525  >>> /system/bin/surfaceflinger <<<
I/DEBUG   (   77): signal 11 (SIGSEGV), code 1 (SEGV_MAPERR), fault addr 01c60020
I/DEBUG   (   77):  r0 401c6000  r1 01c60000  r2 401c033f  r3 401c7138
I/DEBUG   (   77):  r4 401c6ec4  r5 00000005  r6 00000004  r7 20000000
I/DEBUG   (   77):  r8 00000000  r9 00000000  10 00000000  fp 00000000
I/DEBUG   (   77):  ip 00000000  sp bec6e660  lr 401c036d  pc 401d16d0  cpsr 00000030
I/DEBUG   (   77):  d0  0000000000000000  d1  0000000000000000
I/DEBUG   (   77):  d2  0000000000000000  d3  0000000000000000
I/DEBUG   (   77):  d4  0000000000000000  d5  0000000000000000
I/DEBUG   (   77):  d6  0000000000000000  d7  0000000000000000
I/DEBUG   (   77):  d8  0000000000000000  d9  0000000000000000
I/DEBUG   (   77):  d10 0000000000000000  d11 0000000000000000
I/DEBUG   (   77):  d12 0000000000000000  d13 0000000000000000
I/DEBUG   (   77):  d14 0000000000000000  d15 0000000000000000
I/DEBUG   (   77):  scr 00000000
I/DEBUG   (   77): 
I/DEBUG   (   77):          #00  pc 000096d0  /system/lib/libpixelflinger.so (_ZN7android8ggl_pickEPNS_9context_tE)
I/DEBUG   (   77):          #01  lr 401c036d  /system/lib/libui.so
I/DEBUG   (   77): 
I/DEBUG   (   77): code around pc:
I/DEBUG   (   77): 401d16b0 e3580001 e1d395be 959da00c 83a08000  ..X.............
I/DEBUG   (   77): 401d16c0 e2499c29 979a8108 e3590001 959da008  ).I.......Y.....
I/DEBUG   (   77): 401d16d0 e1a08408 e2088c03 e1887007 979a8109  .........p......
I/DEBUG   (   77): 401d16e0 83a08000 e1a09508 e209ab03 e187700a  .............p..
I/DEBUG   (   77): 401d16f0 e1d386b2 e1d3a6b0 e28d9020 e1580005  ........ .....X.
I/DEBUG   (   77): 
I/DEBUG   (   77): code around lr:
I/DEBUG   (   77): 401c034c 4a1bd10d 601e2601 462858a5 efd4f7fa  ...J.&.`.X(F....
I/DEBUG   (   77): 401c035c 49194818 44795822 f7fb4628 f8dfe804  .H.I"XyD(F......
I/DEBUG   (   77): 401c036c 2100e05c 500ef854 f7fa4628 4811efc6  \..!T..P(F.....H
I/DEBUG   (   77): 401c037c 58264913 46284479 f7fa4632 4b11eff4  .I&XyD(F2F.....K
I/DEBUG   (   77): 401c038c 2200211c 462858e5 eefcf7fa c038f8df  .!.".X(F......8.
I/DEBUG   (   77): 
I/DEBUG   (   77): memory map around addr 01c60020:
I/DEBUG   (   77): 0000a000-0000e000 [heap]
I/DEBUG   (   77): (no map for address)
I/DEBUG   (   77): 40000000-40024000 /system/lib/libsurfaceflinger.so
I/DEBUG   (   77): 
I/DEBUG   (   77): stack:
I/DEBUG   (   77):     bec6e620  000000f0  
I/DEBUG   (   77):     bec6e624  bec6e70c  [stack]
I/DEBUG   (   77):     bec6e628  b000a3c0  
I/DEBUG   (   77):     bec6e62c  b000b0e0  
I/DEBUG   (   77):     bec6e630  401b987e  /system/lib/libui.so
I/DEBUG   (   77):     bec6e634  0e301a42  
I/DEBUG   (   77):     bec6e638  b00094f0  /system/bin/linker
I/DEBUG   (   77):     bec6e63c  b000a078  
I/DEBUG   (   77):     bec6e640  0000023d  
I/DEBUG   (   77):     bec6e644  00000216  
I/DEBUG   (   77):     bec6e648  b00094fc  /system/bin/linker
I/DEBUG   (   77):     bec6e64c  b0012da4  
I/DEBUG   (   77):     bec6e650  b000b0e0  
I/DEBUG   (   77):     bec6e654  00000000  
I/DEBUG   (   77):     bec6e658  df0027ad  
I/DEBUG   (   77):     bec6e65c  00000000  
I/DEBUG   (   77): #00 bec6e660  401c6004  /system/lib/libui.so
I/DEBUG   (   77):     bec6e664  00000005  
I/DEBUG   (   77):     bec6e668  00000004  
I/DEBUG   (   77):     bec6e66c  b0003a99  /system/bin/linker
I/DEBUG   (   77):     bec6e670  b000b1c4  
I/DEBUG   (   77):     bec6e674  b000b1c0  
I/DEBUG   (   77):     bec6e678  b000990c  /system/bin/linker
I/DEBUG   (   77):     bec6e67c  b00046eb  /system/bin/linker
I/DEBUG   (   77):     bec6e680  b000b0e0  
I/DEBUG   (   77):     bec6e684  b000b0e0  
I/DEBUG   (   77):     bec6e688  b000b184  
I/DEBUG   (   77):     bec6e68c  400103fc  /system/lib/libsurfaceflinger.so
I/DEBUG   (   77):     bec6e690  00000016  
I/DEBUG   (   77):     bec6e694  00000003  
I/DEBUG   (   77):     bec6e698  00016000  
I/DEBUG   (   77):     bec6e69c  b0012fa8  
I/DEBUG   (   77):     bec6e6a0  401c7118  /system/lib/libui.so
I/DEBUG   (   77):     bec6e6a4  b000b16c  
I/DEBUG   (   77): tid 1526 does not exist in pid 1526. ignoring debug request
I/Netd    ( 1545): Netd 1.0 starting
F/libc    ( 1546): Fatal signal 11 (SIGSEGV) at 0x01c60020 (code=1)
F/libc    ( 1548): Fatal signal 4 (SIGILL) at 0x401c01e0 (code=1)
F/libc    ( 1547): Fatal signal 4 (SIGILL) at 0x405631e0 (code=1)
I/DEBUG   (   77): *** *** *** *** *** *** *** *** *** *** *** *** *** *** *** ***
I/DEBUG   (   77): Build fingerprint: 'htc_europe/htc_golfu/golfu:4.0.3/IML74K/62541.1:user/release-keys'
I/DEBUG   (   77): pid: 1546, tid: 1546  >>> /system/bin/surfaceflinger <<<
I/DEBUG   (   77): signal 11 (SIGSEGV), code 1 (SEGV_MAPERR), fault addr 01c60020
I/DEBUG   (   77):  r0 401c6000  r1 01c60000  r2 401c033f  r3 401c7138
I/DEBUG   (   77):  r4 401c6ec4  r5 00000005  r6 00000004  r7 20000000
I/DEBUG   (   77):  r8 00000000  r9 00000000  10 00000000  fp 00000000
I/DEBUG   (   77):  ip 00000000  sp becf7660  lr 401c036d  pc 401d16d0  cpsr 00000030
I/DEBUG   (   77):  d0  0000000000000000  d1  0000000000000000
I/DEBUG   (   77):  d2  0000000000000000  d3  0000000000000000
I/DEBUG   (   77):  d4  0000000000000000  d5  0000000000000000
I/DEBUG   (   77):  d6  0000000000000000  d7  0000000000000000
I/DEBUG   (   77):  d8  0000000000000000  d9  0000000000000000
I/DEBUG   (   77):  d10 0000000000000000  d11 0000000000000000
I/DEBUG   (   77):  d12 0000000000000000  d13 0000000000000000
I/DEBUG   (   77):  d14 0000000000000000  d15 0000000000000000
I/DEBUG   (   77):  scr 00000000
I/DEBUG   (   77): 
I/DEBUG   (   77):          #00  pc 000096d0  /system/lib/libpixelflinger.so (_ZN7android8ggl_pickEPNS_9context_tE)
I/DEBUG   (   77):          #01  lr 401c036d  /system/lib/libui.so
I/DEBUG   (   77): 
I/DEBUG   (   77): code around pc:
I/DEBUG   (   77): 401d16b0 e3580001 e1d395be 959da00c 83a08000  ..X.............
I/DEBUG   (   77): 401d16c0 e2499c29 979a8108 e3590001 959da008  ).I.......Y.....
I/DEBUG   (   77): 401d16d0 e1a08408 e2088c03 e1887007 979a8109  .........p......
I/DEBUG   (   77): 401d16e0 83a08000 e1a09508 e209ab03 e187700a  .............p..
I/DEBUG   (   77): 401d16f0 e1d386b2 e1d3a6b0 e28d9020 e1580005  ........ .....X.
I/DEBUG   (   77): 
I/DEBUG   (   77): code around lr:
I/DEBUG   (   77): 401c034c 4a1bd10d 601e2601 462858a5 efd4f7fa  ...J.&.`.X(F....
I/DEBUG   (   77): 401c035c 49194818 44795822 f7fb4628 f8dfe804  .H.I"XyD(F......
I/DEBUG   (   77): 401c036c 2100e05c 500ef854 f7fa4628 4811efc6  \..!T..P(F.....H
I/DEBUG   (   77): 401c037c 58264913 46284479 f7fa4632 4b11eff4  .I&XyD(F2F.....K
I/DEBUG   (   77): 401c038c 2200211c 462858e5 eefcf7fa c038f8df  .!.".X(F......8.
I/DEBUG   (   77): 
I/DEBUG   (   77): memory map around addr 01c60020:
I/DEBUG   (   77): 0000a000-0000e000 [heap]
I/DEBUG   (   77): (no map for address)
I/DEBUG   (   77): 40000000-40024000 /system/lib/libsurfaceflinger.so
I/DEBUG   (   77): 
I/DEBUG   (   77): stack:
I/DEBUG   (   77):     becf7620  000000f0  
I/DEBUG   (   77):     becf7624  becf770c  [stack]
I/DEBUG   (   77):     becf7628  b000a3c0  
I/DEBUG   (   77):     becf762c  b000b0e0  
I/DEBUG   (   77):     becf7630  401b987e  /system/lib/libui.so
I/DEBUG   (   77):     becf7634  0e301a42  
I/DEBUG   (   77):     becf7638  b00094f0  /system/bin/linker
I/DEBUG   (   77):     becf763c  b000a078  
I/DEBUG   (   77):     becf7640  0000023d  
I/DEBUG   (   77):     becf7644  00000216  
I/DEBUG   (   77):     becf7648  b00094fc  /system/bin/linker
I/DEBUG   (   77):     becf764c  b0012da4  
I/DEBUG   (   77):     becf7650  b000b0e0  
I/DEBUG   (   77):     becf7654  00000000  
I/DEBUG   (   77):     becf7658  df0027ad  
I/DEBUG   (   77):     becf765c  00000000  
I/DEBUG   (   77): #00 becf7660  401c6004  /system/lib/libui.so
I/DEBUG   (   77):     becf7664  00000005  
I/DEBUG   (   77):     becf7668  00000004  
I/DEBUG   (   77):     becf766c  b0003a99  /system/bin/linker
I/DEBUG   (   77):     becf7670  b000b1c4  
I/DEBUG   (   77):     becf7674  b000b1c0  
I/DEBUG   (   77):     becf7678  b000990c  /system/bin/linker
I/DEBUG   (   77):     becf767c  b00046eb  /system/bin/linker
I/DEBUG   (   77):     becf7680  b000b0e0  
I/DEBUG   (   77):     becf7684  b000b0e0  
I/DEBUG   (   77):     becf7688  b000b184  
I/DEBUG   (   77):     becf768c  400103fc  /system/lib/libsurfaceflinger.so
I/DEBUG   (   77):     becf7690  00000016  
I/DEBUG   (   77):     becf7694  00000003  
I/DEBUG   (   77):     becf7698  00016000  
I/DEBUG   (   77):     becf769c  b0012fa8  
I/DEBUG   (   77):     becf76a0  401c7118  /system/lib/libui.so
I/DEBUG   (   77):     becf76a4  b000b16c  
I/DEBUG   (   77): tid 1548 does not exist in pid 1548. ignoring debug request
I/DEBUG   (   77): tid 1547 does not exist in pid 1547. ignoring debug request
I/Netd    ( 1566): Netd 1.0 starting
F/libc    ( 1569): Fatal signal 4 (SIGILL) at 0x401c01e0 (code=1)
F/libc    ( 1567): Fatal signal 11 (SIGSEGV) at 0x01c60020 (code=1)
F/libc    ( 1568): Fatal signal 4 (SIGILL) at 0x405631e0 (code=1)
I/DEBUG   (   77): *** *** *** *** *** *** *** *** *** *** *** *** *** *** *** ***
I/DEBUG   (   77): Build fingerprint: 'htc_europe/htc_golfu/golfu:4.0.3/IML74K/62541.1:user/release-keys'
I/DEBUG   (   77): pid: 1569, tid: 1569  >>> /system/bin/mediaserver <<<
I/DEBUG   (   77): signal 4 (SIGILL), code 1 (ILL_ILLOPC), fault addr 401c01e0
I/DEBUG   (   77):  r0 00000000  r1 01c50000  r2 401bf33f  r3 401c6138
I/DEBUG   (   77):  r4 000200e3  r5 00000005  r6 00000004  r7 20000000
I/DEBUG   (   77):  r8 00000000  r9 00000000  10 00000000  fp 00000000
I/DEBUG   (   77):  ip 00000000  sp be9163d4  lr 401c01a7  pc 401c01e0  cpsr 60000030
I/DEBUG   (   77):  d0  0000000000000000  d1  0000000000000000
I/DEBUG   (   77):  d2  0000000000000000  d3  0000000000000000
I/DEBUG   (   77):  d4  0000000000000000  d5  0000000000000000
