I/DEBUG   (   77):  d12 0000000000000000  d13 0000000000000000
I/DEBUG   (   77):  d14 0000000000000000  d15 0000000000000000
I/DEBUG   (   77):  scr 00000000
I/DEBUG   (   77): 
I/DEBUG   (   77):          #00  pc 000096d0  /system/lib/libpixelflinger.so (_ZN7android8ggl_pickEPNS_9context_tE)
I/DEBUG   (   77):          #01  lr 401c036d  /system/lib/libui.so
I/DEBUG   (   77): 
I/DEBUG   (   77): code around pc:
I/DEBUG   (   77): 401d16b0 e3580001 e1d395be 959da00c 83a08000  ..X.............
I/DEBUG   (   77): 401d16c0 e2499c29 979a8108 e3590001 959da008  ).I.......Y.....
I/DEBUG   (   77): 401d16d0 e1a08408 e2088c03 e1887007 979a8109  .........p......
I/DEBUG   (   77): 401d16e0 83a08000 e1a09508 e209ab03 e187700a  .............p..
I/DEBUG   (   77): 401d16f0 e1d386b2 e1d3a6b0 e28d9020 e1580005  ........ .....X.
I/DEBUG   (   77): 
I/DEBUG   (   77): code around lr:
I/DEBUG   (   77): 401c034c 4a1bd10d 601e2601 462858a5 efd4f7fa  ...J.&.`.X(F....
I/DEBUG   (   77): 401c035c 49194818 44795822 f7fb4628 f8dfe804  .H.I"XyD(F......
I/DEBUG   (   77): 401c036c 2100e05c 500ef854 f7fa4628 4811efc6  \..!T..P(F.....H
I/DEBUG   (   77): 401c037c 58264913 46284479 f7fa4632 4b11eff4  .I&XyD(F2F.....K
I/DEBUG   (   77): 401c038c 2200211c 462858e5 eefcf7fa c038f8df  .!.".X(F......8.
I/DEBUG   (   77): 
I/DEBUG   (   77): memory map around addr 01c60020:
I/DEBUG   (   77): 0000a000-0000e000 [heap]
I/DEBUG   (   77): (no map for address)
I/DEBUG   (   77): 40000000-40024000 /system/lib/libsurfaceflinger.so
I/DEBUG   (   77): 
I/DEBUG   (   77): stack:
I/DEBUG   (   77):     befd4620  000000f0  
I/DEBUG   (   77):     befd4624  befd470c  [stack]
I/DEBUG   (   77):     befd4628  b000a3c0  
I/DEBUG   (   77):     befd462c  b000b0e0  
I/DEBUG   (   77):     befd4630  401b987e  /system/lib/libui.so
I/DEBUG   (   77):     befd4634  0e301a42  
I/DEBUG   (   77):     befd4638  b00094f0  /system/bin/linker
I/DEBUG   (   77):     befd463c  b000a078  
I/DEBUG   (   77):     befd4640  0000023d  
I/DEBUG   (   77):     befd4644  00000216  
I/DEBUG   (   77):     befd4648  b00094fc  /system/bin/linker
I/DEBUG   (   77):     befd464c  b0012da4  
I/DEBUG   (   77):     befd4650  b000b0e0  
I/DEBUG   (   77):     befd4654  00000000  
I/DEBUG   (   77):     befd4658  df0027ad  
I/DEBUG   (   77):     befd465c  00000000  
I/DEBUG   (   77): #00 befd4660  401c6004  /system/lib/libui.so
I/DEBUG   (   77):     befd4664  00000005  
I/DEBUG   (   77):     befd4668  00000004  
I/DEBUG   (   77):     befd466c  b0003a99  /system/bin/linker
I/DEBUG   (   77):     befd4670  b000b1c4  
I/DEBUG   (   77):     befd4674  b000b1c0  
I/DEBUG   (   77):     befd4678  b000990c  /system/bin/linker
I/DEBUG   (   77):     befd467c  b00046eb  /system/bin/linker
I/DEBUG   (   77):     befd4680  b000b0e0  
I/DEBUG   (   77):     befd4684  b000b0e0  
I/DEBUG   (   77):     befd4688  b000b184  
I/DEBUG   (   77):     befd468c  400103fc  /system/lib/libsurfaceflinger.so
I/DEBUG   (   77):     befd4690  00000016  
I/DEBUG   (   77):     befd4694  00000003  
I/DEBUG   (   77):     befd4698  00016000  
I/DEBUG   (   77):     befd469c  b0012fa8  
I/DEBUG   (   77):     befd46a0  401c7118  /system/lib/libui.so
I/DEBUG   (   77):     befd46a4  b000b16c  
I/DEBUG   (   77): tid 350 does not exist in pid 350. ignoring debug request
I/DEBUG   (   77): tid 349 does not exist in pid 349. ignoring debug request
I/Netd    (  368): Netd 1.0 starting
F/libc    (  371): Fatal signal 4 (SIGILL) at 0x401c01e0 (code=1)
F/libc    (  369): Fatal signal 11 (SIGSEGV) at 0x01c60020 (code=1)
F/libc    (  370): Fatal signal 4 (SIGILL) at 0x405631e0 (code=1)
I/DEBUG   (   77): *** *** *** *** *** *** *** *** *** *** *** *** *** *** *** ***
I/DEBUG   (   77): Build fingerprint: 'htc_europe/htc_golfu/golfu:4.0.3/IML74K/62541.1:user/release-keys'
I/DEBUG   (   77): pid: 369, tid: 369  >>> /system/bin/surfaceflinger <<<
I/DEBUG   (   77): signal 11 (SIGSEGV), code 1 (SEGV_MAPERR), fault addr 01c60020
I/DEBUG   (   77):  r0 401c6000  r1 01c60000  r2 401c033f  r3 401c7138
I/DEBUG   (   77):  r4 401c6ec4  r5 00000005  r6 00000004  r7 20000000
I/DEBUG   (   77):  r8 00000000  r9 00000000  10 00000000  fp 00000000
I/DEBUG   (   77):  ip 00000000  sp be8f0660  lr 401c036d  pc 401d16d0  cpsr 00000030
I/DEBUG   (   77):  d0  0000000000000000  d1  0000000000000000
I/DEBUG   (   77):  d2  0000000000000000  d3  0000000000000000
I/DEBUG   (   77):  d4  0000000000000000  d5  0000000000000000
I/DEBUG   (   77):  d6  0000000000000000  d7  0000000000000000
I/DEBUG   (   77):  d8  0000000000000000  d9  0000000000000000
I/DEBUG   (   77):  d10 0000000000000000  d11 0000000000000000
I/DEBUG   (   77):  d12 0000000000000000  d13 0000000000000000
I/DEBUG   (   77):  d14 0000000000000000  d15 0000000000000000
I/DEBUG   (   77):  scr 00000000
I/DEBUG   (   77): 
I/DEBUG   (   77):          #00  pc 000096d0  /system/lib/libpixelflinger.so (_ZN7android8ggl_pickEPNS_9context_tE)
I/DEBUG   (   77):          #01  lr 401c036d  /system/lib/libui.so
I/DEBUG   (   77): 
I/DEBUG   (   77): code around pc:
I/DEBUG   (   77): 401d16b0 e3580001 e1d395be 959da00c 83a08000  ..X.............
I/DEBUG   (   77): 401d16c0 e2499c29 979a8108 e3590001 959da008  ).I.......Y.....
I/DEBUG   (   77): 401d16d0 e1a08408 e2088c03 e1887007 979a8109  .........p......
I/DEBUG   (   77): 401d16e0 83a08000 e1a09508 e209ab03 e187700a  .............p..
I/DEBUG   (   77): 401d16f0 e1d386b2 e1d3a6b0 e28d9020 e1580005  ........ .....X.
I/DEBUG   (   77): 
I/DEBUG   (   77): code around lr:
I/DEBUG   (   77): 401c034c 4a1bd10d 601e2601 462858a5 efd4f7fa  ...J.&.`.X(F....
I/DEBUG   (   77): 401c035c 49194818 44795822 f7fb4628 f8dfe804  .H.I"XyD(F......
I/DEBUG   (   77): 401c036c 2100e05c 500ef854 f7fa4628 4811efc6  \..!T..P(F.....H
I/DEBUG   (   77): 401c037c 58264913 46284479 f7fa4632 4b11eff4  .I&XyD(F2F.....K
I/DEBUG   (   77): 401c038c 2200211c 462858e5 eefcf7fa c038f8df  .!.".X(F......8.
I/DEBUG   (   77): 
I/DEBUG   (   77): memory map around addr 01c60020:
I/DEBUG   (   77): 0000a000-0000e000 [heap]
I/DEBUG   (   77): (no map for address)
I/DEBUG   (   77): 40000000-40024000 /system/lib/libsurfaceflinger.so
I/DEBUG   (   77): 
I/DEBUG   (   77): stack:
I/DEBUG   (   77):     be8f0620  000000f0  
I/DEBUG   (   77):     be8f0624  be8f070c  [stack]
I/DEBUG   (   77):     be8f0628  b000a3c0  
I/DEBUG   (   77):     be8f062c  b000b0e0  
I/DEBUG   (   77):     be8f0630  401b987e  /system/lib/libui.so
I/DEBUG   (   77):     be8f0634  0e301a42  
I/DEBUG   (   77):     be8f0638  b00094f0  /system/bin/linker
I/DEBUG   (   77):     be8f063c  b000a078  
I/DEBUG   (   77):     be8f0640  0000023d  
I/DEBUG   (   77):     be8f0644  00000216  
I/DEBUG   (   77):     be8f0648  b00094fc  /system/bin/linker
I/DEBUG   (   77):     be8f064c  b0012da4  
I/DEBUG   (   77):     be8f0650  b000b0e0  
I/DEBUG   (   77):     be8f0654  00000000  
I/DEBUG   (   77):     be8f0658  df0027ad  
I/DEBUG   (   77):     be8f065c  00000000  
I/DEBUG   (   77): #00 be8f0660  401c6004  /system/lib/libui.so
I/DEBUG   (   77):     be8f0664  00000005  
I/DEBUG   (   77):     be8f0668  00000004  
I/DEBUG   (   77):     be8f066c  b0003a99  /system/bin/linker
I/DEBUG   (   77):     be8f0670  b000b1c4  
I/DEBUG   (   77):     be8f0674  b000b1c0  
I/DEBUG   (   77):     be8f0678  b000990c  /system/bin/linker
I/DEBUG   (   77):     be8f067c  b00046eb  /system/bin/linker
I/DEBUG   (   77):     be8f0680  b000b0e0  
I/DEBUG   (   77):     be8f0684  b000b0e0  
I/DEBUG   (   77):     be8f0688  b000b184  
I/DEBUG   (   77):     be8f068c  400103fc  /system/lib/libsurfaceflinger.so
I/DEBUG   (   77):     be8f0690  00000016  
I/DEBUG   (   77):     be8f0694  00000003  
I/DEBUG   (   77):     be8f0698  00016000  
I/DEBUG   (   77):     be8f069c  b0012fa8  
I/DEBUG   (   77):     be8f06a0  401c7118  /system/lib/libui.so
I/DEBUG   (   77):     be8f06a4  b000b16c  
I/DEBUG   (   77): tid 371 does not exist in pid 371. ignoring debug request
I/DEBUG   (   77): tid 370 does not exist in pid 370. ignoring debug request
I/Netd    (  389): Netd 1.0 starting
F/libc    (  392): Fatal signal 4 (SIGILL) at 0x401c01e0 (code=1)
F/libc    (  390): Fatal signal 11 (SIGSEGV) at 0x01c60020 (code=1)
F/libc    (  391): Fatal signal 4 (SIGILL) at 0x405631e0 (code=1)
I/DEBUG   (   77): *** *** *** *** *** *** *** *** *** *** *** *** *** *** *** ***
I/DEBUG   (   77): Build fingerprint: 'htc_europe/htc_golfu/golfu:4.0.3/IML74K/62541.1:user/release-keys'
I/DEBUG   (   77): pid: 390, tid: 390  >>> /system/bin/surfaceflinger <<<
I/DEBUG   (   77): signal 11 (SIGSEGV), code 1 (SEGV_MAPERR), fault addr 01c60020
I/DEBUG   (   77):  r0 401c6000  r1 01c60000  r2 401c033f  r3 401c7138
I/DEBUG   (   77):  r4 401c6ec4  r5 00000005  r6 00000004  r7 20000000
I/DEBUG   (   77):  r8 00000000  r9 00000000  10 00000000  fp 00000000
I/DEBUG   (   77):  ip 00000000  sp be989660  lr 401c036d  pc 401d16d0  cpsr 00000030
I/DEBUG   (   77):  d0  0000000000000000  d1  0000000000000000
I/DEBUG   (   77):  d2  0000000000000000  d3  0000000000000000
I/DEBUG   (   77):  d4  0000000000000000  d5  0000000000000000
I/DEBUG   (   77):  d6  0000000000000000  d7  0000000000000000
I/DEBUG   (   77):  d8  0000000000000000  d9  0000000000000000
I/DEBUG   (   77):  d10 0000000000000000  d11 0000000000000000
I/DEBUG   (   77):  d12 0000000000000000  d13 0000000000000000
I/DEBUG   (   77):  d14 0000000000000000  d15 0000000000000000
I/DEBUG   (   77):  scr 00000000
I/DEBUG   (   77): 
I/DEBUG   (   77):          #00  pc 000096d0  /system/lib/libpixelflinger.so (_ZN7android8ggl_pickEPNS_9context_tE)
I/DEBUG   (   77):          #01  lr 401c036d  /system/lib/libui.so
I/DEBUG   (   77): 
I/DEBUG   (   77): code around pc:
I/DEBUG   (   77): 401d16b0 e3580001 e1d395be 959da00c 83a08000  ..X.............
I/DEBUG   (   77): 401d16c0 e2499c29 979a8108 e3590001 959da008  ).I.......Y.....
I/DEBUG   (   77): 401d16d0 e1a08408 e2088c03 e1887007 979a8109  .........p......
I/DEBUG   (   77): 401d16e0 83a08000 e1a09508 e209ab03 e187700a  .............p..
I/DEBUG   (   77): 401d16f0 e1d386b2 e1d3a6b0 e28d9020 e1580005  ........ .....X.
I/DEBUG   (   77): 
I/DEBUG   (   77): code around lr:
I/DEBUG   (   77): 401c034c 4a1bd10d 601e2601 462858a5 efd4f7fa  ...J.&.`.X(F....
I/DEBUG   (   77): 401c035c 49194818 44795822 f7fb4628 f8dfe804  .H.I"XyD(F......
I/DEBUG   (   77): 401c036c 2100e05c 500ef854 f7fa4628 4811efc6  \..!T..P(F.....H
I/DEBUG   (   77): 401c037c 58264913 46284479 f7fa4632 4b11eff4  .I&XyD(F2F.....K
I/DEBUG   (   77): 401c038c 2200211c 462858e5 eefcf7fa c038f8df  .!.".X(F......8.
I/DEBUG   (   77): 
I/DEBUG   (   77): memory map around addr 01c60020:
I/DEBUG   (   77): 0000a000-0000e000 [heap]
I/DEBUG   (   77): (no map for address)
I/DEBUG   (   77): 40000000-40024000 /system/lib/libsurfaceflinger.so
I/DEBUG   (   77): 
I/DEBUG   (   77): stack:
I/DEBUG   (   77):     be989620  000000f0  
I/DEBUG   (   77):     be989624  be98970c  [stack]
I/DEBUG   (   77):     be989628  b000a3c0  
I/DEBUG   (   77):     be98962c  b000b0e0  
I/DEBUG   (   77):     be989630  401b987e  /system/lib/libui.so
I/DEBUG   (   77):     be989634  0e301a42  
I/DEBUG   (   77):     be989638  b00094f0  /system/bin/linker
I/DEBUG   (   77):     be98963c  b000a078  
I/DEBUG   (   77):     be989640  0000023d  
I/DEBUG   (   77):     be989644  00000216  
I/DEBUG   (   77):     be989648  b00094fc  /system/bin/linker
I/DEBUG   (   77):     be98964c  b0012da4  
I/DEBUG   (   77):     be989650  b000b0e0  
I/DEBUG   (   77):     be989654  00000000  
I/DEBUG   (   77):     be989658  df0027ad  
I/DEBUG   (   77):     be98965c  00000000  
I/DEBUG   (   77): #00 be989660  401c6004  /system/lib/libui.so
I/DEBUG   (   77):     be989664  00000005  
I/DEBUG   (   77):     be989668  00000004  
I/DEBUG   (   77):     be98966c  b0003a99  /system/bin/linker
I/DEBUG   (   77):     be989670  b000b1c4  
I/DEBUG   (   77):     be989674  b000b1c0  
I/DEBUG   (   77):     be989678  b000990c  /system/bin/linker
I/DEBUG   (   77):     be98967c  b00046eb  /system/bin/linker
I/DEBUG   (   77):     be989680  b000b0e0  
I/DEBUG   (   77):     be989684  b000b0e0  
I/DEBUG   (   77):     be989688  b000b184  
I/DEBUG   (   77):     be98968c  400103fc  /system/lib/libsurfaceflinger.so
I/DEBUG   (   77):     be989690  00000016  
I/DEBUG   (   77):     be989694  00000003  
I/DEBUG   (   77):     be989698  00016000  
I/DEBUG   (   77):     be98969c  b0012fa8  
I/DEBUG   (   77):     be9896a0  401c7118  /system/lib/libui.so
I/DEBUG   (   77):     be9896a4  b000b16c  
I/DEBUG   (   77): tid 392 does not exist in pid 392. ignoring debug request
I/DEBUG   (   77): tid 391 does not exist in pid 391. ignoring debug request
I/Netd    (  410): Netd 1.0 starting
F/libc    (  411): Fatal signal 11 (SIGSEGV) at 0x01c60020 (code=1)
F/libc    (  413): Fatal signal 4 (SIGILL) at 0x401c01e0 (code=1)
F/libc    (  412): Fatal signal 4 (SIGILL) at 0x405631e0 (code=1)
I/DEBUG   (   77): *** *** *** *** *** *** *** *** *** *** *** *** *** *** *** ***
I/DEBUG   (   77): Build fingerprint: 'htc_europe/htc_golfu/golfu:4.0.3/IML74K/62541.1:user/release-keys'
I/DEBUG   (   77): pid: 411, tid: 411  >>> /system/bin/surfaceflinger <<<
I/DEBUG   (   77): signal 11 (SIGSEGV), code 1 (SEGV_MAPERR), fault addr 01c60020
I/DEBUG   (   77):  r0 401c6000  r1 01c60000  r2 401c033f  r3 401c7138
I/DEBUG   (   77):  r4 401c6ec4  r5 00000005  r6 00000004  r7 20000000
I/DEBUG   (   77):  r8 00000000  r9 00000000  10 00000000  fp 00000000
I/DEBUG   (   77):  ip 00000000  sp bea5d660  lr 401c036d  pc 401d16d0  cpsr 00000030
I/DEBUG   (   77):  d0  0000000000000000  d1  0000000000000000
I/DEBUG   (   77):  d2  0000000000000000  d3  0000000000000000
I/DEBUG   (   77):  d4  0000000000000000  d5  0000000000000000
I/DEBUG   (   77):  d6  0000000000000000  d7  0000000000000000
I/DEBUG   (   77):  d8  0000000000000000  d9  0000000000000000
I/DEBUG   (   77):  d10 0000000000000000  d11 0000000000000000
I/DEBUG   (   77):  d12 0000000000000000  d13 0000000000000000
I/DEBUG   (   77):  d14 0000000000000000  d15 0000000000000000
I/DEBUG   (   77):  scr 00000000
I/DEBUG   (   77): 
I/DEBUG   (   77):          #00  pc 000096d0  /system/lib/libpixelflinger.so (_ZN7android8ggl_pickEPNS_9context_tE)
I/DEBUG   (   77):          #01  lr 401c036d  /system/lib/libui.so
I/DEBUG   (   77): 
I/DEBUG   (   77): code around pc:
I/DEBUG   (   77): 401d16b0 e3580001 e1d395be 959da00c 83a08000  ..X.............
I/DEBUG   (   77): 401d16c0 e2499c29 979a8108 e3590001 959da008  ).I.......Y.....
I/DEBUG   (   77): 401d16d0 e1a08408 e2088c03 e1887007 979a8109  .........p......
I/DEBUG   (   77): 401d16e0 83a08000 e1a09508 e209ab03 e187700a  .............p..
I/DEBUG   (   77): 401d16f0 e1d386b2 e1d3a6b0 e28d9020 e1580005  ........ .....X.
I/DEBUG   (   77): 
I/DEBUG   (   77): code around lr:
I/DEBUG   (   77): 401c034c 4a1bd10d 601e2601 462858a5 efd4f7fa  ...J.&.`.X(F....
I/DEBUG   (   77): 401c035c 49194818 44795822 f7fb4628 f8dfe804  .H.I"XyD(F......
I/DEBUG   (   77): 401c036c 2100e05c 500ef854 f7fa4628 4811efc6  \..!T..P(F.....H
I/DEBUG   (   77): 401c037c 58264913 46284479 f7fa4632 4b11eff4  .I&XyD(F2F.....K
I/DEBUG   (   77): 401c038c 2200211c 462858e5 eefcf7fa c038f8df  .!.".X(F......8.
I/DEBUG   (   77): 
I/DEBUG   (   77): memory map around addr 01c60020:
I/DEBUG   (   77): 0000a000-0000e000 [heap]
I/DEBUG   (   77): (no map for address)
I/DEBUG   (   77): 40000000-40024000 /system/lib/libsurfaceflinger.so
I/DEBUG   (   77): 
I/DEBUG   (   77): stack:
I/DEBUG   (   77):     bea5d620  000000f0  
I/DEBUG   (   77):     bea5d624  bea5d70c  [stack]
I/DEBUG   (   77):     bea5d628  b000a3c0  
I/DEBUG   (   77):     bea5d62c  b000b0e0  
I/DEBUG   (   77):     bea5d630  401b987e  /system/lib/libui.so
I/DEBUG   (   77):     bea5d634  0e301a42  
I/DEBUG   (   77):     bea5d638  b00094f0  /system/bin/linker
I/DEBUG   (   77):     bea5d63c  b000a078  
I/DEBUG   (   77):     bea5d640  0000023d  
I/DEBUG   (   77):     bea5d644  00000216  
I/DEBUG   (   77):     bea5d648  b00094fc  /system/bin/linker
I/DEBUG   (   77):     bea5d64c  b0012da4  
I/DEBUG   (   77):     bea5d650  b000b0e0  
I/DEBUG   (   77):     bea5d654  00000000  
I/DEBUG   (   77):     bea5d658  df0027ad  
I/DEBUG   (   77):     bea5d65c  00000000  
I/DEBUG   (   77): #00 bea5d660  401c6004  /system/lib/libui.so
I/DEBUG   (   77):     bea5d664  00000005  
I/DEBUG   (   77):     bea5d668  00000004  
I/DEBUG   (   77):     bea5d66c  b0003a99  /system/bin/linker
I/DEBUG   (   77):     bea5d670  b000b1c4  
I/DEBUG   (   77):     bea5d674  b000b1c0  
I/DEBUG   (   77):     bea5d678  b000990c  /system/bin/linker
I/DEBUG   (   77):     bea5d67c  b00046eb  /system/bin/linker
I/DEBUG   (   77):     bea5d680  b000b0e0  
I/DEBUG   (   77):     bea5d684  b000b0e0  
I/DEBUG   (   77):     bea5d688  b000b184  
I/DEBUG   (   77):     bea5d68c  400103fc  /system/lib/libsurfaceflinger.so
I/DEBUG   (   77):     bea5d690  00000016  
I/DEBUG   (   77):     bea5d694  00000003  
I/DEBUG   (   77):     bea5d698  00016000  
I/DEBUG   (   77):     bea5d69c  b0012fa8  
I/DEBUG   (   77):     bea5d6a0  401c7118  /system/lib/libui.so
I/DEBUG   (   77):     bea5d6a4  b000b16c  
I/DEBUG   (   77): tid 413 does not exist in pid 413. ignoring debug request
I/DEBUG   (   77): tid 412 does not exist in pid 412. ignoring debug request
I/Netd    (  431): Netd 1.0 starting
F/libc    (  434): Fatal signal 4 (SIGILL) at 0x401c01e0 (code=1)
F/libc    (  432): Fatal signal 11 (SIGSEGV) at 0x01c60020 (code=1)
F/libc    (  433): Fatal signal 4 (SIGILL) at 0x405631e0 (code=1)
I/DEBUG   (   77): *** *** *** *** *** *** *** *** *** *** *** *** *** *** *** ***
I/DEBUG   (   77): Build fingerprint: 'htc_europe/htc_golfu/golfu:4.0.3/IML74K/62541.1:user/release-keys'
I/DEBUG   (   77): pid: 432, tid: 432  >>> /system/bin/surfaceflinger <<<
I/DEBUG   (   77): signal 11 (SIGSEGV), code 1 (SEGV_MAPERR), fault addr 01c60020
I/DEBUG   (   77):  r0 401c6000  r1 01c60000  r2 401c033f  r3 401c7138
I/DEBUG   (   77):  r4 401c6ec4  r5 00000005  r6 00000004  r7 20000000
I/DEBUG   (   77):  r8 00000000  r9 00000000  10 00000000  fp 00000000
I/DEBUG   (   77):  ip 00000000  sp beb94660  lr 401c036d  pc 401d16d0  cpsr 00000030
I/DEBUG   (   77):  d0  0000000000000000  d1  0000000000000000
I/DEBUG   (   77):  d2  0000000000000000  d3  0000000000000000
I/DEBUG   (   77):  d4  0000000000000000  d5  0000000000000000
I/DEBUG   (   77):  d6  0000000000000000  d7  0000000000000000
I/DEBUG   (   77):  d8  0000000000000000  d9  0000000000000000
I/DEBUG   (   77):  d10 0000000000000000  d11 0000000000000000
I/DEBUG   (   77):  d12 0000000000000000  d13 0000000000000000
I/DEBUG   (   77):  d14 0000000000000000  d15 0000000000000000
I/DEBUG   (   77):  scr 00000000
I/DEBUG   (   77): 
I/DEBUG   (   77):          #00  pc 000096d0  /system/lib/libpixelflinger.so (_ZN7android8ggl_pickEPNS_9context_tE)
I/DEBUG   (   77):          #01  lr 401c036d  /system/lib/libui.so
I/DEBUG   (   77): 
I/DEBUG   (   77): code around pc:
I/DEBUG   (   77): 401d16b0 e3580001 e1d395be 959da00c 83a08000  ..X.............
I/DEBUG   (   77): 401d16c0 e2499c29 979a8108 e3590001 959da008  ).I.......Y.....
I/DEBUG   (   77): 401d16d0 e1a08408 e2088c03 e1887007 979a8109  .........p......
I/DEBUG   (   77): 401d16e0 83a08000 e1a09508 e209ab03 e187700a  .............p..
I/DEBUG   (   77): 401d16f0 e1d386b2 e1d3a6b0 e28d9020 e1580005  ........ .....X.
I/DEBUG   (   77): 
I/DEBUG   (   77): code around lr:
I/DEBUG   (   77): 401c034c 4a1bd10d 601e2601 462858a5 efd4f7fa  ...J.&.`.X(F....
I/DEBUG   (   77): 401c035c 49194818 44795822 f7fb4628 f8dfe804  .H.I"XyD(F......
I/DEBUG   (   77): 401c036c 2100e05c 500ef854 f7fa4628 4811efc6  \..!T..P(F.....H
I/DEBUG   (   77): 401c037c 58264913 46284479 f7fa4632 4b11eff4  .I&XyD(F2F.....K
I/DEBUG   (   77): 401c038c 2200211c 462858e5 eefcf7fa c038f8df  .!.".X(F......8.
I/DEBUG   (   77): 
I/DEBUG   (   77): memory map around addr 01c60020:
I/DEBUG   (   77): 0000a000-0000e000 [heap]
I/DEBUG   (   77): (no map for address)
I/DEBUG   (   77): 40000000-40024000 /system/lib/libsurfaceflinger.so
I/DEBUG   (   77): 
I/DEBUG   (   77): stack:
I/DEBUG   (   77):     beb94620  000000f0  
I/DEBUG   (   77):     beb94624  beb9470c  [stack]
I/DEBUG   (   77):     beb94628  b000a3c0  
I/DEBUG   (   77):     beb9462c  b000b0e0  
I/DEBUG   (   77):     beb94630  401b987e  /system/lib/libui.so
I/DEBUG   (   77):     beb94634  0e301a42  
I/DEBUG   (   77):     beb94638  b00094f0  /system/bin/linker
I/DEBUG   (   77):     beb9463c  b000a078  
I/DEBUG   (   77):     beb94640  0000023d  
I/DEBUG   (   77):     beb94644  00000216  
I/DEBUG   (   77):     beb94648  b00094fc  /system/bin/linker
I/DEBUG   (   77):     beb9464c  b0012da4  
I/DEBUG   (   77):     beb94650  b000b0e0  
I/DEBUG   (   77):     beb94654  00000000  
I/DEBUG   (   77):     beb94658  df0027ad  
I/DEBUG   (   77):     beb9465c  00000000  
I/DEBUG   (   77): #00 beb94660  401c6004  /system/lib/libui.so
I/DEBUG   (   77):     beb94664  00000005  
I/DEBUG   (   77):     beb94668  00000004  
I/DEBUG   (   77):     beb9466c  b0003a99  /system/bin/linker
I/DEBUG   (   77):     beb94670  b000b1c4  
I/DEBUG   (   77):     beb94674  b000b1c0  
I/DEBUG   (   77):     beb94678  b000990c  /system/bin/linker
I/DEBUG   (   77):     beb9467c  b00046eb  /system/bin/linker
I/DEBUG   (   77):     beb94680  b000b0e0  
I/DEBUG   (   77):     beb94684  b000b0e0  
I/DEBUG   (   77):     beb94688  b000b184  
I/DEBUG   (   77):     beb9468c  400103fc  /system/lib/libsurfaceflinger.so
I/DEBUG   (   77):     beb94690  00000016  
I/DEBUG   (   77):     beb94694  00000003  
I/DEBUG   (   77):     beb94698  00016000  
I/DEBUG   (   77):     beb9469c  b0012fa8  
I/DEBUG   (   77):     beb946a0  401c7118  /system/lib/libui.so
I/DEBUG   (   77):     beb946a4  b000b16c  
I/DEBUG   (   77): tid 434 does not exist in pid 434. ignoring debug request
I/DEBUG   (   77): tid 433 does not exist in pid 433. ignoring debug request
I/Netd    (  452): Netd 1.0 starting
F/libc    (  453): Fatal signal 11 (SIGSEGV) at 0x01c60020 (code=1)
F/libc    (  455): Fatal signal 4 (SIGILL) at 0x401c01e0 (code=1)
F/libc    (  454): Fatal signal 4 (SIGILL) at 0x405631e0 (code=1)
I/DEBUG   (   77): *** *** *** *** *** *** *** *** *** *** *** *** *** *** *** ***
I/DEBUG   (   77): Build fingerprint: 'htc_europe/htc_golfu/golfu:4.0.3/IML74K/62541.1:user/release-keys'
I/DEBUG   (   77): pid: 455, tid: 455  >>> /system/bin/mediaserver <<<
I/DEBUG   (   77): signal 4 (SIGILL), code 1 (ILL_ILLOPC), fault addr 401c01e0
I/DEBUG   (   77):  r0 00000000  r1 01c50000  r2 401bf33f  r3 401c6138
I/DEBUG   (   77):  r4 000200e3  r5 00000005  r6 00000004  r7 20000000
I/DEBUG   (   77):  r8 00000000  r9 00000000  10 00000000  fp 00000000
I/DEBUG   (   77):  ip 00000000  sp be85a3d4  lr 401c01a7  pc 401c01e0  cpsr 60000030
I/DEBUG   (   77):  d0  0000000000000000  d1  0000000000000000
I/DEBUG   (   77):  d2  0000000000000000  d3  0000000000000000
I/DEBUG   (   77):  d4  0000000000000000  d5  0000000000000000
I/DEBUG   (   77):  d6  0000000000000000  d7  0000000000000000
I/DEBUG   (   77):  d8  0000000000000000  d9  0000000000000000
I/DEBUG   (   77):  d10 0000000000000000  d11 0000000000000000
I/DEBUG   (   77):  d12 0000000000000000  d13 0000000000000000
I/DEBUG   (   77):  d14 0000000000000000  d15 0000000000000000
I/DEBUG   (   77):  scr 00000000
I/DEBUG   (   77): 
I/DEBUG   (   77):          #00  pc 000111e0  /system/lib/libui.so (_ZN7android14InputPublisher18appendMotionSampleExPKNS_13PointerCoordsE)
I/DEBUG   (   77):          #01  lr 401c01a7  /system/lib/libui.so
I/DEBUG   (   77): 
I/DEBUG   (   77): code around pc:
I/DEBUG   (   77): 401c01c0 447a4479 93006803 46232006 ef20f7f9  yDzD.h... #F.. .
I/DEBUG   (   77): 401c01d0 f7f94628 f04fee88 e0004000 b0072000  (F....O..@... ..
I/DEBUG   (   77): 401c01e0 8b02ecbd bf00bdf0 80000002 0000312a  ............*1..
I/DEBUG   (   77): 401c01f0 00003327 000030d0 00003364 00003072  '3...0..d3..r0..
I/DEBUG   (   77): 401c0200 00003338 47f0e92d 460e7b07 4604b086  83..-..G.{.F...F
I/DEBUG   (   77): 
I/DEBUG   (   77): code around lr:
I/DEBUG   (   77): 401c0184 3640f92f 42956922 68a3d3f3 f8d36167  /.@6"i.B...hga..
I/DEBUG   (   77): 401c0194 1c5120cc 10ccf8c3 b1e87ba0 f7fa68a0  . Q......{...h..
I/DEBUG   (   77): 401c01a4 2800e95e 6821da18 4628ad03 f7f93108  ^..(..!h..(F.1..
I/DEBUG   (   77): 401c01b4 9c03eea4 e8f2f7fa 4a10490f 447a4479  .........I.JyDzD
I/DEBUG   (   77): 401c01c4 93006803 46232006 ef20f7f9 f7f94628  .h... #F.. .(F..
I/DEBUG   (   77): 
I/DEBUG   (   77): memory map around addr 401c01e0:
I/DEBUG   (   77): 4019f000-401af000 /system/lib/libmedia.so
I/DEBUG   (   77): 401af000-401c5000 /system/lib/libui.so
I/DEBUG   (   77): 401c5000-401c7000 /system/lib/libui.so
I/DEBUG   (   77): 
I/DEBUG   (   77): stack:
I/DEBUG   (   77):     be85a394  b000a078  
I/DEBUG   (   77):     be85a398  0000023d  
I/DEBUG   (   77):     be85a39c  00000216  
I/DEBUG   (   77):     be85a3a0  b00094fc  /system/bin/linker
I/DEBUG   (   77):     be85a3a4  b0012da4  
I/DEBUG   (   77):     be85a3a8  b000ac80  
I/DEBUG   (   77):     be85a3ac  00000000  
I/DEBUG   (   77):     be85a3b0  00000000  
I/DEBUG   (   77):     be85a3b4  00000000  
I/DEBUG   (   77):     be85a3b8  401c5004  /system/lib/libui.so
I/DEBUG   (   77):     be85a3bc  00000005  
I/DEBUG   (   77):     be85a3c0  00000004  
I/DEBUG   (   77):     be85a3c4  b0003a99  /system/bin/linker
I/DEBUG   (   77):     be85a3c8  df0027ad  
I/DEBUG   (   77):     be85a3cc  00000000  
I/DEBUG   (   77):     be85a3d0  b000990c  /system/bin/linker
I/DEBUG   (   77): #00 be85a3d4  b00046eb  /system/bin/linker
I/DEBUG   (   77):     be85a3d8  b000ac80  
I/DEBUG   (   77):     be85a3dc  b000ac80  
I/DEBUG   (   77):     be85a3e0  b000ad24  
I/DEBUG   (   77):     be85a3e4  40163e0e  /system/lib/libmedia.so
I/DEBUG   (   77):     be85a3e8  00000016  
I/DEBUG   (   77):     be85a3ec  00000003  
I/DEBUG   (   77):     be85a3f0  00016000  
I/DEBUG   (   77):     be85a3f4  b0012fa8  
I/DEBUG   (   77):     be85a3f8  401c6118  /system/lib/libui.so
I/DEBUG   (   77):     be85a3fc  b000ad0c  
I/DEBUG   (   77):     be85a400  b000ac80  
I/DEBUG   (   77):     be85a404  b000ad10  
I/DEBUG   (   77):     be85a408  00000001  
I/DEBUG   (   77):     be85a40c  b0005195  /system/bin/linker
I/DEBUG   (   77):     be85a410  00000003  
I/DEBUG   (   77):     be85a414  00016000  
I/DEBUG   (   77):     be85a418  00000000  
I/DEBUG   (   77): *** *** *** *** *** *** *** *** *** *** *** *** *** *** *** ***
I/DEBUG   (   77): Build fingerprint: 'htc_europe/htc_golfu/golfu:4.0.3/IML74K/62541.1:user/release-keys'
I/DEBUG   (   77): pid: 453, tid: 453  >>> /system/bin/surfaceflinger <<<
I/DEBUG   (   77): signal 11 (SIGSEGV), code 1 (SEGV_MAPERR), fault addr 01c60020
I/DEBUG   (   77):  r0 401c6000  r1 01c60000  r2 401c033f  r3 401c7138
I/DEBUG   (   77):  r4 401c6ec4  r5 00000005  r6 00000004  r7 20000000
I/DEBUG   (   77):  r8 00000000  r9 00000000  10 00000000  fp 00000000
I/DEBUG   (   77):  ip 00000000  sp be9d5660  lr 401c036d  pc 401d16d0  cpsr 00000030
I/DEBUG   (   77):  d0  0000000000000000  d1  0000000000000000
I/DEBUG   (   77):  d2  0000000000000000  d3  0000000000000000
I/DEBUG   (   77):  d4  0000000000000000  d5  0000000000000000
I/DEBUG   (   77):  d6  0000000000000000  d7  0000000000000000
I/DEBUG   (   77):  d8  0000000000000000  d9  0000000000000000
I/DEBUG   (   77):  d10 0000000000000000  d11 0000000000000000
I/DEBUG   (   77):  d12 0000000000000000  d13 0000000000000000
I/DEBUG   (   77):  d14 0000000000000000  d15 0000000000000000
I/DEBUG   (   77):  scr 00000000
I/DEBUG   (   77): 
I/DEBUG   (   77):          #00  pc 000096d0  /system/lib/libpixelflinger.so (_ZN7android8ggl_pickEPNS_9context_tE)
I/DEBUG   (   77):          #01  lr 401c036d  /system/lib/libui.so
I/DEBUG   (   77): 
I/DEBUG   (   77): code around pc:
I/DEBUG   (   77): 401d16b0 e3580001 e1d395be 959da00c 83a08000  ..X.............
I/DEBUG   (   77): 401d16c0 e2499c29 979a8108 e3590001 959da008  ).I.......Y.....
I/DEBUG   (   77): 401d16d0 e1a08408 e2088c03 e1887007 979a8109  .........p......
I/DEBUG   (   77): 401d16e0 83a08000 e1a09508 e209ab03 e187700a  .............p..
I/DEBUG   (   77): 401d16f0 e1d386b2 e1d3a6b0 e28d9020 e1580005  ........ .....X.
I/DEBUG   (   77): 
I/DEBUG   (   77): code around lr:
I/DEBUG   (   77): 401c034c 4a1bd10d 601e2601 462858a5 efd4f7fa  ...J.&.`.X(F....
I/DEBUG   (   77): 401c035c 49194818 44795822 f7fb4628 f8dfe804  .H.I"XyD(F......
I/DEBUG   (   77): 401c036c 2100e05c 500ef854 f7fa4628 4811efc6  \..!T..P(F.....H
I/DEBUG   (   77): 401c037c 58264913 46284479 f7fa4632 4b11eff4  .I&XyD(F2F.....K
I/DEBUG   (   77): 401c038c 2200211c 462858e5 eefcf7fa c038f8df  .!.".X(F......8.
I/DEBUG   (   77): 
I/DEBUG   (   77): memory map around addr 01c60020:
I/DEBUG   (   77): 0000a000-0000e000 [heap]
I/DEBUG   (   77): (no map for address)
I/DEBUG   (   77): 40000000-40024000 /system/lib/libsurfaceflinger.so
I/DEBUG   (   77): 
I/DEBUG   (   77): stack:
I/DEBUG   (   77):     be9d5620  000000f0  
I/DEBUG   (   77):     be9d5624  be9d570c  [stack]
I/DEBUG   (   77):     be9d5628  b000a3c0  
I/DEBUG   (   77):     be9d562c  b000b0e0  
I/DEBUG   (   77):     be9d5630  401b987e  /system/lib/libui.so
I/DEBUG   (   77):     be9d5634  0e301a42  
I/DEBUG   (   77):     be9d5638  b00094f0  /system/bin/linker
I/DEBUG   (   77):     be9d563c  b000a078  
I/DEBUG   (   77):     be9d5640  0000023d  
I/DEBUG   (   77):     be9d5644  00000216  
I/DEBUG   (   77):     be9d5648  b00094fc  /system/bin/linker
I/DEBUG   (   77):     be9d564c  b0012da4  
I/DEBUG   (   77):     be9d5650  b000b0e0  
I/DEBUG   (   77):     be9d5654  00000000  
I/DEBUG   (   77):     be9d5658  df0027ad  
I/DEBUG   (   77):     be9d565c  00000000  
I/DEBUG   (   77): #00 be9d5660  401c6004  /system/lib/libui.so
I/DEBUG   (   77):     be9d5664  00000005  
I/DEBUG   (   77):     be9d5668  00000004  
I/DEBUG   (   77):     be9d566c  b0003a99  /system/bin/linker
I/DEBUG   (   77):     be9d5670  b000b1c4  
I/DEBUG   (   77):     be9d5674  b000b1c0  
I/DEBUG   (   77):     be9d5678  b000990c  /system/bin/linker
I/DEBUG   (   77):     be9d567c  b00046eb  /system/bin/linker
I/DEBUG   (   77):     be9d5680  b000b0e0  
I/DEBUG   (   77):     be9d5684  b000b0e0  
I/DEBUG   (   77):     be9d5688  b000b184  
I/DEBUG   (   77):     be9d568c  400103fc  /system/lib/libsurfaceflinger.so
I/DEBUG   (   77):     be9d5690  00000016  
I/DEBUG   (   77):     be9d5694  00000003  
I/DEBUG   (   77):     be9d5698  00016000  
I/DEBUG   (   77):     be9d569c  b0012fa8  
I/DEBUG   (   77):     be9d56a0  401c7118  /system/lib/libui.so
I/DEBUG   (   77):     be9d56a4  b000b16c  
I/DEBUG   (   77): tid 454 does not exist in pid 454. ignoring debug request
I/Netd    (  473): Netd 1.0 starting
F/libc    (  474): Fatal signal 11 (SIGSEGV) at 0x01c60020 (code=1)
F/libc    (  476): Fatal signal 4 (SIGILL) at 0x401c01e0 (code=1)
F/libc    (  475): Fatal signal 4 (SIGILL) at 0x405631e0 (code=1)
I/DEBUG   (   77): *** *** *** *** *** *** *** *** *** *** *** *** *** *** *** ***
I/DEBUG   (   77): Build fingerprint: 'htc_europe/htc_golfu/golfu:4.0.3/IML74K/62541.1:user/release-keys'
I/DEBUG   (   77): pid: 474, tid: 474  >>> /system/bin/surfaceflinger <<<
I/DEBUG   (   77): signal 11 (SIGSEGV), code 1 (SEGV_MAPERR), fault addr 01c60020
I/DEBUG   (   77):  r0 401c6000  r1 01c60000  r2 401c033f  r3 401c7138
I/DEBUG   (   77):  r4 401c6ec4  r5 00000005  r6 00000004  r7 20000000
I/DEBUG   (   77):  r8 00000000  r9 00000000  10 00000000  fp 00000000
I/DEBUG   (   77):  ip 00000000  sp be8df660  lr 401c036d  pc 401d16d0  cpsr 00000030
I/DEBUG   (   77):  d0  0000000000000000  d1  0000000000000000
I/DEBUG   (   77):  d2  0000000000000000  d3  0000000000000000
I/DEBUG   (   77):  d4  0000000000000000  d5  0000000000000000
I/DEBUG   (   77):  d6  0000000000000000  d7  0000000000000000
I/DEBUG   (   77):  d8  0000000000000000  d9  0000000000000000
I/DEBUG   (   77):  d10 0000000000000000  d11 0000000000000000
I/DEBUG   (   77):  d12 0000000000000000  d13 0000000000000000
I/DEBUG   (   77):  d14 0000000000000000  d15 0000000000000000
I/DEBUG   (   77):  scr 00000000
I/DEBUG   (   77): 
I/DEBUG   (   77):          #00  pc 000096d0  /system/lib/libpixelflinger.so (_ZN7android8ggl_pickEPNS_9context_tE)
I/DEBUG   (   77):          #01  lr 401c036d  /system/lib/libui.so
I/DEBUG   (   77): 
I/DEBUG   (   77): code around pc:
I/DEBUG   (   77): 401d16b0 e3580001 e1d395be 959da00c 83a08000  ..X.............
I/DEBUG   (   77): 401d16c0 e2499c29 979a8108 e3590001 959da008  ).I.......Y.....
I/DEBUG   (   77): 401d16d0 e1a08408 e2088c03 e1887007 979a8109  .........p......
I/DEBUG   (   77): 401d16e0 83a08000 e1a09508 e209ab03 e187700a  .............p..
I/DEBUG   (   77): 401d16f0 e1d386b2 e1d3a6b0 e28d9020 e1580005  ........ .....X.
I/DEBUG   (   77): 
I/DEBUG   (   77): code around lr:
I/DEBUG   (   77): 401c034c 4a1bd10d 601e2601 462858a5 efd4f7fa  ...J.&.`.X(F....
I/DEBUG   (   77): 401c035c 49194818 44795822 f7fb4628 f8dfe804  .H.I"XyD(F......
I/DEBUG   (   77): 401c036c 2100e05c 500ef854 f7fa4628 4811efc6  \..!T..P(F.....H
I/DEBUG   (   77): 401c037c 58264913 46284479 f7fa4632 4b11eff4  .I&XyD(F2F.....K
I/DEBUG   (   77): 401c038c 2200211c 462858e5 eefcf7fa c038f8df  .!.".X(F......8.
I/DEBUG   (   77): 
I/DEBUG   (   77): memory map around addr 01c60020:
I/DEBUG   (   77): 0000a000-0000e000 [heap]
I/DEBUG   (   77): (no map for address)
I/DEBUG   (   77): 40000000-40024000 /system/lib/libsurfaceflinger.so
I/DEBUG   (   77): 
I/DEBUG   (   77): stack:
I/DEBUG   (   77):     be8df620  000000f0  
I/DEBUG   (   77):     be8df624  be8df70c  [stack]
I/DEBUG   (   77):     be8df628  b000a3c0  
I/DEBUG   (   77):     be8df62c  b000b0e0  
I/DEBUG   (   77):     be8df630  401b987e  /system/lib/libui.so
I/DEBUG   (   77):     be8df634  0e301a42  
I/DEBUG   (   77):     be8df638  b00094f0  /system/bin/linker
I/DEBUG   (   77):     be8df63c  b000a078  
I/DEBUG   (   77):     be8df640  0000023d  
I/DEBUG   (   77):     be8df644  00000216  
I/DEBUG   (   77):     be8df648  b00094fc  /system/bin/linker
I/DEBUG   (   77):     be8df64c  b0012da4  
I/DEBUG   (   77):     be8df650  b000b0e0  
I/DEBUG   (   77):     be8df654  00000000  
I/DEBUG   (   77):     be8df658  df0027ad  
I/DEBUG   (   77):     be8df65c  00000000  
I/DEBUG   (   77): #00 be8df660  401c6004  /system/lib/libui.so
I/DEBUG   (   77):     be8df664  00000005  
I/DEBUG   (   77):     be8df668  00000004  
I/DEBUG   (   77):     be8df66c  b0003a99  /system/bin/linker
I/DEBUG   (   77):     be8df670  b000b1c4  
I/DEBUG   (   77):     be8df674  b000b1c0  
I/DEBUG   (   77):     be8df678  b000990c  /system/bin/linker
I/DEBUG   (   77):     be8df67c  b00046eb  /system/bin/linker
I/DEBUG   (   77):     be8df680  b000b0e0  
I/DEBUG   (   77):     be8df684  b000b0e0  
I/DEBUG   (   77):     be8df688  b000b184  
I/DEBUG   (   77):     be8df68c  400103fc  /system/lib/libsurfaceflinger.so
I/DEBUG   (   77):     be8df690  00000016  
I/DEBUG   (   77):     be8df694  00000003  
I/DEBUG   (   77):     be8df698  00016000  
I/DEBUG   (   77):     be8df69c  b0012fa8  
I/DEBUG   (   77):     be8df6a0  401c7118  /system/lib/libui.so
I/DEBUG   (   77):     be8df6a4  b000b16c  
I/DEBUG   (   77): tid 476 does not exist in pid 476. ignoring debug request
I/DEBUG   (   77): tid 475 does not exist in pid 475. ignoring debug request
I/Netd    (  494): Netd 1.0 starting
F/libc    (  497): Fatal signal 4 (SIGILL) at 0x401c01e0 (code=1)
F/libc    (  495): Fatal signal 11 (SIGSEGV) at 0x01c60020 (code=1)
F/libc    (  496): Fatal signal 4 (SIGILL) at 0x405631e0 (code=1)
I/DEBUG   (   77): *** *** *** *** *** *** *** *** *** *** *** *** *** *** *** ***
I/DEBUG   (   77): Build fingerprint: 'htc_europe/htc_golfu/golfu:4.0.3/IML74K/62541.1:user/release-keys'
I/DEBUG   (   77): pid: 495, tid: 495  >>> /system/bin/surfaceflinger <<<
I/DEBUG   (   77): signal 11 (SIGSEGV), code 1 (SEGV_MAPERR), fault addr 01c60020
I/DEBUG   (   77):  r0 401c6000  r1 01c60000  r2 401c033f  r3 401c7138
I/DEBUG   (   77):  r4 401c6ec4  r5 00000005  r6 00000004  r7 20000000
I/DEBUG   (   77):  r8 00000000  r9 00000000  10 00000000  fp 00000000
I/DEBUG   (   77):  ip 00000000  sp be9c1660  lr 401c036d  pc 401d16d0  cpsr 00000030
I/DEBUG   (   77):  d0  0000000000000000  d1  0000000000000000
I/DEBUG   (   77):  d2  0000000000000000  d3  0000000000000000
I/DEBUG   (   77):  d4  0000000000000000  d5  0000000000000000
I/DEBUG   (   77):  d6  0000000000000000  d7  0000000000000000
I/DEBUG   (   77):  d8  0000000000000000  d9  0000000000000000
I/DEBUG   (   77):  d10 0000000000000000  d11 0000000000000000
I/DEBUG   (   77):  d12 0000000000000000  d13 0000000000000000
I/DEBUG   (   77):  d14 0000000000000000  d15 0000000000000000
I/DEBUG   (   77):  scr 00000000
I/DEBUG   (   77): 
I/DEBUG   (   77):          #00  pc 000096d0  /system/lib/libpixelflinger.so (_ZN7android8ggl_pickEPNS_9context_tE)
I/DEBUG   (   77):          #01  lr 401c036d  /system/lib/libui.so
I/DEBUG   (   77): 
I/DEBUG   (   77): code around pc:
I/DEBUG   (   77): 401d16b0 e3580001 e1d395be 959da00c 83a08000  ..X.............
I/DEBUG   (   77): 401d16c0 e2499c29 979a8108 e3590001 959da008  ).I.......Y.....
I/DEBUG   (   77): 401d16d0 e1a08408 e2088c03 e1887007 979a8109  .........p......
I/DEBUG   (   77): 401d16e0 83a08000 e1a09508 e209ab03 e187700a  .............p..
I/DEBUG   (   77): 401d16f0 e1d386b2 e1d3a6b0 e28d9020 e1580005  ........ .....X.
I/DEBUG   (   77): 
I/DEBUG   (   77): code around lr:
I/DEBUG   (   77): 401c034c 4a1bd10d 601e2601 462858a5 efd4f7fa  ...J.&.`.X(F....
I/DEBUG   (   77): 401c035c 49194818 44795822 f7fb4628 f8dfe804  .H.I"XyD(F......
I/DEBUG   (   77): 401c036c 2100e05c 500ef854 f7fa4628 4811efc6  \..!T..P(F.....H
I/DEBUG   (   77): 401c037c 58264913 46284479 f7fa4632 4b11eff4  .I&XyD(F2F.....K
I/DEBUG   (   77): 401c038c 2200211c 462858e5 eefcf7fa c038f8df  .!.".X(F......8.
I/DEBUG   (   77): 
I/DEBUG   (   77): memory map around addr 01c60020:
I/DEBUG   (   77): 0000a000-0000e000 [heap]
I/DEBUG   (   77): (no map for address)
I/DEBUG   (   77): 40000000-40024000 /system/lib/libsurfaceflinger.so
I/DEBUG   (   77): 
I/DEBUG   (   77): stack:
I/DEBUG   (   77):     be9c1620  000000f0  
I/DEBUG   (   77):     be9c1624  be9c170c  [stack]
I/DEBUG   (   77):     be9c1628  b000a3c0  
I/DEBUG   (   77):     be9c162c  b000b0e0  
I/DEBUG   (   77):     be9c1630  401b987e  /system/lib/libui.so
I/DEBUG   (   77):     be9c1634  0e301a42  
I/DEBUG   (   77):     be9c1638  b00094f0  /system/bin/linker
I/DEBUG   (   77):     be9c163c  b000a078  
I/DEBUG   (   77):     be9c1640  0000023d  
I/DEBUG   (   77):     be9c1644  00000216  
I/DEBUG   (   77):     be9c1648  b00094fc  /system/bin/linker
I/DEBUG   (   77):     be9c164c  b0012da4  
I/DEBUG   (   77):     be9c1650  b000b0e0  
I/DEBUG   (   77):     be9c1654  00000000  
I/DEBUG   (   77):     be9c1658  df0027ad  
I/DEBUG   (   77):     be9c165c  00000000  
I/DEBUG   (   77): #00 be9c1660  401c6004  /system/lib/libui.so
I/DEBUG   (   77):     be9c1664  00000005  
I/DEBUG   (   77):     be9c1668  00000004  
I/DEBUG   (   77):     be9c166c  b0003a99  /system/bin/linker
I/DEBUG   (   77):     be9c1670  b000b1c4  
I/DEBUG   (   77):     be9c1674  b000b1c0  
I/DEBUG   (   77):     be9c1678  b000990c  /system/bin/linker
I/DEBUG   (   77):     be9c167c  b00046eb  /system/bin/linker
I/DEBUG   (   77):     be9c1680  b000b0e0  
I/DEBUG   (   77):     be9c1684  b000b0e0  
I/DEBUG   (   77):     be9c1688  b000b184  
I/DEBUG   (   77):     be9c168c  400103fc  /system/lib/libsurfaceflinger.so
I/DEBUG   (   77):     be9c1690  00000016  
I/DEBUG   (   77):     be9c1694  00000003  
I/DEBUG   (   77):     be9c1698  00016000  
I/DEBUG   (   77):     be9c169c  b0012fa8  
I/DEBUG   (   77):     be9c16a0  401c7118  /system/lib/libui.so
I/DEBUG   (   77):     be9c16a4  b000b16c  
I/DEBUG   (   77): tid 497 does not exist in pid 497. ignoring debug request
I/DEBUG   (   77): tid 496 does not exist in pid 496. ignoring debug request
I/Netd    (  515): Netd 1.0 starting
F/libc    (  516): Fatal signal 11 (SIGSEGV) at 0x01c60020 (code=1)
F/libc    (  518): Fatal signal 4 (SIGILL) at 0x401c01e0 (code=1)
F/libc    (  517): Fatal signal 4 (SIGILL) at 0x405631e0 (code=1)
I/DEBUG   (   77): *** *** *** *** *** *** *** *** *** *** *** *** *** *** *** ***
I/DEBUG   (   77): Build fingerprint: 'htc_europe/htc_golfu/golfu:4.0.3/IML74K/62541.1:user/release-keys'
I/DEBUG   (   77): pid: 516, tid: 516  >>> /system/bin/surfaceflinger <<<
I/DEBUG   (   77): signal 11 (SIGSEGV), code 1 (SEGV_MAPERR), fault addr 01c60020
I/DEBUG   (   77):  r0 401c6000  r1 01c60000  r2 401c033f  r3 401c7138
I/DEBUG   (   77):  r4 401c6ec4  r5 00000005  r6 00000004  r7 20000000
I/DEBUG   (   77):  r8 00000000  r9 00000000  10 00000000  fp 00000000
I/DEBUG   (   77):  ip 00000000  sp beb1f660  lr 401c036d  pc 401d16d0  cpsr 00000030
I/DEBUG   (   77):  d0  0000000000000000  d1  0000000000000000
I/DEBUG   (   77):  d2  0000000000000000  d3  0000000000000000
I/DEBUG   (   77):  d4  0000000000000000  d5  0000000000000000
I/DEBUG   (   77):  d6  0000000000000000  d7  0000000000000000
I/DEBUG   (   77):  d8  0000000000000000  d9  0000000000000000
I/DEBUG   (   77):  d10 0000000000000000  d11 0000000000000000
I/DEBUG   (   77):  d12 0000000000000000  d13 0000000000000000
I/DEBUG   (   77):  d14 0000000000000000  d15 0000000000000000
I/DEBUG   (   77):  scr 00000000
I/DEBUG   (   77): 
I/DEBUG   (   77):          #00  pc 000096d0  /system/lib/libpixelflinger.so (_ZN7android8ggl_pickEPNS_9context_tE)
I/DEBUG   (   77):          #01  lr 401c036d  /system/lib/libui.so
I/DEBUG   (   77): 
I/DEBUG   (   77): code around pc:
I/DEBUG   (   77): 401d16b0 e3580001 e1d395be 959da00c 83a08000  ..X.............
I/DEBUG   (   77): 401d16c0 e2499c29 979a8108 e3590001 959da008  ).I.......Y.....
I/DEBUG   (   77): 401d16d0 e1a08408 e2088c03 e1887007 979a8109  .........p......
I/DEBUG   (   77): 401d16e0 83a08000 e1a09508 e209ab03 e187700a  .............p..
I/DEBUG   (   77): 401d16f0 e1d386b2 e1d3a6b0 e28d9020 e1580005  ........ .....X.
I/DEBUG   (   77): 
I/DEBUG   (   77): code around lr:
I/DEBUG   (   77): 401c034c 4a1bd10d 601e2601 462858a5 efd4f7fa  ...J.&.`.X(F....
I/DEBUG   (   77): 401c035c 49194818 44795822 f7fb4628 f8dfe804  .H.I"XyD(F......
I/DEBUG   (   77): 401c036c 2100e05c 500ef854 f7fa4628 4811efc6  \..!T..P(F.....H
I/DEBUG   (   77): 401c037c 58264913 46284479 f7fa4632 4b11eff4  .I&XyD(F2F.....K
I/DEBUG   (   77): 401c038c 2200211c 462858e5 eefcf7fa c038f8df  .!.".X(F......8.
I/DEBUG   (   77): 
I/DEBUG   (   77): memory map around addr 01c60020:
I/DEBUG   (   77): 0000a000-0000e000 [heap]
I/DEBUG   (   77): (no map for address)
I/DEBUG   (   77): 40000000-40024000 /system/lib/libsurfaceflinger.so
I/DEBUG   (   77): 
I/DEBUG   (   77): stack:
I/DEBUG   (   77):     beb1f620  000000f0  
I/DEBUG   (   77):     beb1f624  beb1f70c  [stack]
I/DEBUG   (   77):     beb1f628  b000a3c0  
I/DEBUG   (   77):     beb1f62c  b000b0e0  
I/DEBUG   (   77):     beb1f630  401b987e  /system/lib/libui.so
I/DEBUG   (   77):     beb1f634  0e301a42  
I/DEBUG   (   77):     beb1f638  b00094f0  /system/bin/linker
I/DEBUG   (   77):     beb1f63c  b000a078  
I/DEBUG   (   77):     beb1f640  0000023d  
I/DEBUG   (   77):     beb1f644  00000216  
I/DEBUG   (   77):     beb1f648  b00094fc  /system/bin/linker
I/DEBUG   (   77):     beb1f64c  b0012da4  
I/DEBUG   (   77):     beb1f650  b000b0e0  
I/DEBUG   (   77):     beb1f654  00000000  
I/DEBUG   (   77):     beb1f658  df0027ad  
I/DEBUG   (   77):     beb1f65c  00000000  
I/DEBUG   (   77): #00 beb1f660  401c6004  /system/lib/libui.so
I/DEBUG   (   77):     beb1f664  00000005  
I/DEBUG   (   77):     beb1f668  00000004  
I/DEBUG   (   77):     beb1f66c  b0003a99  /system/bin/linker
I/DEBUG   (   77):     beb1f670  b000b1c4  
I/DEBUG   (   77):     beb1f674  b000b1c0  
I/DEBUG   (   77):     beb1f678  b000990c  /system/bin/linker
I/DEBUG   (   77):     beb1f67c  b00046eb  /system/bin/linker
I/DEBUG   (   77):     beb1f680  b000b0e0  
I/DEBUG   (   77):     beb1f684  b000b0e0  
I/DEBUG   (   77):     beb1f688  b000b184  
I/DEBUG   (   77):     beb1f68c  400103fc  /system/lib/libsurfaceflinger.so
I/DEBUG   (   77):     beb1f690  00000016  
I/DEBUG   (   77):     beb1f694  00000003  
I/DEBUG   (   77):     beb1f698  00016000  
I/DEBUG   (   77):     beb1f69c  b0012fa8  
I/DEBUG   (   77):     beb1f6a0  401c7118  /system/lib/libui.so
I/DEBUG   (   77):     beb1f6a4  b000b16c  
I/DEBUG   (   77): tid 518 does not exist in pid 518. ignoring debug request
I/DEBUG   (   77): tid 517 does not exist in pid 517. ignoring debug request
I/Netd    (  536): Netd 1.0 starting
F/libc    (  537): Fatal signal 11 (SIGSEGV) at 0x01c60020 (code=1)
F/libc    (  539): Fatal signal 4 (SIGILL) at 0x401c01e0 (code=1)
F/libc    (  538): Fatal signal 4 (SIGILL) at 0x405631e0 (code=1)
I/DEBUG   (   77): *** *** *** *** *** *** *** *** *** *** *** *** *** *** *** ***
I/DEBUG   (   77): Build fingerprint: 'htc_europe/htc_golfu/golfu:4.0.3/IML74K/62541.1:user/release-keys'
I/DEBUG   (   77): pid: 537, tid: 537  >>> /system/bin/surfaceflinger <<<
I/DEBUG   (   77): signal 11 (SIGSEGV), code 1 (SEGV_MAPERR), fault addr 01c60020
I/DEBUG   (   77):  r0 401c6000  r1 01c60000  r2 401c033f  r3 401c7138
I/DEBUG   (   77):  r4 401c6ec4  r5 00000005  r6 00000004  r7 20000000
I/DEBUG   (   77):  r8 00000000  r9 00000000  10 00000000  fp 00000000
I/DEBUG   (   77):  ip 00000000  sp bebbc660  lr 401c036d  pc 401d16d0  cpsr 00000030
I/DEBUG   (   77):  d0  0000000000000000  d1  0000000000000000
I/DEBUG   (   77):  d2  0000000000000000  d3  0000000000000000
I/DEBUG   (   77):  d4  0000000000000000  d5  0000000000000000
I/DEBUG   (   77):  d6  0000000000000000  d7  0000000000000000
I/DEBUG   (   77):  d8  0000000000000000  d9  0000000000000000
I/DEBUG   (   77):  d10 0000000000000000  d11 0000000000000000
I/DEBUG   (   77):  d12 0000000000000000  d13 0000000000000000
I/DEBUG   (   77):  d14 0000000000000000  d15 0000000000000000
I/DEBUG   (   77):  scr 00000000
I/DEBUG   (   77): 
I/DEBUG   (   77):          #00  pc 000096d0  /system/lib/libpixelflinger.so (_ZN7android8ggl_pickEPNS_9context_tE)
I/DEBUG   (   77):          #01  lr 401c036d  /system/lib/libui.so
I/DEBUG   (   77): 
I/DEBUG   (   77): code around pc:
I/DEBUG   (   77): 401d16b0 e3580001 e1d395be 959da00c 83a08000  ..X.............
I/DEBUG   (   77): 401d16c0 e2499c29 979a8108 e3590001 959da008  ).I.......Y.....
I/DEBUG   (   77): 401d16d0 e1a08408 e2088c03 e1887007 979a8109  .........p......
I/DEBUG   (   77): 401d16e0 83a08000 e1a09508 e209ab03 e187700a  .............p..
I/DEBUG   (   77): 401d16f0 e1d386b2 e1d3a6b0 e28d9020 e1580005  ........ .....X.
I/DEBUG   (   77): 
I/DEBUG   (   77): code around lr:
I/DEBUG   (   77): 401c034c 4a1bd10d 601e2601 462858a5 efd4f7fa  ...J.&.`.X(F....
I/DEBUG   (   77): 401c035c 49194818 44795822 f7fb4628 f8dfe804  .H.I"XyD(F......
I/DEBUG   (   77): 401c036c 2100e05c 500ef854 f7fa4628 4811efc6  \..!T..P(F.....H
I/DEBUG   (   77): 401c037c 58264913 46284479 f7fa4632 4b11eff4  .I&XyD(F2F.....K
I/DEBUG   (   77): 401c038c 2200211c 462858e5 eefcf7fa c038f8df  .!.".X(F......8.
I/DEBUG   (   77): 
I/DEBUG   (   77): memory map around addr 01c60020:
I/DEBUG   (   77): 0000a000-0000e000 [heap]
I/DEBUG   (   77): (no map for address)
I/DEBUG   (   77): 40000000-40024000 /system/lib/libsurfaceflinger.so
I/DEBUG   (   77): 
I/DEBUG   (   77): stack:
I/DEBUG   (   77):     bebbc620  000000f0  
I/DEBUG   (   77):     bebbc624  bebbc70c  [stack]
I/DEBUG   (   77):     bebbc628  b000a3c0  
I/DEBUG   (   77):     bebbc62c  b000b0e0  
I/DEBUG   (   77):     bebbc630  401b987e  /system/lib/libui.so
I/DEBUG   (   77):     bebbc634  0e301a42  
I/DEBUG   (   77):     bebbc638  b00094f0  /system/bin/linker
I/DEBUG   (   77):     bebbc63c  b000a078  
I/DEBUG   (   77):     bebbc640  0000023d  
I/DEBUG   (   77):     bebbc644  00000216  
I/DEBUG   (   77):     bebbc648  b00094fc  /system/bin/linker
I/DEBUG   (   77):     bebbc64c  b0012da4  
I/DEBUG   (   77):     bebbc650  b000b0e0  
I/DEBUG   (   77):     bebbc654  00000000  
I/DEBUG   (   77):     bebbc658  df0027ad  
I/DEBUG   (   77):     bebbc65c  00000000  
I/DEBUG   (   77): #00 bebbc660  401c6004  /system/lib/libui.so
I/DEBUG   (   77):     bebbc664  00000005  
I/DEBUG   (   77):     bebbc668  00000004  
I/DEBUG   (   77):     bebbc66c  b0003a99  /system/bin/linker
I/DEBUG   (   77):     bebbc670  b000b1c4  
I/DEBUG   (   77):     bebbc674  b000b1c0  
I/DEBUG   (   77):     bebbc678  b000990c  /system/bin/linker
I/DEBUG   (   77):     bebbc67c  b00046eb  /system/bin/linker
I/DEBUG   (   77):     bebbc680  b000b0e0  
I/DEBUG   (   77):     bebbc684  b000b0e0  
I/DEBUG   (   77):     bebbc688  b000b184  
I/DEBUG   (   77):     bebbc68c  400103fc  /system/lib/libsurfaceflinger.so
I/DEBUG   (   77):     bebbc690  00000016  
I/DEBUG   (   77):     bebbc694  00000003  
I/DEBUG   (   77):     bebbc698  00016000  
I/DEBUG   (   77):     bebbc69c  b0012fa8  
I/DEBUG   (   77):     bebbc6a0  401c7118  /system/lib/libui.so
I/DEBUG   (   77):     bebbc6a4  b000b16c  
I/DEBUG   (   77): tid 539 does not exist in pid 539. ignoring debug request
I/DEBUG   (   77): tid 538 does not exist in pid 538. ignoring debug request
I/Netd    (  557): Netd 1.0 starting
F/libc    (  558): Fatal signal 11 (SIGSEGV) at 0x01c60020 (code=1)
F/libc    (  560): Fatal signal 4 (SIGILL) at 0x401c01e0 (code=1)
F/libc    (  559): Fatal signal 4 (SIGILL) at 0x405631e0 (code=1)
I/DEBUG   (   77): *** *** *** *** *** *** *** *** *** *** *** *** *** *** *** ***
I/DEBUG   (   77): Build fingerprint: 'htc_europe/htc_golfu/golfu:4.0.3/IML74K/62541.1:user/release-keys'
