I/DEBUG   (   77):     beb5339c  00000216  
I/DEBUG   (   77):     beb533a0  b00094fc  /system/bin/linker
I/DEBUG   (   77):     beb533a4  b0012da4  
I/DEBUG   (   77):     beb533a8  b000ac80  
I/DEBUG   (   77):     beb533ac  00000000  
I/DEBUG   (   77):     beb533b0  00000000  
I/DEBUG   (   77):     beb533b4  00000000  
I/DEBUG   (   77):     beb533b8  401c5004  /system/lib/libui.so
I/DEBUG   (   77):     beb533bc  00000005  
I/DEBUG   (   77):     beb533c0  00000004  
I/DEBUG   (   77):     beb533c4  b0003a99  /system/bin/linker
I/DEBUG   (   77):     beb533c8  df0027ad  
I/DEBUG   (   77):     beb533cc  00000000  
I/DEBUG   (   77):     beb533d0  b000990c  /system/bin/linker
I/DEBUG   (   77): #00 beb533d4  b00046eb  /system/bin/linker
I/DEBUG   (   77):     beb533d8  b000ac80  
I/DEBUG   (   77):     beb533dc  b000ac80  
I/DEBUG   (   77):     beb533e0  b000ad24  
I/DEBUG   (   77):     beb533e4  40163e0e  /system/lib/libmedia.so
I/DEBUG   (   77):     beb533e8  00000016  
I/DEBUG   (   77):     beb533ec  00000003  
I/DEBUG   (   77):     beb533f0  00016000  
I/DEBUG   (   77):     beb533f4  b0012fa8  
I/DEBUG   (   77):     beb533f8  401c6118  /system/lib/libui.so
I/DEBUG   (   77):     beb533fc  b000ad0c  
I/DEBUG   (   77):     beb53400  b000ac80  
I/DEBUG   (   77):     beb53404  b000ad10  
I/DEBUG   (   77):     beb53408  00000001  
I/DEBUG   (   77):     beb5340c  b0005195  /system/bin/linker
I/DEBUG   (   77):     beb53410  00000003  
I/DEBUG   (   77):     beb53414  00016000  
I/DEBUG   (   77):     beb53418  00000000  
I/DEBUG   (   77): *** *** *** *** *** *** *** *** *** *** *** *** *** *** *** ***
I/DEBUG   (   77): Build fingerprint: 'htc_europe/htc_golfu/golfu:4.0.3/IML74K/62541.1:user/release-keys'
I/DEBUG   (   77): pid: 1146, tid: 1146  >>> /system/bin/surfaceflinger <<<
I/DEBUG   (   77): signal 11 (SIGSEGV), code 1 (SEGV_MAPERR), fault addr 01c60020
I/DEBUG   (   77):  r0 401c6000  r1 01c60000  r2 401c033f  r3 401c7138
I/DEBUG   (   77):  r4 401c6ec4  r5 00000005  r6 00000004  r7 20000000
I/DEBUG   (   77):  r8 00000000  r9 00000000  10 00000000  fp 00000000
I/DEBUG   (   77):  ip 00000000  sp bec74660  lr 401c036d  pc 401d16d0  cpsr 00000030
I/DEBUG   (   77):  d0  0000000000000000  d1  0000000000000000
I/DEBUG   (   77):  d2  0000000000000000  d3  0000000000000000
I/DEBUG   (   77):  d4  0000000000000000  d5  0000000000000000
I/DEBUG   (   77):  d6  0000000000000000  d7  0000000000000000
I/DEBUG   (   77):  d8  0000000000000000  d9  0000000000000000
I/DEBUG   (   77):  d10 0000000000000000  d11 0000000000000000
I/DEBUG   (   77):  d12 0000000000000000  d13 0000000000000000
I/DEBUG   (   77):  d14 0000000000000000  d15 0000000000000000
I/DEBUG   (   77):  scr 00000000
I/DEBUG   (   77): 
I/DEBUG   (   77):          #00  pc 000096d0  /system/lib/libpixelflinger.so (_ZN7android8ggl_pickEPNS_9context_tE)
I/DEBUG   (   77):          #01  lr 401c036d  /system/lib/libui.so
I/DEBUG   (   77): 
I/DEBUG   (   77): code around pc:
I/DEBUG   (   77): 401d16b0 e3580001 e1d395be 959da00c 83a08000  ..X.............
I/DEBUG   (   77): 401d16c0 e2499c29 979a8108 e3590001 959da008  ).I.......Y.....
I/DEBUG   (   77): 401d16d0 e1a08408 e2088c03 e1887007 979a8109  .........p......
I/DEBUG   (   77): 401d16e0 83a08000 e1a09508 e209ab03 e187700a  .............p..
I/DEBUG   (   77): 401d16f0 e1d386b2 e1d3a6b0 e28d9020 e1580005  ........ .....X.
I/DEBUG   (   77): 
I/DEBUG   (   77): code around lr:
I/DEBUG   (   77): 401c034c 4a1bd10d 601e2601 462858a5 efd4f7fa  ...J.&.`.X(F....
I/DEBUG   (   77): 401c035c 49194818 44795822 f7fb4628 f8dfe804  .H.I"XyD(F......
I/DEBUG   (   77): 401c036c 2100e05c 500ef854 f7fa4628 4811efc6  \..!T..P(F.....H
I/DEBUG   (   77): 401c037c 58264913 46284479 f7fa4632 4b11eff4  .I&XyD(F2F.....K
I/DEBUG   (   77): 401c038c 2200211c 462858e5 eefcf7fa c038f8df  .!.".X(F......8.
I/DEBUG   (   77): 
I/DEBUG   (   77): memory map around addr 01c60020:
I/DEBUG   (   77): 0000a000-0000e000 [heap]
I/DEBUG   (   77): (no map for address)
I/DEBUG   (   77): 40000000-40024000 /system/lib/libsurfaceflinger.so
I/DEBUG   (   77): 
I/DEBUG   (   77): stack:
I/DEBUG   (   77):     bec74620  000000f0  
I/DEBUG   (   77):     bec74624  bec7470c  [stack]
I/DEBUG   (   77):     bec74628  b000a3c0  
I/DEBUG   (   77):     bec7462c  b000b0e0  
I/DEBUG   (   77):     bec74630  401b987e  /system/lib/libui.so
I/DEBUG   (   77):     bec74634  0e301a42  
I/DEBUG   (   77):     bec74638  b00094f0  /system/bin/linker
I/DEBUG   (   77):     bec7463c  b000a078  
I/DEBUG   (   77):     bec74640  0000023d  
I/DEBUG   (   77):     bec74644  00000216  
I/DEBUG   (   77):     bec74648  b00094fc  /system/bin/linker
I/DEBUG   (   77):     bec7464c  b0012da4  
I/DEBUG   (   77):     bec74650  b000b0e0  
I/DEBUG   (   77):     bec74654  00000000  
I/DEBUG   (   77):     bec74658  df0027ad  
I/DEBUG   (   77):     bec7465c  00000000  
I/DEBUG   (   77): #00 bec74660  401c6004  /system/lib/libui.so
I/DEBUG   (   77):     bec74664  00000005  
I/DEBUG   (   77):     bec74668  00000004  
I/DEBUG   (   77):     bec7466c  b0003a99  /system/bin/linker
I/DEBUG   (   77):     bec74670  b000b1c4  
I/DEBUG   (   77):     bec74674  b000b1c0  
I/DEBUG   (   77):     bec74678  b000990c  /system/bin/linker
I/DEBUG   (   77):     bec7467c  b00046eb  /system/bin/linker
I/DEBUG   (   77):     bec74680  b000b0e0  
I/DEBUG   (   77):     bec74684  b000b0e0  
I/DEBUG   (   77):     bec74688  b000b184  
I/DEBUG   (   77):     bec7468c  400103fc  /system/lib/libsurfaceflinger.so
I/DEBUG   (   77):     bec74690  00000016  
I/DEBUG   (   77):     bec74694  00000003  
I/DEBUG   (   77):     bec74698  00016000  
I/DEBUG   (   77):     bec7469c  b0012fa8  
I/DEBUG   (   77):     bec746a0  401c7118  /system/lib/libui.so
I/DEBUG   (   77):     bec746a4  b000b16c  
I/DEBUG   (   77): tid 1147 does not exist in pid 1147. ignoring debug request
I/Netd    ( 1166): Netd 1.0 starting
F/libc    ( 1167): Fatal signal 11 (SIGSEGV) at 0x01c60020 (code=1)
F/libc    ( 1169): Fatal signal 4 (SIGILL) at 0x401c01e0 (code=1)
F/libc    ( 1168): Fatal signal 4 (SIGILL) at 0x405631e0 (code=1)
I/DEBUG   (   77): *** *** *** *** *** *** *** *** *** *** *** *** *** *** *** ***
I/DEBUG   (   77): Build fingerprint: 'htc_europe/htc_golfu/golfu:4.0.3/IML74K/62541.1:user/release-keys'
I/DEBUG   (   77): pid: 1167, tid: 1167  >>> /system/bin/surfaceflinger <<<
I/DEBUG   (   77): signal 11 (SIGSEGV), code 1 (SEGV_MAPERR), fault addr 01c60020
I/DEBUG   (   77):  r0 401c6000  r1 01c60000  r2 401c033f  r3 401c7138
I/DEBUG   (   77):  r4 401c6ec4  r5 00000005  r6 00000004  r7 20000000
I/DEBUG   (   77):  r8 00000000  r9 00000000  10 00000000  fp 00000000
I/DEBUG   (   77):  ip 00000000  sp bec41660  lr 401c036d  pc 401d16d0  cpsr 00000030
I/DEBUG   (   77):  d0  0000000000000000  d1  0000000000000000
I/DEBUG   (   77):  d2  0000000000000000  d3  0000000000000000
I/DEBUG   (   77):  d4  0000000000000000  d5  0000000000000000
I/DEBUG   (   77):  d6  0000000000000000  d7  0000000000000000
I/DEBUG   (   77):  d8  0000000000000000  d9  0000000000000000
I/DEBUG   (   77):  d10 0000000000000000  d11 0000000000000000
I/DEBUG   (   77):  d12 0000000000000000  d13 0000000000000000
I/DEBUG   (   77):  d14 0000000000000000  d15 0000000000000000
I/DEBUG   (   77):  scr 00000000
I/DEBUG   (   77): 
I/DEBUG   (   77):          #00  pc 000096d0  /system/lib/libpixelflinger.so (_ZN7android8ggl_pickEPNS_9context_tE)
I/DEBUG   (   77):          #01  lr 401c036d  /system/lib/libui.so
I/DEBUG   (   77): 
I/DEBUG   (   77): code around pc:
I/DEBUG   (   77): 401d16b0 e3580001 e1d395be 959da00c 83a08000  ..X.............
I/DEBUG   (   77): 401d16c0 e2499c29 979a8108 e3590001 959da008  ).I.......Y.....
I/DEBUG   (   77): 401d16d0 e1a08408 e2088c03 e1887007 979a8109  .........p......
I/DEBUG   (   77): 401d16e0 83a08000 e1a09508 e209ab03 e187700a  .............p..
I/DEBUG   (   77): 401d16f0 e1d386b2 e1d3a6b0 e28d9020 e1580005  ........ .....X.
I/DEBUG   (   77): 
I/DEBUG   (   77): code around lr:
I/DEBUG   (   77): 401c034c 4a1bd10d 601e2601 462858a5 efd4f7fa  ...J.&.`.X(F....
I/DEBUG   (   77): 401c035c 49194818 44795822 f7fb4628 f8dfe804  .H.I"XyD(F......
I/DEBUG   (   77): 401c036c 2100e05c 500ef854 f7fa4628 4811efc6  \..!T..P(F.....H
I/DEBUG   (   77): 401c037c 58264913 46284479 f7fa4632 4b11eff4  .I&XyD(F2F.....K
I/DEBUG   (   77): 401c038c 2200211c 462858e5 eefcf7fa c038f8df  .!.".X(F......8.
I/DEBUG   (   77): 
I/DEBUG   (   77): memory map around addr 01c60020:
I/DEBUG   (   77): 0000a000-0000e000 [heap]
I/DEBUG   (   77): (no map for address)
I/DEBUG   (   77): 40000000-40024000 /system/lib/libsurfaceflinger.so
I/DEBUG   (   77): 
I/DEBUG   (   77): stack:
I/DEBUG   (   77):     bec41620  000000f0  
I/DEBUG   (   77):     bec41624  bec4170c  [stack]
I/DEBUG   (   77):     bec41628  b000a3c0  
I/DEBUG   (   77):     bec4162c  b000b0e0  
I/DEBUG   (   77):     bec41630  401b987e  /system/lib/libui.so
I/DEBUG   (   77):     bec41634  0e301a42  
I/DEBUG   (   77):     bec41638  b00094f0  /system/bin/linker
I/DEBUG   (   77):     bec4163c  b000a078  
I/DEBUG   (   77):     bec41640  0000023d  
I/DEBUG   (   77):     bec41644  00000216  
I/DEBUG   (   77):     bec41648  b00094fc  /system/bin/linker
I/DEBUG   (   77):     bec4164c  b0012da4  
I/DEBUG   (   77):     bec41650  b000b0e0  
I/DEBUG   (   77):     bec41654  00000000  
I/DEBUG   (   77):     bec41658  df0027ad  
I/DEBUG   (   77):     bec4165c  00000000  
I/DEBUG   (   77): #00 bec41660  401c6004  /system/lib/libui.so
I/DEBUG   (   77):     bec41664  00000005  
I/DEBUG   (   77):     bec41668  00000004  
I/DEBUG   (   77):     bec4166c  b0003a99  /system/bin/linker
I/DEBUG   (   77):     bec41670  b000b1c4  
I/DEBUG   (   77):     bec41674  b000b1c0  
I/DEBUG   (   77):     bec41678  b000990c  /system/bin/linker
I/DEBUG   (   77):     bec4167c  b00046eb  /system/bin/linker
I/DEBUG   (   77):     bec41680  b000b0e0  
I/DEBUG   (   77):     bec41684  b000b0e0  
I/DEBUG   (   77):     bec41688  b000b184  
I/DEBUG   (   77):     bec4168c  400103fc  /system/lib/libsurfaceflinger.so
I/DEBUG   (   77):     bec41690  00000016  
I/DEBUG   (   77):     bec41694  00000003  
I/DEBUG   (   77):     bec41698  00016000  
I/DEBUG   (   77):     bec4169c  b0012fa8  
I/DEBUG   (   77):     bec416a0  401c7118  /system/lib/libui.so
I/DEBUG   (   77):     bec416a4  b000b16c  
I/DEBUG   (   77): tid 1169 does not exist in pid 1169. ignoring debug request
I/DEBUG   (   77): tid 1168 does not exist in pid 1168. ignoring debug request
I/Netd    ( 1187): Netd 1.0 starting
F/libc    ( 1188): Fatal signal 11 (SIGSEGV) at 0x01c60020 (code=1)
F/libc    ( 1190): Fatal signal 4 (SIGILL) at 0x401c01e0 (code=1)
F/libc    ( 1189): Fatal signal 4 (SIGILL) at 0x405631e0 (code=1)
I/DEBUG   (   77): *** *** *** *** *** *** *** *** *** *** *** *** *** *** *** ***
I/DEBUG   (   77): Build fingerprint: 'htc_europe/htc_golfu/golfu:4.0.3/IML74K/62541.1:user/release-keys'
I/DEBUG   (   77): pid: 1188, tid: 1188  >>> /system/bin/surfaceflinger <<<
I/DEBUG   (   77): signal 11 (SIGSEGV), code 1 (SEGV_MAPERR), fault addr 01c60020
I/DEBUG   (   77):  r0 401c6000  r1 01c60000  r2 401c033f  r3 401c7138
I/DEBUG   (   77):  r4 401c6ec4  r5 00000005  r6 00000004  r7 20000000
I/DEBUG   (   77):  r8 00000000  r9 00000000  10 00000000  fp 00000000
I/DEBUG   (   77):  ip 00000000  sp bed3d660  lr 401c036d  pc 401d16d0  cpsr 00000030
I/DEBUG   (   77):  d0  0000000000000000  d1  0000000000000000
I/DEBUG   (   77):  d2  0000000000000000  d3  0000000000000000
I/DEBUG   (   77):  d4  0000000000000000  d5  0000000000000000
I/DEBUG   (   77):  d6  0000000000000000  d7  0000000000000000
I/DEBUG   (   77):  d8  0000000000000000  d9  0000000000000000
I/DEBUG   (   77):  d10 0000000000000000  d11 0000000000000000
I/DEBUG   (   77):  d12 0000000000000000  d13 0000000000000000
I/DEBUG   (   77):  d14 0000000000000000  d15 0000000000000000
I/DEBUG   (   77):  scr 00000000
I/DEBUG   (   77): 
I/DEBUG   (   77):          #00  pc 000096d0  /system/lib/libpixelflinger.so (_ZN7android8ggl_pickEPNS_9context_tE)
I/DEBUG   (   77):          #01  lr 401c036d  /system/lib/libui.so
I/DEBUG   (   77): 
I/DEBUG   (   77): code around pc:
I/DEBUG   (   77): 401d16b0 e3580001 e1d395be 959da00c 83a08000  ..X.............
I/DEBUG   (   77): 401d16c0 e2499c29 979a8108 e3590001 959da008  ).I.......Y.....
I/DEBUG   (   77): 401d16d0 e1a08408 e2088c03 e1887007 979a8109  .........p......
I/DEBUG   (   77): 401d16e0 83a08000 e1a09508 e209ab03 e187700a  .............p..
I/DEBUG   (   77): 401d16f0 e1d386b2 e1d3a6b0 e28d9020 e1580005  ........ .....X.
I/DEBUG   (   77): 
I/DEBUG   (   77): code around lr:
I/DEBUG   (   77): 401c034c 4a1bd10d 601e2601 462858a5 efd4f7fa  ...J.&.`.X(F....
I/DEBUG   (   77): 401c035c 49194818 44795822 f7fb4628 f8dfe804  .H.I"XyD(F......
I/DEBUG   (   77): 401c036c 2100e05c 500ef854 f7fa4628 4811efc6  \..!T..P(F.....H
I/DEBUG   (   77): 401c037c 58264913 46284479 f7fa4632 4b11eff4  .I&XyD(F2F.....K
I/DEBUG   (   77): 401c038c 2200211c 462858e5 eefcf7fa c038f8df  .!.".X(F......8.
I/DEBUG   (   77): 
I/DEBUG   (   77): memory map around addr 01c60020:
I/DEBUG   (   77): 0000a000-0000e000 [heap]
I/DEBUG   (   77): (no map for address)
I/DEBUG   (   77): 40000000-40024000 /system/lib/libsurfaceflinger.so
I/DEBUG   (   77): 
I/DEBUG   (   77): stack:
I/DEBUG   (   77):     bed3d620  000000f0  
I/DEBUG   (   77):     bed3d624  bed3d70c  [stack]
I/DEBUG   (   77):     bed3d628  b000a3c0  
I/DEBUG   (   77):     bed3d62c  b000b0e0  
I/DEBUG   (   77):     bed3d630  401b987e  /system/lib/libui.so
I/DEBUG   (   77):     bed3d634  0e301a42  
I/DEBUG   (   77):     bed3d638  b00094f0  /system/bin/linker
I/DEBUG   (   77):     bed3d63c  b000a078  
I/DEBUG   (   77):     bed3d640  0000023d  
I/DEBUG   (   77):     bed3d644  00000216  
I/DEBUG   (   77):     bed3d648  b00094fc  /system/bin/linker
I/DEBUG   (   77):     bed3d64c  b0012da4  
I/DEBUG   (   77):     bed3d650  b000b0e0  
I/DEBUG   (   77):     bed3d654  00000000  
I/DEBUG   (   77):     bed3d658  df0027ad  
I/DEBUG   (   77):     bed3d65c  00000000  
I/DEBUG   (   77): #00 bed3d660  401c6004  /system/lib/libui.so
I/DEBUG   (   77):     bed3d664  00000005  
I/DEBUG   (   77):     bed3d668  00000004  
I/DEBUG   (   77):     bed3d66c  b0003a99  /system/bin/linker
I/DEBUG   (   77):     bed3d670  b000b1c4  
I/DEBUG   (   77):     bed3d674  b000b1c0  
I/DEBUG   (   77):     bed3d678  b000990c  /system/bin/linker
I/DEBUG   (   77):     bed3d67c  b00046eb  /system/bin/linker
I/DEBUG   (   77):     bed3d680  b000b0e0  
I/DEBUG   (   77):     bed3d684  b000b0e0  
I/DEBUG   (   77):     bed3d688  b000b184  
I/DEBUG   (   77):     bed3d68c  400103fc  /system/lib/libsurfaceflinger.so
I/DEBUG   (   77):     bed3d690  00000016  
I/DEBUG   (   77):     bed3d694  00000003  
I/DEBUG   (   77):     bed3d698  00016000  
I/DEBUG   (   77):     bed3d69c  b0012fa8  
I/DEBUG   (   77):     bed3d6a0  401c7118  /system/lib/libui.so
I/DEBUG   (   77):     bed3d6a4  b000b16c  
I/DEBUG   (   77): tid 1190 does not exist in pid 1190. ignoring debug request
I/DEBUG   (   77): tid 1189 does not exist in pid 1189. ignoring debug request
I/Netd    ( 1208): Netd 1.0 starting
F/libc    ( 1209): Fatal signal 11 (SIGSEGV) at 0x01c60020 (code=1)
F/libc    ( 1211): Fatal signal 4 (SIGILL) at 0x401c01e0 (code=1)
F/libc    ( 1210): Fatal signal 4 (SIGILL) at 0x405631e0 (code=1)
I/DEBUG   (   77): *** *** *** *** *** *** *** *** *** *** *** *** *** *** *** ***
I/DEBUG   (   77): Build fingerprint: 'htc_europe/htc_golfu/golfu:4.0.3/IML74K/62541.1:user/release-keys'
I/DEBUG   (   77): pid: 1209, tid: 1209  >>> /system/bin/surfaceflinger <<<
I/DEBUG   (   77): signal 11 (SIGSEGV), code 1 (SEGV_MAPERR), fault addr 01c60020
I/DEBUG   (   77):  r0 401c6000  r1 01c60000  r2 401c033f  r3 401c7138
I/DEBUG   (   77):  r4 401c6ec4  r5 00000005  r6 00000004  r7 20000000
I/DEBUG   (   77):  r8 00000000  r9 00000000  10 00000000  fp 00000000
I/DEBUG   (   77):  ip 00000000  sp bee5d660  lr 401c036d  pc 401d16d0  cpsr 00000030
I/DEBUG   (   77):  d0  0000000000000000  d1  0000000000000000
I/DEBUG   (   77):  d2  0000000000000000  d3  0000000000000000
I/DEBUG   (   77):  d4  0000000000000000  d5  0000000000000000
I/DEBUG   (   77):  d6  0000000000000000  d7  0000000000000000
I/DEBUG   (   77):  d8  0000000000000000  d9  0000000000000000
I/DEBUG   (   77):  d10 0000000000000000  d11 0000000000000000
I/DEBUG   (   77):  d12 0000000000000000  d13 0000000000000000
I/DEBUG   (   77):  d14 0000000000000000  d15 0000000000000000
I/DEBUG   (   77):  scr 00000000
I/DEBUG   (   77): 
I/DEBUG   (   77):          #00  pc 000096d0  /system/lib/libpixelflinger.so (_ZN7android8ggl_pickEPNS_9context_tE)
I/DEBUG   (   77):          #01  lr 401c036d  /system/lib/libui.so
I/DEBUG   (   77): 
I/DEBUG   (   77): code around pc:
I/DEBUG   (   77): 401d16b0 e3580001 e1d395be 959da00c 83a08000  ..X.............
I/DEBUG   (   77): 401d16c0 e2499c29 979a8108 e3590001 959da008  ).I.......Y.....
I/DEBUG   (   77): 401d16d0 e1a08408 e2088c03 e1887007 979a8109  .........p......
I/DEBUG   (   77): 401d16e0 83a08000 e1a09508 e209ab03 e187700a  .............p..
I/DEBUG   (   77): 401d16f0 e1d386b2 e1d3a6b0 e28d9020 e1580005  ........ .....X.
I/DEBUG   (   77): 
I/DEBUG   (   77): code around lr:
I/DEBUG   (   77): 401c034c 4a1bd10d 601e2601 462858a5 efd4f7fa  ...J.&.`.X(F....
I/DEBUG   (   77): 401c035c 49194818 44795822 f7fb4628 f8dfe804  .H.I"XyD(F......
I/DEBUG   (   77): 401c036c 2100e05c 500ef854 f7fa4628 4811efc6  \..!T..P(F.....H
I/DEBUG   (   77): 401c037c 58264913 46284479 f7fa4632 4b11eff4  .I&XyD(F2F.....K
I/DEBUG   (   77): 401c038c 2200211c 462858e5 eefcf7fa c038f8df  .!.".X(F......8.
I/DEBUG   (   77): 
I/DEBUG   (   77): memory map around addr 01c60020:
I/DEBUG   (   77): 0000a000-0000e000 [heap]
I/DEBUG   (   77): (no map for address)
I/DEBUG   (   77): 40000000-40024000 /system/lib/libsurfaceflinger.so
I/DEBUG   (   77): 
I/DEBUG   (   77): stack:
I/DEBUG   (   77):     bee5d620  000000f0  
I/DEBUG   (   77):     bee5d624  bee5d70c  [stack]
I/DEBUG   (   77):     bee5d628  b000a3c0  
I/DEBUG   (   77):     bee5d62c  b000b0e0  
I/DEBUG   (   77):     bee5d630  401b987e  /system/lib/libui.so
I/DEBUG   (   77):     bee5d634  0e301a42  
I/DEBUG   (   77):     bee5d638  b00094f0  /system/bin/linker
I/DEBUG   (   77):     bee5d63c  b000a078  
I/DEBUG   (   77):     bee5d640  0000023d  
I/DEBUG   (   77):     bee5d644  00000216  
I/DEBUG   (   77):     bee5d648  b00094fc  /system/bin/linker
I/DEBUG   (   77):     bee5d64c  b0012da4  
I/DEBUG   (   77):     bee5d650  b000b0e0  
I/DEBUG   (   77):     bee5d654  00000000  
I/DEBUG   (   77):     bee5d658  df0027ad  
I/DEBUG   (   77):     bee5d65c  00000000  
I/DEBUG   (   77): #00 bee5d660  401c6004  /system/lib/libui.so
I/DEBUG   (   77):     bee5d664  00000005  
I/DEBUG   (   77):     bee5d668  00000004  
I/DEBUG   (   77):     bee5d66c  b0003a99  /system/bin/linker
I/DEBUG   (   77):     bee5d670  b000b1c4  
I/DEBUG   (   77):     bee5d674  b000b1c0  
I/DEBUG   (   77):     bee5d678  b000990c  /system/bin/linker
I/DEBUG   (   77):     bee5d67c  b00046eb  /system/bin/linker
I/DEBUG   (   77):     bee5d680  b000b0e0  
I/DEBUG   (   77):     bee5d684  b000b0e0  
I/DEBUG   (   77):     bee5d688  b000b184  
I/DEBUG   (   77):     bee5d68c  400103fc  /system/lib/libsurfaceflinger.so
I/DEBUG   (   77):     bee5d690  00000016  
I/DEBUG   (   77):     bee5d694  00000003  
I/DEBUG   (   77):     bee5d698  00016000  
I/DEBUG   (   77):     bee5d69c  b0012fa8  
I/DEBUG   (   77):     bee5d6a0  401c7118  /system/lib/libui.so
I/DEBUG   (   77):     bee5d6a4  b000b16c  
I/DEBUG   (   77): tid 1211 does not exist in pid 1211. ignoring debug request
I/DEBUG   (   77): tid 1210 does not exist in pid 1210. ignoring debug request
I/Netd    ( 1229): Netd 1.0 starting
F/libc    ( 1232): Fatal signal 4 (SIGILL) at 0x401c01e0 (code=1)
F/libc    ( 1230): Fatal signal 11 (SIGSEGV) at 0x01c60020 (code=1)
F/libc    ( 1231): Fatal signal 4 (SIGILL) at 0x405631e0 (code=1)
I/DEBUG   (   77): *** *** *** *** *** *** *** *** *** *** *** *** *** *** *** ***
I/DEBUG   (   77): Build fingerprint: 'htc_europe/htc_golfu/golfu:4.0.3/IML74K/62541.1:user/release-keys'
I/DEBUG   (   77): pid: 1230, tid: 1230  >>> /system/bin/surfaceflinger <<<
I/DEBUG   (   77): signal 11 (SIGSEGV), code 1 (SEGV_MAPERR), fault addr 01c60020
I/DEBUG   (   77):  r0 401c6000  r1 01c60000  r2 401c033f  r3 401c7138
I/DEBUG   (   77):  r4 401c6ec4  r5 00000005  r6 00000004  r7 20000000
I/DEBUG   (   77):  r8 00000000  r9 00000000  10 00000000  fp 00000000
I/DEBUG   (   77):  ip 00000000  sp be9eb660  lr 401c036d  pc 401d16d0  cpsr 00000030
I/DEBUG   (   77):  d0  0000000000000000  d1  0000000000000000
I/DEBUG   (   77):  d2  0000000000000000  d3  0000000000000000
I/DEBUG   (   77):  d4  0000000000000000  d5  0000000000000000
I/DEBUG   (   77):  d6  0000000000000000  d7  0000000000000000
I/DEBUG   (   77):  d8  0000000000000000  d9  0000000000000000
I/DEBUG   (   77):  d10 0000000000000000  d11 0000000000000000
I/DEBUG   (   77):  d12 0000000000000000  d13 0000000000000000
I/DEBUG   (   77):  d14 0000000000000000  d15 0000000000000000
I/DEBUG   (   77):  scr 00000000
I/DEBUG   (   77): 
I/DEBUG   (   77):          #00  pc 000096d0  /system/lib/libpixelflinger.so (_ZN7android8ggl_pickEPNS_9context_tE)
I/DEBUG   (   77):          #01  lr 401c036d  /system/lib/libui.so
I/DEBUG   (   77): 
I/DEBUG   (   77): code around pc:
I/DEBUG   (   77): 401d16b0 e3580001 e1d395be 959da00c 83a08000  ..X.............
I/DEBUG   (   77): 401d16c0 e2499c29 979a8108 e3590001 959da008  ).I.......Y.....
I/DEBUG   (   77): 401d16d0 e1a08408 e2088c03 e1887007 979a8109  .........p......
I/DEBUG   (   77): 401d16e0 83a08000 e1a09508 e209ab03 e187700a  .............p..
I/DEBUG   (   77): 401d16f0 e1d386b2 e1d3a6b0 e28d9020 e1580005  ........ .....X.
I/DEBUG   (   77): 
I/DEBUG   (   77): code around lr:
I/DEBUG   (   77): 401c034c 4a1bd10d 601e2601 462858a5 efd4f7fa  ...J.&.`.X(F....
I/DEBUG   (   77): 401c035c 49194818 44795822 f7fb4628 f8dfe804  .H.I"XyD(F......
I/DEBUG   (   77): 401c036c 2100e05c 500ef854 f7fa4628 4811efc6  \..!T..P(F.....H
I/DEBUG   (   77): 401c037c 58264913 46284479 f7fa4632 4b11eff4  .I&XyD(F2F.....K
I/DEBUG   (   77): 401c038c 2200211c 462858e5 eefcf7fa c038f8df  .!.".X(F......8.
I/DEBUG   (   77): 
I/DEBUG   (   77): memory map around addr 01c60020:
I/DEBUG   (   77): 0000a000-0000e000 [heap]
I/DEBUG   (   77): (no map for address)
I/DEBUG   (   77): 40000000-40024000 /system/lib/libsurfaceflinger.so
I/DEBUG   (   77): 
I/DEBUG   (   77): stack:
I/DEBUG   (   77):     be9eb620  000000f0  
I/DEBUG   (   77):     be9eb624  be9eb70c  [stack]
I/DEBUG   (   77):     be9eb628  b000a3c0  
I/DEBUG   (   77):     be9eb62c  b000b0e0  
I/DEBUG   (   77):     be9eb630  401b987e  /system/lib/libui.so
I/DEBUG   (   77):     be9eb634  0e301a42  
I/DEBUG   (   77):     be9eb638  b00094f0  /system/bin/linker
I/DEBUG   (   77):     be9eb63c  b000a078  
I/DEBUG   (   77):     be9eb640  0000023d  
I/DEBUG   (   77):     be9eb644  00000216  
I/DEBUG   (   77):     be9eb648  b00094fc  /system/bin/linker
I/DEBUG   (   77):     be9eb64c  b0012da4  
I/DEBUG   (   77):     be9eb650  b000b0e0  
I/DEBUG   (   77):     be9eb654  00000000  
I/DEBUG   (   77):     be9eb658  df0027ad  
I/DEBUG   (   77):     be9eb65c  00000000  
I/DEBUG   (   77): #00 be9eb660  401c6004  /system/lib/libui.so
I/DEBUG   (   77):     be9eb664  00000005  
I/DEBUG   (   77):     be9eb668  00000004  
I/DEBUG   (   77):     be9eb66c  b0003a99  /system/bin/linker
I/DEBUG   (   77):     be9eb670  b000b1c4  
I/DEBUG   (   77):     be9eb674  b000b1c0  
I/DEBUG   (   77):     be9eb678  b000990c  /system/bin/linker
I/DEBUG   (   77):     be9eb67c  b00046eb  /system/bin/linker
I/DEBUG   (   77):     be9eb680  b000b0e0  
I/DEBUG   (   77):     be9eb684  b000b0e0  
I/DEBUG   (   77):     be9eb688  b000b184  
I/DEBUG   (   77):     be9eb68c  400103fc  /system/lib/libsurfaceflinger.so
I/DEBUG   (   77):     be9eb690  00000016  
I/DEBUG   (   77):     be9eb694  00000003  
I/DEBUG   (   77):     be9eb698  00016000  
I/DEBUG   (   77):     be9eb69c  b0012fa8  
I/DEBUG   (   77):     be9eb6a0  401c7118  /system/lib/libui.so
I/DEBUG   (   77):     be9eb6a4  b000b16c  
I/DEBUG   (   77): tid 1232 does not exist in pid 1232. ignoring debug request
I/DEBUG   (   77): tid 1231 does not exist in pid 1231. ignoring debug request
I/Netd    ( 1250): Netd 1.0 starting
F/libc    ( 1251): Fatal signal 11 (SIGSEGV) at 0x01c60020 (code=1)
F/libc    ( 1253): Fatal signal 4 (SIGILL) at 0x401c01e0 (code=1)
F/libc    ( 1252): Fatal signal 4 (SIGILL) at 0x405631e0 (code=1)
I/DEBUG   (   77): *** *** *** *** *** *** *** *** *** *** *** *** *** *** *** ***
I/DEBUG   (   77): Build fingerprint: 'htc_europe/htc_golfu/golfu:4.0.3/IML74K/62541.1:user/release-keys'
I/DEBUG   (   77): pid: 1251, tid: 1251  >>> /system/bin/surfaceflinger <<<
I/DEBUG   (   77): signal 11 (SIGSEGV), code 1 (SEGV_MAPERR), fault addr 01c60020
I/DEBUG   (   77):  r0 401c6000  r1 01c60000  r2 401c033f  r3 401c7138
I/DEBUG   (   77):  r4 401c6ec4  r5 00000005  r6 00000004  r7 20000000
I/DEBUG   (   77):  r8 00000000  r9 00000000  10 00000000  fp 00000000
I/DEBUG   (   77):  ip 00000000  sp be849660  lr 401c036d  pc 401d16d0  cpsr 00000030
I/DEBUG   (   77):  d0  0000000000000000  d1  0000000000000000
I/DEBUG   (   77):  d2  0000000000000000  d3  0000000000000000
I/DEBUG   (   77):  d4  0000000000000000  d5  0000000000000000
I/DEBUG   (   77):  d6  0000000000000000  d7  0000000000000000
I/DEBUG   (   77):  d8  0000000000000000  d9  0000000000000000
I/DEBUG   (   77):  d10 0000000000000000  d11 0000000000000000
I/DEBUG   (   77):  d12 0000000000000000  d13 0000000000000000
I/DEBUG   (   77):  d14 0000000000000000  d15 0000000000000000
I/DEBUG   (   77):  scr 00000000
I/DEBUG   (   77): 
I/DEBUG   (   77):          #00  pc 000096d0  /system/lib/libpixelflinger.so (_ZN7android8ggl_pickEPNS_9context_tE)
I/DEBUG   (   77):          #01  lr 401c036d  /system/lib/libui.so
I/DEBUG   (   77): 
I/DEBUG   (   77): code around pc:
I/DEBUG   (   77): 401d16b0 e3580001 e1d395be 959da00c 83a08000  ..X.............
I/DEBUG   (   77): 401d16c0 e2499c29 979a8108 e3590001 959da008  ).I.......Y.....
I/DEBUG   (   77): 401d16d0 e1a08408 e2088c03 e1887007 979a8109  .........p......
I/DEBUG   (   77): 401d16e0 83a08000 e1a09508 e209ab03 e187700a  .............p..
I/DEBUG   (   77): 401d16f0 e1d386b2 e1d3a6b0 e28d9020 e1580005  ........ .....X.
I/DEBUG   (   77): 
I/DEBUG   (   77): code around lr:
I/DEBUG   (   77): 401c034c 4a1bd10d 601e2601 462858a5 efd4f7fa  ...J.&.`.X(F....
I/DEBUG   (   77): 401c035c 49194818 44795822 f7fb4628 f8dfe804  .H.I"XyD(F......
I/DEBUG   (   77): 401c036c 2100e05c 500ef854 f7fa4628 4811efc6  \..!T..P(F.....H
I/DEBUG   (   77): 401c037c 58264913 46284479 f7fa4632 4b11eff4  .I&XyD(F2F.....K
I/DEBUG   (   77): 401c038c 2200211c 462858e5 eefcf7fa c038f8df  .!.".X(F......8.
I/DEBUG   (   77): 
I/DEBUG   (   77): memory map around addr 01c60020:
I/DEBUG   (   77): 0000a000-0000e000 [heap]
I/DEBUG   (   77): (no map for address)
I/DEBUG   (   77): 40000000-40024000 /system/lib/libsurfaceflinger.so
I/DEBUG   (   77): 
I/DEBUG   (   77): stack:
I/DEBUG   (   77):     be849620  000000f0  
I/DEBUG   (   77):     be849624  be84970c  [stack]
I/DEBUG   (   77):     be849628  b000a3c0  
I/DEBUG   (   77):     be84962c  b000b0e0  
I/DEBUG   (   77):     be849630  401b987e  /system/lib/libui.so
I/DEBUG   (   77):     be849634  0e301a42  
I/DEBUG   (   77):     be849638  b00094f0  /system/bin/linker
I/DEBUG   (   77):     be84963c  b000a078  
I/DEBUG   (   77):     be849640  0000023d  
I/DEBUG   (   77):     be849644  00000216  
I/DEBUG   (   77):     be849648  b00094fc  /system/bin/linker
I/DEBUG   (   77):     be84964c  b0012da4  
I/DEBUG   (   77):     be849650  b000b0e0  
I/DEBUG   (   77):     be849654  00000000  
I/DEBUG   (   77):     be849658  df0027ad  
I/DEBUG   (   77):     be84965c  00000000  
I/DEBUG   (   77): #00 be849660  401c6004  /system/lib/libui.so
I/DEBUG   (   77):     be849664  00000005  
I/DEBUG   (   77):     be849668  00000004  
I/DEBUG   (   77):     be84966c  b0003a99  /system/bin/linker
I/DEBUG   (   77):     be849670  b000b1c4  
I/DEBUG   (   77):     be849674  b000b1c0  
I/DEBUG   (   77):     be849678  b000990c  /system/bin/linker
I/DEBUG   (   77):     be84967c  b00046eb  /system/bin/linker
I/DEBUG   (   77):     be849680  b000b0e0  
I/DEBUG   (   77):     be849684  b000b0e0  
I/DEBUG   (   77):     be849688  b000b184  
I/DEBUG   (   77):     be84968c  400103fc  /system/lib/libsurfaceflinger.so
I/DEBUG   (   77):     be849690  00000016  
I/DEBUG   (   77):     be849694  00000003  
I/DEBUG   (   77):     be849698  00016000  
I/DEBUG   (   77):     be84969c  b0012fa8  
I/DEBUG   (   77):     be8496a0  401c7118  /system/lib/libui.so
I/DEBUG   (   77):     be8496a4  b000b16c  
I/DEBUG   (   77): tid 1253 does not exist in pid 1253. ignoring debug request
I/DEBUG   (   77): tid 1252 does not exist in pid 1252. ignoring debug request
I/Netd    ( 1271): Netd 1.0 starting
F/libc    ( 1272): Fatal signal 11 (SIGSEGV) at 0x01c60020 (code=1)
F/libc    ( 1274): Fatal signal 4 (SIGILL) at 0x401c01e0 (code=1)
F/libc    ( 1273): Fatal signal 4 (SIGILL) at 0x405631e0 (code=1)
I/DEBUG   (   77): *** *** *** *** *** *** *** *** *** *** *** *** *** *** *** ***
I/DEBUG   (   77): Build fingerprint: 'htc_europe/htc_golfu/golfu:4.0.3/IML74K/62541.1:user/release-keys'
I/DEBUG   (   77): pid: 1272, tid: 1272  >>> /system/bin/surfaceflinger <<<
I/DEBUG   (   77): signal 11 (SIGSEGV), code 1 (SEGV_MAPERR), fault addr 01c60020
I/DEBUG   (   77):  r0 401c6000  r1 01c60000  r2 401c033f  r3 401c7138
I/DEBUG   (   77):  r4 401c6ec4  r5 00000005  r6 00000004  r7 20000000
I/DEBUG   (   77):  r8 00000000  r9 00000000  10 00000000  fp 00000000
I/DEBUG   (   77):  ip 00000000  sp becff660  lr 401c036d  pc 401d16d0  cpsr 00000030
I/DEBUG   (   77):  d0  0000000000000000  d1  0000000000000000
I/DEBUG   (   77):  d2  0000000000000000  d3  0000000000000000
I/DEBUG   (   77):  d4  0000000000000000  d5  0000000000000000
I/DEBUG   (   77):  d6  0000000000000000  d7  0000000000000000
I/DEBUG   (   77):  d8  0000000000000000  d9  0000000000000000
I/DEBUG   (   77):  d10 0000000000000000  d11 0000000000000000
I/DEBUG   (   77):  d12 0000000000000000  d13 0000000000000000
I/DEBUG   (   77):  d14 0000000000000000  d15 0000000000000000
I/DEBUG   (   77):  scr 00000000
I/DEBUG   (   77): 
I/DEBUG   (   77):          #00  pc 000096d0  /system/lib/libpixelflinger.so (_ZN7android8ggl_pickEPNS_9context_tE)
I/DEBUG   (   77):          #01  lr 401c036d  /system/lib/libui.so
I/DEBUG   (   77): 
I/DEBUG   (   77): code around pc:
I/DEBUG   (   77): 401d16b0 e3580001 e1d395be 959da00c 83a08000  ..X.............
I/DEBUG   (   77): 401d16c0 e2499c29 979a8108 e3590001 959da008  ).I.......Y.....
I/DEBUG   (   77): 401d16d0 e1a08408 e2088c03 e1887007 979a8109  .........p......
I/DEBUG   (   77): 401d16e0 83a08000 e1a09508 e209ab03 e187700a  .............p..
I/DEBUG   (   77): 401d16f0 e1d386b2 e1d3a6b0 e28d9020 e1580005  ........ .....X.
I/DEBUG   (   77): 
I/DEBUG   (   77): code around lr:
I/DEBUG   (   77): 401c034c 4a1bd10d 601e2601 462858a5 efd4f7fa  ...J.&.`.X(F....
I/DEBUG   (   77): 401c035c 49194818 44795822 f7fb4628 f8dfe804  .H.I"XyD(F......
I/DEBUG   (   77): 401c036c 2100e05c 500ef854 f7fa4628 4811efc6  \..!T..P(F.....H
I/DEBUG   (   77): 401c037c 58264913 46284479 f7fa4632 4b11eff4  .I&XyD(F2F.....K
I/DEBUG   (   77): 401c038c 2200211c 462858e5 eefcf7fa c038f8df  .!.".X(F......8.
I/DEBUG   (   77): 
I/DEBUG   (   77): memory map around addr 01c60020:
I/DEBUG   (   77): 0000a000-0000e000 [heap]
I/DEBUG   (   77): (no map for address)
I/DEBUG   (   77): 40000000-40024000 /system/lib/libsurfaceflinger.so
I/DEBUG   (   77): 
I/DEBUG   (   77): stack:
I/DEBUG   (   77):     becff620  000000f0  
I/DEBUG   (   77):     becff624  becff70c  [stack]
I/DEBUG   (   77):     becff628  b000a3c0  
I/DEBUG   (   77):     becff62c  b000b0e0  
I/DEBUG   (   77):     becff630  401b987e  /system/lib/libui.so
I/DEBUG   (   77):     becff634  0e301a42  
I/DEBUG   (   77):     becff638  b00094f0  /system/bin/linker
I/DEBUG   (   77):     becff63c  b000a078  
I/DEBUG   (   77):     becff640  0000023d  
I/DEBUG   (   77):     becff644  00000216  
I/DEBUG   (   77):     becff648  b00094fc  /system/bin/linker
I/DEBUG   (   77):     becff64c  b0012da4  
I/DEBUG   (   77):     becff650  b000b0e0  
I/DEBUG   (   77):     becff654  00000000  
I/DEBUG   (   77):     becff658  df0027ad  
I/DEBUG   (   77):     becff65c  00000000  
I/DEBUG   (   77): #00 becff660  401c6004  /system/lib/libui.so
I/DEBUG   (   77):     becff664  00000005  
I/DEBUG   (   77):     becff668  00000004  
I/DEBUG   (   77):     becff66c  b0003a99  /system/bin/linker
I/DEBUG   (   77):     becff670  b000b1c4  
I/DEBUG   (   77):     becff674  b000b1c0  
I/DEBUG   (   77):     becff678  b000990c  /system/bin/linker
I/DEBUG   (   77):     becff67c  b00046eb  /system/bin/linker
I/DEBUG   (   77):     becff680  b000b0e0  
I/DEBUG   (   77):     becff684  b000b0e0  
I/DEBUG   (   77):     becff688  b000b184  
I/DEBUG   (   77):     becff68c  400103fc  /system/lib/libsurfaceflinger.so
I/DEBUG   (   77):     becff690  00000016  
I/DEBUG   (   77):     becff694  00000003  
I/DEBUG   (   77):     becff698  00016000  
I/DEBUG   (   77):     becff69c  b0012fa8  
I/DEBUG   (   77):     becff6a0  401c7118  /system/lib/libui.so
I/DEBUG   (   77):     becff6a4  b000b16c  
I/DEBUG   (   77): tid 1274 does not exist in pid 1274. ignoring debug request
I/DEBUG   (   77): tid 1273 does not exist in pid 1273. ignoring debug request
I/Netd    ( 1292): Netd 1.0 starting
F/libc    ( 1293): Fatal signal 11 (SIGSEGV) at 0x01c60020 (code=1)
F/libc    ( 1295): Fatal signal 4 (SIGILL) at 0x401c01e0 (code=1)
F/libc    ( 1294): Fatal signal 4 (SIGILL) at 0x405631e0 (code=1)
I/DEBUG   (   77): *** *** *** *** *** *** *** *** *** *** *** *** *** *** *** ***
I/DEBUG   (   77): Build fingerprint: 'htc_europe/htc_golfu/golfu:4.0.3/IML74K/62541.1:user/release-keys'
I/DEBUG   (   77): pid: 1293, tid: 1293  >>> /system/bin/surfaceflinger <<<
I/DEBUG   (   77): signal 11 (SIGSEGV), code 1 (SEGV_MAPERR), fault addr 01c60020
I/DEBUG   (   77):  r0 401c6000  r1 01c60000  r2 401c033f  r3 401c7138
I/DEBUG   (   77):  r4 401c6ec4  r5 00000005  r6 00000004  r7 20000000
I/DEBUG   (   77):  r8 00000000  r9 00000000  10 00000000  fp 00000000
I/DEBUG   (   77):  ip 00000000  sp beb0e660  lr 401c036d  pc 401d16d0  cpsr 00000030
I/DEBUG   (   77):  d0  0000000000000000  d1  0000000000000000
I/DEBUG   (   77):  d2  0000000000000000  d3  0000000000000000
I/DEBUG   (   77):  d4  0000000000000000  d5  0000000000000000
I/DEBUG   (   77):  d6  0000000000000000  d7  0000000000000000
I/DEBUG   (   77):  d8  0000000000000000  d9  0000000000000000
I/DEBUG   (   77):  d10 0000000000000000  d11 0000000000000000
I/DEBUG   (   77):  d12 0000000000000000  d13 0000000000000000
I/DEBUG   (   77):  d14 0000000000000000  d15 0000000000000000
I/DEBUG   (   77):  scr 00000000
I/DEBUG   (   77): 
I/DEBUG   (   77):          #00  pc 000096d0  /system/lib/libpixelflinger.so (_ZN7android8ggl_pickEPNS_9context_tE)
I/DEBUG   (   77):          #01  lr 401c036d  /system/lib/libui.so
I/DEBUG   (   77): 
I/DEBUG   (   77): code around pc:
I/DEBUG   (   77): 401d16b0 e3580001 e1d395be 959da00c 83a08000  ..X.............
I/DEBUG   (   77): 401d16c0 e2499c29 979a8108 e3590001 959da008  ).I.......Y.....
I/DEBUG   (   77): 401d16d0 e1a08408 e2088c03 e1887007 979a8109  .........p......
I/DEBUG   (   77): 401d16e0 83a08000 e1a09508 e209ab03 e187700a  .............p..
I/DEBUG   (   77): 401d16f0 e1d386b2 e1d3a6b0 e28d9020 e1580005  ........ .....X.
I/DEBUG   (   77): 
I/DEBUG   (   77): code around lr:
I/DEBUG   (   77): 401c034c 4a1bd10d 601e2601 462858a5 efd4f7fa  ...J.&.`.X(F....
I/DEBUG   (   77): 401c035c 49194818 44795822 f7fb4628 f8dfe804  .H.I"XyD(F......
I/DEBUG   (   77): 401c036c 2100e05c 500ef854 f7fa4628 4811efc6  \..!T..P(F.....H
I/DEBUG   (   77): 401c037c 58264913 46284479 f7fa4632 4b11eff4  .I&XyD(F2F.....K
I/DEBUG   (   77): 401c038c 2200211c 462858e5 eefcf7fa c038f8df  .!.".X(F......8.
I/DEBUG   (   77): 
I/DEBUG   (   77): memory map around addr 01c60020:
I/DEBUG   (   77): 0000a000-0000e000 [heap]
I/DEBUG   (   77): (no map for address)
I/DEBUG   (   77): 40000000-40024000 /system/lib/libsurfaceflinger.so
I/DEBUG   (   77): 
I/DEBUG   (   77): stack:
I/DEBUG   (   77):     beb0e620  000000f0  
I/DEBUG   (   77):     beb0e624  beb0e70c  [stack]
I/DEBUG   (   77):     beb0e628  b000a3c0  
I/DEBUG   (   77):     beb0e62c  b000b0e0  
I/DEBUG   (   77):     beb0e630  401b987e  /system/lib/libui.so
I/DEBUG   (   77):     beb0e634  0e301a42  
I/DEBUG   (   77):     beb0e638  b00094f0  /system/bin/linker
I/DEBUG   (   77):     beb0e63c  b000a078  
I/DEBUG   (   77):     beb0e640  0000023d  
I/DEBUG   (   77):     beb0e644  00000216  
I/DEBUG   (   77):     beb0e648  b00094fc  /system/bin/linker
I/DEBUG   (   77):     beb0e64c  b0012da4  
I/DEBUG   (   77):     beb0e650  b000b0e0  
I/DEBUG   (   77):     beb0e654  00000000  
I/DEBUG   (   77):     beb0e658  df0027ad  
I/DEBUG   (   77):     beb0e65c  00000000  
I/DEBUG   (   77): #00 beb0e660  401c6004  /system/lib/libui.so
I/DEBUG   (   77):     beb0e664  00000005  
I/DEBUG   (   77):     beb0e668  00000004  
I/DEBUG   (   77):     beb0e66c  b0003a99  /system/bin/linker
I/DEBUG   (   77):     beb0e670  b000b1c4  
I/DEBUG   (   77):     beb0e674  b000b1c0  
I/DEBUG   (   77):     beb0e678  b000990c  /system/bin/linker
I/DEBUG   (   77):     beb0e67c  b00046eb  /system/bin/linker
I/DEBUG   (   77):     beb0e680  b000b0e0  
I/DEBUG   (   77):     beb0e684  b000b0e0  
I/DEBUG   (   77):     beb0e688  b000b184  
I/DEBUG   (   77):     beb0e68c  400103fc  /system/lib/libsurfaceflinger.so
I/DEBUG   (   77):     beb0e690  00000016  
I/DEBUG   (   77):     beb0e694  00000003  
I/DEBUG   (   77):     beb0e698  00016000  
I/DEBUG   (   77):     beb0e69c  b0012fa8  
I/DEBUG   (   77):     beb0e6a0  401c7118  /system/lib/libui.so
I/DEBUG   (   77):     beb0e6a4  b000b16c  
I/DEBUG   (   77): tid 1295 does not exist in pid 1295. ignoring debug request
I/DEBUG   (   77): tid 1294 does not exist in pid 1294. ignoring debug request
I/Netd    ( 1313): Netd 1.0 starting
F/libc    ( 1314): Fatal signal 11 (SIGSEGV) at 0x01c60020 (code=1)
F/libc    ( 1316): Fatal signal 4 (SIGILL) at 0x401c01e0 (code=1)
F/libc    ( 1315): Fatal signal 4 (SIGILL) at 0x405631e0 (code=1)
I/DEBUG   (   77): *** *** *** *** *** *** *** *** *** *** *** *** *** *** *** ***
I/DEBUG   (   77): Build fingerprint: 'htc_europe/htc_golfu/golfu:4.0.3/IML74K/62541.1:user/release-keys'
I/DEBUG   (   77): pid: 1314, tid: 1314  >>> /system/bin/surfaceflinger <<<
I/DEBUG   (   77): signal 11 (SIGSEGV), code 1 (SEGV_MAPERR), fault addr 01c60020
I/DEBUG   (   77):  r0 401c6000  r1 01c60000  r2 401c033f  r3 401c7138
I/DEBUG   (   77):  r4 401c6ec4  r5 00000005  r6 00000004  r7 20000000
I/DEBUG   (   77):  r8 00000000  r9 00000000  10 00000000  fp 00000000
I/DEBUG   (   77):  ip 00000000  sp beb3c660  lr 401c036d  pc 401d16d0  cpsr 00000030
I/DEBUG   (   77):  d0  0000000000000000  d1  0000000000000000
I/DEBUG   (   77):  d2  0000000000000000  d3  0000000000000000
I/DEBUG   (   77):  d4  0000000000000000  d5  0000000000000000
I/DEBUG   (   77):  d6  0000000000000000  d7  0000000000000000
I/DEBUG   (   77):  d8  0000000000000000  d9  0000000000000000
I/DEBUG   (   77):  d10 0000000000000000  d11 0000000000000000
I/DEBUG   (   77):  d12 0000000000000000  d13 0000000000000000
I/DEBUG   (   77):  d14 0000000000000000  d15 0000000000000000
I/DEBUG   (   77):  scr 00000000
I/DEBUG   (   77): 
I/DEBUG   (   77):          #00  pc 000096d0  /system/lib/libpixelflinger.so (_ZN7android8ggl_pickEPNS_9context_tE)
I/DEBUG   (   77):          #01  lr 401c036d  /system/lib/libui.so
I/DEBUG   (   77): 
I/DEBUG   (   77): code around pc:
I/DEBUG   (   77): 401d16b0 e3580001 e1d395be 959da00c 83a08000  ..X.............
I/DEBUG   (   77): 401d16c0 e2499c29 979a8108 e3590001 959da008  ).I.......Y.....
I/DEBUG   (   77): 401d16d0 e1a08408 e2088c03 e1887007 979a8109  .........p......
I/DEBUG   (   77): 401d16e0 83a08000 e1a09508 e209ab03 e187700a  .............p..
I/DEBUG   (   77): 401d16f0 e1d386b2 e1d3a6b0 e28d9020 e1580005  ........ .....X.
I/DEBUG   (   77): 
I/DEBUG   (   77): code around lr:
I/DEBUG   (   77): 401c034c 4a1bd10d 601e2601 462858a5 efd4f7fa  ...J.&.`.X(F....
I/DEBUG   (   77): 401c035c 49194818 44795822 f7fb4628 f8dfe804  .H.I"XyD(F......
I/DEBUG   (   77): 401c036c 2100e05c 500ef854 f7fa4628 4811efc6  \..!T..P(F.....H
I/DEBUG   (   77): 401c037c 58264913 46284479 f7fa4632 4b11eff4  .I&XyD(F2F.....K
I/DEBUG   (   77): 401c038c 2200211c 462858e5 eefcf7fa c038f8df  .!.".X(F......8.
I/DEBUG   (   77): 
I/DEBUG   (   77): memory map around addr 01c60020:
I/DEBUG   (   77): 0000a000-0000e000 [heap]
I/DEBUG   (   77): (no map for address)
I/DEBUG   (   77): 40000000-40024000 /system/lib/libsurfaceflinger.so
I/DEBUG   (   77): 
I/DEBUG   (   77): stack:
I/DEBUG   (   77):     beb3c620  000000f0  
I/DEBUG   (   77):     beb3c624  beb3c70c  [stack]
I/DEBUG   (   77):     beb3c628  b000a3c0  
I/DEBUG   (   77):     beb3c62c  b000b0e0  
I/DEBUG   (   77):     beb3c630  401b987e  /system/lib/libui.so
I/DEBUG   (   77):     beb3c634  0e301a42  
I/DEBUG   (   77):     beb3c638  b00094f0  /system/bin/linker
I/DEBUG   (   77):     beb3c63c  b000a078  
I/DEBUG   (   77):     beb3c640  0000023d  
I/DEBUG   (   77):     beb3c644  00000216  
I/DEBUG   (   77):     beb3c648  b00094fc  /system/bin/linker
I/DEBUG   (   77):     beb3c64c  b0012da4  
I/DEBUG   (   77):     beb3c650  b000b0e0  
I/DEBUG   (   77):     beb3c654  00000000  
I/DEBUG   (   77):     beb3c658  df0027ad  
I/DEBUG   (   77):     beb3c65c  00000000  
I/DEBUG   (   77): #00 beb3c660  401c6004  /system/lib/libui.so
I/DEBUG   (   77):     beb3c664  00000005  
I/DEBUG   (   77):     beb3c668  00000004  
I/DEBUG   (   77):     beb3c66c  b0003a99  /system/bin/linker
I/DEBUG   (   77):     beb3c670  b000b1c4  
I/DEBUG   (   77):     beb3c674  b000b1c0  
I/DEBUG   (   77):     beb3c678  b000990c  /system/bin/linker
I/DEBUG   (   77):     beb3c67c  b00046eb  /system/bin/linker
I/DEBUG   (   77):     beb3c680  b000b0e0  
I/DEBUG   (   77):     beb3c684  b000b0e0  
I/DEBUG   (   77):     beb3c688  b000b184  
I/DEBUG   (   77):     beb3c68c  400103fc  /system/lib/libsurfaceflinger.so
I/DEBUG   (   77):     beb3c690  00000016  
I/DEBUG   (   77):     beb3c694  00000003  
I/DEBUG   (   77):     beb3c698  00016000  
I/DEBUG   (   77):     beb3c69c  b0012fa8  
I/DEBUG   (   77):     beb3c6a0  401c7118  /system/lib/libui.so
I/DEBUG   (   77):     beb3c6a4  b000b16c  
I/DEBUG   (   77): tid 1316 does not exist in pid 1316. ignoring debug request
I/DEBUG   (   77): tid 1315 does not exist in pid 1315. ignoring debug request
I/Netd    ( 1334): Netd 1.0 starting
F/libc    ( 1335): Fatal signal 11 (SIGSEGV) at 0x01c60020 (code=1)
F/libc    ( 1337): Fatal signal 4 (SIGILL) at 0x401c01e0 (code=1)
F/libc    ( 1336): Fatal signal 4 (SIGILL) at 0x405631e0 (code=1)
I/DEBUG   (   77): *** *** *** *** *** *** *** *** *** *** *** *** *** *** *** ***
I/DEBUG   (   77): Build fingerprint: 'htc_europe/htc_golfu/golfu:4.0.3/IML74K/62541.1:user/release-keys'
I/DEBUG   (   77): pid: 1335, tid: 1335  >>> /system/bin/surfaceflinger <<<
I/DEBUG   (   77): signal 11 (SIGSEGV), code 1 (SEGV_MAPERR), fault addr 01c60020
I/DEBUG   (   77):  r0 401c6000  r1 01c60000  r2 401c033f  r3 401c7138
I/DEBUG   (   77):  r4 401c6ec4  r5 00000005  r6 00000004  r7 20000000
I/DEBUG   (   77):  r8 00000000  r9 00000000  10 00000000  fp 00000000
I/DEBUG   (   77):  ip 00000000  sp bed64660  lr 401c036d  pc 401d16d0  cpsr 00000030
I/DEBUG   (   77):  d0  0000000000000000  d1  0000000000000000
I/DEBUG   (   77):  d2  0000000000000000  d3  0000000000000000
I/DEBUG   (   77):  d4  0000000000000000  d5  0000000000000000
I/DEBUG   (   77):  d6  0000000000000000  d7  0000000000000000
I/DEBUG   (   77):  d8  0000000000000000  d9  0000000000000000
I/DEBUG   (   77):  d10 0000000000000000  d11 0000000000000000
I/DEBUG   (   77):  d12 0000000000000000  d13 0000000000000000
I/DEBUG   (   77):  d14 0000000000000000  d15 0000000000000000
I/DEBUG   (   77):  scr 00000000
I/DEBUG   (   77): 
I/DEBUG   (   77):          #00  pc 000096d0  /system/lib/libpixelflinger.so (_ZN7android8ggl_pickEPNS_9context_tE)
I/DEBUG   (   77):          #01  lr 401c036d  /system/lib/libui.so
I/DEBUG   (   77): 
I/DEBUG   (   77): code around pc:
I/DEBUG   (   77): 401d16b0 e3580001 e1d395be 959da00c 83a08000  ..X.............
I/DEBUG   (   77): 401d16c0 e2499c29 979a8108 e3590001 959da008  ).I.......Y.....
I/DEBUG   (   77): 401d16d0 e1a08408 e2088c03 e1887007 979a8109  .........p......
I/DEBUG   (   77): 401d16e0 83a08000 e1a09508 e209ab03 e187700a  .............p..
I/DEBUG   (   77): 401d16f0 e1d386b2 e1d3a6b0 e28d9020 e1580005  ........ .....X.
I/DEBUG   (   77): 
I/DEBUG   (   77): code around lr:
I/DEBUG   (   77): 401c034c 4a1bd10d 601e2601 462858a5 efd4f7fa  ...J.&.`.X(F....
I/DEBUG   (   77): 401c035c 49194818 44795822 f7fb4628 f8dfe804  .H.I"XyD(F......
I/DEBUG   (   77): 401c036c 2100e05c 500ef854 f7fa4628 4811efc6  \..!T..P(F.....H
I/DEBUG   (   77): 401c037c 58264913 46284479 f7fa4632 4b11eff4  .I&XyD(F2F.....K
I/DEBUG   (   77): 401c038c 2200211c 462858e5 eefcf7fa c038f8df  .!.".X(F......8.
I/DEBUG   (   77): 
I/DEBUG   (   77): memory map around addr 01c60020:
I/DEBUG   (   77): 0000a000-0000e000 [heap]
I/DEBUG   (   77): (no map for address)
I/DEBUG   (   77): 40000000-40024000 /system/lib/libsurfaceflinger.so
I/DEBUG   (   77): 
I/DEBUG   (   77): stack:
I/DEBUG   (   77):     bed64620  000000f0  
I/DEBUG   (   77):     bed64624  bed6470c  [stack]
I/DEBUG   (   77):     bed64628  b000a3c0  
I/DEBUG   (   77):     bed6462c  b000b0e0  
I/DEBUG   (   77):     bed64630  401b987e  /system/lib/libui.so
I/DEBUG   (   77):     bed64634  0e301a42  
I/DEBUG   (   77):     bed64638  b00094f0  /system/bin/linker
I/DEBUG   (   77):     bed6463c  b000a078  
I/DEBUG   (   77):     bed64640  0000023d  
I/DEBUG   (   77):     bed64644  00000216  
I/DEBUG   (   77):     bed64648  b00094fc  /system/bin/linker
I/DEBUG   (   77):     bed6464c  b0012da4  
I/DEBUG   (   77):     bed64650  b000b0e0  
I/DEBUG   (   77):     bed64654  00000000  
I/DEBUG   (   77):     bed64658  df0027ad  
I/DEBUG   (   77):     bed6465c  00000000  
I/DEBUG   (   77): #00 bed64660  401c6004  /system/lib/libui.so
I/DEBUG   (   77):     bed64664  00000005  
I/DEBUG   (   77):     bed64668  00000004  
I/DEBUG   (   77):     bed6466c  b0003a99  /system/bin/linker
I/DEBUG   (   77):     bed64670  b000b1c4  
I/DEBUG   (   77):     bed64674  b000b1c0  
I/DEBUG   (   77):     bed64678  b000990c  /system/bin/linker
I/DEBUG   (   77):     bed6467c  b00046eb  /system/bin/linker
I/DEBUG   (   77):     bed64680  b000b0e0  
I/DEBUG   (   77):     bed64684  b000b0e0  
I/DEBUG   (   77):     bed64688  b000b184  
I/DEBUG   (   77):     bed6468c  400103fc  /system/lib/libsurfaceflinger.so
I/DEBUG   (   77):     bed64690  00000016  
I/DEBUG   (   77):     bed64694  00000003  
I/DEBUG   (   77):     bed64698  00016000  
I/DEBUG   (   77):     bed6469c  b0012fa8  
I/DEBUG   (   77):     bed646a0  401c7118  /system/lib/libui.so
I/DEBUG   (   77):     bed646a4  b000b16c  
I/DEBUG   (   77): tid 1337 does not exist in pid 1337. ignoring debug request
I/DEBUG   (   77): tid 1336 does not exist in pid 1336. ignoring debug request
I/Netd    ( 1355): Netd 1.0 starting
F/libc    ( 1356): Fatal signal 11 (SIGSEGV) at 0x01c60020 (code=1)
F/libc    ( 1358): Fatal signal 4 (SIGILL) at 0x401c01e0 (code=1)
F/libc    ( 1357): Fatal signal 4 (SIGILL) at 0x405631e0 (code=1)
I/DEBUG   (   77): *** *** *** *** *** *** *** *** *** *** *** *** *** *** *** ***
I/DEBUG   (   77): Build fingerprint: 'htc_europe/htc_golfu/golfu:4.0.3/IML74K/62541.1:user/release-keys'
I/DEBUG   (   77): pid: 1356, tid: 1356  >>> /system/bin/surfaceflinger <<<
I/DEBUG   (   77): signal 11 (SIGSEGV), code 1 (SEGV_MAPERR), fault addr 01c60020
I/DEBUG   (   77):  r0 401c6000  r1 01c60000  r2 401c033f  r3 401c7138
I/DEBUG   (   77):  r4 401c6ec4  r5 00000005  r6 00000004  r7 20000000
I/DEBUG   (   77):  r8 00000000  r9 00000000  10 00000000  fp 00000000
I/DEBUG   (   77):  ip 00000000  sp bea6b660  lr 401c036d  pc 401d16d0  cpsr 00000030
I/DEBUG   (   77):  d0  0000000000000000  d1  0000000000000000
I/DEBUG   (   77):  d2  0000000000000000  d3  0000000000000000
I/DEBUG   (   77):  d4  0000000000000000  d5  0000000000000000
I/DEBUG   (   77):  d6  0000000000000000  d7  0000000000000000
I/DEBUG   (   77):  d8  0000000000000000  d9  0000000000000000
I/DEBUG   (   77):  d10 0000000000000000  d11 0000000000000000
I/DEBUG   (   77):  d12 0000000000000000  d13 0000000000000000
I/DEBUG   (   77):  d14 0000000000000000  d15 0000000000000000
I/DEBUG   (   77):  scr 00000000
I/DEBUG   (   77): 
I/DEBUG   (   77):          #00  pc 000096d0  /system/lib/libpixelflinger.so (_ZN7android8ggl_pickEPNS_9context_tE)
I/DEBUG   (   77):          #01  lr 401c036d  /system/lib/libui.so
I/DEBUG   (   77): 
I/DEBUG   (   77): code around pc:
I/DEBUG   (   77): 401d16b0 e3580001 e1d395be 959da00c 83a08000  ..X.............
I/DEBUG   (   77): 401d16c0 e2499c29 979a8108 e3590001 959da008  ).I.......Y.....
I/DEBUG   (   77): 401d16d0 e1a08408 e2088c03 e1887007 979a8109  .........p......
I/DEBUG   (   77): 401d16e0 83a08000 e1a09508 e209ab03 e187700a  .............p..
