D/AudioHardwareMSM72XX(  229): BT MATCH HEADSET_AND_SPEAKER
D/AudioHardwareMSM72XX(  229): BT MATCH FM_SPEAKER
D/AudioHardwareMSM72XX(  229): BT MATCH BT_EC_OFF
D/AudioHardwareMSM72XX(  229): BT MATCH BT_EC_OFF
D/AudioHardwareMSM72XX(  229): BT MATCH CURRENT
I/AudioFlinger(  229): Loaded primary audio interface from LEGACY Audio HW HAL (audio)
I/AudioFlinger(  229): Using 'LEGACY Audio HW HAL' (audio.primary) as the primary audio interface
I/AudioFlinger(  229): Loaded a2dp audio interface from A2DP Audio HW HAL (audio)
D/AudioHardwareInterface(  229): setMode(NORMAL)
I/AudioHardwareMSM72XX(  229): Set master volume to 5.
I/CameraService(  229): CameraService started (pid=229)
E/HAL     (  229): load: module=/system/lib/hw/camera.marvel.so
E/HAL     (  229): Cannot load library: link_image[1965]:   229 could not load needed library 'libcamera.so' for 'camera.marvel.so' (reloc_library[1314]:   229 cannot locate '_debug_pthread_create'...
E/HAL     (  229): )
W/dalvikvm(  228): VFY: unable to find class referenced in signature (Landroid/content/res/PackageRedirectionMap;)
E/CameraService(  229): Could not load camera HAL module
I/dalvikvm(  228): Could not find method android.content.res.PackageRedirectionMap.getPackageId, referenced from method android.content.res.AssetManager.addRedirections
W/dalvikvm(  228): VFY: unable to resolve virtual method 10109: Landroid/content/res/PackageRedirectionMap;.getPackageId ()I
D/dalvikvm(  228): VFY: replacing opcode 0x6e at 0x000e
I/AudioFlinger(  229): AudioFlinger's thread 0x17000 ready to run
W/AudioFlinger(  229): Thread AudioOut_1 cannot connect to the power manager service
V/AudioHardwareMSM72XX(  229): AudioStreamOutMSM72xx::setParameters() routing=2
V/AudioHardwareMSM72XX(  229): set output routing 2
I/AudioHardwareMSM72XX(  229): Routing audio to Speakerphone
V/AudioHardwareMSM72XX(  229): doAudioRouteOrMute() device 1, mMode 0, mMicMute 1
D/AudioHardwareMSM72XX(  229): setVoiceVolume(1.000000)
I/AudioHardwareMSM72XX(  229): Setting in-call volume to 5 (available range is 0 to 5)
I/AudioPolicyService(  229): Loaded audio policy from LEGACY Audio Policy HAL (audio_policy)
D/dalvikvm(  228): DexOpt: couldn't find field Landroid/database/sqlite/SQLiteDatabase;.mCanDumpMonitoredSql
W/dalvikvm(  228): VFY: unable to resolve instance field 9348
D/dalvikvm(  228): VFY: replacing opcode 0x55 at 0x0004
E/JNIHelp (  228): Native registration unable to find class 'com/android/server/NetworkManagementSocketTagger', aborting
F/libc    (  228): Fatal signal 11 (SIGSEGV) at 0xdeadbaad (code=1)
I/DEBUG   (   77): *** *** *** *** *** *** *** *** *** *** *** *** *** *** *** ***
I/DEBUG   (   77): Build fingerprint: 'htc_europe/htc_golfu/golfu:4.0.3/IML74K/62541.1:user/release-keys'
I/DEBUG   (   77): pid: 228, tid: 228  >>> zygote <<<
I/DEBUG   (   77): signal 11 (SIGSEGV), code 1 (SEGV_MAPERR), fault addr deadbaad
I/DEBUG   (   77):  r0 deadbaad  r1 0000000c  r2 00000027  r3 a0000000
I/DEBUG   (   77):  r4 00000000  r5 00000080  r6 40199b7c  r7 bed56a88
I/DEBUG   (   77):  r8 00000000  r9 00000000  10 00000000  fp 00000000
I/DEBUG   (   77):  ip ffffffff  sp bed56a50  lr 4001ee9f  pc 4001b656  cpsr 00000030
I/DEBUG   (   77):  d0  3f4000003f400000  d1  0000000000000000
I/DEBUG   (   77):  d2  0000000000000000  d3  0000000000000000
I/DEBUG   (   77):  d4  0000000000000000  d5  0000000000000000
I/DEBUG   (   77):  d6  0000000000000000  d7  000000003f800000
I/DEBUG   (   77):  d8  0000000000000000  d9  0000000000000000
I/DEBUG   (   77):  d10 0000000000000000  d11 0000000000000000
I/DEBUG   (   77):  d12 0000000000000000  d13 0000000000000000
I/DEBUG   (   77):  d14 0000000000000000  d15 0000000000000000
I/DEBUG   (   77):  scr 60000000
I/DEBUG   (   77): 
I/DEBUG   (   77):          #00  pc 00017656  /system/lib/libc.so
I/DEBUG   (   77):          #01  pc 0000c658  /system/lib/libnativehelper.so (jniRegisterNativeMethods)
I/DEBUG   (   77): 
I/DEBUG   (   77): code around pc:
I/DEBUG   (   77): 4001b634 1c2bd00c 2d00682d e027d1fb 2a0068da  ..+.-h.-..'..h.*
I/DEBUG   (   77): 4001b644 4b16d004 447b2001 47906018 22274814  ...K. {D.`.G.H'"
I/DEBUG   (   77): 4001b654 70022580 ef8cf7f4 f7f62106 aa01e81a  .%.p.....!......
I/DEBUG   (   77): 4001b664 05692400 60546091 20061c11 f7f59401  .$i..`T`... ....
I/DEBUG   (   77): 4001b674 a905ebe6 20022200 ebeef7f5 ef78f7f4  .....". ......x.
I/DEBUG   (   77): 
I/DEBUG   (   77): code around lr:
I/DEBUG   (   77): 4001ee7c 4b0db5f0 447bb083 681c2600 68a59001  ...K..{D.&.h...h
I/DEBUG   (   77): 4001ee8c e0086867 5ea8220c dd032800 99011c28  gh...".^.(..(...
I/DEBUG   (   77): 4001ee9c 43064788 3f013554 6824d5f4 d1ee2c00  .G.CT5.?..$h.,..
I/DEBUG   (   77): 4001eeac 1c30b003 46c0bdf0 00028662 1c0fb5f0  ..0....Fb.......
I/DEBUG   (   77): 4001eebc b0891c3d a9064355 604d9103 90064914  =...UC....M`.I..
I/DEBUG   (   77): 
I/DEBUG   (   77): memory map around addr deadbaad:
I/DEBUG   (   77): bed36000-bed57000 [stack]
I/DEBUG   (   77): (no map for address)
I/DEBUG   (   77): (no map above)
I/DEBUG   (   77): 
I/DEBUG   (   77): stack:
I/DEBUG   (   77):     bed56a10  40a45448  /dev/ashmem/dalvik-heap (deleted)
I/DEBUG   (   77):     bed56a14  00012800  [heap]
I/DEBUG   (   77):     bed56a18  40047720  /system/lib/libc.so
I/DEBUG   (   77):     bed56a1c  400476b0  /system/lib/libc.so
I/DEBUG   (   77):     bed56a20  00000000  
I/DEBUG   (   77):     bed56a24  4001ee9f  /system/lib/libc.so
I/DEBUG   (   77):     bed56a28  00000000  
I/DEBUG   (   77):     bed56a2c  4001dc05  /system/lib/libc.so
I/DEBUG   (   77):     bed56a30  00000000  
I/DEBUG   (   77):     bed56a34  00000000  
I/DEBUG   (   77):     bed56a38  00000000  
I/DEBUG   (   77):     bed56a3c  40199b7c  /system/lib/libandroid_runtime.so
I/DEBUG   (   77):     bed56a40  bed56a88  [stack]
I/DEBUG   (   77):     bed56a44  4001e01d  /system/lib/libc.so
I/DEBUG   (   77):     bed56a48  df0027ad  
I/DEBUG   (   77):     bed56a4c  00000000  
I/DEBUG   (   77): #00 bed56a50  00000000  
I/DEBUG   (   77):     bed56a54  00012cf8  [heap]
I/DEBUG   (   77):     bed56a58  40a45448  /dev/ashmem/dalvik-heap (deleted)
I/DEBUG   (   77):     bed56a5c  5d3a119c  
I/DEBUG   (   77):     bed56a60  4083bdfd  /system/lib/libdvm.so
I/DEBUG   (   77):     bed56a64  fffffbdf  
I/DEBUG   (   77):     bed56a68  0000f2b8  [heap]
I/DEBUG   (   77):     bed56a6c  4019f96c  /system/lib/libandroid_runtime.so
I/DEBUG   (   77):     bed56a70  0000f2b8  [heap]
I/DEBUG   (   77):     bed56a74  401cb65b  /system/lib/libnativehelper.so
I/DEBUG   (   77): #01 bed56a78  4019f96c  /system/lib/libandroid_runtime.so
I/DEBUG   (   77):     bed56a7c  401cb65b  /system/lib/libnativehelper.so
I/DEBUG   (   77):     bed56a80  401a84c4  /system/lib/libandroid_runtime.so
I/DEBUG   (   77):     bed56a84  00000004  
I/DEBUG   (   77):     bed56a88  0000f2b8  [heap]
I/DEBUG   (   77):     bed56a8c  00000000  
I/DEBUG   (   77):     bed56a90  401a8fa8  /system/lib/libandroid_runtime.so
I/DEBUG   (   77):     bed56a94  4019f96c  /system/lib/libandroid_runtime.so
I/DEBUG   (   77):     bed56a98  0000f2b8  [heap]
I/DEBUG   (   77):     bed56a9c  4019f9bc  /system/lib/libandroid_runtime.so
I/DEBUG   (   77):     bed56aa0  00000001  
I/DEBUG   (   77):     bed56aa4  40181c81  /system/lib/libandroid_runtime.so
I/DEBUG   (   77):     bed56aa8  4019f96c  /system/lib/libandroid_runtime.so
I/DEBUG   (   77):     bed56aac  40149a41  /system/lib/libandroid_runtime.so
I/DEBUG   (   77):     bed56ab0  0000f2b8  [heap]
I/DEBUG   (   77):     bed56ab4  fffffe40  
I/DEBUG   (   77):     bed56ab8  bed56b94  [stack]
I/DEBUG   (   77):     bed56abc  40149a77  /system/lib/libandroid_runtime.so
I/ServiceManager(   74): service 'media.audio_flinger' died
I/ServiceManager(   74): service 'media.player' died
I/ServiceManager(   74): service 'media.camera' died
I/ServiceManager(   74): service 'media.audio_policy' died
I/Netd    (  254): Netd 1.0 starting
D/AndroidRuntime(  255): 
D/AndroidRuntime(  255): >>>>>> AndroidRuntime START com.android.internal.os.ZygoteInit <<<<<<
D/AndroidRuntime(  255): CheckJNI is OFF
I/        (  256): ServiceManager: 0xf958
I/HTC Acoustic(  256): libhtc_acoustic.so version 2.0.0.6.
I/HTC Acoustic(  256): deonvvv gingerbread test.
I/HTC Acoustic(  256): open /system/etc/AudioPara4_WB.csv success.
I/HTC Acoustic(  256): acoustic table version: MAL_WB_20110217
I/HTC Acoustic(  256): read_audio_para_from_file success.
E/HTC Acoustic(  256): Fail to open /system/etc/AudioPara_VODA-Spain.csv -1.
I/HTC Acoustic(  256): open /system/etc/AudioPara4.csv success.
I/HTC Acoustic(  256): acoustic table version: MAL_Gerenic_20110509
W/dalvikvm(  255): VFY: unable to find class referenced in signature (Landroid/content/res/PackageRedirectionMap;)
I/dalvikvm(  255): Could not find method android.content.res.PackageRedirectionMap.getPackageId, referenced from method android.content.res.AssetManager.addRedirections
W/dalvikvm(  255): VFY: unable to resolve virtual method 10109: Landroid/content/res/PackageRedirectionMap;.getPackageId ()I
D/dalvikvm(  255): VFY: replacing opcode 0x6e at 0x000e
I/HTC Acoustic(  256): read_audio_para_from_file success.
I/HTC Acoustic(  256): get_audpp_filter
I/HTC Acoustic(  256): open /system/etc/AudioFilter.csv success.
I/HTC Acoustic(  256): MBADRC Filter MBADRC FLAG = ffff.
E/HTC Acoustic(  256): set mbadrc filter error.
I/HTC Acoustic(  256): failed to set audpp parameters, exiting.
I/HTC Acoustic(  256): get_audpre_filter
I/HTC Acoustic(  256): open /system/etc/AudioPreProcess.csv success.
D/AudioHardwareMSM72XX(  256): mNumSndEndpoints = 151
V/AudioHardwareMSM72XX(  256): constructed 151 SND endpoints)
D/AudioHardwareMSM72XX(  256): BT MATCH HANDSET
D/AudioHardwareMSM72XX(  256): BT MATCH SPEAKER
D/AudioHardwareMSM72XX(  256): BT MATCH HEADSET
D/AudioHardwareMSM72XX(  256): BT MATCH BT
D/AudioHardwareMSM72XX(  256): BT MATCH CARKIT
D/AudioHardwareMSM72XX(  256): BT MATCH TTY_FULL
D/AudioHardwareMSM72XX(  256): BT MATCH TTY_VCO
D/AudioHardwareMSM72XX(  256): BT MATCH TTY_HCO
D/AudioHardwareMSM72XX(  256): BT MATCH NO_MIC_HEADSET
D/AudioHardwareMSM72XX(  256): BT MATCH FM_HEADSET
D/AudioHardwareMSM72XX(  256): BT MATCH HEADSET_AND_SPEAKER
D/AudioHardwareMSM72XX(  256): BT MATCH FM_SPEAKER
D/AudioHardwareMSM72XX(  256): BT MATCH BT_EC_OFF
D/AudioHardwareMSM72XX(  256): BT MATCH BT_EC_OFF
D/AudioHardwareMSM72XX(  256): BT MATCH CURRENT
I/AudioFlinger(  256): Loaded primary audio interface from LEGACY Audio HW HAL (audio)
I/AudioFlinger(  256): Using 'LEGACY Audio HW HAL' (audio.primary) as the primary audio interface
I/AudioFlinger(  256): Loaded a2dp audio interface from A2DP Audio HW HAL (audio)
D/AudioHardwareInterface(  256): setMode(NORMAL)
I/AudioHardwareMSM72XX(  256): Set master volume to 5.
I/CameraService(  256): CameraService started (pid=256)
E/HAL     (  256): load: module=/system/lib/hw/camera.marvel.so
E/HAL     (  256): Cannot load library: link_image[1965]:   256 could not load needed library 'libcamera.so' for 'camera.marvel.so' (reloc_library[1314]:   256 cannot locate '_debug_pthread_create'...
E/HAL     (  256): )
E/CameraService(  256): Could not load camera HAL module
I/AudioFlinger(  256): AudioFlinger's thread 0x17000 ready to run
W/AudioFlinger(  256): Thread AudioOut_1 cannot connect to the power manager service
V/AudioHardwareMSM72XX(  256): AudioStreamOutMSM72xx::setParameters() routing=2
V/AudioHardwareMSM72XX(  256): set output routing 2
I/AudioHardwareMSM72XX(  256): Routing audio to Speakerphone
V/AudioHardwareMSM72XX(  256): doAudioRouteOrMute() device 1, mMode 0, mMicMute 1
D/AudioHardwareMSM72XX(  256): setVoiceVolume(1.000000)
I/AudioHardwareMSM72XX(  256): Setting in-call volume to 5 (available range is 0 to 5)
I/AudioPolicyService(  256): Loaded audio policy from LEGACY Audio Policy HAL (audio_policy)
D/dalvikvm(  255): DexOpt: couldn't find field Landroid/database/sqlite/SQLiteDatabase;.mCanDumpMonitoredSql
W/dalvikvm(  255): VFY: unable to resolve instance field 9348
D/dalvikvm(  255): VFY: replacing opcode 0x55 at 0x0004
E/JNIHelp (  255): Native registration unable to find class 'com/android/server/NetworkManagementSocketTagger', aborting
F/libc    (  255): Fatal signal 11 (SIGSEGV) at 0xdeadbaad (code=1)
I/DEBUG   (   77): *** *** *** *** *** *** *** *** *** *** *** *** *** *** *** ***
I/DEBUG   (   77): Build fingerprint: 'htc_europe/htc_golfu/golfu:4.0.3/IML74K/62541.1:user/release-keys'
I/DEBUG   (   77): pid: 255, tid: 255  >>> zygote <<<
I/DEBUG   (   77): signal 11 (SIGSEGV), code 1 (SEGV_MAPERR), fault addr deadbaad
I/DEBUG   (   77):  r0 deadbaad  r1 0000000c  r2 00000027  r3 a0000000
I/DEBUG   (   77):  r4 00000000  r5 00000080  r6 40199b7c  r7 beb97a88
I/DEBUG   (   77):  r8 00000000  r9 00000000  10 00000000  fp 00000000
I/DEBUG   (   77):  ip ffffffff  sp beb97a50  lr 4001ee9f  pc 4001b656  cpsr 00000030
I/DEBUG   (   77):  d0  3f4000003f400000  d1  0000000000000000
I/DEBUG   (   77):  d2  0000000000000000  d3  0000000000000000
I/DEBUG   (   77):  d4  0000000000000000  d5  0000000000000000
I/DEBUG   (   77):  d6  0000000000000000  d7  000000003f800000
I/DEBUG   (   77):  d8  0000000000000000  d9  0000000000000000
I/DEBUG   (   77):  d10 0000000000000000  d11 0000000000000000
I/DEBUG   (   77):  d12 0000000000000000  d13 0000000000000000
I/DEBUG   (   77):  d14 0000000000000000  d15 0000000000000000
I/DEBUG   (   77):  scr 60000000
I/DEBUG   (   77): 
I/DEBUG   (   77):          #00  pc 00017656  /system/lib/libc.so
I/DEBUG   (   77):          #01  pc 0000c658  /system/lib/libnativehelper.so (jniRegisterNativeMethods)
I/DEBUG   (   77): 
I/DEBUG   (   77): code around pc:
I/DEBUG   (   77): 4001b634 1c2bd00c 2d00682d e027d1fb 2a0068da  ..+.-h.-..'..h.*
I/DEBUG   (   77): 4001b644 4b16d004 447b2001 47906018 22274814  ...K. {D.`.G.H'"
I/DEBUG   (   77): 4001b654 70022580 ef8cf7f4 f7f62106 aa01e81a  .%.p.....!......
I/DEBUG   (   77): 4001b664 05692400 60546091 20061c11 f7f59401  .$i..`T`... ....
I/DEBUG   (   77): 4001b674 a905ebe6 20022200 ebeef7f5 ef78f7f4  .....". ......x.
I/DEBUG   (   77): 
I/DEBUG   (   77): code around lr:
I/DEBUG   (   77): 4001ee7c 4b0db5f0 447bb083 681c2600 68a59001  ...K..{D.&.h...h
I/DEBUG   (   77): 4001ee8c e0086867 5ea8220c dd032800 99011c28  gh...".^.(..(...
I/DEBUG   (   77): 4001ee9c 43064788 3f013554 6824d5f4 d1ee2c00  .G.CT5.?..$h.,..
I/DEBUG   (   77): 4001eeac 1c30b003 46c0bdf0 00028662 1c0fb5f0  ..0....Fb.......
I/DEBUG   (   77): 4001eebc b0891c3d a9064355 604d9103 90064914  =...UC....M`.I..
I/DEBUG   (   77): 
I/DEBUG   (   77): memory map around addr deadbaad:
I/DEBUG   (   77): beb77000-beb98000 [stack]
I/DEBUG   (   77): (no map for address)
I/DEBUG   (   77): (no map above)
I/DEBUG   (   77): 
I/DEBUG   (   77): stack:
I/DEBUG   (   77):     beb97a10  40a45448  /dev/ashmem/dalvik-heap (deleted)
I/DEBUG   (   77):     beb97a14  00012800  [heap]
I/DEBUG   (   77):     beb97a18  40047720  /system/lib/libc.so
I/DEBUG   (   77):     beb97a1c  400476b0  /system/lib/libc.so
I/DEBUG   (   77):     beb97a20  00000000  
I/DEBUG   (   77):     beb97a24  4001ee9f  /system/lib/libc.so
I/DEBUG   (   77):     beb97a28  00000000  
I/DEBUG   (   77):     beb97a2c  4001dc05  /system/lib/libc.so
I/DEBUG   (   77):     beb97a30  00000000  
I/DEBUG   (   77):     beb97a34  00000000  
I/DEBUG   (   77):     beb97a38  00000000  
I/DEBUG   (   77):     beb97a3c  40199b7c  /system/lib/libandroid_runtime.so
I/DEBUG   (   77):     beb97a40  beb97a88  [stack]
I/DEBUG   (   77):     beb97a44  4001e01d  /system/lib/libc.so
I/DEBUG   (   77):     beb97a48  df0027ad  
I/DEBUG   (   77):     beb97a4c  00000000  
I/DEBUG   (   77): #00 beb97a50  00000000  
I/DEBUG   (   77):     beb97a54  0009a9e0  [heap]
I/DEBUG   (   77):     beb97a58  40a45448  /dev/ashmem/dalvik-heap (deleted)
I/DEBUG   (   77):     beb97a5c  d343726a  
I/DEBUG   (   77):     beb97a60  4083bdfd  /system/lib/libdvm.so
I/DEBUG   (   77):     beb97a64  fffffbdf  
I/DEBUG   (   77):     beb97a68  0000f2b8  [heap]
I/DEBUG   (   77):     beb97a6c  4019f96c  /system/lib/libandroid_runtime.so
I/DEBUG   (   77):     beb97a70  0000f2b8  [heap]
I/DEBUG   (   77):     beb97a74  401cb65b  /system/lib/libnativehelper.so
I/DEBUG   (   77): #01 beb97a78  4019f96c  /system/lib/libandroid_runtime.so
I/DEBUG   (   77):     beb97a7c  401cb65b  /system/lib/libnativehelper.so
I/DEBUG   (   77):     beb97a80  401a84c4  /system/lib/libandroid_runtime.so
I/DEBUG   (   77):     beb97a84  00000004  
I/DEBUG   (   77):     beb97a88  0000f2b8  [heap]
I/DEBUG   (   77):     beb97a8c  00000000  
I/DEBUG   (   77):     beb97a90  401a8fa8  /system/lib/libandroid_runtime.so
I/DEBUG   (   77):     beb97a94  4019f96c  /system/lib/libandroid_runtime.so
I/DEBUG   (   77):     beb97a98  0000f2b8  [heap]
I/DEBUG   (   77):     beb97a9c  4019f9bc  /system/lib/libandroid_runtime.so
I/DEBUG   (   77):     beb97aa0  00000001  
I/DEBUG   (   77):     beb97aa4  40181c81  /system/lib/libandroid_runtime.so
I/DEBUG   (   77):     beb97aa8  4019f96c  /system/lib/libandroid_runtime.so
I/DEBUG   (   77):     beb97aac  40149a41  /system/lib/libandroid_runtime.so
I/DEBUG   (   77):     beb97ab0  0000f2b8  [heap]
I/DEBUG   (   77):     beb97ab4  fffffe40  
I/DEBUG   (   77):     beb97ab8  beb97b94  [stack]
I/DEBUG   (   77):     beb97abc  40149a77  /system/lib/libandroid_runtime.so
I/ServiceManager(   74): service 'media.audio_flinger' died
I/ServiceManager(   74): service 'media.player' died
I/ServiceManager(   74): service 'media.camera' died
I/ServiceManager(   74): service 'media.audio_policy' died
I/Netd    (  281): Netd 1.0 starting
D/AndroidRuntime(  282): 
D/AndroidRuntime(  282): >>>>>> AndroidRuntime START com.android.internal.os.ZygoteInit <<<<<<
D/AndroidRuntime(  282): CheckJNI is OFF
I/        (  283): ServiceManager: 0xf958
I/HTC Acoustic(  283): libhtc_acoustic.so version 2.0.0.6.
I/HTC Acoustic(  283): deonvvv gingerbread test.
I/HTC Acoustic(  283): open /system/etc/AudioPara4_WB.csv success.
I/HTC Acoustic(  283): acoustic table version: MAL_WB_20110217
I/HTC Acoustic(  283): read_audio_para_from_file success.
E/HTC Acoustic(  283): Fail to open /system/etc/AudioPara_VODA-Spain.csv -1.
I/HTC Acoustic(  283): open /system/etc/AudioPara4.csv success.
I/HTC Acoustic(  283): acoustic table version: MAL_Gerenic_20110509
I/HTC Acoustic(  283): read_audio_para_from_file success.
W/dalvikvm(  282): VFY: unable to find class referenced in signature (Landroid/content/res/PackageRedirectionMap;)
I/dalvikvm(  282): Could not find method android.content.res.PackageRedirectionMap.getPackageId, referenced from method android.content.res.AssetManager.addRedirections
W/dalvikvm(  282): VFY: unable to resolve virtual method 10109: Landroid/content/res/PackageRedirectionMap;.getPackageId ()I
D/dalvikvm(  282): VFY: replacing opcode 0x6e at 0x000e
I/HTC Acoustic(  283): get_audpp_filter
I/HTC Acoustic(  283): open /system/etc/AudioFilter.csv success.
I/HTC Acoustic(  283): MBADRC Filter MBADRC FLAG = ffff.
E/HTC Acoustic(  283): set mbadrc filter error.
I/HTC Acoustic(  283): failed to set audpp parameters, exiting.
I/HTC Acoustic(  283): get_audpre_filter
I/HTC Acoustic(  283): open /system/etc/AudioPreProcess.csv success.
D/AudioHardwareMSM72XX(  283): mNumSndEndpoints = 151
V/AudioHardwareMSM72XX(  283): constructed 151 SND endpoints)
D/AudioHardwareMSM72XX(  283): BT MATCH HANDSET
D/AudioHardwareMSM72XX(  283): BT MATCH SPEAKER
D/AudioHardwareMSM72XX(  283): BT MATCH HEADSET
D/AudioHardwareMSM72XX(  283): BT MATCH BT
D/AudioHardwareMSM72XX(  283): BT MATCH CARKIT
D/AudioHardwareMSM72XX(  283): BT MATCH TTY_FULL
D/AudioHardwareMSM72XX(  283): BT MATCH TTY_VCO
D/AudioHardwareMSM72XX(  283): BT MATCH TTY_HCO
D/AudioHardwareMSM72XX(  283): BT MATCH NO_MIC_HEADSET
D/AudioHardwareMSM72XX(  283): BT MATCH FM_HEADSET
D/AudioHardwareMSM72XX(  283): BT MATCH HEADSET_AND_SPEAKER
D/AudioHardwareMSM72XX(  283): BT MATCH FM_SPEAKER
D/AudioHardwareMSM72XX(  283): BT MATCH BT_EC_OFF
D/AudioHardwareMSM72XX(  283): BT MATCH BT_EC_OFF
D/AudioHardwareMSM72XX(  283): BT MATCH CURRENT
I/AudioFlinger(  283): Loaded primary audio interface from LEGACY Audio HW HAL (audio)
I/AudioFlinger(  283): Using 'LEGACY Audio HW HAL' (audio.primary) as the primary audio interface
I/AudioFlinger(  283): Loaded a2dp audio interface from A2DP Audio HW HAL (audio)
D/AudioHardwareInterface(  283): setMode(NORMAL)
I/AudioHardwareMSM72XX(  283): Set master volume to 5.
I/CameraService(  283): CameraService started (pid=283)
E/HAL     (  283): load: module=/system/lib/hw/camera.marvel.so
E/HAL     (  283): Cannot load library: link_image[1965]:   283 could not load needed library 'libcamera.so' for 'camera.marvel.so' (reloc_library[1314]:   283 cannot locate '_debug_pthread_create'...
E/HAL     (  283): )
E/CameraService(  283): Could not load camera HAL module
I/AudioFlinger(  283): AudioFlinger's thread 0x17000 ready to run
W/AudioFlinger(  283): Thread AudioOut_1 cannot connect to the power manager service
V/AudioHardwareMSM72XX(  283): AudioStreamOutMSM72xx::setParameters() routing=2
V/AudioHardwareMSM72XX(  283): set output routing 2
I/AudioHardwareMSM72XX(  283): Routing audio to Speakerphone
V/AudioHardwareMSM72XX(  283): doAudioRouteOrMute() device 1, mMode 0, mMicMute 1
D/AudioHardwareMSM72XX(  283): setVoiceVolume(1.000000)
I/AudioHardwareMSM72XX(  283): Setting in-call volume to 5 (available range is 0 to 5)
I/AudioPolicyService(  283): Loaded audio policy from LEGACY Audio Policy HAL (audio_policy)
D/dalvikvm(  282): DexOpt: couldn't find field Landroid/database/sqlite/SQLiteDatabase;.mCanDumpMonitoredSql
W/dalvikvm(  282): VFY: unable to resolve instance field 9348
D/dalvikvm(  282): VFY: replacing opcode 0x55 at 0x0004
E/JNIHelp (  282): Native registration unable to find class 'com/android/server/NetworkManagementSocketTagger', aborting
F/libc    (  282): Fatal signal 11 (SIGSEGV) at 0xdeadbaad (code=1)
I/DEBUG   (   77): *** *** *** *** *** *** *** *** *** *** *** *** *** *** *** ***
I/DEBUG   (   77): Build fingerprint: 'htc_europe/htc_golfu/golfu:4.0.3/IML74K/62541.1:user/release-keys'
I/DEBUG   (   77): pid: 282, tid: 282  >>> zygote <<<
I/DEBUG   (   77): signal 11 (SIGSEGV), code 1 (SEGV_MAPERR), fault addr deadbaad
I/DEBUG   (   77):  r0 deadbaad  r1 0000000c  r2 00000027  r3 a0000000
I/DEBUG   (   77):  r4 00000000  r5 00000080  r6 40199b7c  r7 be8dca88
I/DEBUG   (   77):  r8 00000000  r9 00000000  10 00000000  fp 00000000
I/DEBUG   (   77):  ip ffffffff  sp be8dca50  lr 4001ee9f  pc 4001b656  cpsr 00000030
I/DEBUG   (   77):  d0  3f4000003f400000  d1  0000000000000000
I/DEBUG   (   77):  d2  0000000000000000  d3  0000000000000000
I/DEBUG   (   77):  d4  0000000000000000  d5  0000000000000000
I/DEBUG   (   77):  d6  0000000000000000  d7  000000003f800000
I/DEBUG   (   77):  d8  0000000000000000  d9  0000000000000000
I/DEBUG   (   77):  d10 0000000000000000  d11 0000000000000000
I/DEBUG   (   77):  d12 0000000000000000  d13 0000000000000000
I/DEBUG   (   77):  d14 0000000000000000  d15 0000000000000000
I/DEBUG   (   77):  scr 60000000
I/DEBUG   (   77): 
I/DEBUG   (   77):          #00  pc 00017656  /system/lib/libc.so
I/DEBUG   (   77):          #01  pc 0000c658  /system/lib/libnativehelper.so (jniRegisterNativeMethods)
I/DEBUG   (   77): 
I/DEBUG   (   77): code around pc:
I/DEBUG   (   77): 4001b634 1c2bd00c 2d00682d e027d1fb 2a0068da  ..+.-h.-..'..h.*
I/DEBUG   (   77): 4001b644 4b16d004 447b2001 47906018 22274814  ...K. {D.`.G.H'"
I/DEBUG   (   77): 4001b654 70022580 ef8cf7f4 f7f62106 aa01e81a  .%.p.....!......
I/DEBUG   (   77): 4001b664 05692400 60546091 20061c11 f7f59401  .$i..`T`... ....
I/DEBUG   (   77): 4001b674 a905ebe6 20022200 ebeef7f5 ef78f7f4  .....". ......x.
I/DEBUG   (   77): 
I/DEBUG   (   77): code around lr:
I/DEBUG   (   77): 4001ee7c 4b0db5f0 447bb083 681c2600 68a59001  ...K..{D.&.h...h
I/DEBUG   (   77): 4001ee8c e0086867 5ea8220c dd032800 99011c28  gh...".^.(..(...
I/DEBUG   (   77): 4001ee9c 43064788 3f013554 6824d5f4 d1ee2c00  .G.CT5.?..$h.,..
I/DEBUG   (   77): 4001eeac 1c30b003 46c0bdf0 00028662 1c0fb5f0  ..0....Fb.......
I/DEBUG   (   77): 4001eebc b0891c3d a9064355 604d9103 90064914  =...UC....M`.I..
I/DEBUG   (   77): 
I/DEBUG   (   77): memory map around addr deadbaad:
I/DEBUG   (   77): be8bc000-be8dd000 [stack]
I/DEBUG   (   77): (no map for address)
I/DEBUG   (   77): (no map above)
I/DEBUG   (   77): 
I/DEBUG   (   77): stack:
I/DEBUG   (   77):     be8dca10  40a45448  /dev/ashmem/dalvik-heap (deleted)
I/DEBUG   (   77):     be8dca14  00012800  [heap]
I/DEBUG   (   77):     be8dca18  40047720  /system/lib/libc.so
I/DEBUG   (   77):     be8dca1c  400476b0  /system/lib/libc.so
I/DEBUG   (   77):     be8dca20  00000000  
I/DEBUG   (   77):     be8dca24  4001ee9f  /system/lib/libc.so
I/DEBUG   (   77):     be8dca28  00000000  
I/DEBUG   (   77):     be8dca2c  4001dc05  /system/lib/libc.so
I/DEBUG   (   77):     be8dca30  00000000  
I/DEBUG   (   77):     be8dca34  00000000  
I/DEBUG   (   77):     be8dca38  00000000  
I/DEBUG   (   77):     be8dca3c  40199b7c  /system/lib/libandroid_runtime.so
I/DEBUG   (   77):     be8dca40  be8dca88  [stack]
I/DEBUG   (   77):     be8dca44  4001e01d  /system/lib/libc.so
I/DEBUG   (   77):     be8dca48  df0027ad  
I/DEBUG   (   77):     be8dca4c  00000000  
I/DEBUG   (   77): #00 be8dca50  00000000  
I/DEBUG   (   77):     be8dca54  00012c68  [heap]
I/DEBUG   (   77):     be8dca58  40a45448  /dev/ashmem/dalvik-heap (deleted)
I/DEBUG   (   77):     be8dca5c  5010a0b0  
I/DEBUG   (   77):     be8dca60  4083bdfd  /system/lib/libdvm.so
I/DEBUG   (   77):     be8dca64  fffffbdf  
I/DEBUG   (   77):     be8dca68  0000f2b8  [heap]
I/DEBUG   (   77):     be8dca6c  4019f96c  /system/lib/libandroid_runtime.so
I/DEBUG   (   77):     be8dca70  0000f2b8  [heap]
I/DEBUG   (   77):     be8dca74  401cb65b  /system/lib/libnativehelper.so
I/DEBUG   (   77): #01 be8dca78  4019f96c  /system/lib/libandroid_runtime.so
I/DEBUG   (   77):     be8dca7c  401cb65b  /system/lib/libnativehelper.so
I/DEBUG   (   77):     be8dca80  401a84c4  /system/lib/libandroid_runtime.so
I/DEBUG   (   77):     be8dca84  00000004  
I/DEBUG   (   77):     be8dca88  0000f2b8  [heap]
I/DEBUG   (   77):     be8dca8c  00000000  
I/DEBUG   (   77):     be8dca90  401a8fa8  /system/lib/libandroid_runtime.so
I/DEBUG   (   77):     be8dca94  4019f96c  /system/lib/libandroid_runtime.so
I/DEBUG   (   77):     be8dca98  0000f2b8  [heap]
I/DEBUG   (   77):     be8dca9c  4019f9bc  /system/lib/libandroid_runtime.so
I/DEBUG   (   77):     be8dcaa0  00000001  
I/DEBUG   (   77):     be8dcaa4  40181c81  /system/lib/libandroid_runtime.so
I/DEBUG   (   77):     be8dcaa8  4019f96c  /system/lib/libandroid_runtime.so
I/DEBUG   (   77):     be8dcaac  40149a41  /system/lib/libandroid_runtime.so
I/DEBUG   (   77):     be8dcab0  0000f2b8  [heap]
I/DEBUG   (   77):     be8dcab4  fffffe40  
I/DEBUG   (   77):     be8dcab8  be8dcb94  [stack]
I/DEBUG   (   77):     be8dcabc  40149a77  /system/lib/libandroid_runtime.so
I/ServiceManager(   74): service 'media.audio_flinger' died
I/ServiceManager(   74): service 'media.player' died
I/ServiceManager(   74): service 'media.camera' died
I/ServiceManager(   74): service 'media.audio_policy' died
I/Netd    (  308): Netd 1.0 starting
D/AndroidRuntime(  309): 
D/AndroidRuntime(  309): >>>>>> AndroidRuntime START com.android.internal.os.ZygoteInit <<<<<<
D/AndroidRuntime(  309): CheckJNI is OFF
I/        (  310): ServiceManager: 0xf958
I/HTC Acoustic(  310): libhtc_acoustic.so version 2.0.0.6.
I/HTC Acoustic(  310): deonvvv gingerbread test.
I/HTC Acoustic(  310): open /system/etc/AudioPara4_WB.csv success.
I/HTC Acoustic(  310): acoustic table version: MAL_WB_20110217
I/HTC Acoustic(  310): read_audio_para_from_file success.
E/HTC Acoustic(  310): Fail to open /system/etc/AudioPara_VODA-Spain.csv -1.
I/HTC Acoustic(  310): open /system/etc/AudioPara4.csv success.
I/HTC Acoustic(  310): acoustic table version: MAL_Gerenic_20110509
I/HTC Acoustic(  310): read_audio_para_from_file success.
I/HTC Acoustic(  310): get_audpp_filter
I/HTC Acoustic(  310): open /system/etc/AudioFilter.csv success.
I/HTC Acoustic(  310): MBADRC Filter MBADRC FLAG = ffff.
E/HTC Acoustic(  310): set mbadrc filter error.
I/HTC Acoustic(  310): failed to set audpp parameters, exiting.
I/HTC Acoustic(  310): get_audpre_filter
I/HTC Acoustic(  310): open /system/etc/AudioPreProcess.csv success.
D/AudioHardwareMSM72XX(  310): mNumSndEndpoints = 151
V/AudioHardwareMSM72XX(  310): constructed 151 SND endpoints)
D/AudioHardwareMSM72XX(  310): BT MATCH HANDSET
D/AudioHardwareMSM72XX(  310): BT MATCH SPEAKER
D/AudioHardwareMSM72XX(  310): BT MATCH HEADSET
D/AudioHardwareMSM72XX(  310): BT MATCH BT
D/AudioHardwareMSM72XX(  310): BT MATCH CARKIT
D/AudioHardwareMSM72XX(  310): BT MATCH TTY_FULL
D/AudioHardwareMSM72XX(  310): BT MATCH TTY_VCO
D/AudioHardwareMSM72XX(  310): BT MATCH TTY_HCO
D/AudioHardwareMSM72XX(  310): BT MATCH NO_MIC_HEADSET
D/AudioHardwareMSM72XX(  310): BT MATCH FM_HEADSET
D/AudioHardwareMSM72XX(  310): BT MATCH HEADSET_AND_SPEAKER
D/AudioHardwareMSM72XX(  310): BT MATCH FM_SPEAKER
D/AudioHardwareMSM72XX(  310): BT MATCH BT_EC_OFF
D/AudioHardwareMSM72XX(  310): BT MATCH BT_EC_OFF
D/AudioHardwareMSM72XX(  310): BT MATCH CURRENT
I/AudioFlinger(  310): Loaded primary audio interface from LEGACY Audio HW HAL (audio)
I/AudioFlinger(  310): Using 'LEGACY Audio HW HAL' (audio.primary) as the primary audio interface
I/AudioFlinger(  310): Loaded a2dp audio interface from A2DP Audio HW HAL (audio)
W/dalvikvm(  309): VFY: unable to find class referenced in signature (Landroid/content/res/PackageRedirectionMap;)
D/AudioHardwareInterface(  310): setMode(NORMAL)
I/AudioHardwareMSM72XX(  310): Set master volume to 5.
I/CameraService(  310): CameraService started (pid=310)
E/HAL     (  310): load: module=/system/lib/hw/camera.marvel.so
E/HAL     (  310): Cannot load library: link_image[1965]:   310 could not load needed library 'libcamera.so' for 'camera.marvel.so' (reloc_library[1314]:   310 cannot locate '_debug_pthread_create'...
E/HAL     (  310): )
E/CameraService(  310): Could not load camera HAL module
I/dalvikvm(  309): Could not find method android.content.res.PackageRedirectionMap.getPackageId, referenced from method android.content.res.AssetManager.addRedirections
W/dalvikvm(  309): VFY: unable to resolve virtual method 10109: Landroid/content/res/PackageRedirectionMap;.getPackageId ()I
D/dalvikvm(  309): VFY: replacing opcode 0x6e at 0x000e
I/AudioFlinger(  310): AudioFlinger's thread 0x16f98 ready to run
W/AudioFlinger(  310): Thread AudioOut_1 cannot connect to the power manager service
V/AudioHardwareMSM72XX(  310): AudioStreamOutMSM72xx::setParameters() routing=2
V/AudioHardwareMSM72XX(  310): set output routing 2
I/AudioHardwareMSM72XX(  310): Routing audio to Speakerphone
V/AudioHardwareMSM72XX(  310): doAudioRouteOrMute() device 1, mMode 0, mMicMute 1
D/AudioHardwareMSM72XX(  310): setVoiceVolume(1.000000)
I/AudioHardwareMSM72XX(  310): Setting in-call volume to 5 (available range is 0 to 5)
I/AudioPolicyService(  310): Loaded audio policy from LEGACY Audio Policy HAL (audio_policy)
D/dalvikvm(  309): DexOpt: couldn't find field Landroid/database/sqlite/SQLiteDatabase;.mCanDumpMonitoredSql
W/dalvikvm(  309): VFY: unable to resolve instance field 9348
D/dalvikvm(  309): VFY: replacing opcode 0x55 at 0x0004
E/JNIHelp (  309): Native registration unable to find class 'com/android/server/NetworkManagementSocketTagger', aborting
F/libc    (  309): Fatal signal 11 (SIGSEGV) at 0xdeadbaad (code=1)
I/DEBUG   (   77): *** *** *** *** *** *** *** *** *** *** *** *** *** *** *** ***
I/DEBUG   (   77): Build fingerprint: 'htc_europe/htc_golfu/golfu:4.0.3/IML74K/62541.1:user/release-keys'
I/DEBUG   (   77): pid: 309, tid: 309  >>> zygote <<<
I/DEBUG   (   77): signal 11 (SIGSEGV), code 1 (SEGV_MAPERR), fault addr deadbaad
I/DEBUG   (   77):  r0 deadbaad  r1 0000000c  r2 00000027  r3 a0000000
I/DEBUG   (   77):  r4 00000000  r5 00000080  r6 40199b7c  r7 bea6aa88
I/DEBUG   (   77):  r8 00000000  r9 00000000  10 00000000  fp 00000000
I/DEBUG   (   77):  ip ffffffff  sp bea6aa50  lr 4001ee9f  pc 4001b656  cpsr 00000030
I/DEBUG   (   77):  d0  3f4000003f400000  d1  0000000000000000
I/DEBUG   (   77):  d2  0000000000000000  d3  0000000000000000
I/DEBUG   (   77):  d4  0000000000000000  d5  0000000000000000
I/DEBUG   (   77):  d6  0000000000000000  d7  000000003f800000
I/DEBUG   (   77):  d8  0000000000000000  d9  0000000000000000
I/DEBUG   (   77):  d10 0000000000000000  d11 0000000000000000
I/DEBUG   (   77):  d12 0000000000000000  d13 0000000000000000
I/DEBUG   (   77):  d14 0000000000000000  d15 0000000000000000
I/DEBUG   (   77):  scr 60000000
I/DEBUG   (   77): 
I/DEBUG   (   77):          #00  pc 00017656  /system/lib/libc.so
I/DEBUG   (   77):          #01  pc 0000c658  /system/lib/libnativehelper.so (jniRegisterNativeMethods)
I/DEBUG   (   77): 
I/DEBUG   (   77): code around pc:
I/DEBUG   (   77): 4001b634 1c2bd00c 2d00682d e027d1fb 2a0068da  ..+.-h.-..'..h.*
I/DEBUG   (   77): 4001b644 4b16d004 447b2001 47906018 22274814  ...K. {D.`.G.H'"
I/DEBUG   (   77): 4001b654 70022580 ef8cf7f4 f7f62106 aa01e81a  .%.p.....!......
I/DEBUG   (   77): 4001b664 05692400 60546091 20061c11 f7f59401  .$i..`T`... ....
I/DEBUG   (   77): 4001b674 a905ebe6 20022200 ebeef7f5 ef78f7f4  .....". ......x.
I/DEBUG   (   77): 
I/DEBUG   (   77): code around lr:
I/DEBUG   (   77): 4001ee7c 4b0db5f0 447bb083 681c2600 68a59001  ...K..{D.&.h...h
I/DEBUG   (   77): 4001ee8c e0086867 5ea8220c dd032800 99011c28  gh...".^.(..(...
I/DEBUG   (   77): 4001ee9c 43064788 3f013554 6824d5f4 d1ee2c00  .G.CT5.?..$h.,..
I/DEBUG   (   77): 4001eeac 1c30b003 46c0bdf0 00028662 1c0fb5f0  ..0....Fb.......
I/DEBUG   (   77): 4001eebc b0891c3d a9064355 604d9103 90064914  =...UC....M`.I..
I/DEBUG   (   77): 
I/DEBUG   (   77): memory map around addr deadbaad:
I/DEBUG   (   77): bea4a000-bea6b000 [stack]
I/DEBUG   (   77): (no map for address)
I/DEBUG   (   77): (no map above)
I/DEBUG   (   77): 
I/DEBUG   (   77): stack:
I/DEBUG   (   77):     bea6aa10  40a45448  /dev/ashmem/dalvik-heap (deleted)
I/DEBUG   (   77):     bea6aa14  00012800  [heap]
I/DEBUG   (   77):     bea6aa18  40047720  /system/lib/libc.so
I/DEBUG   (   77):     bea6aa1c  400476b0  /system/lib/libc.so
I/DEBUG   (   77):     bea6aa20  00000000  
I/DEBUG   (   77):     bea6aa24  4001ee9f  /system/lib/libc.so
I/DEBUG   (   77):     bea6aa28  00000000  
I/DEBUG   (   77):     bea6aa2c  4001dc05  /system/lib/libc.so
I/DEBUG   (   77):     bea6aa30  00000000  
I/DEBUG   (   77):     bea6aa34  00000000  
I/DEBUG   (   77):     bea6aa38  00000000  
I/DEBUG   (   77):     bea6aa3c  40199b7c  /system/lib/libandroid_runtime.so
I/DEBUG   (   77):     bea6aa40  bea6aa88  [stack]
I/DEBUG   (   77):     bea6aa44  4001e01d  /system/lib/libc.so
I/DEBUG   (   77):     bea6aa48  df0027ad  
I/DEBUG   (   77):     bea6aa4c  00000000  
I/DEBUG   (   77): #00 bea6aa50  00000000  
I/DEBUG   (   77):     bea6aa54  00012cc8  [heap]
I/DEBUG   (   77):     bea6aa58  40a45448  /dev/ashmem/dalvik-heap (deleted)
I/DEBUG   (   77):     bea6aa5c  a4463493  
I/DEBUG   (   77):     bea6aa60  4083bdfd  /system/lib/libdvm.so
I/DEBUG   (   77):     bea6aa64  fffffbdf  
I/DEBUG   (   77):     bea6aa68  0000f2b8  [heap]
I/DEBUG   (   77):     bea6aa6c  4019f96c  /system/lib/libandroid_runtime.so
I/DEBUG   (   77):     bea6aa70  0000f2b8  [heap]
I/DEBUG   (   77):     bea6aa74  401cb65b  /system/lib/libnativehelper.so
I/DEBUG   (   77): #01 bea6aa78  4019f96c  /system/lib/libandroid_runtime.so
I/DEBUG   (   77):     bea6aa7c  401cb65b  /system/lib/libnativehelper.so
I/DEBUG   (   77):     bea6aa80  401a84c4  /system/lib/libandroid_runtime.so
I/DEBUG   (   77):     bea6aa84  00000004  
I/DEBUG   (   77):     bea6aa88  0000f2b8  [heap]
I/DEBUG   (   77):     bea6aa8c  00000000  
I/DEBUG   (   77):     bea6aa90  401a8fa8  /system/lib/libandroid_runtime.so
I/DEBUG   (   77):     bea6aa94  4019f96c  /system/lib/libandroid_runtime.so
I/DEBUG   (   77):     bea6aa98  0000f2b8  [heap]
I/DEBUG   (   77):     bea6aa9c  4019f9bc  /system/lib/libandroid_runtime.so
I/DEBUG   (   77):     bea6aaa0  00000001  
I/DEBUG   (   77):     bea6aaa4  40181c81  /system/lib/libandroid_runtime.so
I/DEBUG   (   77):     bea6aaa8  4019f96c  /system/lib/libandroid_runtime.so
I/DEBUG   (   77):     bea6aaac  40149a41  /system/lib/libandroid_runtime.so
I/DEBUG   (   77):     bea6aab0  0000f2b8  [heap]
I/DEBUG   (   77):     bea6aab4  fffffe40  
I/DEBUG   (   77):     bea6aab8  bea6ab94  [stack]
I/DEBUG   (   77):     bea6aabc  40149a77  /system/lib/libandroid_runtime.so
I/ServiceManager(   74): service 'media.audio_flinger' died
I/ServiceManager(   74): service 'media.player' died
I/ServiceManager(   74): service 'media.camera' died
I/ServiceManager(   74): service 'media.audio_policy' died
I/Netd    (  335): Netd 1.0 starting
D/AndroidRuntime(  336): 
D/AndroidRuntime(  336): >>>>>> AndroidRuntime START com.android.internal.os.ZygoteInit <<<<<<
D/AndroidRuntime(  336): CheckJNI is OFF
I/        (  337): ServiceManager: 0xf958
I/HTC Acoustic(  337): libhtc_acoustic.so version 2.0.0.6.
I/HTC Acoustic(  337): deonvvv gingerbread test.
I/HTC Acoustic(  337): open /system/etc/AudioPara4_WB.csv success.
I/HTC Acoustic(  337): acoustic table version: MAL_WB_20110217
I/HTC Acoustic(  337): read_audio_para_from_file success.
E/HTC Acoustic(  337): Fail to open /system/etc/AudioPara_VODA-Spain.csv -1.
I/HTC Acoustic(  337): open /system/etc/AudioPara4.csv success.
I/HTC Acoustic(  337): acoustic table version: MAL_Gerenic_20110509
I/HTC Acoustic(  337): read_audio_para_from_file success.
I/HTC Acoustic(  337): get_audpp_filter
I/HTC Acoustic(  337): open /system/etc/AudioFilter.csv success.
I/HTC Acoustic(  337): MBADRC Filter MBADRC FLAG = ffff.
E/HTC Acoustic(  337): set mbadrc filter error.
I/HTC Acoustic(  337): failed to set audpp parameters, exiting.
I/HTC Acoustic(  337): get_audpre_filter
I/HTC Acoustic(  337): open /system/etc/AudioPreProcess.csv success.
D/AudioHardwareMSM72XX(  337): mNumSndEndpoints = 151
V/AudioHardwareMSM72XX(  337): constructed 151 SND endpoints)
D/AudioHardwareMSM72XX(  337): BT MATCH HANDSET
D/AudioHardwareMSM72XX(  337): BT MATCH SPEAKER
D/AudioHardwareMSM72XX(  337): BT MATCH HEADSET
D/AudioHardwareMSM72XX(  337): BT MATCH BT
D/AudioHardwareMSM72XX(  337): BT MATCH CARKIT
D/AudioHardwareMSM72XX(  337): BT MATCH TTY_FULL
D/AudioHardwareMSM72XX(  337): BT MATCH TTY_VCO
D/AudioHardwareMSM72XX(  337): BT MATCH TTY_HCO
D/AudioHardwareMSM72XX(  337): BT MATCH NO_MIC_HEADSET
D/AudioHardwareMSM72XX(  337): BT MATCH FM_HEADSET
D/AudioHardwareMSM72XX(  337): BT MATCH HEADSET_AND_SPEAKER
D/AudioHardwareMSM72XX(  337): BT MATCH FM_SPEAKER
D/AudioHardwareMSM72XX(  337): BT MATCH BT_EC_OFF
D/AudioHardwareMSM72XX(  337): BT MATCH BT_EC_OFF
D/AudioHardwareMSM72XX(  337): BT MATCH CURRENT
I/AudioFlinger(  337): Loaded primary audio interface from LEGACY Audio HW HAL (audio)
I/AudioFlinger(  337): Using 'LEGACY Audio HW HAL' (audio.primary) as the primary audio interface
I/AudioFlinger(  337): Loaded a2dp audio interface from A2DP Audio HW HAL (audio)
D/AudioHardwareInterface(  337): setMode(NORMAL)
I/AudioHardwareMSM72XX(  337): Set master volume to 5.
I/CameraService(  337): CameraService started (pid=337)
E/HAL     (  337): load: module=/system/lib/hw/camera.marvel.so
E/HAL     (  337): Cannot load library: link_image[1965]:   337 could not load needed library 'libcamera.so' for 'camera.marvel.so' (reloc_library[1314]:   337 cannot locate '_debug_pthread_create'...
E/HAL     (  337): )
E/CameraService(  337): Could not load camera HAL module
W/dalvikvm(  336): VFY: unable to find class referenced in signature (Landroid/content/res/PackageRedirectionMap;)
I/dalvikvm(  336): Could not find method android.content.res.PackageRedirectionMap.getPackageId, referenced from method android.content.res.AssetManager.addRedirections
W/dalvikvm(  336): VFY: unable to resolve virtual method 10109: Landroid/content/res/PackageRedirectionMap;.getPackageId ()I
D/dalvikvm(  336): VFY: replacing opcode 0x6e at 0x000e
I/AudioFlinger(  337): AudioFlinger's thread 0x17000 ready to run
W/AudioFlinger(  337): Thread AudioOut_1 cannot connect to the power manager service
V/AudioHardwareMSM72XX(  337): AudioStreamOutMSM72xx::setParameters() routing=2
V/AudioHardwareMSM72XX(  337): set output routing 2
I/AudioHardwareMSM72XX(  337): Routing audio to Speakerphone
V/AudioHardwareMSM72XX(  337): doAudioRouteOrMute() device 1, mMode 0, mMicMute 1
D/AudioHardwareMSM72XX(  337): setVoiceVolume(1.000000)
I/AudioHardwareMSM72XX(  337): Setting in-call volume to 5 (available range is 0 to 5)
I/AudioPolicyService(  337): Loaded audio policy from LEGACY Audio Policy HAL (audio_policy)
D/dalvikvm(  336): DexOpt: couldn't find field Landroid/database/sqlite/SQLiteDatabase;.mCanDumpMonitoredSql
W/dalvikvm(  336): VFY: unable to resolve instance field 9348
D/dalvikvm(  336): VFY: replacing opcode 0x55 at 0x0004
E/JNIHelp (  336): Native registration unable to find class 'com/android/server/NetworkManagementSocketTagger', aborting
F/libc    (  336): Fatal signal 11 (SIGSEGV) at 0xdeadbaad (code=1)
I/DEBUG   (   77): *** *** *** *** *** *** *** *** *** *** *** *** *** *** *** ***
I/DEBUG   (   77): Build fingerprint: 'htc_europe/htc_golfu/golfu:4.0.3/IML74K/62541.1:user/release-keys'
I/DEBUG   (   77): pid: 336, tid: 336  >>> zygote <<<
I/DEBUG   (   77): signal 11 (SIGSEGV), code 1 (SEGV_MAPERR), fault addr deadbaad
I/DEBUG   (   77):  r0 deadbaad  r1 0000000c  r2 00000027  r3 a0000000
I/DEBUG   (   77):  r4 00000000  r5 00000080  r6 40199b7c  r7 bee40a88
I/DEBUG   (   77):  r8 00000000  r9 00000000  10 00000000  fp 00000000
I/DEBUG   (   77):  ip ffffffff  sp bee40a50  lr 4001ee9f  pc 4001b656  cpsr 00000030
I/DEBUG   (   77):  d0  3f4000003f400000  d1  0000000000000000
I/DEBUG   (   77):  d2  0000000000000000  d3  0000000000000000
I/DEBUG   (   77):  d4  0000000000000000  d5  0000000000000000
I/DEBUG   (   77):  d6  0000000000000000  d7  000000003f800000
I/DEBUG   (   77):  d8  0000000000000000  d9  0000000000000000
I/DEBUG   (   77):  d10 0000000000000000  d11 0000000000000000
I/DEBUG   (   77):  d12 0000000000000000  d13 0000000000000000
I/DEBUG   (   77):  d14 0000000000000000  d15 0000000000000000
I/DEBUG   (   77):  scr 60000000
I/DEBUG   (   77): 
I/DEBUG   (   77):          #00  pc 00017656  /system/lib/libc.so
I/DEBUG   (   77):          #01  pc 0000c658  /system/lib/libnativehelper.so (jniRegisterNativeMethods)
I/DEBUG   (   77): 
I/DEBUG   (   77): code around pc:
I/DEBUG   (   77): 4001b634 1c2bd00c 2d00682d e027d1fb 2a0068da  ..+.-h.-..'..h.*
I/DEBUG   (   77): 4001b644 4b16d004 447b2001 47906018 22274814  ...K. {D.`.G.H'"
I/DEBUG   (   77): 4001b654 70022580 ef8cf7f4 f7f62106 aa01e81a  .%.p.....!......
I/DEBUG   (   77): 4001b664 05692400 60546091 20061c11 f7f59401  .$i..`T`... ....
I/DEBUG   (   77): 4001b674 a905ebe6 20022200 ebeef7f5 ef78f7f4  .....". ......x.
I/DEBUG   (   77): 
I/DEBUG   (   77): code around lr:
I/DEBUG   (   77): 4001ee7c 4b0db5f0 447bb083 681c2600 68a59001  ...K..{D.&.h...h
I/DEBUG   (   77): 4001ee8c e0086867 5ea8220c dd032800 99011c28  gh...".^.(..(...
I/DEBUG   (   77): 4001ee9c 43064788 3f013554 6824d5f4 d1ee2c00  .G.CT5.?..$h.,..
I/DEBUG   (   77): 4001eeac 1c30b003 46c0bdf0 00028662 1c0fb5f0  ..0....Fb.......
I/DEBUG   (   77): 4001eebc b0891c3d a9064355 604d9103 90064914  =...UC....M`.I..
I/DEBUG   (   77): 
I/DEBUG   (   77): memory map around addr deadbaad:
I/DEBUG   (   77): bee20000-bee41000 [stack]
I/DEBUG   (   77): (no map for address)
I/DEBUG   (   77): (no map above)
I/DEBUG   (   77): 
I/DEBUG   (   77): stack:
I/DEBUG   (   77):     bee40a10  40a45448  /dev/ashmem/dalvik-heap (deleted)
I/DEBUG   (   77):     bee40a14  00012800  [heap]
I/DEBUG   (   77):     bee40a18  40047720  /system/lib/libc.so
I/DEBUG   (   77):     bee40a1c  400476b0  /system/lib/libc.so
I/DEBUG   (   77):     bee40a20  00000000  
I/DEBUG   (   77):     bee40a24  4001ee9f  /system/lib/libc.so
I/DEBUG   (   77):     bee40a28  00000000  
I/DEBUG   (   77):     bee40a2c  4001dc05  /system/lib/libc.so
I/DEBUG   (   77):     bee40a30  00000000  
I/DEBUG   (   77):     bee40a34  00000000  
I/DEBUG   (   77):     bee40a38  00000000  
I/DEBUG   (   77):     bee40a3c  40199b7c  /system/lib/libandroid_runtime.so
I/DEBUG   (   77):     bee40a40  bee40a88  [stack]
I/DEBUG   (   77):     bee40a44  4001e01d  /system/lib/libc.so
I/DEBUG   (   77):     bee40a48  df0027ad  
I/DEBUG   (   77):     bee40a4c  00000000  
I/DEBUG   (   77): #00 bee40a50  00000000  
I/DEBUG   (   77):     bee40a54  0009a4c0  [heap]
I/DEBUG   (   77):     bee40a58  40a45448  /dev/ashmem/dalvik-heap (deleted)
I/DEBUG   (   77):     bee40a5c  a4a2af64  
I/DEBUG   (   77):     bee40a60  4083bdfd  /system/lib/libdvm.so
I/DEBUG   (   77):     bee40a64  fffffbdf  
I/DEBUG   (   77):     bee40a68  0000f2b8  [heap]
I/DEBUG   (   77):     bee40a6c  4019f96c  /system/lib/libandroid_runtime.so
I/DEBUG   (   77):     bee40a70  0000f2b8  [heap]
I/DEBUG   (   77):     bee40a74  401cb65b  /system/lib/libnativehelper.so
I/DEBUG   (   77): #01 bee40a78  4019f96c  /system/lib/libandroid_runtime.so
I/DEBUG   (   77):     bee40a7c  401cb65b  /system/lib/libnativehelper.so
I/DEBUG   (   77):     bee40a80  401a84c4  /system/lib/libandroid_runtime.so
I/DEBUG   (   77):     bee40a84  00000004  
I/DEBUG   (   77):     bee40a88  0000f2b8  [heap]
I/DEBUG   (   77):     bee40a8c  00000000  
I/DEBUG   (   77):     bee40a90  401a8fa8  /system/lib/libandroid_runtime.so
I/DEBUG   (   77):     bee40a94  4019f96c  /system/lib/libandroid_runtime.so
I/DEBUG   (   77):     bee40a98  0000f2b8  [heap]
I/DEBUG   (   77):     bee40a9c  4019f9bc  /system/lib/libandroid_runtime.so
I/DEBUG   (   77):     bee40aa0  00000001  
I/DEBUG   (   77):     bee40aa4  40181c81  /system/lib/libandroid_runtime.so
I/DEBUG   (   77):     bee40aa8  4019f96c  /system/lib/libandroid_runtime.so
I/DEBUG   (   77):     bee40aac  40149a41  /system/lib/libandroid_runtime.so
I/DEBUG   (   77):     bee40ab0  0000f2b8  [heap]
I/DEBUG   (   77):     bee40ab4  fffffe40  
I/DEBUG   (   77):     bee40ab8  bee40b94  [stack]
I/DEBUG   (   77):     bee40abc  40149a77  /system/lib/libandroid_runtime.so
I/ServiceManager(   74): service 'media.audio_flinger' died
I/ServiceManager(   74): service 'media.player' died
I/ServiceManager(   74): service 'media.camera' died
I/ServiceManager(   74): service 'media.audio_policy' died
I/Netd    (  362): Netd 1.0 starting
D/AndroidRuntime(  363): 
D/AndroidRuntime(  363): >>>>>> AndroidRuntime START com.android.internal.os.ZygoteInit <<<<<<
D/AndroidRuntime(  363): CheckJNI is OFF
I/        (  364): ServiceManager: 0xf958
I/HTC Acoustic(  364): libhtc_acoustic.so version 2.0.0.6.
I/HTC Acoustic(  364): deonvvv gingerbread test.
I/HTC Acoustic(  364): open /system/etc/AudioPara4_WB.csv success.
I/HTC Acoustic(  364): acoustic table version: MAL_WB_20110217
I/HTC Acoustic(  364): read_audio_para_from_file success.
E/HTC Acoustic(  364): Fail to open /system/etc/AudioPara_VODA-Spain.csv -1.
I/HTC Acoustic(  364): open /system/etc/AudioPara4.csv success.
I/HTC Acoustic(  364): acoustic table version: MAL_Gerenic_20110509
I/HTC Acoustic(  364): read_audio_para_from_file success.
W/dalvikvm(  363): VFY: unable to find class referenced in signature (Landroid/content/res/PackageRedirectionMap;)
I/dalvikvm(  363): Could not find method android.content.res.PackageRedirectionMap.getPackageId, referenced from method android.content.res.AssetManager.addRedirections
W/dalvikvm(  363): VFY: unable to resolve virtual method 10109: Landroid/content/res/PackageRedirectionMap;.getPackageId ()I
D/dalvikvm(  363): VFY: replacing opcode 0x6e at 0x000e
I/HTC Acoustic(  364): get_audpp_filter
I/HTC Acoustic(  364): open /system/etc/AudioFilter.csv success.
I/HTC Acoustic(  364): MBADRC Filter MBADRC FLAG = ffff.
E/HTC Acoustic(  364): set mbadrc filter error.
I/HTC Acoustic(  364): failed to set audpp parameters, exiting.
I/HTC Acoustic(  364): get_audpre_filter
I/HTC Acoustic(  364): open /system/etc/AudioPreProcess.csv success.
D/AudioHardwareMSM72XX(  364): mNumSndEndpoints = 151
V/AudioHardwareMSM72XX(  364): constructed 151 SND endpoints)
D/AudioHardwareMSM72XX(  364): BT MATCH HANDSET
D/AudioHardwareMSM72XX(  364): BT MATCH SPEAKER
D/AudioHardwareMSM72XX(  364): BT MATCH HEADSET
D/AudioHardwareMSM72XX(  364): BT MATCH BT
D/AudioHardwareMSM72XX(  364): BT MATCH CARKIT
D/AudioHardwareMSM72XX(  364): BT MATCH TTY_FULL
D/AudioHardwareMSM72XX(  364): BT MATCH TTY_VCO
D/AudioHardwareMSM72XX(  364): BT MATCH TTY_HCO
D/AudioHardwareMSM72XX(  364): BT MATCH NO_MIC_HEADSET
D/AudioHardwareMSM72XX(  364): BT MATCH FM_HEADSET
D/AudioHardwareMSM72XX(  364): BT MATCH HEADSET_AND_SPEAKER
D/AudioHardwareMSM72XX(  364): BT MATCH FM_SPEAKER
D/AudioHardwareMSM72XX(  364): BT MATCH BT_EC_OFF
D/AudioHardwareMSM72XX(  364): BT MATCH BT_EC_OFF
D/AudioHardwareMSM72XX(  364): BT MATCH CURRENT
I/AudioFlinger(  364): Loaded primary audio interface from LEGACY Audio HW HAL (audio)
I/AudioFlinger(  364): Using 'LEGACY Audio HW HAL' (audio.primary) as the primary audio interface
I/AudioFlinger(  364): Loaded a2dp audio interface from A2DP Audio HW HAL (audio)
D/AudioHardwareInterface(  364): setMode(NORMAL)
I/AudioHardwareMSM72XX(  364): Set master volume to 5.
I/CameraService(  364): CameraService started (pid=364)
E/HAL     (  364): load: module=/system/lib/hw/camera.marvel.so
E/HAL     (  364): Cannot load library: link_image[1965]:   364 could not load needed library 'libcamera.so' for 'camera.marvel.so' (reloc_library[1314]:   364 cannot locate '_debug_pthread_create'...
E/HAL     (  364): )
E/CameraService(  364): Could not load camera HAL module
