I/AudioFlinger(  364): AudioFlinger's thread 0x17000 ready to run
W/AudioFlinger(  364): Thread AudioOut_1 cannot connect to the power manager service
V/AudioHardwareMSM72XX(  364): AudioStreamOutMSM72xx::setParameters() routing=2
V/AudioHardwareMSM72XX(  364): set output routing 2
I/AudioHardwareMSM72XX(  364): Routing audio to Speakerphone
V/AudioHardwareMSM72XX(  364): doAudioRouteOrMute() device 1, mMode 0, mMicMute 1
D/AudioHardwareMSM72XX(  364): setVoiceVolume(1.000000)
I/AudioHardwareMSM72XX(  364): Setting in-call volume to 5 (available range is 0 to 5)
I/AudioPolicyService(  364): Loaded audio policy from LEGACY Audio Policy HAL (audio_policy)
D/dalvikvm(  363): DexOpt: couldn't find field Landroid/database/sqlite/SQLiteDatabase;.mCanDumpMonitoredSql
W/dalvikvm(  363): VFY: unable to resolve instance field 9348
D/dalvikvm(  363): VFY: replacing opcode 0x55 at 0x0004
E/JNIHelp (  363): Native registration unable to find class 'com/android/server/NetworkManagementSocketTagger', aborting
F/libc    (  363): Fatal signal 11 (SIGSEGV) at 0xdeadbaad (code=1)
I/DEBUG   (   77): *** *** *** *** *** *** *** *** *** *** *** *** *** *** *** ***
I/DEBUG   (   77): Build fingerprint: 'htc_europe/htc_golfu/golfu:4.0.3/IML74K/62541.1:user/release-keys'
I/DEBUG   (   77): pid: 363, tid: 363  >>> zygote <<<
I/DEBUG   (   77): signal 11 (SIGSEGV), code 1 (SEGV_MAPERR), fault addr deadbaad
I/DEBUG   (   77):  r0 deadbaad  r1 0000000c  r2 00000027  r3 a0000000
I/DEBUG   (   77):  r4 00000000  r5 00000080  r6 40199b7c  r7 bea7aa88
I/DEBUG   (   77):  r8 00000000  r9 00000000  10 00000000  fp 00000000
I/DEBUG   (   77):  ip ffffffff  sp bea7aa50  lr 4001ee9f  pc 4001b656  cpsr 00000030
I/DEBUG   (   77):  d0  3f4000003f400000  d1  0000000000000000
I/DEBUG   (   77):  d2  0000000000000000  d3  0000000000000000
I/DEBUG   (   77):  d4  0000000000000000  d5  0000000000000000
I/DEBUG   (   77):  d6  0000000000000000  d7  000000003f800000
I/DEBUG   (   77):  d8  0000000000000000  d9  0000000000000000
I/DEBUG   (   77):  d10 0000000000000000  d11 0000000000000000
I/DEBUG   (   77):  d12 0000000000000000  d13 0000000000000000
I/DEBUG   (   77):  d14 0000000000000000  d15 0000000000000000
I/DEBUG   (   77):  scr 60000000
I/DEBUG   (   77): 
I/DEBUG   (   77):          #00  pc 00017656  /system/lib/libc.so
I/DEBUG   (   77):          #01  pc 0000c658  /system/lib/libnativehelper.so (jniRegisterNativeMethods)
I/DEBUG   (   77): 
I/DEBUG   (   77): code around pc:
I/DEBUG   (   77): 4001b634 1c2bd00c 2d00682d e027d1fb 2a0068da  ..+.-h.-..'..h.*
I/DEBUG   (   77): 4001b644 4b16d004 447b2001 47906018 22274814  ...K. {D.`.G.H'"
I/DEBUG   (   77): 4001b654 70022580 ef8cf7f4 f7f62106 aa01e81a  .%.p.....!......
I/DEBUG   (   77): 4001b664 05692400 60546091 20061c11 f7f59401  .$i..`T`... ....
I/DEBUG   (   77): 4001b674 a905ebe6 20022200 ebeef7f5 ef78f7f4  .....". ......x.
I/DEBUG   (   77): 
I/DEBUG   (   77): code around lr:
I/DEBUG   (   77): 4001ee7c 4b0db5f0 447bb083 681c2600 68a59001  ...K..{D.&.h...h
I/DEBUG   (   77): 4001ee8c e0086867 5ea8220c dd032800 99011c28  gh...".^.(..(...
I/DEBUG   (   77): 4001ee9c 43064788 3f013554 6824d5f4 d1ee2c00  .G.CT5.?..$h.,..
I/DEBUG   (   77): 4001eeac 1c30b003 46c0bdf0 00028662 1c0fb5f0  ..0....Fb.......
I/DEBUG   (   77): 4001eebc b0891c3d a9064355 604d9103 90064914  =...UC....M`.I..
I/DEBUG   (   77): 
I/DEBUG   (   77): memory map around addr deadbaad:
I/DEBUG   (   77): bea5a000-bea7b000 [stack]
I/DEBUG   (   77): (no map for address)
I/DEBUG   (   77): (no map above)
I/DEBUG   (   77): 
I/DEBUG   (   77): stack:
I/DEBUG   (   77):     bea7aa10  40a45448  /dev/ashmem/dalvik-heap (deleted)
I/DEBUG   (   77):     bea7aa14  00012800  [heap]
I/DEBUG   (   77):     bea7aa18  40047720  /system/lib/libc.so
I/DEBUG   (   77):     bea7aa1c  400476b0  /system/lib/libc.so
I/DEBUG   (   77):     bea7aa20  00000000  
I/DEBUG   (   77):     bea7aa24  4001ee9f  /system/lib/libc.so
I/DEBUG   (   77):     bea7aa28  00000000  
I/DEBUG   (   77):     bea7aa2c  4001dc05  /system/lib/libc.so
I/DEBUG   (   77):     bea7aa30  00000000  
I/DEBUG   (   77):     bea7aa34  00000000  
I/DEBUG   (   77):     bea7aa38  00000000  
I/DEBUG   (   77):     bea7aa3c  40199b7c  /system/lib/libandroid_runtime.so
I/DEBUG   (   77):     bea7aa40  bea7aa88  [stack]
I/DEBUG   (   77):     bea7aa44  4001e01d  /system/lib/libc.so
I/DEBUG   (   77):     bea7aa48  df0027ad  
I/DEBUG   (   77):     bea7aa4c  00000000  
I/DEBUG   (   77): #00 bea7aa50  00000000  
I/DEBUG   (   77):     bea7aa54  00012cc8  [heap]
I/DEBUG   (   77):     bea7aa58  40a45448  /dev/ashmem/dalvik-heap (deleted)
I/DEBUG   (   77):     bea7aa5c  e2644a9e  
I/DEBUG   (   77):     bea7aa60  4083bdfd  /system/lib/libdvm.so
I/DEBUG   (   77):     bea7aa64  fffffbdf  
I/DEBUG   (   77):     bea7aa68  0000f2b8  [heap]
I/DEBUG   (   77):     bea7aa6c  4019f96c  /system/lib/libandroid_runtime.so
I/DEBUG   (   77):     bea7aa70  0000f2b8  [heap]
I/DEBUG   (   77):     bea7aa74  401cb65b  /system/lib/libnativehelper.so
I/DEBUG   (   77): #01 bea7aa78  4019f96c  /system/lib/libandroid_runtime.so
I/DEBUG   (   77):     bea7aa7c  401cb65b  /system/lib/libnativehelper.so
I/DEBUG   (   77):     bea7aa80  401a84c4  /system/lib/libandroid_runtime.so
I/DEBUG   (   77):     bea7aa84  00000004  
I/DEBUG   (   77):     bea7aa88  0000f2b8  [heap]
I/DEBUG   (   77):     bea7aa8c  00000000  
I/DEBUG   (   77):     bea7aa90  401a8fa8  /system/lib/libandroid_runtime.so
I/DEBUG   (   77):     bea7aa94  4019f96c  /system/lib/libandroid_runtime.so
I/DEBUG   (   77):     bea7aa98  0000f2b8  [heap]
I/DEBUG   (   77):     bea7aa9c  4019f9bc  /system/lib/libandroid_runtime.so
I/DEBUG   (   77):     bea7aaa0  00000001  
I/DEBUG   (   77):     bea7aaa4  40181c81  /system/lib/libandroid_runtime.so
I/DEBUG   (   77):     bea7aaa8  4019f96c  /system/lib/libandroid_runtime.so
I/DEBUG   (   77):     bea7aaac  40149a41  /system/lib/libandroid_runtime.so
I/DEBUG   (   77):     bea7aab0  0000f2b8  [heap]
I/DEBUG   (   77):     bea7aab4  fffffe40  
I/DEBUG   (   77):     bea7aab8  bea7ab94  [stack]
I/DEBUG   (   77):     bea7aabc  40149a77  /system/lib/libandroid_runtime.so
I/ServiceManager(   74): service 'media.audio_flinger' died
I/ServiceManager(   74): service 'media.player' died
I/ServiceManager(   74): service 'media.camera' died
I/ServiceManager(   74): service 'media.audio_policy' died
I/Netd    (  389): Netd 1.0 starting
D/AndroidRuntime(  390): 
D/AndroidRuntime(  390): >>>>>> AndroidRuntime START com.android.internal.os.ZygoteInit <<<<<<
D/AndroidRuntime(  390): CheckJNI is OFF
I/        (  391): ServiceManager: 0xf958
I/HTC Acoustic(  391): libhtc_acoustic.so version 2.0.0.6.
I/HTC Acoustic(  391): deonvvv gingerbread test.
I/HTC Acoustic(  391): open /system/etc/AudioPara4_WB.csv success.
I/HTC Acoustic(  391): acoustic table version: MAL_WB_20110217
I/HTC Acoustic(  391): read_audio_para_from_file success.
E/HTC Acoustic(  391): Fail to open /system/etc/AudioPara_VODA-Spain.csv -1.
I/HTC Acoustic(  391): open /system/etc/AudioPara4.csv success.
I/HTC Acoustic(  391): acoustic table version: MAL_Gerenic_20110509
I/HTC Acoustic(  391): read_audio_para_from_file success.
W/dalvikvm(  390): VFY: unable to find class referenced in signature (Landroid/content/res/PackageRedirectionMap;)
I/dalvikvm(  390): Could not find method android.content.res.PackageRedirectionMap.getPackageId, referenced from method android.content.res.AssetManager.addRedirections
W/dalvikvm(  390): VFY: unable to resolve virtual method 10109: Landroid/content/res/PackageRedirectionMap;.getPackageId ()I
D/dalvikvm(  390): VFY: replacing opcode 0x6e at 0x000e
I/HTC Acoustic(  391): get_audpp_filter
I/HTC Acoustic(  391): open /system/etc/AudioFilter.csv success.
I/HTC Acoustic(  391): MBADRC Filter MBADRC FLAG = ffff.
E/HTC Acoustic(  391): set mbadrc filter error.
I/HTC Acoustic(  391): failed to set audpp parameters, exiting.
I/HTC Acoustic(  391): get_audpre_filter
I/HTC Acoustic(  391): open /system/etc/AudioPreProcess.csv success.
D/AudioHardwareMSM72XX(  391): mNumSndEndpoints = 151
V/AudioHardwareMSM72XX(  391): constructed 151 SND endpoints)
D/AudioHardwareMSM72XX(  391): BT MATCH HANDSET
D/AudioHardwareMSM72XX(  391): BT MATCH SPEAKER
D/AudioHardwareMSM72XX(  391): BT MATCH HEADSET
D/AudioHardwareMSM72XX(  391): BT MATCH BT
D/AudioHardwareMSM72XX(  391): BT MATCH CARKIT
D/AudioHardwareMSM72XX(  391): BT MATCH TTY_FULL
D/AudioHardwareMSM72XX(  391): BT MATCH TTY_VCO
D/AudioHardwareMSM72XX(  391): BT MATCH TTY_HCO
D/AudioHardwareMSM72XX(  391): BT MATCH NO_MIC_HEADSET
D/AudioHardwareMSM72XX(  391): BT MATCH FM_HEADSET
D/AudioHardwareMSM72XX(  391): BT MATCH HEADSET_AND_SPEAKER
D/AudioHardwareMSM72XX(  391): BT MATCH FM_SPEAKER
D/AudioHardwareMSM72XX(  391): BT MATCH BT_EC_OFF
D/AudioHardwareMSM72XX(  391): BT MATCH BT_EC_OFF
D/AudioHardwareMSM72XX(  391): BT MATCH CURRENT
I/AudioFlinger(  391): Loaded primary audio interface from LEGACY Audio HW HAL (audio)
I/AudioFlinger(  391): Using 'LEGACY Audio HW HAL' (audio.primary) as the primary audio interface
I/AudioFlinger(  391): Loaded a2dp audio interface from A2DP Audio HW HAL (audio)
D/AudioHardwareInterface(  391): setMode(NORMAL)
I/AudioHardwareMSM72XX(  391): Set master volume to 5.
I/CameraService(  391): CameraService started (pid=391)
E/HAL     (  391): load: module=/system/lib/hw/camera.marvel.so
E/HAL     (  391): Cannot load library: link_image[1965]:   391 could not load needed library 'libcamera.so' for 'camera.marvel.so' (reloc_library[1314]:   391 cannot locate '_debug_pthread_create'...
E/HAL     (  391): )
E/CameraService(  391): Could not load camera HAL module
I/AudioFlinger(  391): AudioFlinger's thread 0x16f98 ready to run
W/AudioFlinger(  391): Thread AudioOut_1 cannot connect to the power manager service
V/AudioHardwareMSM72XX(  391): AudioStreamOutMSM72xx::setParameters() routing=2
V/AudioHardwareMSM72XX(  391): set output routing 2
I/AudioHardwareMSM72XX(  391): Routing audio to Speakerphone
V/AudioHardwareMSM72XX(  391): doAudioRouteOrMute() device 1, mMode 0, mMicMute 1
D/AudioHardwareMSM72XX(  391): setVoiceVolume(1.000000)
I/AudioHardwareMSM72XX(  391): Setting in-call volume to 5 (available range is 0 to 5)
I/AudioPolicyService(  391): Loaded audio policy from LEGACY Audio Policy HAL (audio_policy)
D/dalvikvm(  390): DexOpt: couldn't find field Landroid/database/sqlite/SQLiteDatabase;.mCanDumpMonitoredSql
W/dalvikvm(  390): VFY: unable to resolve instance field 9348
D/dalvikvm(  390): VFY: replacing opcode 0x55 at 0x0004
E/JNIHelp (  390): Native registration unable to find class 'com/android/server/NetworkManagementSocketTagger', aborting
F/libc    (  390): Fatal signal 11 (SIGSEGV) at 0xdeadbaad (code=1)
I/DEBUG   (   77): *** *** *** *** *** *** *** *** *** *** *** *** *** *** *** ***
I/DEBUG   (   77): Build fingerprint: 'htc_europe/htc_golfu/golfu:4.0.3/IML74K/62541.1:user/release-keys'
I/DEBUG   (   77): pid: 390, tid: 390  >>> zygote <<<
I/DEBUG   (   77): signal 11 (SIGSEGV), code 1 (SEGV_MAPERR), fault addr deadbaad
I/DEBUG   (   77):  r0 deadbaad  r1 0000000c  r2 00000027  r3 a0000000
I/DEBUG   (   77):  r4 00000000  r5 00000080  r6 40199b7c  r7 bee34a88
I/DEBUG   (   77):  r8 00000000  r9 00000000  10 00000000  fp 00000000
I/DEBUG   (   77):  ip ffffffff  sp bee34a50  lr 4001ee9f  pc 4001b656  cpsr 00000030
I/DEBUG   (   77):  d0  3f4000003f400000  d1  0000000000000000
I/DEBUG   (   77):  d2  0000000000000000  d3  0000000000000000
I/DEBUG   (   77):  d4  0000000000000000  d5  0000000000000000
I/DEBUG   (   77):  d6  0000000000000000  d7  000000003f800000
I/DEBUG   (   77):  d8  0000000000000000  d9  0000000000000000
I/DEBUG   (   77):  d10 0000000000000000  d11 0000000000000000
I/DEBUG   (   77):  d12 0000000000000000  d13 0000000000000000
I/DEBUG   (   77):  d14 0000000000000000  d15 0000000000000000
I/DEBUG   (   77):  scr 60000000
I/DEBUG   (   77): 
I/DEBUG   (   77):          #00  pc 00017656  /system/lib/libc.so
I/DEBUG   (   77):          #01  pc 0000c658  /system/lib/libnativehelper.so (jniRegisterNativeMethods)
I/DEBUG   (   77): 
I/DEBUG   (   77): code around pc:
I/DEBUG   (   77): 4001b634 1c2bd00c 2d00682d e027d1fb 2a0068da  ..+.-h.-..'..h.*
I/DEBUG   (   77): 4001b644 4b16d004 447b2001 47906018 22274814  ...K. {D.`.G.H'"
I/DEBUG   (   77): 4001b654 70022580 ef8cf7f4 f7f62106 aa01e81a  .%.p.....!......
I/DEBUG   (   77): 4001b664 05692400 60546091 20061c11 f7f59401  .$i..`T`... ....
I/DEBUG   (   77): 4001b674 a905ebe6 20022200 ebeef7f5 ef78f7f4  .....". ......x.
I/DEBUG   (   77): 
I/DEBUG   (   77): code around lr:
I/DEBUG   (   77): 4001ee7c 4b0db5f0 447bb083 681c2600 68a59001  ...K..{D.&.h...h
I/DEBUG   (   77): 4001ee8c e0086867 5ea8220c dd032800 99011c28  gh...".^.(..(...
I/DEBUG   (   77): 4001ee9c 43064788 3f013554 6824d5f4 d1ee2c00  .G.CT5.?..$h.,..
I/DEBUG   (   77): 4001eeac 1c30b003 46c0bdf0 00028662 1c0fb5f0  ..0....Fb.......
I/DEBUG   (   77): 4001eebc b0891c3d a9064355 604d9103 90064914  =...UC....M`.I..
I/DEBUG   (   77): 
I/DEBUG   (   77): memory map around addr deadbaad:
I/DEBUG   (   77): bee14000-bee35000 [stack]
I/DEBUG   (   77): (no map for address)
I/DEBUG   (   77): (no map above)
I/DEBUG   (   77): 
I/DEBUG   (   77): stack:
I/DEBUG   (   77):     bee34a10  40a45448  /dev/ashmem/dalvik-heap (deleted)
I/DEBUG   (   77):     bee34a14  00012800  [heap]
I/DEBUG   (   77):     bee34a18  40047720  /system/lib/libc.so
I/DEBUG   (   77):     bee34a1c  400476b0  /system/lib/libc.so
I/DEBUG   (   77):     bee34a20  00000000  
I/DEBUG   (   77):     bee34a24  4001ee9f  /system/lib/libc.so
I/DEBUG   (   77):     bee34a28  00000000  
I/DEBUG   (   77):     bee34a2c  4001dc05  /system/lib/libc.so
I/DEBUG   (   77):     bee34a30  00000000  
I/DEBUG   (   77):     bee34a34  00000000  
I/DEBUG   (   77):     bee34a38  00000000  
I/DEBUG   (   77):     bee34a3c  40199b7c  /system/lib/libandroid_runtime.so
I/DEBUG   (   77):     bee34a40  bee34a88  [stack]
I/DEBUG   (   77):     bee34a44  4001e01d  /system/lib/libc.so
I/DEBUG   (   77):     bee34a48  df0027ad  
I/DEBUG   (   77):     bee34a4c  00000000  
I/DEBUG   (   77): #00 bee34a50  00000000  
I/DEBUG   (   77):     bee34a54  00012c68  [heap]
I/DEBUG   (   77):     bee34a58  40a45448  /dev/ashmem/dalvik-heap (deleted)
I/DEBUG   (   77):     bee34a5c  e01fc59b  
I/DEBUG   (   77):     bee34a60  4083bdfd  /system/lib/libdvm.so
I/DEBUG   (   77):     bee34a64  fffffbdf  
I/DEBUG   (   77):     bee34a68  0000f2b8  [heap]
I/DEBUG   (   77):     bee34a6c  4019f96c  /system/lib/libandroid_runtime.so
I/DEBUG   (   77):     bee34a70  0000f2b8  [heap]
I/DEBUG   (   77):     bee34a74  401cb65b  /system/lib/libnativehelper.so
I/DEBUG   (   77): #01 bee34a78  4019f96c  /system/lib/libandroid_runtime.so
I/DEBUG   (   77):     bee34a7c  401cb65b  /system/lib/libnativehelper.so
I/DEBUG   (   77):     bee34a80  401a84c4  /system/lib/libandroid_runtime.so
I/DEBUG   (   77):     bee34a84  00000004  
I/DEBUG   (   77):     bee34a88  0000f2b8  [heap]
I/DEBUG   (   77):     bee34a8c  00000000  
I/DEBUG   (   77):     bee34a90  401a8fa8  /system/lib/libandroid_runtime.so
I/DEBUG   (   77):     bee34a94  4019f96c  /system/lib/libandroid_runtime.so
I/DEBUG   (   77):     bee34a98  0000f2b8  [heap]
I/DEBUG   (   77):     bee34a9c  4019f9bc  /system/lib/libandroid_runtime.so
I/DEBUG   (   77):     bee34aa0  00000001  
I/DEBUG   (   77):     bee34aa4  40181c81  /system/lib/libandroid_runtime.so
I/DEBUG   (   77):     bee34aa8  4019f96c  /system/lib/libandroid_runtime.so
I/DEBUG   (   77):     bee34aac  40149a41  /system/lib/libandroid_runtime.so
I/DEBUG   (   77):     bee34ab0  0000f2b8  [heap]
I/DEBUG   (   77):     bee34ab4  fffffe40  
I/DEBUG   (   77):     bee34ab8  bee34b94  [stack]
I/DEBUG   (   77):     bee34abc  40149a77  /system/lib/libandroid_runtime.so
I/ServiceManager(   74): service 'media.audio_flinger' died
I/ServiceManager(   74): service 'media.player' died
I/ServiceManager(   74): service 'media.camera' died
I/ServiceManager(   74): service 'media.audio_policy' died
I/Netd    (  416): Netd 1.0 starting
D/AndroidRuntime(  417): 
D/AndroidRuntime(  417): >>>>>> AndroidRuntime START com.android.internal.os.ZygoteInit <<<<<<
D/AndroidRuntime(  417): CheckJNI is OFF
I/        (  418): ServiceManager: 0xf958
I/HTC Acoustic(  418): libhtc_acoustic.so version 2.0.0.6.
I/HTC Acoustic(  418): deonvvv gingerbread test.
I/HTC Acoustic(  418): open /system/etc/AudioPara4_WB.csv success.
I/HTC Acoustic(  418): acoustic table version: MAL_WB_20110217
I/HTC Acoustic(  418): read_audio_para_from_file success.
E/HTC Acoustic(  418): Fail to open /system/etc/AudioPara_VODA-Spain.csv -1.
I/HTC Acoustic(  418): open /system/etc/AudioPara4.csv success.
I/HTC Acoustic(  418): acoustic table version: MAL_Gerenic_20110509
I/HTC Acoustic(  418): read_audio_para_from_file success.
W/dalvikvm(  417): VFY: unable to find class referenced in signature (Landroid/content/res/PackageRedirectionMap;)
I/dalvikvm(  417): Could not find method android.content.res.PackageRedirectionMap.getPackageId, referenced from method android.content.res.AssetManager.addRedirections
W/dalvikvm(  417): VFY: unable to resolve virtual method 10109: Landroid/content/res/PackageRedirectionMap;.getPackageId ()I
D/dalvikvm(  417): VFY: replacing opcode 0x6e at 0x000e
I/HTC Acoustic(  418): get_audpp_filter
I/HTC Acoustic(  418): open /system/etc/AudioFilter.csv success.
I/HTC Acoustic(  418): MBADRC Filter MBADRC FLAG = ffff.
E/HTC Acoustic(  418): set mbadrc filter error.
I/HTC Acoustic(  418): failed to set audpp parameters, exiting.
I/HTC Acoustic(  418): get_audpre_filter
I/HTC Acoustic(  418): open /system/etc/AudioPreProcess.csv success.
D/AudioHardwareMSM72XX(  418): mNumSndEndpoints = 151
V/AudioHardwareMSM72XX(  418): constructed 151 SND endpoints)
D/AudioHardwareMSM72XX(  418): BT MATCH HANDSET
D/AudioHardwareMSM72XX(  418): BT MATCH SPEAKER
D/AudioHardwareMSM72XX(  418): BT MATCH HEADSET
D/AudioHardwareMSM72XX(  418): BT MATCH BT
D/AudioHardwareMSM72XX(  418): BT MATCH CARKIT
D/AudioHardwareMSM72XX(  418): BT MATCH TTY_FULL
D/AudioHardwareMSM72XX(  418): BT MATCH TTY_VCO
D/AudioHardwareMSM72XX(  418): BT MATCH TTY_HCO
D/AudioHardwareMSM72XX(  418): BT MATCH NO_MIC_HEADSET
D/AudioHardwareMSM72XX(  418): BT MATCH FM_HEADSET
D/AudioHardwareMSM72XX(  418): BT MATCH HEADSET_AND_SPEAKER
D/AudioHardwareMSM72XX(  418): BT MATCH FM_SPEAKER
D/AudioHardwareMSM72XX(  418): BT MATCH BT_EC_OFF
D/AudioHardwareMSM72XX(  418): BT MATCH BT_EC_OFF
D/AudioHardwareMSM72XX(  418): BT MATCH CURRENT
I/AudioFlinger(  418): Loaded primary audio interface from LEGACY Audio HW HAL (audio)
I/AudioFlinger(  418): Using 'LEGACY Audio HW HAL' (audio.primary) as the primary audio interface
I/AudioFlinger(  418): Loaded a2dp audio interface from A2DP Audio HW HAL (audio)
D/AudioHardwareInterface(  418): setMode(NORMAL)
I/AudioHardwareMSM72XX(  418): Set master volume to 5.
I/CameraService(  418): CameraService started (pid=418)
E/HAL     (  418): load: module=/system/lib/hw/camera.marvel.so
E/HAL     (  418): Cannot load library: link_image[1965]:   418 could not load needed library 'libcamera.so' for 'camera.marvel.so' (reloc_library[1314]:   418 cannot locate '_debug_pthread_create'...
E/HAL     (  418): )
E/CameraService(  418): Could not load camera HAL module
I/AudioFlinger(  418): AudioFlinger's thread 0x16f98 ready to run
W/AudioFlinger(  418): Thread AudioOut_1 cannot connect to the power manager service
V/AudioHardwareMSM72XX(  418): AudioStreamOutMSM72xx::setParameters() routing=2
V/AudioHardwareMSM72XX(  418): set output routing 2
I/AudioHardwareMSM72XX(  418): Routing audio to Speakerphone
V/AudioHardwareMSM72XX(  418): doAudioRouteOrMute() device 1, mMode 0, mMicMute 1
D/AudioHardwareMSM72XX(  418): setVoiceVolume(1.000000)
I/AudioHardwareMSM72XX(  418): Setting in-call volume to 5 (available range is 0 to 5)
I/AudioPolicyService(  418): Loaded audio policy from LEGACY Audio Policy HAL (audio_policy)
D/dalvikvm(  417): DexOpt: couldn't find field Landroid/database/sqlite/SQLiteDatabase;.mCanDumpMonitoredSql
W/dalvikvm(  417): VFY: unable to resolve instance field 9348
D/dalvikvm(  417): VFY: replacing opcode 0x55 at 0x0004
E/JNIHelp (  417): Native registration unable to find class 'com/android/server/NetworkManagementSocketTagger', aborting
F/libc    (  417): Fatal signal 11 (SIGSEGV) at 0xdeadbaad (code=1)
I/DEBUG   (   77): *** *** *** *** *** *** *** *** *** *** *** *** *** *** *** ***
I/DEBUG   (   77): Build fingerprint: 'htc_europe/htc_golfu/golfu:4.0.3/IML74K/62541.1:user/release-keys'
I/DEBUG   (   77): pid: 417, tid: 417  >>> zygote <<<
I/DEBUG   (   77): signal 11 (SIGSEGV), code 1 (SEGV_MAPERR), fault addr deadbaad
I/DEBUG   (   77):  r0 deadbaad  r1 0000000c  r2 00000027  r3 a0000000
I/DEBUG   (   77):  r4 00000000  r5 00000080  r6 40199b7c  r7 beccda88
I/DEBUG   (   77):  r8 00000000  r9 00000000  10 00000000  fp 00000000
I/DEBUG   (   77):  ip ffffffff  sp beccda50  lr 4001ee9f  pc 4001b656  cpsr 00000030
I/DEBUG   (   77):  d0  3f4000003f400000  d1  0000000000000000
I/DEBUG   (   77):  d2  0000000000000000  d3  0000000000000000
I/DEBUG   (   77):  d4  0000000000000000  d5  0000000000000000
I/DEBUG   (   77):  d6  0000000000000000  d7  000000003f800000
I/DEBUG   (   77):  d8  0000000000000000  d9  0000000000000000
I/DEBUG   (   77):  d10 0000000000000000  d11 0000000000000000
I/DEBUG   (   77):  d12 0000000000000000  d13 0000000000000000
I/DEBUG   (   77):  d14 0000000000000000  d15 0000000000000000
I/DEBUG   (   77):  scr 60000000
I/DEBUG   (   77): 
I/DEBUG   (   77):          #00  pc 00017656  /system/lib/libc.so
I/DEBUG   (   77):          #01  pc 0000c658  /system/lib/libnativehelper.so (jniRegisterNativeMethods)
I/DEBUG   (   77): 
I/DEBUG   (   77): code around pc:
I/DEBUG   (   77): 4001b634 1c2bd00c 2d00682d e027d1fb 2a0068da  ..+.-h.-..'..h.*
I/DEBUG   (   77): 4001b644 4b16d004 447b2001 47906018 22274814  ...K. {D.`.G.H'"
I/DEBUG   (   77): 4001b654 70022580 ef8cf7f4 f7f62106 aa01e81a  .%.p.....!......
I/DEBUG   (   77): 4001b664 05692400 60546091 20061c11 f7f59401  .$i..`T`... ....
I/DEBUG   (   77): 4001b674 a905ebe6 20022200 ebeef7f5 ef78f7f4  .....". ......x.
I/DEBUG   (   77): 
I/DEBUG   (   77): code around lr:
I/DEBUG   (   77): 4001ee7c 4b0db5f0 447bb083 681c2600 68a59001  ...K..{D.&.h...h
I/DEBUG   (   77): 4001ee8c e0086867 5ea8220c dd032800 99011c28  gh...".^.(..(...
I/DEBUG   (   77): 4001ee9c 43064788 3f013554 6824d5f4 d1ee2c00  .G.CT5.?..$h.,..
I/DEBUG   (   77): 4001eeac 1c30b003 46c0bdf0 00028662 1c0fb5f0  ..0....Fb.......
I/DEBUG   (   77): 4001eebc b0891c3d a9064355 604d9103 90064914  =...UC....M`.I..
I/DEBUG   (   77): 
I/DEBUG   (   77): memory map around addr deadbaad:
I/DEBUG   (   77): becad000-becce000 [stack]
I/DEBUG   (   77): (no map for address)
I/DEBUG   (   77): (no map above)
I/DEBUG   (   77): 
I/DEBUG   (   77): stack:
I/DEBUG   (   77):     beccda10  40a45448  /dev/ashmem/dalvik-heap (deleted)
I/DEBUG   (   77):     beccda14  00012800  [heap]
I/DEBUG   (   77):     beccda18  40047720  /system/lib/libc.so
I/DEBUG   (   77):     beccda1c  400476b0  /system/lib/libc.so
I/DEBUG   (   77):     beccda20  00000000  
I/DEBUG   (   77):     beccda24  4001ee9f  /system/lib/libc.so
I/DEBUG   (   77):     beccda28  00000000  
I/DEBUG   (   77):     beccda2c  4001dc05  /system/lib/libc.so
I/DEBUG   (   77):     beccda30  00000000  
I/DEBUG   (   77):     beccda34  00000000  
I/DEBUG   (   77):     beccda38  00000000  
I/DEBUG   (   77):     beccda3c  40199b7c  /system/lib/libandroid_runtime.so
I/DEBUG   (   77):     beccda40  beccda88  [stack]
I/DEBUG   (   77):     beccda44  4001e01d  /system/lib/libc.so
I/DEBUG   (   77):     beccda48  df0027ad  
I/DEBUG   (   77):     beccda4c  00000000  
I/DEBUG   (   77): #00 beccda50  00000000  
I/DEBUG   (   77):     beccda54  00012cc8  [heap]
I/DEBUG   (   77):     beccda58  40a45448  /dev/ashmem/dalvik-heap (deleted)
I/DEBUG   (   77):     beccda5c  571f80ae  
I/DEBUG   (   77):     beccda60  4083bdfd  /system/lib/libdvm.so
I/DEBUG   (   77):     beccda64  fffffbdf  
I/DEBUG   (   77):     beccda68  0000f2b8  [heap]
I/DEBUG   (   77):     beccda6c  4019f96c  /system/lib/libandroid_runtime.so
I/DEBUG   (   77):     beccda70  0000f2b8  [heap]
I/DEBUG   (   77):     beccda74  401cb65b  /system/lib/libnativehelper.so
I/DEBUG   (   77): #01 beccda78  4019f96c  /system/lib/libandroid_runtime.so
I/DEBUG   (   77):     beccda7c  401cb65b  /system/lib/libnativehelper.so
I/DEBUG   (   77):     beccda80  401a84c4  /system/lib/libandroid_runtime.so
I/DEBUG   (   77):     beccda84  00000004  
I/DEBUG   (   77):     beccda88  0000f2b8  [heap]
I/DEBUG   (   77):     beccda8c  00000000  
I/DEBUG   (   77):     beccda90  401a8fa8  /system/lib/libandroid_runtime.so
I/DEBUG   (   77):     beccda94  4019f96c  /system/lib/libandroid_runtime.so
I/DEBUG   (   77):     beccda98  0000f2b8  [heap]
I/DEBUG   (   77):     beccda9c  4019f9bc  /system/lib/libandroid_runtime.so
I/DEBUG   (   77):     beccdaa0  00000001  
I/DEBUG   (   77):     beccdaa4  40181c81  /system/lib/libandroid_runtime.so
I/DEBUG   (   77):     beccdaa8  4019f96c  /system/lib/libandroid_runtime.so
I/DEBUG   (   77):     beccdaac  40149a41  /system/lib/libandroid_runtime.so
I/DEBUG   (   77):     beccdab0  0000f2b8  [heap]
I/DEBUG   (   77):     beccdab4  fffffe40  
I/DEBUG   (   77):     beccdab8  beccdb94  [stack]
I/DEBUG   (   77):     beccdabc  40149a77  /system/lib/libandroid_runtime.so
I/ServiceManager(   74): service 'media.audio_flinger' died
I/ServiceManager(   74): service 'media.player' died
I/ServiceManager(   74): service 'media.camera' died
I/ServiceManager(   74): service 'media.audio_policy' died
I/Netd    (  443): Netd 1.0 starting
D/AndroidRuntime(  444): 
D/AndroidRuntime(  444): >>>>>> AndroidRuntime START com.android.internal.os.ZygoteInit <<<<<<
D/AndroidRuntime(  444): CheckJNI is OFF
I/        (  445): ServiceManager: 0xf958
I/HTC Acoustic(  445): libhtc_acoustic.so version 2.0.0.6.
I/HTC Acoustic(  445): deonvvv gingerbread test.
I/HTC Acoustic(  445): open /system/etc/AudioPara4_WB.csv success.
I/HTC Acoustic(  445): acoustic table version: MAL_WB_20110217
I/HTC Acoustic(  445): read_audio_para_from_file success.
E/HTC Acoustic(  445): Fail to open /system/etc/AudioPara_VODA-Spain.csv -1.
I/HTC Acoustic(  445): open /system/etc/AudioPara4.csv success.
I/HTC Acoustic(  445): acoustic table version: MAL_Gerenic_20110509
I/HTC Acoustic(  445): read_audio_para_from_file success.
W/dalvikvm(  444): VFY: unable to find class referenced in signature (Landroid/content/res/PackageRedirectionMap;)
I/dalvikvm(  444): Could not find method android.content.res.PackageRedirectionMap.getPackageId, referenced from method android.content.res.AssetManager.addRedirections
W/dalvikvm(  444): VFY: unable to resolve virtual method 10109: Landroid/content/res/PackageRedirectionMap;.getPackageId ()I
D/dalvikvm(  444): VFY: replacing opcode 0x6e at 0x000e
I/HTC Acoustic(  445): get_audpp_filter
I/HTC Acoustic(  445): open /system/etc/AudioFilter.csv success.
I/HTC Acoustic(  445): MBADRC Filter MBADRC FLAG = ffff.
E/HTC Acoustic(  445): set mbadrc filter error.
I/HTC Acoustic(  445): failed to set audpp parameters, exiting.
I/HTC Acoustic(  445): get_audpre_filter
I/HTC Acoustic(  445): open /system/etc/AudioPreProcess.csv success.
D/AudioHardwareMSM72XX(  445): mNumSndEndpoints = 151
V/AudioHardwareMSM72XX(  445): constructed 151 SND endpoints)
D/AudioHardwareMSM72XX(  445): BT MATCH HANDSET
D/AudioHardwareMSM72XX(  445): BT MATCH SPEAKER
D/AudioHardwareMSM72XX(  445): BT MATCH HEADSET
D/AudioHardwareMSM72XX(  445): BT MATCH BT
D/AudioHardwareMSM72XX(  445): BT MATCH CARKIT
D/AudioHardwareMSM72XX(  445): BT MATCH TTY_FULL
D/AudioHardwareMSM72XX(  445): BT MATCH TTY_VCO
D/AudioHardwareMSM72XX(  445): BT MATCH TTY_HCO
D/AudioHardwareMSM72XX(  445): BT MATCH NO_MIC_HEADSET
D/AudioHardwareMSM72XX(  445): BT MATCH FM_HEADSET
D/AudioHardwareMSM72XX(  445): BT MATCH HEADSET_AND_SPEAKER
D/AudioHardwareMSM72XX(  445): BT MATCH FM_SPEAKER
D/AudioHardwareMSM72XX(  445): BT MATCH BT_EC_OFF
D/AudioHardwareMSM72XX(  445): BT MATCH BT_EC_OFF
D/AudioHardwareMSM72XX(  445): BT MATCH CURRENT
I/AudioFlinger(  445): Loaded primary audio interface from LEGACY Audio HW HAL (audio)
I/AudioFlinger(  445): Using 'LEGACY Audio HW HAL' (audio.primary) as the primary audio interface
I/AudioFlinger(  445): Loaded a2dp audio interface from A2DP Audio HW HAL (audio)
D/AudioHardwareInterface(  445): setMode(NORMAL)
I/AudioHardwareMSM72XX(  445): Set master volume to 5.
I/CameraService(  445): CameraService started (pid=445)
E/HAL     (  445): load: module=/system/lib/hw/camera.marvel.so
E/HAL     (  445): Cannot load library: link_image[1965]:   445 could not load needed library 'libcamera.so' for 'camera.marvel.so' (reloc_library[1314]:   445 cannot locate '_debug_pthread_create'...
E/HAL     (  445): )
E/CameraService(  445): Could not load camera HAL module
I/AudioFlinger(  445): AudioFlinger's thread 0x16f98 ready to run
W/AudioFlinger(  445): Thread AudioOut_1 cannot connect to the power manager service
V/AudioHardwareMSM72XX(  445): AudioStreamOutMSM72xx::setParameters() routing=2
V/AudioHardwareMSM72XX(  445): set output routing 2
I/AudioHardwareMSM72XX(  445): Routing audio to Speakerphone
V/AudioHardwareMSM72XX(  445): doAudioRouteOrMute() device 1, mMode 0, mMicMute 1
D/AudioHardwareMSM72XX(  445): setVoiceVolume(1.000000)
I/AudioHardwareMSM72XX(  445): Setting in-call volume to 5 (available range is 0 to 5)
I/AudioPolicyService(  445): Loaded audio policy from LEGACY Audio Policy HAL (audio_policy)
D/dalvikvm(  444): DexOpt: couldn't find field Landroid/database/sqlite/SQLiteDatabase;.mCanDumpMonitoredSql
W/dalvikvm(  444): VFY: unable to resolve instance field 9348
D/dalvikvm(  444): VFY: replacing opcode 0x55 at 0x0004
E/JNIHelp (  444): Native registration unable to find class 'com/android/server/NetworkManagementSocketTagger', aborting
F/libc    (  444): Fatal signal 11 (SIGSEGV) at 0xdeadbaad (code=1)
I/DEBUG   (   77): *** *** *** *** *** *** *** *** *** *** *** *** *** *** *** ***
I/DEBUG   (   77): Build fingerprint: 'htc_europe/htc_golfu/golfu:4.0.3/IML74K/62541.1:user/release-keys'
I/DEBUG   (   77): pid: 444, tid: 444  >>> zygote <<<
I/DEBUG   (   77): signal 11 (SIGSEGV), code 1 (SEGV_MAPERR), fault addr deadbaad
I/DEBUG   (   77):  r0 deadbaad  r1 0000000c  r2 00000027  r3 a0000000
I/DEBUG   (   77):  r4 00000000  r5 00000080  r6 40199b7c  r7 bed44a88
I/DEBUG   (   77):  r8 00000000  r9 00000000  10 00000000  fp 00000000
I/DEBUG   (   77):  ip ffffffff  sp bed44a50  lr 4001ee9f  pc 4001b656  cpsr 00000030
I/DEBUG   (   77):  d0  3f4000003f400000  d1  0000000000000000
I/DEBUG   (   77):  d2  0000000000000000  d3  0000000000000000
I/DEBUG   (   77):  d4  0000000000000000  d5  0000000000000000
I/DEBUG   (   77):  d6  0000000000000000  d7  000000003f800000
I/DEBUG   (   77):  d8  0000000000000000  d9  0000000000000000
I/DEBUG   (   77):  d10 0000000000000000  d11 0000000000000000
I/DEBUG   (   77):  d12 0000000000000000  d13 0000000000000000
I/DEBUG   (   77):  d14 0000000000000000  d15 0000000000000000
I/DEBUG   (   77):  scr 60000000
I/DEBUG   (   77): 
I/DEBUG   (   77):          #00  pc 00017656  /system/lib/libc.so
I/DEBUG   (   77):          #01  pc 0000c658  /system/lib/libnativehelper.so (jniRegisterNativeMethods)
I/DEBUG   (   77): 
I/DEBUG   (   77): code around pc:
I/DEBUG   (   77): 4001b634 1c2bd00c 2d00682d e027d1fb 2a0068da  ..+.-h.-..'..h.*
I/DEBUG   (   77): 4001b644 4b16d004 447b2001 47906018 22274814  ...K. {D.`.G.H'"
I/DEBUG   (   77): 4001b654 70022580 ef8cf7f4 f7f62106 aa01e81a  .%.p.....!......
I/DEBUG   (   77): 4001b664 05692400 60546091 20061c11 f7f59401  .$i..`T`... ....
I/DEBUG   (   77): 4001b674 a905ebe6 20022200 ebeef7f5 ef78f7f4  .....". ......x.
I/DEBUG   (   77): 
I/DEBUG   (   77): code around lr:
I/DEBUG   (   77): 4001ee7c 4b0db5f0 447bb083 681c2600 68a59001  ...K..{D.&.h...h
I/DEBUG   (   77): 4001ee8c e0086867 5ea8220c dd032800 99011c28  gh...".^.(..(...
I/DEBUG   (   77): 4001ee9c 43064788 3f013554 6824d5f4 d1ee2c00  .G.CT5.?..$h.,..
I/DEBUG   (   77): 4001eeac 1c30b003 46c0bdf0 00028662 1c0fb5f0  ..0....Fb.......
I/DEBUG   (   77): 4001eebc b0891c3d a9064355 604d9103 90064914  =...UC....M`.I..
I/DEBUG   (   77): 
I/DEBUG   (   77): memory map around addr deadbaad:
I/DEBUG   (   77): bed24000-bed45000 [stack]
I/DEBUG   (   77): (no map for address)
I/DEBUG   (   77): (no map above)
I/DEBUG   (   77): 
I/DEBUG   (   77): stack:
I/DEBUG   (   77):     bed44a10  40a45448  /dev/ashmem/dalvik-heap (deleted)
I/DEBUG   (   77):     bed44a14  00012800  [heap]
I/DEBUG   (   77):     bed44a18  40047720  /system/lib/libc.so
I/DEBUG   (   77):     bed44a1c  400476b0  /system/lib/libc.so
I/DEBUG   (   77):     bed44a20  00000000  
I/DEBUG   (   77):     bed44a24  4001ee9f  /system/lib/libc.so
I/DEBUG   (   77):     bed44a28  00000000  
I/DEBUG   (   77):     bed44a2c  4001dc05  /system/lib/libc.so
I/DEBUG   (   77):     bed44a30  00000000  
I/DEBUG   (   77):     bed44a34  00000000  
I/DEBUG   (   77):     bed44a38  00000000  
I/DEBUG   (   77):     bed44a3c  40199b7c  /system/lib/libandroid_runtime.so
I/DEBUG   (   77):     bed44a40  bed44a88  [stack]
I/DEBUG   (   77):     bed44a44  4001e01d  /system/lib/libc.so
I/DEBUG   (   77):     bed44a48  df0027ad  
I/DEBUG   (   77):     bed44a4c  00000000  
I/DEBUG   (   77): #00 bed44a50  00000000  
I/DEBUG   (   77):     bed44a54  0009a8f8  [heap]
I/DEBUG   (   77):     bed44a58  40a45448  /dev/ashmem/dalvik-heap (deleted)
I/DEBUG   (   77):     bed44a5c  8df33522  
I/DEBUG   (   77):     bed44a60  4083bdfd  /system/lib/libdvm.so
I/DEBUG   (   77):     bed44a64  fffffbdf  
I/DEBUG   (   77):     bed44a68  0000f2b8  [heap]
I/DEBUG   (   77):     bed44a6c  4019f96c  /system/lib/libandroid_runtime.so
I/DEBUG   (   77):     bed44a70  0000f2b8  [heap]
I/DEBUG   (   77):     bed44a74  401cb65b  /system/lib/libnativehelper.so
I/DEBUG   (   77): #01 bed44a78  4019f96c  /system/lib/libandroid_runtime.so
I/DEBUG   (   77):     bed44a7c  401cb65b  /system/lib/libnativehelper.so
I/DEBUG   (   77):     bed44a80  401a84c4  /system/lib/libandroid_runtime.so
I/DEBUG   (   77):     bed44a84  00000004  
I/DEBUG   (   77):     bed44a88  0000f2b8  [heap]
I/DEBUG   (   77):     bed44a8c  00000000  
I/DEBUG   (   77):     bed44a90  401a8fa8  /system/lib/libandroid_runtime.so
I/DEBUG   (   77):     bed44a94  4019f96c  /system/lib/libandroid_runtime.so
I/DEBUG   (   77):     bed44a98  0000f2b8  [heap]
I/DEBUG   (   77):     bed44a9c  4019f9bc  /system/lib/libandroid_runtime.so
I/DEBUG   (   77):     bed44aa0  00000001  
I/DEBUG   (   77):     bed44aa4  40181c81  /system/lib/libandroid_runtime.so
I/DEBUG   (   77):     bed44aa8  4019f96c  /system/lib/libandroid_runtime.so
I/DEBUG   (   77):     bed44aac  40149a41  /system/lib/libandroid_runtime.so
I/DEBUG   (   77):     bed44ab0  0000f2b8  [heap]
I/DEBUG   (   77):     bed44ab4  fffffe40  
I/DEBUG   (   77):     bed44ab8  bed44b94  [stack]
I/DEBUG   (   77):     bed44abc  40149a77  /system/lib/libandroid_runtime.so
I/ServiceManager(   74): service 'media.audio_flinger' died
I/ServiceManager(   74): service 'media.player' died
I/ServiceManager(   74): service 'media.camera' died
I/ServiceManager(   74): service 'media.audio_policy' died
I/Netd    (  470): Netd 1.0 starting
D/AndroidRuntime(  471): 
D/AndroidRuntime(  471): >>>>>> AndroidRuntime START com.android.internal.os.ZygoteInit <<<<<<
D/AndroidRuntime(  471): CheckJNI is OFF
I/        (  472): ServiceManager: 0xf958
I/HTC Acoustic(  472): libhtc_acoustic.so version 2.0.0.6.
I/HTC Acoustic(  472): deonvvv gingerbread test.
I/HTC Acoustic(  472): open /system/etc/AudioPara4_WB.csv success.
I/HTC Acoustic(  472): acoustic table version: MAL_WB_20110217
I/HTC Acoustic(  472): read_audio_para_from_file success.
E/HTC Acoustic(  472): Fail to open /system/etc/AudioPara_VODA-Spain.csv -1.
I/HTC Acoustic(  472): open /system/etc/AudioPara4.csv success.
I/HTC Acoustic(  472): acoustic table version: MAL_Gerenic_20110509
I/HTC Acoustic(  472): read_audio_para_from_file success.
W/dalvikvm(  471): VFY: unable to find class referenced in signature (Landroid/content/res/PackageRedirectionMap;)
I/HTC Acoustic(  472): get_audpp_filter
I/HTC Acoustic(  472): open /system/etc/AudioFilter.csv success.
I/HTC Acoustic(  472): MBADRC Filter MBADRC FLAG = ffff.
E/HTC Acoustic(  472): set mbadrc filter error.
I/HTC Acoustic(  472): failed to set audpp parameters, exiting.
I/HTC Acoustic(  472): get_audpre_filter
I/HTC Acoustic(  472): open /system/etc/AudioPreProcess.csv success.
D/AudioHardwareMSM72XX(  472): mNumSndEndpoints = 151
V/AudioHardwareMSM72XX(  472): constructed 151 SND endpoints)
D/AudioHardwareMSM72XX(  472): BT MATCH HANDSET
D/AudioHardwareMSM72XX(  472): BT MATCH SPEAKER
D/AudioHardwareMSM72XX(  472): BT MATCH HEADSET
D/AudioHardwareMSM72XX(  472): BT MATCH BT
D/AudioHardwareMSM72XX(  472): BT MATCH CARKIT
D/AudioHardwareMSM72XX(  472): BT MATCH TTY_FULL
D/AudioHardwareMSM72XX(  472): BT MATCH TTY_VCO
D/AudioHardwareMSM72XX(  472): BT MATCH TTY_HCO
D/AudioHardwareMSM72XX(  472): BT MATCH NO_MIC_HEADSET
D/AudioHardwareMSM72XX(  472): BT MATCH FM_HEADSET
D/AudioHardwareMSM72XX(  472): BT MATCH HEADSET_AND_SPEAKER
D/AudioHardwareMSM72XX(  472): BT MATCH FM_SPEAKER
D/AudioHardwareMSM72XX(  472): BT MATCH BT_EC_OFF
D/AudioHardwareMSM72XX(  472): BT MATCH BT_EC_OFF
D/AudioHardwareMSM72XX(  472): BT MATCH CURRENT
I/AudioFlinger(  472): Loaded primary audio interface from LEGACY Audio HW HAL (audio)
I/AudioFlinger(  472): Using 'LEGACY Audio HW HAL' (audio.primary) as the primary audio interface
I/dalvikvm(  471): Could not find method android.content.res.PackageRedirectionMap.getPackageId, referenced from method android.content.res.AssetManager.addRedirections
I/AudioFlinger(  472): Loaded a2dp audio interface from A2DP Audio HW HAL (audio)
W/dalvikvm(  471): VFY: unable to resolve virtual method 10109: Landroid/content/res/PackageRedirectionMap;.getPackageId ()I
D/dalvikvm(  471): VFY: replacing opcode 0x6e at 0x000e
D/AudioHardwareInterface(  472): setMode(NORMAL)
I/AudioHardwareMSM72XX(  472): Set master volume to 5.
I/CameraService(  472): CameraService started (pid=472)
E/HAL     (  472): load: module=/system/lib/hw/camera.marvel.so
E/HAL     (  472): Cannot load library: link_image[1965]:   472 could not load needed library 'libcamera.so' for 'camera.marvel.so' (reloc_library[1314]:   472 cannot locate '_debug_pthread_create'...
E/HAL     (  472): )
E/CameraService(  472): Could not load camera HAL module
I/AudioFlinger(  472): AudioFlinger's thread 0x16fe0 ready to run
W/AudioFlinger(  472): Thread AudioOut_1 cannot connect to the power manager service
V/AudioHardwareMSM72XX(  472): AudioStreamOutMSM72xx::setParameters() routing=2
V/AudioHardwareMSM72XX(  472): set output routing 2
I/AudioHardwareMSM72XX(  472): Routing audio to Speakerphone
V/AudioHardwareMSM72XX(  472): doAudioRouteOrMute() device 1, mMode 0, mMicMute 1
D/AudioHardwareMSM72XX(  472): setVoiceVolume(1.000000)
I/AudioHardwareMSM72XX(  472): Setting in-call volume to 5 (available range is 0 to 5)
I/AudioPolicyService(  472): Loaded audio policy from LEGACY Audio Policy HAL (audio_policy)
D/dalvikvm(  471): DexOpt: couldn't find field Landroid/database/sqlite/SQLiteDatabase;.mCanDumpMonitoredSql
W/dalvikvm(  471): VFY: unable to resolve instance field 9348
D/dalvikvm(  471): VFY: replacing opcode 0x55 at 0x0004
E/JNIHelp (  471): Native registration unable to find class 'com/android/server/NetworkManagementSocketTagger', aborting
F/libc    (  471): Fatal signal 11 (SIGSEGV) at 0xdeadbaad (code=1)
I/DEBUG   (   77): *** *** *** *** *** *** *** *** *** *** *** *** *** *** *** ***
I/DEBUG   (   77): Build fingerprint: 'htc_europe/htc_golfu/golfu:4.0.3/IML74K/62541.1:user/release-keys'
I/DEBUG   (   77): pid: 471, tid: 471  >>> zygote <<<
I/DEBUG   (   77): signal 11 (SIGSEGV), code 1 (SEGV_MAPERR), fault addr deadbaad
I/DEBUG   (   77):  r0 deadbaad  r1 0000000c  r2 00000027  r3 a0000000
I/DEBUG   (   77):  r4 00000000  r5 00000080  r6 40199b7c  r7 beeeca88
I/DEBUG   (   77):  r8 00000000  r9 00000000  10 00000000  fp 00000000
I/DEBUG   (   77):  ip ffffffff  sp beeeca50  lr 4001ee9f  pc 4001b656  cpsr 00000030
I/DEBUG   (   77):  d0  3f4000003f400000  d1  0000000000000000
I/DEBUG   (   77):  d2  0000000000000000  d3  0000000000000000
I/DEBUG   (   77):  d4  0000000000000000  d5  0000000000000000
I/DEBUG   (   77):  d6  0000000000000000  d7  000000003f800000
I/DEBUG   (   77):  d8  0000000000000000  d9  0000000000000000
I/DEBUG   (   77):  d10 0000000000000000  d11 0000000000000000
I/DEBUG   (   77):  d12 0000000000000000  d13 0000000000000000
I/DEBUG   (   77):  d14 0000000000000000  d15 0000000000000000
I/DEBUG   (   77):  scr 60000000
I/DEBUG   (   77): 
I/DEBUG   (   77):          #00  pc 00017656  /system/lib/libc.so
I/DEBUG   (   77):          #01  pc 0000c658  /system/lib/libnativehelper.so (jniRegisterNativeMethods)
I/DEBUG   (   77): 
I/DEBUG   (   77): code around pc:
I/DEBUG   (   77): 4001b634 1c2bd00c 2d00682d e027d1fb 2a0068da  ..+.-h.-..'..h.*
I/DEBUG   (   77): 4001b644 4b16d004 447b2001 47906018 22274814  ...K. {D.`.G.H'"
I/DEBUG   (   77): 4001b654 70022580 ef8cf7f4 f7f62106 aa01e81a  .%.p.....!......
I/DEBUG   (   77): 4001b664 05692400 60546091 20061c11 f7f59401  .$i..`T`... ....
I/DEBUG   (   77): 4001b674 a905ebe6 20022200 ebeef7f5 ef78f7f4  .....". ......x.
I/DEBUG   (   77): 
I/DEBUG   (   77): code around lr:
I/DEBUG   (   77): 4001ee7c 4b0db5f0 447bb083 681c2600 68a59001  ...K..{D.&.h...h
I/DEBUG   (   77): 4001ee8c e0086867 5ea8220c dd032800 99011c28  gh...".^.(..(...
I/DEBUG   (   77): 4001ee9c 43064788 3f013554 6824d5f4 d1ee2c00  .G.CT5.?..$h.,..
I/DEBUG   (   77): 4001eeac 1c30b003 46c0bdf0 00028662 1c0fb5f0  ..0....Fb.......
I/DEBUG   (   77): 4001eebc b0891c3d a9064355 604d9103 90064914  =...UC....M`.I..
I/DEBUG   (   77): 
I/DEBUG   (   77): memory map around addr deadbaad:
I/DEBUG   (   77): beecc000-beeed000 [stack]
I/DEBUG   (   77): (no map for address)
I/DEBUG   (   77): (no map above)
I/DEBUG   (   77): 
I/DEBUG   (   77): stack:
I/DEBUG   (   77):     beeeca10  40a45448  /dev/ashmem/dalvik-heap (deleted)
I/DEBUG   (   77):     beeeca14  00012800  [heap]
I/DEBUG   (   77):     beeeca18  40047720  /system/lib/libc.so
I/DEBUG   (   77):     beeeca1c  400476b0  /system/lib/libc.so
I/DEBUG   (   77):     beeeca20  00000000  
I/DEBUG   (   77):     beeeca24  4001ee9f  /system/lib/libc.so
I/DEBUG   (   77):     beeeca28  00000000  
I/DEBUG   (   77):     beeeca2c  4001dc05  /system/lib/libc.so
I/DEBUG   (   77):     beeeca30  00000000  
I/DEBUG   (   77):     beeeca34  00000000  
I/DEBUG   (   77):     beeeca38  00000000  
I/DEBUG   (   77):     beeeca3c  40199b7c  /system/lib/libandroid_runtime.so
I/DEBUG   (   77):     beeeca40  beeeca88  [stack]
I/DEBUG   (   77):     beeeca44  4001e01d  /system/lib/libc.so
I/DEBUG   (   77):     beeeca48  df0027ad  
I/DEBUG   (   77):     beeeca4c  00000000  
I/DEBUG   (   77): #00 beeeca50  00000000  
I/DEBUG   (   77):     beeeca54  0009a940  [heap]
I/DEBUG   (   77):     beeeca58  40a45448  /dev/ashmem/dalvik-heap (deleted)
I/DEBUG   (   77):     beeeca5c  de354111  
I/DEBUG   (   77):     beeeca60  4083bdfd  /system/lib/libdvm.so
I/DEBUG   (   77):     beeeca64  fffffbdf  
I/DEBUG   (   77):     beeeca68  0000f2b8  [heap]
I/DEBUG   (   77):     beeeca6c  4019f96c  /system/lib/libandroid_runtime.so
I/DEBUG   (   77):     beeeca70  0000f2b8  [heap]
I/DEBUG   (   77):     beeeca74  401cb65b  /system/lib/libnativehelper.so
I/DEBUG   (   77): #01 beeeca78  4019f96c  /system/lib/libandroid_runtime.so
I/DEBUG   (   77):     beeeca7c  401cb65b  /system/lib/libnativehelper.so
I/DEBUG   (   77):     beeeca80  401a84c4  /system/lib/libandroid_runtime.so
I/DEBUG   (   77):     beeeca84  00000004  
I/DEBUG   (   77):     beeeca88  0000f2b8  [heap]
I/DEBUG   (   77):     beeeca8c  00000000  
I/DEBUG   (   77):     beeeca90  401a8fa8  /system/lib/libandroid_runtime.so
I/DEBUG   (   77):     beeeca94  4019f96c  /system/lib/libandroid_runtime.so
I/DEBUG   (   77):     beeeca98  0000f2b8  [heap]
I/DEBUG   (   77):     beeeca9c  4019f9bc  /system/lib/libandroid_runtime.so
I/DEBUG   (   77):     beeecaa0  00000001  
I/DEBUG   (   77):     beeecaa4  40181c81  /system/lib/libandroid_runtime.so
I/DEBUG   (   77):     beeecaa8  4019f96c  /system/lib/libandroid_runtime.so
I/DEBUG   (   77):     beeecaac  40149a41  /system/lib/libandroid_runtime.so
I/DEBUG   (   77):     beeecab0  0000f2b8  [heap]
I/DEBUG   (   77):     beeecab4  fffffe40  
I/DEBUG   (   77):     beeecab8  beeecb94  [stack]
I/DEBUG   (   77):     beeecabc  40149a77  /system/lib/libandroid_runtime.so
I/ServiceManager(   74): service 'media.audio_flinger' died
I/ServiceManager(   74): service 'media.player' died
I/ServiceManager(   74): service 'media.camera' died
I/ServiceManager(   74): service 'media.audio_policy' died
I/Netd    (  497): Netd 1.0 starting
D/AndroidRuntime(  498): 
D/AndroidRuntime(  498): >>>>>> AndroidRuntime START com.android.internal.os.ZygoteInit <<<<<<
D/AndroidRuntime(  498): CheckJNI is OFF
I/        (  499): ServiceManager: 0xf958
I/HTC Acoustic(  499): libhtc_acoustic.so version 2.0.0.6.
I/HTC Acoustic(  499): deonvvv gingerbread test.
I/HTC Acoustic(  499): open /system/etc/AudioPara4_WB.csv success.
I/HTC Acoustic(  499): acoustic table version: MAL_WB_20110217
I/HTC Acoustic(  499): read_audio_para_from_file success.
E/HTC Acoustic(  499): Fail to open /system/etc/AudioPara_VODA-Spain.csv -1.
I/HTC Acoustic(  499): open /system/etc/AudioPara4.csv success.
I/HTC Acoustic(  499): acoustic table version: MAL_Gerenic_20110509
W/dalvikvm(  498): VFY: unable to find class referenced in signature (Landroid/content/res/PackageRedirectionMap;)
I/dalvikvm(  498): Could not find method android.content.res.PackageRedirectionMap.getPackageId, referenced from method android.content.res.AssetManager.addRedirections
W/dalvikvm(  498): VFY: unable to resolve virtual method 10109: Landroid/content/res/PackageRedirectionMap;.getPackageId ()I
D/dalvikvm(  498): VFY: replacing opcode 0x6e at 0x000e
I/HTC Acoustic(  499): read_audio_para_from_file success.
I/HTC Acoustic(  499): get_audpp_filter
I/HTC Acoustic(  499): open /system/etc/AudioFilter.csv success.
I/HTC Acoustic(  499): MBADRC Filter MBADRC FLAG = ffff.
E/HTC Acoustic(  499): set mbadrc filter error.
I/HTC Acoustic(  499): failed to set audpp parameters, exiting.
I/HTC Acoustic(  499): get_audpre_filter
I/HTC Acoustic(  499): open /system/etc/AudioPreProcess.csv success.
D/AudioHardwareMSM72XX(  499): mNumSndEndpoints = 151
V/AudioHardwareMSM72XX(  499): constructed 151 SND endpoints)
D/AudioHardwareMSM72XX(  499): BT MATCH HANDSET
D/AudioHardwareMSM72XX(  499): BT MATCH SPEAKER
D/AudioHardwareMSM72XX(  499): BT MATCH HEADSET
D/AudioHardwareMSM72XX(  499): BT MATCH BT
D/AudioHardwareMSM72XX(  499): BT MATCH CARKIT
D/AudioHardwareMSM72XX(  499): BT MATCH TTY_FULL
D/AudioHardwareMSM72XX(  499): BT MATCH TTY_VCO
D/AudioHardwareMSM72XX(  499): BT MATCH TTY_HCO
D/AudioHardwareMSM72XX(  499): BT MATCH NO_MIC_HEADSET
D/AudioHardwareMSM72XX(  499): BT MATCH FM_HEADSET
D/AudioHardwareMSM72XX(  499): BT MATCH HEADSET_AND_SPEAKER
D/AudioHardwareMSM72XX(  499): BT MATCH FM_SPEAKER
D/AudioHardwareMSM72XX(  499): BT MATCH BT_EC_OFF
D/AudioHardwareMSM72XX(  499): BT MATCH BT_EC_OFF
D/AudioHardwareMSM72XX(  499): BT MATCH CURRENT
I/AudioFlinger(  499): Loaded primary audio interface from LEGACY Audio HW HAL (audio)
I/AudioFlinger(  499): Using 'LEGACY Audio HW HAL' (audio.primary) as the primary audio interface
I/AudioFlinger(  499): Loaded a2dp audio interface from A2DP Audio HW HAL (audio)
D/AudioHardwareInterface(  499): setMode(NORMAL)
I/AudioHardwareMSM72XX(  499): Set master volume to 5.
I/CameraService(  499): CameraService started (pid=499)
E/HAL     (  499): load: module=/system/lib/hw/camera.marvel.so
E/HAL     (  499): Cannot load library: link_image[1965]:   499 could not load needed library 'libcamera.so' for 'camera.marvel.so' (reloc_library[1314]:   499 cannot locate '_debug_pthread_create'...
E/HAL     (  499): )
E/CameraService(  499): Could not load camera HAL module
I/AudioFlinger(  499): AudioFlinger's thread 0x16fe0 ready to run
W/AudioFlinger(  499): Thread AudioOut_1 cannot connect to the power manager service
V/AudioHardwareMSM72XX(  499): AudioStreamOutMSM72xx::setParameters() routing=2
V/AudioHardwareMSM72XX(  499): set output routing 2
I/AudioHardwareMSM72XX(  499): Routing audio to Speakerphone
V/AudioHardwareMSM72XX(  499): doAudioRouteOrMute() device 1, mMode 0, mMicMute 1
D/AudioHardwareMSM72XX(  499): setVoiceVolume(1.000000)
I/AudioHardwareMSM72XX(  499): Setting in-call volume to 5 (available range is 0 to 5)
I/AudioPolicyService(  499): Loaded audio policy from LEGACY Audio Policy HAL (audio_policy)
D/dalvikvm(  498): DexOpt: couldn't find field Landroid/database/sqlite/SQLiteDatabase;.mCanDumpMonitoredSql
W/dalvikvm(  498): VFY: unable to resolve instance field 9348
D/dalvikvm(  498): VFY: replacing opcode 0x55 at 0x0004
E/JNIHelp (  498): Native registration unable to find class 'com/android/server/NetworkManagementSocketTagger', aborting
F/libc    (  498): Fatal signal 11 (SIGSEGV) at 0xdeadbaad (code=1)
I/DEBUG   (   77): *** *** *** *** *** *** *** *** *** *** *** *** *** *** *** ***
I/DEBUG   (   77): Build fingerprint: 'htc_europe/htc_golfu/golfu:4.0.3/IML74K/62541.1:user/release-keys'
I/DEBUG   (   77): pid: 498, tid: 498  >>> zygote <<<
I/DEBUG   (   77): signal 11 (SIGSEGV), code 1 (SEGV_MAPERR), fault addr deadbaad
I/DEBUG   (   77):  r0 deadbaad  r1 0000000c  r2 00000027  r3 a0000000
