I/DEBUG   (   77):  r4 00000000  r5 00000080  r6 40199b7c  r7 bee61a88
I/DEBUG   (   77):  r8 00000000  r9 00000000  10 00000000  fp 00000000
I/DEBUG   (   77):  ip ffffffff  sp bee61a50  lr 4001ee9f  pc 4001b656  cpsr 00000030
I/DEBUG   (   77):  d0  3f4000003f400000  d1  0000000000000000
I/DEBUG   (   77):  d2  0000000000000000  d3  0000000000000000
I/DEBUG   (   77):  d4  0000000000000000  d5  0000000000000000
I/DEBUG   (   77):  d6  0000000000000000  d7  000000003f800000
I/DEBUG   (   77):  d8  0000000000000000  d9  0000000000000000
I/DEBUG   (   77):  d10 0000000000000000  d11 0000000000000000
I/DEBUG   (   77):  d12 0000000000000000  d13 0000000000000000
I/DEBUG   (   77):  d14 0000000000000000  d15 0000000000000000
I/DEBUG   (   77):  scr 60000000
I/DEBUG   (   77): 
I/DEBUG   (   77):          #00  pc 00017656  /system/lib/libc.so
I/DEBUG   (   77):          #01  pc 0000c658  /system/lib/libnativehelper.so (jniRegisterNativeMethods)
I/DEBUG   (   77): 
I/DEBUG   (   77): code around pc:
I/DEBUG   (   77): 4001b634 1c2bd00c 2d00682d e027d1fb 2a0068da  ..+.-h.-..'..h.*
I/DEBUG   (   77): 4001b644 4b16d004 447b2001 47906018 22274814  ...K. {D.`.G.H'"
I/DEBUG   (   77): 4001b654 70022580 ef8cf7f4 f7f62106 aa01e81a  .%.p.....!......
I/DEBUG   (   77): 4001b664 05692400 60546091 20061c11 f7f59401  .$i..`T`... ....
I/DEBUG   (   77): 4001b674 a905ebe6 20022200 ebeef7f5 ef78f7f4  .....". ......x.
I/DEBUG   (   77): 
I/DEBUG   (   77): code around lr:
I/DEBUG   (   77): 4001ee7c 4b0db5f0 447bb083 681c2600 68a59001  ...K..{D.&.h...h
I/DEBUG   (   77): 4001ee8c e0086867 5ea8220c dd032800 99011c28  gh...".^.(..(...
I/DEBUG   (   77): 4001ee9c 43064788 3f013554 6824d5f4 d1ee2c00  .G.CT5.?..$h.,..
I/DEBUG   (   77): 4001eeac 1c30b003 46c0bdf0 00028662 1c0fb5f0  ..0....Fb.......
I/DEBUG   (   77): 4001eebc b0891c3d a9064355 604d9103 90064914  =...UC....M`.I..
I/DEBUG   (   77): 
I/DEBUG   (   77): memory map around addr deadbaad:
I/DEBUG   (   77): bee41000-bee62000 [stack]
I/DEBUG   (   77): (no map for address)
I/DEBUG   (   77): (no map above)
I/DEBUG   (   77): 
I/DEBUG   (   77): stack:
I/DEBUG   (   77):     bee61a10  40a45448  /dev/ashmem/dalvik-heap (deleted)
I/DEBUG   (   77):     bee61a14  00012800  [heap]
I/DEBUG   (   77):     bee61a18  40047720  /system/lib/libc.so
I/DEBUG   (   77):     bee61a1c  400476b0  /system/lib/libc.so
I/DEBUG   (   77):     bee61a20  00000000  
I/DEBUG   (   77):     bee61a24  4001ee9f  /system/lib/libc.so
I/DEBUG   (   77):     bee61a28  00000000  
I/DEBUG   (   77):     bee61a2c  4001dc05  /system/lib/libc.so
I/DEBUG   (   77):     bee61a30  00000000  
I/DEBUG   (   77):     bee61a34  00000000  
I/DEBUG   (   77):     bee61a38  00000000  
I/DEBUG   (   77):     bee61a3c  40199b7c  /system/lib/libandroid_runtime.so
I/DEBUG   (   77):     bee61a40  bee61a88  [stack]
I/DEBUG   (   77):     bee61a44  4001e01d  /system/lib/libc.so
I/DEBUG   (   77):     bee61a48  df0027ad  
I/DEBUG   (   77):     bee61a4c  00000000  
I/DEBUG   (   77): #00 bee61a50  00000000  
I/DEBUG   (   77):     bee61a54  00012c68  [heap]
I/DEBUG   (   77):     bee61a58  40a45448  /dev/ashmem/dalvik-heap (deleted)
I/DEBUG   (   77):     bee61a5c  34bdeb82  
I/DEBUG   (   77):     bee61a60  4083bdfd  /system/lib/libdvm.so
I/DEBUG   (   77):     bee61a64  fffffbdf  
I/DEBUG   (   77):     bee61a68  0000f2b8  [heap]
I/DEBUG   (   77):     bee61a6c  4019f96c  /system/lib/libandroid_runtime.so
I/DEBUG   (   77):     bee61a70  0000f2b8  [heap]
I/DEBUG   (   77):     bee61a74  401cb65b  /system/lib/libnativehelper.so
I/DEBUG   (   77): #01 bee61a78  4019f96c  /system/lib/libandroid_runtime.so
I/DEBUG   (   77):     bee61a7c  401cb65b  /system/lib/libnativehelper.so
I/DEBUG   (   77):     bee61a80  401a84c4  /system/lib/libandroid_runtime.so
I/DEBUG   (   77):     bee61a84  00000004  
I/DEBUG   (   77):     bee61a88  0000f2b8  [heap]
I/DEBUG   (   77):     bee61a8c  00000000  
I/DEBUG   (   77):     bee61a90  401a8fa8  /system/lib/libandroid_runtime.so
I/DEBUG   (   77):     bee61a94  4019f96c  /system/lib/libandroid_runtime.so
I/DEBUG   (   77):     bee61a98  0000f2b8  [heap]
I/DEBUG   (   77):     bee61a9c  4019f9bc  /system/lib/libandroid_runtime.so
I/DEBUG   (   77):     bee61aa0  00000001  
I/DEBUG   (   77):     bee61aa4  40181c81  /system/lib/libandroid_runtime.so
I/DEBUG   (   77):     bee61aa8  4019f96c  /system/lib/libandroid_runtime.so
I/DEBUG   (   77):     bee61aac  40149a41  /system/lib/libandroid_runtime.so
I/DEBUG   (   77):     bee61ab0  0000f2b8  [heap]
I/DEBUG   (   77):     bee61ab4  fffffe40  
I/DEBUG   (   77):     bee61ab8  bee61b94  [stack]
I/DEBUG   (   77):     bee61abc  40149a77  /system/lib/libandroid_runtime.so
I/ServiceManager(   74): service 'media.audio_flinger' died
I/ServiceManager(   74): service 'media.player' died
I/ServiceManager(   74): service 'media.camera' died
I/ServiceManager(   74): service 'media.audio_policy' died
I/Netd    (  524): Netd 1.0 starting
D/AndroidRuntime(  525): 
D/AndroidRuntime(  525): >>>>>> AndroidRuntime START com.android.internal.os.ZygoteInit <<<<<<
D/AndroidRuntime(  525): CheckJNI is OFF
I/        (  526): ServiceManager: 0xf958
I/HTC Acoustic(  526): libhtc_acoustic.so version 2.0.0.6.
I/HTC Acoustic(  526): deonvvv gingerbread test.
I/HTC Acoustic(  526): open /system/etc/AudioPara4_WB.csv success.
I/HTC Acoustic(  526): acoustic table version: MAL_WB_20110217
I/HTC Acoustic(  526): read_audio_para_from_file success.
E/HTC Acoustic(  526): Fail to open /system/etc/AudioPara_VODA-Spain.csv -1.
I/HTC Acoustic(  526): open /system/etc/AudioPara4.csv success.
I/HTC Acoustic(  526): acoustic table version: MAL_Gerenic_20110509
W/dalvikvm(  525): VFY: unable to find class referenced in signature (Landroid/content/res/PackageRedirectionMap;)
I/dalvikvm(  525): Could not find method android.content.res.PackageRedirectionMap.getPackageId, referenced from method android.content.res.AssetManager.addRedirections
W/dalvikvm(  525): VFY: unable to resolve virtual method 10109: Landroid/content/res/PackageRedirectionMap;.getPackageId ()I
D/dalvikvm(  525): VFY: replacing opcode 0x6e at 0x000e
I/HTC Acoustic(  526): read_audio_para_from_file success.
I/HTC Acoustic(  526): get_audpp_filter
I/HTC Acoustic(  526): open /system/etc/AudioFilter.csv success.
I/HTC Acoustic(  526): MBADRC Filter MBADRC FLAG = ffff.
E/HTC Acoustic(  526): set mbadrc filter error.
I/HTC Acoustic(  526): failed to set audpp parameters, exiting.
I/HTC Acoustic(  526): get_audpre_filter
I/HTC Acoustic(  526): open /system/etc/AudioPreProcess.csv success.
D/AudioHardwareMSM72XX(  526): mNumSndEndpoints = 151
V/AudioHardwareMSM72XX(  526): constructed 151 SND endpoints)
D/AudioHardwareMSM72XX(  526): BT MATCH HANDSET
D/AudioHardwareMSM72XX(  526): BT MATCH SPEAKER
D/AudioHardwareMSM72XX(  526): BT MATCH HEADSET
D/AudioHardwareMSM72XX(  526): BT MATCH BT
D/AudioHardwareMSM72XX(  526): BT MATCH CARKIT
D/AudioHardwareMSM72XX(  526): BT MATCH TTY_FULL
D/AudioHardwareMSM72XX(  526): BT MATCH TTY_VCO
D/AudioHardwareMSM72XX(  526): BT MATCH TTY_HCO
D/AudioHardwareMSM72XX(  526): BT MATCH NO_MIC_HEADSET
D/AudioHardwareMSM72XX(  526): BT MATCH FM_HEADSET
D/AudioHardwareMSM72XX(  526): BT MATCH HEADSET_AND_SPEAKER
D/AudioHardwareMSM72XX(  526): BT MATCH FM_SPEAKER
D/AudioHardwareMSM72XX(  526): BT MATCH BT_EC_OFF
D/AudioHardwareMSM72XX(  526): BT MATCH BT_EC_OFF
D/AudioHardwareMSM72XX(  526): BT MATCH CURRENT
I/AudioFlinger(  526): Loaded primary audio interface from LEGACY Audio HW HAL (audio)
I/AudioFlinger(  526): Using 'LEGACY Audio HW HAL' (audio.primary) as the primary audio interface
I/AudioFlinger(  526): Loaded a2dp audio interface from A2DP Audio HW HAL (audio)
D/AudioHardwareInterface(  526): setMode(NORMAL)
I/AudioHardwareMSM72XX(  526): Set master volume to 5.
I/CameraService(  526): CameraService started (pid=526)
E/HAL     (  526): load: module=/system/lib/hw/camera.marvel.so
E/HAL     (  526): Cannot load library: link_image[1965]:   526 could not load needed library 'libcamera.so' for 'camera.marvel.so' (reloc_library[1314]:   526 cannot locate '_debug_pthread_create'...
E/HAL     (  526): )
E/CameraService(  526): Could not load camera HAL module
I/AudioFlinger(  526): AudioFlinger's thread 0x16f98 ready to run
W/AudioFlinger(  526): Thread AudioOut_1 cannot connect to the power manager service
V/AudioHardwareMSM72XX(  526): AudioStreamOutMSM72xx::setParameters() routing=2
V/AudioHardwareMSM72XX(  526): set output routing 2
I/AudioHardwareMSM72XX(  526): Routing audio to Speakerphone
V/AudioHardwareMSM72XX(  526): doAudioRouteOrMute() device 1, mMode 0, mMicMute 1
D/AudioHardwareMSM72XX(  526): setVoiceVolume(1.000000)
I/AudioHardwareMSM72XX(  526): Setting in-call volume to 5 (available range is 0 to 5)
I/AudioPolicyService(  526): Loaded audio policy from LEGACY Audio Policy HAL (audio_policy)
D/dalvikvm(  525): DexOpt: couldn't find field Landroid/database/sqlite/SQLiteDatabase;.mCanDumpMonitoredSql
W/dalvikvm(  525): VFY: unable to resolve instance field 9348
D/dalvikvm(  525): VFY: replacing opcode 0x55 at 0x0004
E/JNIHelp (  525): Native registration unable to find class 'com/android/server/NetworkManagementSocketTagger', aborting
F/libc    (  525): Fatal signal 11 (SIGSEGV) at 0xdeadbaad (code=1)
I/DEBUG   (   77): *** *** *** *** *** *** *** *** *** *** *** *** *** *** *** ***
I/DEBUG   (   77): Build fingerprint: 'htc_europe/htc_golfu/golfu:4.0.3/IML74K/62541.1:user/release-keys'
I/DEBUG   (   77): pid: 525, tid: 525  >>> zygote <<<
I/DEBUG   (   77): signal 11 (SIGSEGV), code 1 (SEGV_MAPERR), fault addr deadbaad
I/DEBUG   (   77):  r0 deadbaad  r1 0000000c  r2 00000027  r3 a0000000
I/DEBUG   (   77):  r4 00000000  r5 00000080  r6 40199b7c  r7 bee97a88
I/DEBUG   (   77):  r8 00000000  r9 00000000  10 00000000  fp 00000000
I/DEBUG   (   77):  ip ffffffff  sp bee97a50  lr 4001ee9f  pc 4001b656  cpsr 00000030
I/DEBUG   (   77):  d0  3f4000003f400000  d1  0000000000000000
I/DEBUG   (   77):  d2  0000000000000000  d3  0000000000000000
I/DEBUG   (   77):  d4  0000000000000000  d5  0000000000000000
I/DEBUG   (   77):  d6  0000000000000000  d7  000000003f800000
I/DEBUG   (   77):  d8  0000000000000000  d9  0000000000000000
I/DEBUG   (   77):  d10 0000000000000000  d11 0000000000000000
I/DEBUG   (   77):  d12 0000000000000000  d13 0000000000000000
I/DEBUG   (   77):  d14 0000000000000000  d15 0000000000000000
I/DEBUG   (   77):  scr 60000000
I/DEBUG   (   77): 
I/DEBUG   (   77):          #00  pc 00017656  /system/lib/libc.so
I/DEBUG   (   77):          #01  pc 0000c658  /system/lib/libnativehelper.so (jniRegisterNativeMethods)
I/DEBUG   (   77): 
I/DEBUG   (   77): code around pc:
I/DEBUG   (   77): 4001b634 1c2bd00c 2d00682d e027d1fb 2a0068da  ..+.-h.-..'..h.*
I/DEBUG   (   77): 4001b644 4b16d004 447b2001 47906018 22274814  ...K. {D.`.G.H'"
I/DEBUG   (   77): 4001b654 70022580 ef8cf7f4 f7f62106 aa01e81a  .%.p.....!......
I/DEBUG   (   77): 4001b664 05692400 60546091 20061c11 f7f59401  .$i..`T`... ....
I/DEBUG   (   77): 4001b674 a905ebe6 20022200 ebeef7f5 ef78f7f4  .....". ......x.
I/DEBUG   (   77): 
I/DEBUG   (   77): code around lr:
I/DEBUG   (   77): 4001ee7c 4b0db5f0 447bb083 681c2600 68a59001  ...K..{D.&.h...h
I/DEBUG   (   77): 4001ee8c e0086867 5ea8220c dd032800 99011c28  gh...".^.(..(...
I/DEBUG   (   77): 4001ee9c 43064788 3f013554 6824d5f4 d1ee2c00  .G.CT5.?..$h.,..
I/DEBUG   (   77): 4001eeac 1c30b003 46c0bdf0 00028662 1c0fb5f0  ..0....Fb.......
I/DEBUG   (   77): 4001eebc b0891c3d a9064355 604d9103 90064914  =...UC....M`.I..
I/DEBUG   (   77): 
I/DEBUG   (   77): memory map around addr deadbaad:
I/DEBUG   (   77): bee77000-bee98000 [stack]
I/DEBUG   (   77): (no map for address)
I/DEBUG   (   77): (no map above)
I/DEBUG   (   77): 
I/DEBUG   (   77): stack:
I/DEBUG   (   77):     bee97a10  40a45448  /dev/ashmem/dalvik-heap (deleted)
I/DEBUG   (   77):     bee97a14  00012800  [heap]
I/DEBUG   (   77):     bee97a18  40047720  /system/lib/libc.so
I/DEBUG   (   77):     bee97a1c  400476b0  /system/lib/libc.so
I/DEBUG   (   77):     bee97a20  00000000  
I/DEBUG   (   77):     bee97a24  4001ee9f  /system/lib/libc.so
I/DEBUG   (   77):     bee97a28  00000000  
I/DEBUG   (   77):     bee97a2c  4001dc05  /system/lib/libc.so
I/DEBUG   (   77):     bee97a30  00000000  
I/DEBUG   (   77):     bee97a34  00000000  
I/DEBUG   (   77):     bee97a38  00000000  
I/DEBUG   (   77):     bee97a3c  40199b7c  /system/lib/libandroid_runtime.so
I/DEBUG   (   77):     bee97a40  bee97a88  [stack]
I/DEBUG   (   77):     bee97a44  4001e01d  /system/lib/libc.so
I/DEBUG   (   77):     bee97a48  df0027ad  
I/DEBUG   (   77):     bee97a4c  00000000  
I/DEBUG   (   77): #00 bee97a50  00000000  
I/DEBUG   (   77):     bee97a54  00012d50  [heap]
I/DEBUG   (   77):     bee97a58  40a45448  /dev/ashmem/dalvik-heap (deleted)
I/DEBUG   (   77):     bee97a5c  fd6886d5  
I/DEBUG   (   77):     bee97a60  4083bdfd  /system/lib/libdvm.so
I/DEBUG   (   77):     bee97a64  fffffbdf  
I/DEBUG   (   77):     bee97a68  0000f2b8  [heap]
I/DEBUG   (   77):     bee97a6c  4019f96c  /system/lib/libandroid_runtime.so
I/DEBUG   (   77):     bee97a70  0000f2b8  [heap]
I/DEBUG   (   77):     bee97a74  401cb65b  /system/lib/libnativehelper.so
I/DEBUG   (   77): #01 bee97a78  4019f96c  /system/lib/libandroid_runtime.so
I/DEBUG   (   77):     bee97a7c  401cb65b  /system/lib/libnativehelper.so
I/DEBUG   (   77):     bee97a80  401a84c4  /system/lib/libandroid_runtime.so
I/DEBUG   (   77):     bee97a84  00000004  
I/DEBUG   (   77):     bee97a88  0000f2b8  [heap]
I/DEBUG   (   77):     bee97a8c  00000000  
I/DEBUG   (   77):     bee97a90  401a8fa8  /system/lib/libandroid_runtime.so
I/DEBUG   (   77):     bee97a94  4019f96c  /system/lib/libandroid_runtime.so
I/DEBUG   (   77):     bee97a98  0000f2b8  [heap]
I/DEBUG   (   77):     bee97a9c  4019f9bc  /system/lib/libandroid_runtime.so
I/DEBUG   (   77):     bee97aa0  00000001  
I/DEBUG   (   77):     bee97aa4  40181c81  /system/lib/libandroid_runtime.so
I/DEBUG   (   77):     bee97aa8  4019f96c  /system/lib/libandroid_runtime.so
I/DEBUG   (   77):     bee97aac  40149a41  /system/lib/libandroid_runtime.so
I/DEBUG   (   77):     bee97ab0  0000f2b8  [heap]
I/DEBUG   (   77):     bee97ab4  fffffe40  
I/DEBUG   (   77):     bee97ab8  bee97b94  [stack]
I/DEBUG   (   77):     bee97abc  40149a77  /system/lib/libandroid_runtime.so
I/ServiceManager(   74): service 'media.audio_flinger' died
I/ServiceManager(   74): service 'media.player' died
I/ServiceManager(   74): service 'media.camera' died
I/ServiceManager(   74): service 'media.audio_policy' died
I/Netd    (  551): Netd 1.0 starting
D/AndroidRuntime(  552): 
D/AndroidRuntime(  552): >>>>>> AndroidRuntime START com.android.internal.os.ZygoteInit <<<<<<
D/AndroidRuntime(  552): CheckJNI is OFF
I/        (  553): ServiceManager: 0xf958
I/HTC Acoustic(  553): libhtc_acoustic.so version 2.0.0.6.
I/HTC Acoustic(  553): deonvvv gingerbread test.
I/HTC Acoustic(  553): open /system/etc/AudioPara4_WB.csv success.
I/HTC Acoustic(  553): acoustic table version: MAL_WB_20110217
I/HTC Acoustic(  553): read_audio_para_from_file success.
E/HTC Acoustic(  553): Fail to open /system/etc/AudioPara_VODA-Spain.csv -1.
I/HTC Acoustic(  553): open /system/etc/AudioPara4.csv success.
I/HTC Acoustic(  553): acoustic table version: MAL_Gerenic_20110509
W/dalvikvm(  552): VFY: unable to find class referenced in signature (Landroid/content/res/PackageRedirectionMap;)
I/dalvikvm(  552): Could not find method android.content.res.PackageRedirectionMap.getPackageId, referenced from method android.content.res.AssetManager.addRedirections
W/dalvikvm(  552): VFY: unable to resolve virtual method 10109: Landroid/content/res/PackageRedirectionMap;.getPackageId ()I
D/dalvikvm(  552): VFY: replacing opcode 0x6e at 0x000e
I/HTC Acoustic(  553): read_audio_para_from_file success.
I/HTC Acoustic(  553): get_audpp_filter
I/HTC Acoustic(  553): open /system/etc/AudioFilter.csv success.
I/HTC Acoustic(  553): MBADRC Filter MBADRC FLAG = ffff.
E/HTC Acoustic(  553): set mbadrc filter error.
I/HTC Acoustic(  553): failed to set audpp parameters, exiting.
I/HTC Acoustic(  553): get_audpre_filter
I/HTC Acoustic(  553): open /system/etc/AudioPreProcess.csv success.
D/AudioHardwareMSM72XX(  553): mNumSndEndpoints = 151
V/AudioHardwareMSM72XX(  553): constructed 151 SND endpoints)
D/AudioHardwareMSM72XX(  553): BT MATCH HANDSET
D/AudioHardwareMSM72XX(  553): BT MATCH SPEAKER
D/AudioHardwareMSM72XX(  553): BT MATCH HEADSET
D/AudioHardwareMSM72XX(  553): BT MATCH BT
D/AudioHardwareMSM72XX(  553): BT MATCH CARKIT
D/AudioHardwareMSM72XX(  553): BT MATCH TTY_FULL
D/AudioHardwareMSM72XX(  553): BT MATCH TTY_VCO
D/AudioHardwareMSM72XX(  553): BT MATCH TTY_HCO
D/AudioHardwareMSM72XX(  553): BT MATCH NO_MIC_HEADSET
D/AudioHardwareMSM72XX(  553): BT MATCH FM_HEADSET
D/AudioHardwareMSM72XX(  553): BT MATCH HEADSET_AND_SPEAKER
D/AudioHardwareMSM72XX(  553): BT MATCH FM_SPEAKER
D/AudioHardwareMSM72XX(  553): BT MATCH BT_EC_OFF
D/AudioHardwareMSM72XX(  553): BT MATCH BT_EC_OFF
D/AudioHardwareMSM72XX(  553): BT MATCH CURRENT
I/AudioFlinger(  553): Loaded primary audio interface from LEGACY Audio HW HAL (audio)
I/AudioFlinger(  553): Using 'LEGACY Audio HW HAL' (audio.primary) as the primary audio interface
I/AudioFlinger(  553): Loaded a2dp audio interface from A2DP Audio HW HAL (audio)
D/AudioHardwareInterface(  553): setMode(NORMAL)
I/AudioHardwareMSM72XX(  553): Set master volume to 5.
I/CameraService(  553): CameraService started (pid=553)
E/HAL     (  553): load: module=/system/lib/hw/camera.marvel.so
E/HAL     (  553): Cannot load library: link_image[1965]:   553 could not load needed library 'libcamera.so' for 'camera.marvel.so' (reloc_library[1314]:   553 cannot locate '_debug_pthread_create'...
E/HAL     (  553): )
E/CameraService(  553): Could not load camera HAL module
I/AudioFlinger(  553): AudioFlinger's thread 0x16f98 ready to run
W/AudioFlinger(  553): Thread AudioOut_1 cannot connect to the power manager service
V/AudioHardwareMSM72XX(  553): AudioStreamOutMSM72xx::setParameters() routing=2
V/AudioHardwareMSM72XX(  553): set output routing 2
I/AudioHardwareMSM72XX(  553): Routing audio to Speakerphone
V/AudioHardwareMSM72XX(  553): doAudioRouteOrMute() device 1, mMode 0, mMicMute 1
D/AudioHardwareMSM72XX(  553): setVoiceVolume(1.000000)
I/AudioHardwareMSM72XX(  553): Setting in-call volume to 5 (available range is 0 to 5)
I/AudioPolicyService(  553): Loaded audio policy from LEGACY Audio Policy HAL (audio_policy)
D/dalvikvm(  552): DexOpt: couldn't find field Landroid/database/sqlite/SQLiteDatabase;.mCanDumpMonitoredSql
W/dalvikvm(  552): VFY: unable to resolve instance field 9348
D/dalvikvm(  552): VFY: replacing opcode 0x55 at 0x0004
E/JNIHelp (  552): Native registration unable to find class 'com/android/server/NetworkManagementSocketTagger', aborting
F/libc    (  552): Fatal signal 11 (SIGSEGV) at 0xdeadbaad (code=1)
I/DEBUG   (   77): *** *** *** *** *** *** *** *** *** *** *** *** *** *** *** ***
I/DEBUG   (   77): Build fingerprint: 'htc_europe/htc_golfu/golfu:4.0.3/IML74K/62541.1:user/release-keys'
I/DEBUG   (   77): pid: 552, tid: 552  >>> zygote <<<
I/DEBUG   (   77): signal 11 (SIGSEGV), code 1 (SEGV_MAPERR), fault addr deadbaad
I/DEBUG   (   77):  r0 deadbaad  r1 0000000c  r2 00000027  r3 a0000000
I/DEBUG   (   77):  r4 00000000  r5 00000080  r6 40199b7c  r7 bef77a88
I/DEBUG   (   77):  r8 00000000  r9 00000000  10 00000000  fp 00000000
I/DEBUG   (   77):  ip ffffffff  sp bef77a50  lr 4001ee9f  pc 4001b656  cpsr 00000030
I/DEBUG   (   77):  d0  3f4000003f400000  d1  0000000000000000
I/DEBUG   (   77):  d2  0000000000000000  d3  0000000000000000
I/DEBUG   (   77):  d4  0000000000000000  d5  0000000000000000
I/DEBUG   (   77):  d6  0000000000000000  d7  000000003f800000
I/DEBUG   (   77):  d8  0000000000000000  d9  0000000000000000
I/DEBUG   (   77):  d10 0000000000000000  d11 0000000000000000
I/DEBUG   (   77):  d12 0000000000000000  d13 0000000000000000
I/DEBUG   (   77):  d14 0000000000000000  d15 0000000000000000
I/DEBUG   (   77):  scr 60000000
I/DEBUG   (   77): 
I/DEBUG   (   77):          #00  pc 00017656  /system/lib/libc.so
I/DEBUG   (   77):          #01  pc 0000c658  /system/lib/libnativehelper.so (jniRegisterNativeMethods)
I/DEBUG   (   77): 
I/DEBUG   (   77): code around pc:
I/DEBUG   (   77): 4001b634 1c2bd00c 2d00682d e027d1fb 2a0068da  ..+.-h.-..'..h.*
I/DEBUG   (   77): 4001b644 4b16d004 447b2001 47906018 22274814  ...K. {D.`.G.H'"
I/DEBUG   (   77): 4001b654 70022580 ef8cf7f4 f7f62106 aa01e81a  .%.p.....!......
I/DEBUG   (   77): 4001b664 05692400 60546091 20061c11 f7f59401  .$i..`T`... ....
I/DEBUG   (   77): 4001b674 a905ebe6 20022200 ebeef7f5 ef78f7f4  .....". ......x.
I/DEBUG   (   77): 
I/DEBUG   (   77): code around lr:
I/DEBUG   (   77): 4001ee7c 4b0db5f0 447bb083 681c2600 68a59001  ...K..{D.&.h...h
I/DEBUG   (   77): 4001ee8c e0086867 5ea8220c dd032800 99011c28  gh...".^.(..(...
I/DEBUG   (   77): 4001ee9c 43064788 3f013554 6824d5f4 d1ee2c00  .G.CT5.?..$h.,..
I/DEBUG   (   77): 4001eeac 1c30b003 46c0bdf0 00028662 1c0fb5f0  ..0....Fb.......
I/DEBUG   (   77): 4001eebc b0891c3d a9064355 604d9103 90064914  =...UC....M`.I..
I/DEBUG   (   77): 
I/DEBUG   (   77): memory map around addr deadbaad:
I/DEBUG   (   77): bef57000-bef78000 [stack]
I/DEBUG   (   77): (no map for address)
I/DEBUG   (   77): (no map above)
I/DEBUG   (   77): 
I/DEBUG   (   77): stack:
I/DEBUG   (   77):     bef77a10  40a45448  /dev/ashmem/dalvik-heap (deleted)
I/DEBUG   (   77):     bef77a14  00012800  [heap]
I/DEBUG   (   77):     bef77a18  40047720  /system/lib/libc.so
I/DEBUG   (   77):     bef77a1c  400476b0  /system/lib/libc.so
I/DEBUG   (   77):     bef77a20  00000000  
I/DEBUG   (   77):     bef77a24  4001ee9f  /system/lib/libc.so
I/DEBUG   (   77):     bef77a28  00000000  
I/DEBUG   (   77):     bef77a2c  4001dc05  /system/lib/libc.so
I/DEBUG   (   77):     bef77a30  00000000  
I/DEBUG   (   77):     bef77a34  00000000  
I/DEBUG   (   77):     bef77a38  00000000  
I/DEBUG   (   77):     bef77a3c  40199b7c  /system/lib/libandroid_runtime.so
I/DEBUG   (   77):     bef77a40  bef77a88  [stack]
I/DEBUG   (   77):     bef77a44  4001e01d  /system/lib/libc.so
I/DEBUG   (   77):     bef77a48  df0027ad  
I/DEBUG   (   77):     bef77a4c  00000000  
I/DEBUG   (   77): #00 bef77a50  00000000  
I/DEBUG   (   77):     bef77a54  00012c68  [heap]
I/DEBUG   (   77):     bef77a58  40a45448  /dev/ashmem/dalvik-heap (deleted)
I/DEBUG   (   77):     bef77a5c  7e9a392c  
I/DEBUG   (   77):     bef77a60  4083bdfd  /system/lib/libdvm.so
I/DEBUG   (   77):     bef77a64  fffffbdf  
I/DEBUG   (   77):     bef77a68  0000f2b8  [heap]
I/DEBUG   (   77):     bef77a6c  4019f96c  /system/lib/libandroid_runtime.so
I/DEBUG   (   77):     bef77a70  0000f2b8  [heap]
I/DEBUG   (   77):     bef77a74  401cb65b  /system/lib/libnativehelper.so
I/DEBUG   (   77): #01 bef77a78  4019f96c  /system/lib/libandroid_runtime.so
I/DEBUG   (   77):     bef77a7c  401cb65b  /system/lib/libnativehelper.so
I/DEBUG   (   77):     bef77a80  401a84c4  /system/lib/libandroid_runtime.so
I/DEBUG   (   77):     bef77a84  00000004  
I/DEBUG   (   77):     bef77a88  0000f2b8  [heap]
I/DEBUG   (   77):     bef77a8c  00000000  
I/DEBUG   (   77):     bef77a90  401a8fa8  /system/lib/libandroid_runtime.so
I/DEBUG   (   77):     bef77a94  4019f96c  /system/lib/libandroid_runtime.so
I/DEBUG   (   77):     bef77a98  0000f2b8  [heap]
I/DEBUG   (   77):     bef77a9c  4019f9bc  /system/lib/libandroid_runtime.so
I/DEBUG   (   77):     bef77aa0  00000001  
I/DEBUG   (   77):     bef77aa4  40181c81  /system/lib/libandroid_runtime.so
I/DEBUG   (   77):     bef77aa8  4019f96c  /system/lib/libandroid_runtime.so
I/DEBUG   (   77):     bef77aac  40149a41  /system/lib/libandroid_runtime.so
I/DEBUG   (   77):     bef77ab0  0000f2b8  [heap]
I/DEBUG   (   77):     bef77ab4  fffffe40  
I/DEBUG   (   77):     bef77ab8  bef77b94  [stack]
I/DEBUG   (   77):     bef77abc  40149a77  /system/lib/libandroid_runtime.so
I/ServiceManager(   74): service 'media.audio_flinger' died
I/ServiceManager(   74): service 'media.player' died
I/ServiceManager(   74): service 'media.camera' died
I/ServiceManager(   74): service 'media.audio_policy' died
I/Netd    (  578): Netd 1.0 starting
D/AndroidRuntime(  579): 
D/AndroidRuntime(  579): >>>>>> AndroidRuntime START com.android.internal.os.ZygoteInit <<<<<<
D/AndroidRuntime(  579): CheckJNI is OFF
I/        (  580): ServiceManager: 0xf958
I/HTC Acoustic(  580): libhtc_acoustic.so version 2.0.0.6.
I/HTC Acoustic(  580): deonvvv gingerbread test.
I/HTC Acoustic(  580): open /system/etc/AudioPara4_WB.csv success.
I/HTC Acoustic(  580): acoustic table version: MAL_WB_20110217
I/HTC Acoustic(  580): read_audio_para_from_file success.
E/HTC Acoustic(  580): Fail to open /system/etc/AudioPara_VODA-Spain.csv -1.
I/HTC Acoustic(  580): open /system/etc/AudioPara4.csv success.
I/HTC Acoustic(  580): acoustic table version: MAL_Gerenic_20110509
I/HTC Acoustic(  580): read_audio_para_from_file success.
I/HTC Acoustic(  580): get_audpp_filter
I/HTC Acoustic(  580): open /system/etc/AudioFilter.csv success.
I/HTC Acoustic(  580): MBADRC Filter MBADRC FLAG = ffff.
E/HTC Acoustic(  580): set mbadrc filter error.
I/HTC Acoustic(  580): failed to set audpp parameters, exiting.
I/HTC Acoustic(  580): get_audpre_filter
I/HTC Acoustic(  580): open /system/etc/AudioPreProcess.csv success.
D/AudioHardwareMSM72XX(  580): mNumSndEndpoints = 151
V/AudioHardwareMSM72XX(  580): constructed 151 SND endpoints)
D/AudioHardwareMSM72XX(  580): BT MATCH HANDSET
D/AudioHardwareMSM72XX(  580): BT MATCH SPEAKER
D/AudioHardwareMSM72XX(  580): BT MATCH HEADSET
D/AudioHardwareMSM72XX(  580): BT MATCH BT
D/AudioHardwareMSM72XX(  580): BT MATCH CARKIT
D/AudioHardwareMSM72XX(  580): BT MATCH TTY_FULL
D/AudioHardwareMSM72XX(  580): BT MATCH TTY_VCO
D/AudioHardwareMSM72XX(  580): BT MATCH TTY_HCO
D/AudioHardwareMSM72XX(  580): BT MATCH NO_MIC_HEADSET
D/AudioHardwareMSM72XX(  580): BT MATCH FM_HEADSET
D/AudioHardwareMSM72XX(  580): BT MATCH HEADSET_AND_SPEAKER
D/AudioHardwareMSM72XX(  580): BT MATCH FM_SPEAKER
D/AudioHardwareMSM72XX(  580): BT MATCH BT_EC_OFF
D/AudioHardwareMSM72XX(  580): BT MATCH BT_EC_OFF
D/AudioHardwareMSM72XX(  580): BT MATCH CURRENT
I/AudioFlinger(  580): Loaded primary audio interface from LEGACY Audio HW HAL (audio)
I/AudioFlinger(  580): Using 'LEGACY Audio HW HAL' (audio.primary) as the primary audio interface
I/AudioFlinger(  580): Loaded a2dp audio interface from A2DP Audio HW HAL (audio)
D/AudioHardwareInterface(  580): setMode(NORMAL)
I/AudioHardwareMSM72XX(  580): Set master volume to 5.
I/CameraService(  580): CameraService started (pid=580)
W/dalvikvm(  579): VFY: unable to find class referenced in signature (Landroid/content/res/PackageRedirectionMap;)
E/HAL     (  580): load: module=/system/lib/hw/camera.marvel.so
E/HAL     (  580): Cannot load library: link_image[1965]:   580 could not load needed library 'libcamera.so' for 'camera.marvel.so' (reloc_library[1314]:   580 cannot locate '_debug_pthread_create'...
E/HAL     (  580): )
E/CameraService(  580): Could not load camera HAL module
I/dalvikvm(  579): Could not find method android.content.res.PackageRedirectionMap.getPackageId, referenced from method android.content.res.AssetManager.addRedirections
W/dalvikvm(  579): VFY: unable to resolve virtual method 10109: Landroid/content/res/PackageRedirectionMap;.getPackageId ()I
D/dalvikvm(  579): VFY: replacing opcode 0x6e at 0x000e
I/AudioFlinger(  580): AudioFlinger's thread 0x16fe0 ready to run
W/AudioFlinger(  580): Thread AudioOut_1 cannot connect to the power manager service
V/AudioHardwareMSM72XX(  580): AudioStreamOutMSM72xx::setParameters() routing=2
V/AudioHardwareMSM72XX(  580): set output routing 2
I/AudioHardwareMSM72XX(  580): Routing audio to Speakerphone
V/AudioHardwareMSM72XX(  580): doAudioRouteOrMute() device 1, mMode 0, mMicMute 1
D/AudioHardwareMSM72XX(  580): setVoiceVolume(1.000000)
I/AudioHardwareMSM72XX(  580): Setting in-call volume to 5 (available range is 0 to 5)
I/AudioPolicyService(  580): Loaded audio policy from LEGACY Audio Policy HAL (audio_policy)
D/dalvikvm(  579): DexOpt: couldn't find field Landroid/database/sqlite/SQLiteDatabase;.mCanDumpMonitoredSql
W/dalvikvm(  579): VFY: unable to resolve instance field 9348
D/dalvikvm(  579): VFY: replacing opcode 0x55 at 0x0004
E/JNIHelp (  579): Native registration unable to find class 'com/android/server/NetworkManagementSocketTagger', aborting
F/libc    (  579): Fatal signal 11 (SIGSEGV) at 0xdeadbaad (code=1)
I/DEBUG   (   77): *** *** *** *** *** *** *** *** *** *** *** *** *** *** *** ***
I/DEBUG   (   77): Build fingerprint: 'htc_europe/htc_golfu/golfu:4.0.3/IML74K/62541.1:user/release-keys'
I/DEBUG   (   77): pid: 579, tid: 579  >>> zygote <<<
I/DEBUG   (   77): signal 11 (SIGSEGV), code 1 (SEGV_MAPERR), fault addr deadbaad
I/DEBUG   (   77):  r0 deadbaad  r1 0000000c  r2 00000027  r3 a0000000
I/DEBUG   (   77):  r4 00000000  r5 00000080  r6 40199b7c  r7 bedd9a88
I/DEBUG   (   77):  r8 00000000  r9 00000000  10 00000000  fp 00000000
I/DEBUG   (   77):  ip ffffffff  sp bedd9a50  lr 4001ee9f  pc 4001b656  cpsr 00000030
I/DEBUG   (   77):  d0  3f4000003f400000  d1  0000000000000000
I/DEBUG   (   77):  d2  0000000000000000  d3  0000000000000000
I/DEBUG   (   77):  d4  0000000000000000  d5  0000000000000000
I/DEBUG   (   77):  d6  0000000000000000  d7  000000003f800000
I/DEBUG   (   77):  d8  0000000000000000  d9  0000000000000000
I/DEBUG   (   77):  d10 0000000000000000  d11 0000000000000000
I/DEBUG   (   77):  d12 0000000000000000  d13 0000000000000000
I/DEBUG   (   77):  d14 0000000000000000  d15 0000000000000000
I/DEBUG   (   77):  scr 60000000
I/DEBUG   (   77): 
I/DEBUG   (   77):          #00  pc 00017656  /system/lib/libc.so
I/DEBUG   (   77):          #01  pc 0000c658  /system/lib/libnativehelper.so (jniRegisterNativeMethods)
I/DEBUG   (   77): 
I/DEBUG   (   77): code around pc:
I/DEBUG   (   77): 4001b634 1c2bd00c 2d00682d e027d1fb 2a0068da  ..+.-h.-..'..h.*
I/DEBUG   (   77): 4001b644 4b16d004 447b2001 47906018 22274814  ...K. {D.`.G.H'"
I/DEBUG   (   77): 4001b654 70022580 ef8cf7f4 f7f62106 aa01e81a  .%.p.....!......
I/DEBUG   (   77): 4001b664 05692400 60546091 20061c11 f7f59401  .$i..`T`... ....
I/DEBUG   (   77): 4001b674 a905ebe6 20022200 ebeef7f5 ef78f7f4  .....". ......x.
I/DEBUG   (   77): 
I/DEBUG   (   77): code around lr:
I/DEBUG   (   77): 4001ee7c 4b0db5f0 447bb083 681c2600 68a59001  ...K..{D.&.h...h
I/DEBUG   (   77): 4001ee8c e0086867 5ea8220c dd032800 99011c28  gh...".^.(..(...
I/DEBUG   (   77): 4001ee9c 43064788 3f013554 6824d5f4 d1ee2c00  .G.CT5.?..$h.,..
I/DEBUG   (   77): 4001eeac 1c30b003 46c0bdf0 00028662 1c0fb5f0  ..0....Fb.......
I/DEBUG   (   77): 4001eebc b0891c3d a9064355 604d9103 90064914  =...UC....M`.I..
I/DEBUG   (   77): 
I/DEBUG   (   77): memory map around addr deadbaad:
I/DEBUG   (   77): bedb9000-bedda000 [stack]
I/DEBUG   (   77): (no map for address)
I/DEBUG   (   77): (no map above)
I/DEBUG   (   77): 
I/DEBUG   (   77): stack:
I/DEBUG   (   77):     bedd9a10  40a45448  /dev/ashmem/dalvik-heap (deleted)
I/DEBUG   (   77):     bedd9a14  00012800  [heap]
I/DEBUG   (   77):     bedd9a18  40047720  /system/lib/libc.so
I/DEBUG   (   77):     bedd9a1c  400476b0  /system/lib/libc.so
I/DEBUG   (   77):     bedd9a20  00000000  
I/DEBUG   (   77):     bedd9a24  4001ee9f  /system/lib/libc.so
I/DEBUG   (   77):     bedd9a28  00000000  
I/DEBUG   (   77):     bedd9a2c  4001dc05  /system/lib/libc.so
I/DEBUG   (   77):     bedd9a30  00000000  
I/DEBUG   (   77):     bedd9a34  00000000  
I/DEBUG   (   77):     bedd9a38  00000000  
I/DEBUG   (   77):     bedd9a3c  40199b7c  /system/lib/libandroid_runtime.so
I/DEBUG   (   77):     bedd9a40  bedd9a88  [stack]
I/DEBUG   (   77):     bedd9a44  4001e01d  /system/lib/libc.so
I/DEBUG   (   77):     bedd9a48  df0027ad  
I/DEBUG   (   77):     bedd9a4c  00000000  
I/DEBUG   (   77): #00 bedd9a50  00000000  
I/DEBUG   (   77):     bedd9a54  0009a4c0  [heap]
I/DEBUG   (   77):     bedd9a58  40a45448  /dev/ashmem/dalvik-heap (deleted)
I/DEBUG   (   77):     bedd9a5c  c6e7c5a6  
I/DEBUG   (   77):     bedd9a60  4083bdfd  /system/lib/libdvm.so
I/DEBUG   (   77):     bedd9a64  fffffbdf  
I/DEBUG   (   77):     bedd9a68  0000f2b8  [heap]
I/DEBUG   (   77):     bedd9a6c  4019f96c  /system/lib/libandroid_runtime.so
I/DEBUG   (   77):     bedd9a70  0000f2b8  [heap]
I/DEBUG   (   77):     bedd9a74  401cb65b  /system/lib/libnativehelper.so
I/DEBUG   (   77): #01 bedd9a78  4019f96c  /system/lib/libandroid_runtime.so
I/DEBUG   (   77):     bedd9a7c  401cb65b  /system/lib/libnativehelper.so
I/DEBUG   (   77):     bedd9a80  401a84c4  /system/lib/libandroid_runtime.so
I/DEBUG   (   77):     bedd9a84  00000004  
I/DEBUG   (   77):     bedd9a88  0000f2b8  [heap]
I/DEBUG   (   77):     bedd9a8c  00000000  
I/DEBUG   (   77):     bedd9a90  401a8fa8  /system/lib/libandroid_runtime.so
I/DEBUG   (   77):     bedd9a94  4019f96c  /system/lib/libandroid_runtime.so
I/DEBUG   (   77):     bedd9a98  0000f2b8  [heap]
I/DEBUG   (   77):     bedd9a9c  4019f9bc  /system/lib/libandroid_runtime.so
I/DEBUG   (   77):     bedd9aa0  00000001  
I/DEBUG   (   77):     bedd9aa4  40181c81  /system/lib/libandroid_runtime.so
I/DEBUG   (   77):     bedd9aa8  4019f96c  /system/lib/libandroid_runtime.so
I/DEBUG   (   77):     bedd9aac  40149a41  /system/lib/libandroid_runtime.so
I/DEBUG   (   77):     bedd9ab0  0000f2b8  [heap]
I/DEBUG   (   77):     bedd9ab4  fffffe40  
I/DEBUG   (   77):     bedd9ab8  bedd9b94  [stack]
I/DEBUG   (   77):     bedd9abc  40149a77  /system/lib/libandroid_runtime.so
I/ServiceManager(   74): service 'media.audio_flinger' died
I/ServiceManager(   74): service 'media.player' died
I/ServiceManager(   74): service 'media.camera' died
I/ServiceManager(   74): service 'media.audio_policy' died
I/Netd    (  605): Netd 1.0 starting
D/AndroidRuntime(  606): 
D/AndroidRuntime(  606): >>>>>> AndroidRuntime START com.android.internal.os.ZygoteInit <<<<<<
D/AndroidRuntime(  606): CheckJNI is OFF
I/        (  607): ServiceManager: 0xf958
I/HTC Acoustic(  607): libhtc_acoustic.so version 2.0.0.6.
I/HTC Acoustic(  607): deonvvv gingerbread test.
I/HTC Acoustic(  607): open /system/etc/AudioPara4_WB.csv success.
I/HTC Acoustic(  607): acoustic table version: MAL_WB_20110217
I/HTC Acoustic(  607): read_audio_para_from_file success.
E/HTC Acoustic(  607): Fail to open /system/etc/AudioPara_VODA-Spain.csv -1.
I/HTC Acoustic(  607): open /system/etc/AudioPara4.csv success.
I/HTC Acoustic(  607): acoustic table version: MAL_Gerenic_20110509
I/HTC Acoustic(  607): read_audio_para_from_file success.
I/HTC Acoustic(  607): get_audpp_filter
I/HTC Acoustic(  607): open /system/etc/AudioFilter.csv success.
I/HTC Acoustic(  607): MBADRC Filter MBADRC FLAG = ffff.
E/HTC Acoustic(  607): set mbadrc filter error.
I/HTC Acoustic(  607): failed to set audpp parameters, exiting.
I/HTC Acoustic(  607): get_audpre_filter
I/HTC Acoustic(  607): open /system/etc/AudioPreProcess.csv success.
D/AudioHardwareMSM72XX(  607): mNumSndEndpoints = 151
V/AudioHardwareMSM72XX(  607): constructed 151 SND endpoints)
D/AudioHardwareMSM72XX(  607): BT MATCH HANDSET
D/AudioHardwareMSM72XX(  607): BT MATCH SPEAKER
D/AudioHardwareMSM72XX(  607): BT MATCH HEADSET
D/AudioHardwareMSM72XX(  607): BT MATCH BT
D/AudioHardwareMSM72XX(  607): BT MATCH CARKIT
W/dalvikvm(  606): VFY: unable to find class referenced in signature (Landroid/content/res/PackageRedirectionMap;)
D/AudioHardwareMSM72XX(  607): BT MATCH TTY_FULL
D/AudioHardwareMSM72XX(  607): BT MATCH TTY_VCO
D/AudioHardwareMSM72XX(  607): BT MATCH TTY_HCO
D/AudioHardwareMSM72XX(  607): BT MATCH NO_MIC_HEADSET
D/AudioHardwareMSM72XX(  607): BT MATCH FM_HEADSET
D/AudioHardwareMSM72XX(  607): BT MATCH HEADSET_AND_SPEAKER
D/AudioHardwareMSM72XX(  607): BT MATCH FM_SPEAKER
D/AudioHardwareMSM72XX(  607): BT MATCH BT_EC_OFF
D/AudioHardwareMSM72XX(  607): BT MATCH BT_EC_OFF
D/AudioHardwareMSM72XX(  607): BT MATCH CURRENT
I/AudioFlinger(  607): Loaded primary audio interface from LEGACY Audio HW HAL (audio)
I/AudioFlinger(  607): Using 'LEGACY Audio HW HAL' (audio.primary) as the primary audio interface
I/dalvikvm(  606): Could not find method android.content.res.PackageRedirectionMap.getPackageId, referenced from method android.content.res.AssetManager.addRedirections
W/dalvikvm(  606): VFY: unable to resolve virtual method 10109: Landroid/content/res/PackageRedirectionMap;.getPackageId ()I
D/dalvikvm(  606): VFY: replacing opcode 0x6e at 0x000e
I/AudioFlinger(  607): Loaded a2dp audio interface from A2DP Audio HW HAL (audio)
D/AudioHardwareInterface(  607): setMode(NORMAL)
I/AudioHardwareMSM72XX(  607): Set master volume to 5.
I/CameraService(  607): CameraService started (pid=607)
E/HAL     (  607): load: module=/system/lib/hw/camera.marvel.so
E/HAL     (  607): Cannot load library: link_image[1965]:   607 could not load needed library 'libcamera.so' for 'camera.marvel.so' (reloc_library[1314]:   607 cannot locate '_debug_pthread_create'...
E/HAL     (  607): )
E/CameraService(  607): Could not load camera HAL module
I/AudioFlinger(  607): AudioFlinger's thread 0x17000 ready to run
W/AudioFlinger(  607): Thread AudioOut_1 cannot connect to the power manager service
V/AudioHardwareMSM72XX(  607): AudioStreamOutMSM72xx::setParameters() routing=2
V/AudioHardwareMSM72XX(  607): set output routing 2
I/AudioHardwareMSM72XX(  607): Routing audio to Speakerphone
V/AudioHardwareMSM72XX(  607): doAudioRouteOrMute() device 1, mMode 0, mMicMute 1
D/AudioHardwareMSM72XX(  607): setVoiceVolume(1.000000)
I/AudioHardwareMSM72XX(  607): Setting in-call volume to 5 (available range is 0 to 5)
I/AudioPolicyService(  607): Loaded audio policy from LEGACY Audio Policy HAL (audio_policy)
D/dalvikvm(  606): DexOpt: couldn't find field Landroid/database/sqlite/SQLiteDatabase;.mCanDumpMonitoredSql
W/dalvikvm(  606): VFY: unable to resolve instance field 9348
D/dalvikvm(  606): VFY: replacing opcode 0x55 at 0x0004
E/JNIHelp (  606): Native registration unable to find class 'com/android/server/NetworkManagementSocketTagger', aborting
F/libc    (  606): Fatal signal 11 (SIGSEGV) at 0xdeadbaad (code=1)
I/DEBUG   (   77): *** *** *** *** *** *** *** *** *** *** *** *** *** *** *** ***
I/DEBUG   (   77): Build fingerprint: 'htc_europe/htc_golfu/golfu:4.0.3/IML74K/62541.1:user/release-keys'
I/DEBUG   (   77): pid: 606, tid: 606  >>> zygote <<<
I/DEBUG   (   77): signal 11 (SIGSEGV), code 1 (SEGV_MAPERR), fault addr deadbaad
I/DEBUG   (   77):  r0 deadbaad  r1 0000000c  r2 00000027  r3 a0000000
I/DEBUG   (   77):  r4 00000000  r5 00000080  r6 40199b7c  r7 beb28a88
I/DEBUG   (   77):  r8 00000000  r9 00000000  10 00000000  fp 00000000
I/DEBUG   (   77):  ip ffffffff  sp beb28a50  lr 4001ee9f  pc 4001b656  cpsr 00000030
I/DEBUG   (   77):  d0  3f4000003f400000  d1  0000000000000000
I/DEBUG   (   77):  d2  0000000000000000  d3  0000000000000000
I/DEBUG   (   77):  d4  0000000000000000  d5  0000000000000000
I/DEBUG   (   77):  d6  0000000000000000  d7  000000003f800000
I/DEBUG   (   77):  d8  0000000000000000  d9  0000000000000000
I/DEBUG   (   77):  d10 0000000000000000  d11 0000000000000000
I/DEBUG   (   77):  d12 0000000000000000  d13 0000000000000000
I/DEBUG   (   77):  d14 0000000000000000  d15 0000000000000000
I/DEBUG   (   77):  scr 60000000
I/DEBUG   (   77): 
I/DEBUG   (   77):          #00  pc 00017656  /system/lib/libc.so
I/DEBUG   (   77):          #01  pc 0000c658  /system/lib/libnativehelper.so (jniRegisterNativeMethods)
I/DEBUG   (   77): 
I/DEBUG   (   77): code around pc:
I/DEBUG   (   77): 4001b634 1c2bd00c 2d00682d e027d1fb 2a0068da  ..+.-h.-..'..h.*
I/DEBUG   (   77): 4001b644 4b16d004 447b2001 47906018 22274814  ...K. {D.`.G.H'"
I/DEBUG   (   77): 4001b654 70022580 ef8cf7f4 f7f62106 aa01e81a  .%.p.....!......
I/DEBUG   (   77): 4001b664 05692400 60546091 20061c11 f7f59401  .$i..`T`... ....
I/DEBUG   (   77): 4001b674 a905ebe6 20022200 ebeef7f5 ef78f7f4  .....". ......x.
I/DEBUG   (   77): 
I/DEBUG   (   77): code around lr:
I/DEBUG   (   77): 4001ee7c 4b0db5f0 447bb083 681c2600 68a59001  ...K..{D.&.h...h
I/DEBUG   (   77): 4001ee8c e0086867 5ea8220c dd032800 99011c28  gh...".^.(..(...
I/DEBUG   (   77): 4001ee9c 43064788 3f013554 6824d5f4 d1ee2c00  .G.CT5.?..$h.,..
I/DEBUG   (   77): 4001eeac 1c30b003 46c0bdf0 00028662 1c0fb5f0  ..0....Fb.......
I/DEBUG   (   77): 4001eebc b0891c3d a9064355 604d9103 90064914  =...UC....M`.I..
I/DEBUG   (   77): 
I/DEBUG   (   77): memory map around addr deadbaad:
I/DEBUG   (   77): beb08000-beb29000 [stack]
I/DEBUG   (   77): (no map for address)
I/DEBUG   (   77): (no map above)
I/DEBUG   (   77): 
I/DEBUG   (   77): stack:
I/DEBUG   (   77):     beb28a10  40a45448  /dev/ashmem/dalvik-heap (deleted)
I/DEBUG   (   77):     beb28a14  00012800  [heap]
I/DEBUG   (   77):     beb28a18  40047720  /system/lib/libc.so
I/DEBUG   (   77):     beb28a1c  400476b0  /system/lib/libc.so
I/DEBUG   (   77):     beb28a20  00000000  
I/DEBUG   (   77):     beb28a24  4001ee9f  /system/lib/libc.so
I/DEBUG   (   77):     beb28a28  00000000  
I/DEBUG   (   77):     beb28a2c  4001dc05  /system/lib/libc.so
I/DEBUG   (   77):     beb28a30  00000000  
I/DEBUG   (   77):     beb28a34  00000000  
I/DEBUG   (   77):     beb28a38  00000000  
I/DEBUG   (   77):     beb28a3c  40199b7c  /system/lib/libandroid_runtime.so
I/DEBUG   (   77):     beb28a40  beb28a88  [stack]
I/DEBUG   (   77):     beb28a44  4001e01d  /system/lib/libc.so
I/DEBUG   (   77):     beb28a48  df0027ad  
I/DEBUG   (   77):     beb28a4c  00000000  
I/DEBUG   (   77): #00 beb28a50  00000000  
I/DEBUG   (   77):     beb28a54  0009c978  [heap]
I/DEBUG   (   77):     beb28a58  40a45448  /dev/ashmem/dalvik-heap (deleted)
I/DEBUG   (   77):     beb28a5c  0e5f31e0  
I/DEBUG   (   77):     beb28a60  4083bdfd  /system/lib/libdvm.so
I/DEBUG   (   77):     beb28a64  fffffbdf  
I/DEBUG   (   77):     beb28a68  0000f2b8  [heap]
I/DEBUG   (   77):     beb28a6c  4019f96c  /system/lib/libandroid_runtime.so
I/DEBUG   (   77):     beb28a70  0000f2b8  [heap]
I/DEBUG   (   77):     beb28a74  401cb65b  /system/lib/libnativehelper.so
I/DEBUG   (   77): #01 beb28a78  4019f96c  /system/lib/libandroid_runtime.so
I/DEBUG   (   77):     beb28a7c  401cb65b  /system/lib/libnativehelper.so
I/DEBUG   (   77):     beb28a80  401a84c4  /system/lib/libandroid_runtime.so
I/DEBUG   (   77):     beb28a84  00000004  
I/DEBUG   (   77):     beb28a88  0000f2b8  [heap]
I/DEBUG   (   77):     beb28a8c  00000000  
I/DEBUG   (   77):     beb28a90  401a8fa8  /system/lib/libandroid_runtime.so
I/DEBUG   (   77):     beb28a94  4019f96c  /system/lib/libandroid_runtime.so
I/DEBUG   (   77):     beb28a98  0000f2b8  [heap]
I/DEBUG   (   77):     beb28a9c  4019f9bc  /system/lib/libandroid_runtime.so
I/DEBUG   (   77):     beb28aa0  00000001  
I/DEBUG   (   77):     beb28aa4  40181c81  /system/lib/libandroid_runtime.so
I/DEBUG   (   77):     beb28aa8  4019f96c  /system/lib/libandroid_runtime.so
I/DEBUG   (   77):     beb28aac  40149a41  /system/lib/libandroid_runtime.so
I/DEBUG   (   77):     beb28ab0  0000f2b8  [heap]
I/DEBUG   (   77):     beb28ab4  fffffe40  
I/DEBUG   (   77):     beb28ab8  beb28b94  [stack]
I/DEBUG   (   77):     beb28abc  40149a77  /system/lib/libandroid_runtime.so
I/ServiceManager(   74): service 'media.audio_flinger' died
I/ServiceManager(   74): service 'media.player' died
I/ServiceManager(   74): service 'media.camera' died
I/ServiceManager(   74): service 'media.audio_policy' died
I/Netd    (  632): Netd 1.0 starting
D/AndroidRuntime(  633): 
D/AndroidRuntime(  633): >>>>>> AndroidRuntime START com.android.internal.os.ZygoteInit <<<<<<
D/AndroidRuntime(  633): CheckJNI is OFF
I/        (  634): ServiceManager: 0xf958
I/HTC Acoustic(  634): libhtc_acoustic.so version 2.0.0.6.
I/HTC Acoustic(  634): deonvvv gingerbread test.
I/HTC Acoustic(  634): open /system/etc/AudioPara4_WB.csv success.
I/HTC Acoustic(  634): acoustic table version: MAL_WB_20110217
I/HTC Acoustic(  634): read_audio_para_from_file success.
E/HTC Acoustic(  634): Fail to open /system/etc/AudioPara_VODA-Spain.csv -1.
I/HTC Acoustic(  634): open /system/etc/AudioPara4.csv success.
I/HTC Acoustic(  634): acoustic table version: MAL_Gerenic_20110509
W/dalvikvm(  633): VFY: unable to find class referenced in signature (Landroid/content/res/PackageRedirectionMap;)
I/dalvikvm(  633): Could not find method android.content.res.PackageRedirectionMap.getPackageId, referenced from method android.content.res.AssetManager.addRedirections
W/dalvikvm(  633): VFY: unable to resolve virtual method 10109: Landroid/content/res/PackageRedirectionMap;.getPackageId ()I
D/dalvikvm(  633): VFY: replacing opcode 0x6e at 0x000e
I/HTC Acoustic(  634): read_audio_para_from_file success.
I/HTC Acoustic(  634): get_audpp_filter
I/HTC Acoustic(  634): open /system/etc/AudioFilter.csv success.
I/HTC Acoustic(  634): MBADRC Filter MBADRC FLAG = ffff.
E/HTC Acoustic(  634): set mbadrc filter error.
I/HTC Acoustic(  634): failed to set audpp parameters, exiting.
I/HTC Acoustic(  634): get_audpre_filter
I/HTC Acoustic(  634): open /system/etc/AudioPreProcess.csv success.
D/AudioHardwareMSM72XX(  634): mNumSndEndpoints = 151
V/AudioHardwareMSM72XX(  634): constructed 151 SND endpoints)
D/AudioHardwareMSM72XX(  634): BT MATCH HANDSET
D/AudioHardwareMSM72XX(  634): BT MATCH SPEAKER
D/AudioHardwareMSM72XX(  634): BT MATCH HEADSET
D/AudioHardwareMSM72XX(  634): BT MATCH BT
D/AudioHardwareMSM72XX(  634): BT MATCH CARKIT
D/AudioHardwareMSM72XX(  634): BT MATCH TTY_FULL
D/AudioHardwareMSM72XX(  634): BT MATCH TTY_VCO
D/AudioHardwareMSM72XX(  634): BT MATCH TTY_HCO
D/AudioHardwareMSM72XX(  634): BT MATCH NO_MIC_HEADSET
D/AudioHardwareMSM72XX(  634): BT MATCH FM_HEADSET
D/AudioHardwareMSM72XX(  634): BT MATCH HEADSET_AND_SPEAKER
D/AudioHardwareMSM72XX(  634): BT MATCH FM_SPEAKER
D/AudioHardwareMSM72XX(  634): BT MATCH BT_EC_OFF
D/AudioHardwareMSM72XX(  634): BT MATCH BT_EC_OFF
D/AudioHardwareMSM72XX(  634): BT MATCH CURRENT
I/AudioFlinger(  634): Loaded primary audio interface from LEGACY Audio HW HAL (audio)
I/AudioFlinger(  634): Using 'LEGACY Audio HW HAL' (audio.primary) as the primary audio interface
I/AudioFlinger(  634): Loaded a2dp audio interface from A2DP Audio HW HAL (audio)
D/AudioHardwareInterface(  634): setMode(NORMAL)
I/AudioHardwareMSM72XX(  634): Set master volume to 5.
I/CameraService(  634): CameraService started (pid=634)
E/HAL     (  634): load: module=/system/lib/hw/camera.marvel.so
E/HAL     (  634): Cannot load library: link_image[1965]:   634 could not load needed library 'libcamera.so' for 'camera.marvel.so' (reloc_library[1314]:   634 cannot locate '_debug_pthread_create'...
E/HAL     (  634): )
E/CameraService(  634): Could not load camera HAL module
I/AudioFlinger(  634): AudioFlinger's thread 0x16f98 ready to run
W/AudioFlinger(  634): Thread AudioOut_1 cannot connect to the power manager service
V/AudioHardwareMSM72XX(  634): AudioStreamOutMSM72xx::setParameters() routing=2
V/AudioHardwareMSM72XX(  634): set output routing 2
I/AudioHardwareMSM72XX(  634): Routing audio to Speakerphone
V/AudioHardwareMSM72XX(  634): doAudioRouteOrMute() device 1, mMode 0, mMicMute 1
D/AudioHardwareMSM72XX(  634): setVoiceVolume(1.000000)
I/AudioHardwareMSM72XX(  634): Setting in-call volume to 5 (available range is 0 to 5)
I/AudioPolicyService(  634): Loaded audio policy from LEGACY Audio Policy HAL (audio_policy)
D/dalvikvm(  633): DexOpt: couldn't find field Landroid/database/sqlite/SQLiteDatabase;.mCanDumpMonitoredSql
W/dalvikvm(  633): VFY: unable to resolve instance field 9348
D/dalvikvm(  633): VFY: replacing opcode 0x55 at 0x0004
E/JNIHelp (  633): Native registration unable to find class 'com/android/server/NetworkManagementSocketTagger', aborting
F/libc    (  633): Fatal signal 11 (SIGSEGV) at 0xdeadbaad (code=1)
I/DEBUG   (   77): *** *** *** *** *** *** *** *** *** *** *** *** *** *** *** ***
I/DEBUG   (   77): Build fingerprint: 'htc_europe/htc_golfu/golfu:4.0.3/IML74K/62541.1:user/release-keys'
I/DEBUG   (   77): pid: 633, tid: 633  >>> zygote <<<
I/DEBUG   (   77): signal 11 (SIGSEGV), code 1 (SEGV_MAPERR), fault addr deadbaad
I/DEBUG   (   77):  r0 deadbaad  r1 0000000c  r2 00000027  r3 a0000000
I/DEBUG   (   77):  r4 00000000  r5 00000080  r6 40199b7c  r7 bef0fa88
I/DEBUG   (   77):  r8 00000000  r9 00000000  10 00000000  fp 00000000
I/DEBUG   (   77):  ip ffffffff  sp bef0fa50  lr 4001ee9f  pc 4001b656  cpsr 00000030
I/DEBUG   (   77):  d0  3f4000003f400000  d1  0000000000000000
I/DEBUG   (   77):  d2  0000000000000000  d3  0000000000000000
I/DEBUG   (   77):  d4  0000000000000000  d5  0000000000000000
I/DEBUG   (   77):  d6  0000000000000000  d7  000000003f800000
I/DEBUG   (   77):  d8  0000000000000000  d9  0000000000000000
I/DEBUG   (   77):  d10 0000000000000000  d11 0000000000000000
I/DEBUG   (   77):  d12 0000000000000000  d13 0000000000000000
I/DEBUG   (   77):  d14 0000000000000000  d15 0000000000000000
I/DEBUG   (   77):  scr 60000000
I/DEBUG   (   77): 
I/DEBUG   (   77):          #00  pc 00017656  /system/lib/libc.so
I/DEBUG   (   77):          #01  pc 0000c658  /system/lib/libnativehelper.so (jniRegisterNativeMethods)
I/DEBUG   (   77): 
I/DEBUG   (   77): code around pc:
I/DEBUG   (   77): 4001b634 1c2bd00c 2d00682d e027d1fb 2a0068da  ..+.-h.-..'..h.*
I/DEBUG   (   77): 4001b644 4b16d004 447b2001 47906018 22274814  ...K. {D.`.G.H'"
I/DEBUG   (   77): 4001b654 70022580 ef8cf7f4 f7f62106 aa01e81a  .%.p.....!......
I/DEBUG   (   77): 4001b664 05692400 60546091 20061c11 f7f59401  .$i..`T`... ....
I/DEBUG   (   77): 4001b674 a905ebe6 20022200 ebeef7f5 ef78f7f4  .....". ......x.
I/DEBUG   (   77): 
I/DEBUG   (   77): code around lr:
