--------- beginning of /dev/log/main
I/DEBUG   (   77): debuggerd: Apr 29 2012 17:12:57
D/AK8975  (   85): AK8975 daemon 1.1.0 Start
D/AK8975  (   85): (Library version : 1.2.1.1125)
--------- beginning of /dev/log/system
I/Vold    (   75): Vold 2.1 (the revenge) firing up
D/Vold    (   75): Volume sdcard state changing -1 (Initializing) -> 0 (No-Media)
I/Netd    (   76): Netd 1.0 starting
D/Vold    (   75): Volume sdcard state changing 0 (No-Media) -> 2 (Pending)
D/DirectVolume(   75): DirectVolume::handlePartitionAdded -> MAJOR 179, MINOR 1, PARTN 1
D/DirectVolume(   75): DirectVolume::handlePartitionAdded -> MAJOR 179, MINOR 2, PARTN 2
D/DirectVolume(   75): DirectVolume::handlePartitionAdded -> MAJOR 179, MINOR 3, PARTN 3
D/Vold    (   75): Volume sdcard state changing 2 (Pending) -> 1 (Idle-Unmounted)
D/AndroidRuntime(   80): 
D/AndroidRuntime(   80): >>>>>> AndroidRuntime START com.android.internal.os.ZygoteInit <<<<<<
D/AndroidRuntime(   80): CheckJNI is OFF
I/SurfaceFlinger(   79): SurfaceFlinger is starting
I/SurfaceFlinger(   79): SurfaceFlinger's main thread ready to run. Initializing graphics H/W...
E/msm7x27.gralloc(   79): We support 3 buffers
I/msm7x27.gralloc(   79): using (fd=12)
I/msm7x27.gralloc(   79): id           = msmfb
I/msm7x27.gralloc(   79): xres         = 320 px
I/msm7x27.gralloc(   79): yres         = 480 px
I/msm7x27.gralloc(   79): xres_virtual = 320 px
I/msm7x27.gralloc(   79): yres_virtual = 1440 px
I/msm7x27.gralloc(   79): bpp          = 32
I/msm7x27.gralloc(   79): r            =  0:8
I/msm7x27.gralloc(   79): g            =  8:8
I/msm7x27.gralloc(   79): b            = 16:8
I/msm7x27.gralloc(   79): width        = 51 mm (159.372543 dpi)
I/msm7x27.gralloc(   79): height       = 76 mm (160.421051 dpi)
I/msm7x27.gralloc(   79): refresh rate = 0.00 Hz
E/        (   79): DEBUG_CALC_FPS: 0
E/        (   79): period: 10
E/        (   79): ignorethresh_us: 500000
E/        (   79): DEBUG_CALC_FPS: 0
E/        (   79): period: 10
E/        (   79): ignorethresh_us: 500000
D/FramebufferNativeWindow(   79): mNumBuffers = 3
D/libEGL  (   79): loaded /system/lib/egl/libGLES_android.so
D/libEGL  (   79): loaded /system/lib/egl/libEGL_adreno200.so
D/libEGL  (   79): loaded /system/lib/egl/libGLESv1_CM_adreno200.so
D/libEGL  (   79): loaded /system/lib/egl/libGLESv2_adreno200.so
I/SurfaceFlinger(   79): EGL informations:
I/SurfaceFlinger(   79): # of configs : 44
I/SurfaceFlinger(   79): vendor    : Android
I/SurfaceFlinger(   79): version   : 1.4 Android META-EGL
I/SurfaceFlinger(   79): extensions: EGL_KHR_image EGL_KHR_image_base EGL_KHR_image_base EGL_KHR_fence_sync EGL_ANDROID_image_native_buffer EGL_ANDROID_image_native_buffer EGL_ANDROID_get_render_buffer 
I/SurfaceFlinger(   79): Client API: OpenGL ES
I/SurfaceFlinger(   79): EGLSurface: 8-8-8-8, config=0x3
I/SurfaceFlinger(   79): OpenGL informations:
I/SurfaceFlinger(   79): vendor    : Qualcomm
I/SurfaceFlinger(   79): renderer  : Adreno (TM) 200
I/SurfaceFlinger(   79): version   : OpenGL ES-CM 1.1
I/SurfaceFlinger(   79): extensions: GL_AMD_compressed_ATC_texture GL_AMD_performance_monitor GL_APPLE_texture_2D_limited_npot GL_ARB_vertex_buffer_object GL_EXT_texture_filter_anisotropic GL_EXT_texture_format_BGRA8888 GL_EXT_texture_type_2_10_10_10_REV GL_OES_blend_equation_separate GL_OES_blend_func_separate GL_OES_blend_subtract GL_OES_compressed_ETC1_RGB8_texture GL_OES_compressed_paletted_texture GL_OES_depth_texture GL_OES_depth24 GL_OES_draw_texture GL_OES_EGL_image GL_OES_EGL_image_external GL_OES_framebuffer_object GL_OES_matrix_palette GL_OES_packed_depth_stencil GL_OES_point_size_array GL_OES_point_sprite GL_OES_read_format GL_OES_rgb8_rgba8 GL_OES_stencil_wrap GL_OES_texture_cube_map GL_OES_texture_env_crossbar GL_OES_texture_float GL_OES_texture_half_float GL_OES_texture_half_float_linear GL_OES_texture_npot GL_OES_texture_mirrored_repeat GL_QCOM_binning_control GL_QCOM_extended_get GL_QCOM_tiled_rendering GL_AMD_compressed_3DC_texture 
I/SurfaceFlinger(   79): GL_MAX_TEXTURE_SIZE = 4096
I/SurfaceFlinger(   79): GL_MAX_VIEWPORT_DIMS = 4096 x 4096
I/SurfaceFlinger(   79): flags = 00000000
E/        (   79): DEBUG_CALC_FPS: 0
E/        (   79): period: 10
E/        (   79): ignorethresh_us: 500000
I/        (   81): ServiceManager: 0xf958
I/HTC Acoustic(   81): libhtc_acoustic.so version 2.0.0.6.
I/HTC Acoustic(   81): deonvvv gingerbread test.
I/HTC Acoustic(   81): open /system/etc/AudioPara4_WB.csv success.
I/HTC Acoustic(   81): acoustic table version: MAL_WB_20110217
D/libEGL  (  123): loaded /system/lib/egl/libGLES_android.so
I/HTC Acoustic(   81): read_audio_para_from_file success.
D/libEGL  (  123): loaded /system/lib/egl/libEGL_adreno200.so
E/HTC Acoustic(   81): Fail to open /system/etc/AudioPara_VODA-Spain.csv -1.
D/libEGL  (  123): loaded /system/lib/egl/libGLESv1_CM_adreno200.so
D/libEGL  (  123): loaded /system/lib/egl/libGLESv2_adreno200.so
I/HTC Acoustic(   81): open /system/etc/AudioPara4.csv success.
D/memalloc(   79): init_pmem_area: Initializing pmem area
D/memalloc(   79): init_pmem_area_locked: Opening master pmem FD
D/memalloc(   79): init_pmem_area_locked: Total pmem size: 16777216
D/memalloc(   79): /dev/pmem: Allocated buffer base:0x414d8000 size:614400 offset:0 fd:26
D/memalloc(  123): /dev/pmem: Mapped buffer base:0x408c8000 size:614400 offset:0 fd:16
I/HTC Acoustic(   81): acoustic table version: MAL_Gerenic_20110509
I/HTC Acoustic(   81): read_audio_para_from_file success.
I/HTC Acoustic(   81): get_audpp_filter
I/HTC Acoustic(   81): open /system/etc/AudioFilter.csv success.
I/HTC Acoustic(   81): MBADRC Filter MBADRC FLAG = ffff.
E/HTC Acoustic(   81): set mbadrc filter error.
I/HTC Acoustic(   81): failed to set audpp parameters, exiting.
I/HTC Acoustic(   81): get_audpre_filter
D/memalloc(   79): /dev/pmem: Allocated buffer base:0x414d8000 size:614400 offset:614400 fd:29
D/memalloc(  123): /dev/pmem: Mapped buffer base:0x40c3c000 size:1228800 offset:614400 fd:20
I/HTC Acoustic(   81): open /system/etc/AudioPreProcess.csv success.
D/AudioHardwareMSM72XX(   81): mNumSndEndpoints = 151
V/AudioHardwareMSM72XX(   81): constructed 151 SND endpoints)
D/AudioHardwareMSM72XX(   81): BT MATCH HANDSET
D/AudioHardwareMSM72XX(   81): BT MATCH SPEAKER
D/AudioHardwareMSM72XX(   81): BT MATCH HEADSET
D/AudioHardwareMSM72XX(   81): BT MATCH BT
D/AudioHardwareMSM72XX(   81): BT MATCH CARKIT
D/AudioHardwareMSM72XX(   81): BT MATCH TTY_FULL
D/AudioHardwareMSM72XX(   81): BT MATCH TTY_VCO
D/AudioHardwareMSM72XX(   81): BT MATCH TTY_HCO
D/AudioHardwareMSM72XX(   81): BT MATCH NO_MIC_HEADSET
D/AudioHardwareMSM72XX(   81): BT MATCH FM_HEADSET
D/AudioHardwareMSM72XX(   81): BT MATCH HEADSET_AND_SPEAKER
D/AudioHardwareMSM72XX(   81): BT MATCH FM_SPEAKER
D/AudioHardwareMSM72XX(   81): BT MATCH BT_EC_OFF
D/AudioHardwareMSM72XX(   81): BT MATCH BT_EC_OFF
D/AudioHardwareMSM72XX(   81): BT MATCH CURRENT
I/AudioFlinger(   81): Loaded primary audio interface from LEGACY Audio HW HAL (audio)
I/AudioFlinger(   81): Using 'LEGACY Audio HW HAL' (audio.primary) as the primary audio interface
I/AudioFlinger(   81): Loaded a2dp audio interface from A2DP Audio HW HAL (audio)
D/AudioHardwareInterface(   81): setMode(NORMAL)
I/AudioHardwareMSM72XX(   81): Set master volume to 5.
I/CameraService(   81): CameraService started (pid=81)
E/HAL     (   81): load: module=/system/lib/hw/camera.marvel.so
E/HAL     (   81): Cannot load library: link_image[1965]:    81 could not load needed library 'libcamera.so' for 'camera.marvel.so' (reloc_library[1314]:    81 cannot locate '_debug_pthread_create'...
E/HAL     (   81): )
E/CameraService(   81): Could not load camera HAL module
I/AudioFlinger(   81): AudioFlinger's thread 0x16fe0 ready to run
W/AudioFlinger(   81): Thread AudioOut_1 cannot connect to the power manager service
V/AudioHardwareMSM72XX(   81): AudioStreamOutMSM72xx::setParameters() routing=2
V/AudioHardwareMSM72XX(   81): set output routing 2
I/AudioHardwareMSM72XX(   81): Routing audio to Speakerphone
V/AudioHardwareMSM72XX(   81): doAudioRouteOrMute() device 1, mMode 0, mMicMute 1
D/memalloc(   79): /dev/pmem: Allocated buffer base:0x414d8000 size:614400 offset:1228800 fd:32
D/AudioHardwareMSM72XX(   81): setVoiceVolume(1.000000)
I/AudioHardwareMSM72XX(   81): Setting in-call volume to 5 (available range is 0 to 5)
I/AudioPolicyService(   81): Loaded audio policy from LEGACY Audio Policy HAL (audio_policy)
D/memalloc(  123): /dev/pmem: Mapped buffer base:0x40e34000 size:1843200 offset:1228800 fd:23
D/dalvikvm(   80): DexOpt: --- BEGIN 'core.jar' (bootstrap=1) ---
D/dalvikvm(  133): Ignoring duplicate verify attempt on Ljava/lang/Object;
D/dalvikvm(  133): Ignoring duplicate verify attempt on Ljava/lang/Class;
D/dalvikvm(  133): Ignoring duplicate verify attempt on Ljava/lang/ref/Reference;
D/dalvikvm(  133): Ignoring duplicate verify attempt on Ljava/lang/ref/ReferenceQueue;
D/dalvikvm(  133): Ignoring duplicate verify attempt on Ljava/lang/ref/FinalizerReference;
D/dalvikvm(  133): DexOpt: load 291ms, verify+opt 2646ms
D/dalvikvm(   80): DexOpt: --- END 'core.jar' (success) ---
D/dalvikvm(   80): DEX prep '/system/framework/core.jar': unzip in 1510ms, rewrite 3991ms
D/dalvikvm(   80): DexOpt: --- BEGIN 'core-junit.jar' (bootstrap=1) ---
D/dalvikvm(  134): DexOpt: load 10ms, verify+opt 20ms
D/dalvikvm(   80): DexOpt: --- END 'core-junit.jar' (success) ---
D/dalvikvm(   80): DEX prep '/system/framework/core-junit.jar': unzip in 5ms, rewrite 101ms
D/dalvikvm(   80): DexOpt: --- BEGIN 'bouncycastle.jar' (bootstrap=1) ---
D/memalloc(  123): /dev/pmem: Unmapping buffer base:0x408c8000 size:614400 offset:0
D/memalloc(  123): /dev/pmem: Unmapping buffer base:0x40c3c000 size:1228800 offset:614400
D/memalloc(  123): /dev/pmem: Unmapping buffer base:0x40e34000 size:1843200 offset:1228800
D/memalloc(   79): /dev/pmem: Freeing buffer base:0x414d8000 size:614400 offset:0 fd:26
D/memalloc(   79): /dev/pmem: Freeing buffer base:0x4156e000 size:614400 offset:614400 fd:29
D/memalloc(   79): /dev/pmem: Freeing buffer base:0x41604000 size:614400 offset:1228800 fd:32
D/dalvikvm(  135): DexOpt: load 56ms, verify+opt 849ms
D/dalvikvm(   80): DexOpt: --- END 'bouncycastle.jar' (success) ---
D/dalvikvm(   80): DEX prep '/system/framework/bouncycastle.jar': unzip in 198ms, rewrite 1223ms
D/dalvikvm(   80): DexOpt: --- BEGIN 'ext.jar' (bootstrap=1) ---
D/dalvikvm(  137): DexOpt: load 116ms, verify+opt 1343ms
D/dalvikvm(   80): DexOpt: --- END 'ext.jar' (success) ---
D/dalvikvm(   80): DEX prep '/system/framework/ext.jar': unzip in 325ms, rewrite 1896ms
D/dalvikvm(   80): DexOpt: --- BEGIN 'framework.jar' (bootstrap=1) ---
D/dalvikvm(  138): Note: class Landroid/opengl/GLWrapperBase; has 250 unimplemented (abstract) methods
D/dalvikvm(  138): GC_FOR_ALLOC freed <1K, 1% free 2050K/2051K, paused 20ms
D/dalvikvm(  138): DexOpt: couldn't find static field Ljava/net/Socket;.mSocketMonitor
D/dalvikvm(  138): DexOpt: couldn't find field Landroid/database/sqlite/SQLiteDatabase;.mCanDumpMonitoredSql
D/dalvikvm(  138): DexOpt: load 1056ms, verify+opt 9920ms
D/dalvikvm(   80): DexOpt: --- END 'framework.jar' (success) ---
D/dalvikvm(   80): DEX prep '/system/framework/framework.jar': unzip in 2645ms, rewrite 13544ms
D/dalvikvm(   80): DexOpt: --- BEGIN 'android.policy.jar' (bootstrap=1) ---
D/dalvikvm(  139): DexOpt: couldn't find static field Landroid/provider/Settings$System;.LOCKSCREEN_CUSTOM_APP_ICONS
D/dalvikvm(  139): DexOpt: couldn't find static field Landroid/provider/Settings$System;.LOCKSCREEN_CUSTOM_APP_ACTIVITIES
I/dalvikvm(  139): DexOpt: illegal method access (call Lcom/android/internal/widget/DigitalClock;.updateTime ()V from Lcom/android/internal/policy/impl/LockScreen;)
D/dalvikvm(  139): DexOpt: load 117ms, verify+opt 365ms
D/dalvikvm(   80): DexOpt: --- END 'android.policy.jar' (success) ---
D/dalvikvm(   80): DEX prep '/system/framework/android.policy.jar': unzip in 63ms, rewrite 638ms
D/dalvikvm(   80): DexOpt: --- BEGIN 'services.jar' (bootstrap=1) ---
D/dalvikvm(  140): DexOpt: load 157ms, verify+opt 3004ms
D/dalvikvm(   80): DexOpt: --- END 'services.jar' (success) ---
D/dalvikvm(   80): DEX prep '/system/framework/services.jar': unzip in 664ms, rewrite 3797ms
D/dalvikvm(   80): DexOpt: --- BEGIN 'apache-xml.jar' (bootstrap=1) ---
D/dalvikvm(  141): DexOpt: load 126ms, verify+opt 1096ms
D/dalvikvm(   80): DexOpt: --- END 'apache-xml.jar' (success) ---
D/dalvikvm(   80): DEX prep '/system/framework/apache-xml.jar': unzip in 292ms, rewrite 1621ms
D/dalvikvm(   80): DexOpt: --- BEGIN 'filterfw.jar' (bootstrap=1) ---
D/dalvikvm(  142): DexOpt: load 34ms, verify+opt 250ms
D/dalvikvm(   80): DexOpt: --- END 'filterfw.jar' (success) ---
D/dalvikvm(   80): DEX prep '/system/framework/filterfw.jar': unzip in 59ms, rewrite 444ms
W/dalvikvm(   80): VFY: unable to find class referenced in signature (Landroid/content/res/PackageRedirectionMap;)
I/dalvikvm(   80): Could not find method android.content.res.PackageRedirectionMap.getPackageId, referenced from method android.content.res.AssetManager.addRedirections
W/dalvikvm(   80): VFY: unable to resolve virtual method 10109: Landroid/content/res/PackageRedirectionMap;.getPackageId ()I
D/dalvikvm(   80): VFY: replacing opcode 0x6e at 0x000e
D/dalvikvm(   80): DexOpt: couldn't find field Landroid/database/sqlite/SQLiteDatabase;.mCanDumpMonitoredSql
W/dalvikvm(   80): VFY: unable to resolve instance field 9348
D/dalvikvm(   80): VFY: replacing opcode 0x55 at 0x0004
E/JNIHelp (   80): Native registration unable to find class 'com/android/server/NetworkManagementSocketTagger', aborting
F/libc    (   80): Fatal signal 11 (SIGSEGV) at 0xdeadbaad (code=1)
I/DEBUG   (   77): *** *** *** *** *** *** *** *** *** *** *** *** *** *** *** ***
I/DEBUG   (   77): Build fingerprint: 'htc_europe/htc_golfu/golfu:4.0.3/IML74K/62541.1:user/release-keys'
I/DEBUG   (   77): pid: 80, tid: 80  >>> zygote <<<
I/DEBUG   (   77): signal 11 (SIGSEGV), code 1 (SEGV_MAPERR), fault addr deadbaad
I/DEBUG   (   77):  r0 deadbaad  r1 0000000c  r2 00000027  r3 a0000000
I/DEBUG   (   77):  r4 00000000  r5 00000080  r6 40199b7c  r7 be80fa88
I/DEBUG   (   77):  r8 00000000  r9 00000000  10 00000000  fp 00000000
I/DEBUG   (   77):  ip ffffffff  sp be80fa50  lr 4001ee9f  pc 4001b656  cpsr 00000030
I/DEBUG   (   77):  d0  3f4000003f400000  d1  0000000000000000
I/DEBUG   (   77):  d2  0000000000000000  d3  0000000000000000
I/DEBUG   (   77):  d4  0000000000000000  d5  0000000000000000
I/DEBUG   (   77):  d6  0000000000000000  d7  000000003f800000
I/DEBUG   (   77):  d8  0000000000000000  d9  0000000000000000
I/DEBUG   (   77):  d10 0000000000000000  d11 0000000000000000
I/DEBUG   (   77):  d12 0000000000000000  d13 0000000000000000
I/DEBUG   (   77):  d14 0000000000000000  d15 0000000000000000
I/DEBUG   (   77):  scr 60000000
I/DEBUG   (   77): 
I/DEBUG   (   77):          #00  pc 00017656  /system/lib/libc.so
I/DEBUG   (   77):          #01  pc 0000c658  /system/lib/libnativehelper.so (jniRegisterNativeMethods)
I/DEBUG   (   77): 
I/DEBUG   (   77): code around pc:
I/DEBUG   (   77): 4001b634 1c2bd00c 2d00682d e027d1fb 2a0068da  ..+.-h.-..'..h.*
I/DEBUG   (   77): 4001b644 4b16d004 447b2001 47906018 22274814  ...K. {D.`.G.H'"
I/DEBUG   (   77): 4001b654 70022580 ef8cf7f4 f7f62106 aa01e81a  .%.p.....!......
I/DEBUG   (   77): 4001b664 05692400 60546091 20061c11 f7f59401  .$i..`T`... ....
I/DEBUG   (   77): 4001b674 a905ebe6 20022200 ebeef7f5 ef78f7f4  .....". ......x.
I/DEBUG   (   77): 
I/DEBUG   (   77): code around lr:
I/DEBUG   (   77): 4001ee7c 4b0db5f0 447bb083 681c2600 68a59001  ...K..{D.&.h...h
I/DEBUG   (   77): 4001ee8c e0086867 5ea8220c dd032800 99011c28  gh...".^.(..(...
I/DEBUG   (   77): 4001ee9c 43064788 3f013554 6824d5f4 d1ee2c00  .G.CT5.?..$h.,..
I/DEBUG   (   77): 4001eeac 1c30b003 46c0bdf0 00028662 1c0fb5f0  ..0....Fb.......
I/DEBUG   (   77): 4001eebc b0891c3d a9064355 604d9103 90064914  =...UC....M`.I..
I/DEBUG   (   77): 
I/DEBUG   (   77): memory map around addr deadbaad:
I/DEBUG   (   77): be7ef000-be810000 [stack]
I/DEBUG   (   77): (no map for address)
I/DEBUG   (   77): (no map above)
I/DEBUG   (   77): 
I/DEBUG   (   77): stack:
I/DEBUG   (   77):     be80fa10  40a45448  /dev/ashmem/dalvik-heap (deleted)
I/DEBUG   (   77):     be80fa14  00012800  [heap]
I/DEBUG   (   77):     be80fa18  40047720  /system/lib/libc.so
I/DEBUG   (   77):     be80fa1c  400476b0  /system/lib/libc.so
I/DEBUG   (   77):     be80fa20  00000000  
I/DEBUG   (   77):     be80fa24  4001ee9f  /system/lib/libc.so
I/DEBUG   (   77):     be80fa28  00000000  
I/DEBUG   (   77):     be80fa2c  4001dc05  /system/lib/libc.so
I/DEBUG   (   77):     be80fa30  00000000  
I/DEBUG   (   77):     be80fa34  00000000  
I/DEBUG   (   77):     be80fa38  00000000  
I/DEBUG   (   77):     be80fa3c  40199b7c  /system/lib/libandroid_runtime.so
I/DEBUG   (   77):     be80fa40  be80fa88  [stack]
I/DEBUG   (   77):     be80fa44  4001e01d  /system/lib/libc.so
I/DEBUG   (   77):     be80fa48  df0027ad  
I/DEBUG   (   77):     be80fa4c  00000000  
I/DEBUG   (   77): #00 be80fa50  00000000  
I/DEBUG   (   77):     be80fa54  00012db8  [heap]
I/DEBUG   (   77):     be80fa58  40a45448  /dev/ashmem/dalvik-heap (deleted)
I/DEBUG   (   77):     be80fa5c  afc120d9  
I/DEBUG   (   77):     be80fa60  4083bdfd  /system/lib/libdvm.so
I/DEBUG   (   77):     be80fa64  fffffbdf  
I/DEBUG   (   77):     be80fa68  0000f2b8  [heap]
I/DEBUG   (   77):     be80fa6c  4019f96c  /system/lib/libandroid_runtime.so
I/DEBUG   (   77):     be80fa70  0000f2b8  [heap]
I/DEBUG   (   77):     be80fa74  401cb65b  /system/lib/libnativehelper.so
I/DEBUG   (   77): #01 be80fa78  4019f96c  /system/lib/libandroid_runtime.so
I/DEBUG   (   77):     be80fa7c  401cb65b  /system/lib/libnativehelper.so
I/DEBUG   (   77):     be80fa80  401a84c4  /system/lib/libandroid_runtime.so
I/DEBUG   (   77):     be80fa84  00000004  
I/DEBUG   (   77):     be80fa88  0000f2b8  [heap]
I/DEBUG   (   77):     be80fa8c  00000000  
I/DEBUG   (   77):     be80fa90  401a8fa8  /system/lib/libandroid_runtime.so
I/DEBUG   (   77):     be80fa94  4019f96c  /system/lib/libandroid_runtime.so
I/DEBUG   (   77):     be80fa98  0000f2b8  [heap]
I/DEBUG   (   77):     be80fa9c  4019f9bc  /system/lib/libandroid_runtime.so
I/DEBUG   (   77):     be80faa0  00000001  
I/DEBUG   (   77):     be80faa4  40181c81  /system/lib/libandroid_runtime.so
I/DEBUG   (   77):     be80faa8  4019f96c  /system/lib/libandroid_runtime.so
I/DEBUG   (   77):     be80faac  40149a41  /system/lib/libandroid_runtime.so
I/DEBUG   (   77):     be80fab0  0000f2b8  [heap]
I/DEBUG   (   77):     be80fab4  fffffe40  
I/DEBUG   (   77):     be80fab8  be80fb94  [stack]
I/DEBUG   (   77):     be80fabc  40149a77  /system/lib/libandroid_runtime.so
I/ServiceManager(   74): service 'media.audio_flinger' died
I/ServiceManager(   74): service 'media.player' died
I/ServiceManager(   74): service 'media.camera' died
I/ServiceManager(   74): service 'media.audio_policy' died
I/Netd    (  147): Netd 1.0 starting
D/AndroidRuntime(  146): 
D/AndroidRuntime(  146): >>>>>> AndroidRuntime START com.android.internal.os.ZygoteInit <<<<<<
D/AndroidRuntime(  146): CheckJNI is OFF
I/        (  148): ServiceManager: 0xf958
I/HTC Acoustic(  148): libhtc_acoustic.so version 2.0.0.6.
I/HTC Acoustic(  148): deonvvv gingerbread test.
I/HTC Acoustic(  148): open /system/etc/AudioPara4_WB.csv success.
I/HTC Acoustic(  148): acoustic table version: MAL_WB_20110217
I/HTC Acoustic(  148): read_audio_para_from_file success.
E/HTC Acoustic(  148): Fail to open /system/etc/AudioPara_VODA-Spain.csv -1.
I/HTC Acoustic(  148): open /system/etc/AudioPara4.csv success.
I/HTC Acoustic(  148): acoustic table version: MAL_Gerenic_20110509
I/HTC Acoustic(  148): read_audio_para_from_file success.
W/dalvikvm(  146): VFY: unable to find class referenced in signature (Landroid/content/res/PackageRedirectionMap;)
I/dalvikvm(  146): Could not find method android.content.res.PackageRedirectionMap.getPackageId, referenced from method android.content.res.AssetManager.addRedirections
W/dalvikvm(  146): VFY: unable to resolve virtual method 10109: Landroid/content/res/PackageRedirectionMap;.getPackageId ()I
D/dalvikvm(  146): VFY: replacing opcode 0x6e at 0x000e
I/HTC Acoustic(  148): get_audpp_filter
I/HTC Acoustic(  148): open /system/etc/AudioFilter.csv success.
I/HTC Acoustic(  148): MBADRC Filter MBADRC FLAG = ffff.
E/HTC Acoustic(  148): set mbadrc filter error.
I/HTC Acoustic(  148): failed to set audpp parameters, exiting.
I/HTC Acoustic(  148): get_audpre_filter
I/HTC Acoustic(  148): open /system/etc/AudioPreProcess.csv success.
D/AudioHardwareMSM72XX(  148): mNumSndEndpoints = 151
V/AudioHardwareMSM72XX(  148): constructed 151 SND endpoints)
D/AudioHardwareMSM72XX(  148): BT MATCH HANDSET
D/AudioHardwareMSM72XX(  148): BT MATCH SPEAKER
D/AudioHardwareMSM72XX(  148): BT MATCH HEADSET
D/AudioHardwareMSM72XX(  148): BT MATCH BT
D/AudioHardwareMSM72XX(  148): BT MATCH CARKIT
D/AudioHardwareMSM72XX(  148): BT MATCH TTY_FULL
D/AudioHardwareMSM72XX(  148): BT MATCH TTY_VCO
D/AudioHardwareMSM72XX(  148): BT MATCH TTY_HCO
D/AudioHardwareMSM72XX(  148): BT MATCH NO_MIC_HEADSET
D/AudioHardwareMSM72XX(  148): BT MATCH FM_HEADSET
D/AudioHardwareMSM72XX(  148): BT MATCH HEADSET_AND_SPEAKER
D/AudioHardwareMSM72XX(  148): BT MATCH FM_SPEAKER
D/AudioHardwareMSM72XX(  148): BT MATCH BT_EC_OFF
D/AudioHardwareMSM72XX(  148): BT MATCH BT_EC_OFF
D/AudioHardwareMSM72XX(  148): BT MATCH CURRENT
I/AudioFlinger(  148): Loaded primary audio interface from LEGACY Audio HW HAL (audio)
I/AudioFlinger(  148): Using 'LEGACY Audio HW HAL' (audio.primary) as the primary audio interface
I/AudioFlinger(  148): Loaded a2dp audio interface from A2DP Audio HW HAL (audio)
D/AudioHardwareInterface(  148): setMode(NORMAL)
I/AudioHardwareMSM72XX(  148): Set master volume to 5.
I/CameraService(  148): CameraService started (pid=148)
E/HAL     (  148): load: module=/system/lib/hw/camera.marvel.so
E/HAL     (  148): Cannot load library: link_image[1965]:   148 could not load needed library 'libcamera.so' for 'camera.marvel.so' (reloc_library[1314]:   148 cannot locate '_debug_pthread_create'...
E/HAL     (  148): )
E/CameraService(  148): Could not load camera HAL module
I/AudioFlinger(  148): AudioFlinger's thread 0x16f98 ready to run
W/AudioFlinger(  148): Thread AudioOut_1 cannot connect to the power manager service
V/AudioHardwareMSM72XX(  148): AudioStreamOutMSM72xx::setParameters() routing=2
V/AudioHardwareMSM72XX(  148): set output routing 2
I/AudioHardwareMSM72XX(  148): Routing audio to Speakerphone
V/AudioHardwareMSM72XX(  148): doAudioRouteOrMute() device 1, mMode 0, mMicMute 1
D/AudioHardwareMSM72XX(  148): setVoiceVolume(1.000000)
I/AudioHardwareMSM72XX(  148): Setting in-call volume to 5 (available range is 0 to 5)
I/AudioPolicyService(  148): Loaded audio policy from LEGACY Audio Policy HAL (audio_policy)
D/dalvikvm(  146): DexOpt: couldn't find field Landroid/database/sqlite/SQLiteDatabase;.mCanDumpMonitoredSql
W/dalvikvm(  146): VFY: unable to resolve instance field 9348
D/dalvikvm(  146): VFY: replacing opcode 0x55 at 0x0004
E/JNIHelp (  146): Native registration unable to find class 'com/android/server/NetworkManagementSocketTagger', aborting
F/libc    (  146): Fatal signal 11 (SIGSEGV) at 0xdeadbaad (code=1)
I/DEBUG   (   77): *** *** *** *** *** *** *** *** *** *** *** *** *** *** *** ***
I/DEBUG   (   77): Build fingerprint: 'htc_europe/htc_golfu/golfu:4.0.3/IML74K/62541.1:user/release-keys'
I/DEBUG   (   77): pid: 146, tid: 146  >>> zygote <<<
I/DEBUG   (   77): signal 11 (SIGSEGV), code 1 (SEGV_MAPERR), fault addr deadbaad
I/DEBUG   (   77):  r0 deadbaad  r1 0000000c  r2 00000027  r3 a0000000
I/DEBUG   (   77):  r4 00000000  r5 00000080  r6 40199b7c  r7 bebc7a88
I/DEBUG   (   77):  r8 00000000  r9 00000000  10 00000000  fp 00000000
I/DEBUG   (   77):  ip ffffffff  sp bebc7a50  lr 4001ee9f  pc 4001b656  cpsr 00000030
I/DEBUG   (   77):  d0  3f4000003f400000  d1  0000000000000000
I/DEBUG   (   77):  d2  0000000000000000  d3  0000000000000000
I/DEBUG   (   77):  d4  0000000000000000  d5  0000000000000000
I/DEBUG   (   77):  d6  0000000000000000  d7  000000003f800000
I/DEBUG   (   77):  d8  0000000000000000  d9  0000000000000000
I/DEBUG   (   77):  d10 0000000000000000  d11 0000000000000000
I/DEBUG   (   77):  d12 0000000000000000  d13 0000000000000000
I/DEBUG   (   77):  d14 0000000000000000  d15 0000000000000000
I/DEBUG   (   77):  scr 60000000
I/DEBUG   (   77): 
I/DEBUG   (   77):          #00  pc 00017656  /system/lib/libc.so
I/DEBUG   (   77):          #01  pc 0000c658  /system/lib/libnativehelper.so (jniRegisterNativeMethods)
I/DEBUG   (   77): 
I/DEBUG   (   77): code around pc:
I/DEBUG   (   77): 4001b634 1c2bd00c 2d00682d e027d1fb 2a0068da  ..+.-h.-..'..h.*
I/DEBUG   (   77): 4001b644 4b16d004 447b2001 47906018 22274814  ...K. {D.`.G.H'"
I/DEBUG   (   77): 4001b654 70022580 ef8cf7f4 f7f62106 aa01e81a  .%.p.....!......
I/DEBUG   (   77): 4001b664 05692400 60546091 20061c11 f7f59401  .$i..`T`... ....
I/DEBUG   (   77): 4001b674 a905ebe6 20022200 ebeef7f5 ef78f7f4  .....". ......x.
I/DEBUG   (   77): 
I/DEBUG   (   77): code around lr:
I/DEBUG   (   77): 4001ee7c 4b0db5f0 447bb083 681c2600 68a59001  ...K..{D.&.h...h
I/DEBUG   (   77): 4001ee8c e0086867 5ea8220c dd032800 99011c28  gh...".^.(..(...
I/DEBUG   (   77): 4001ee9c 43064788 3f013554 6824d5f4 d1ee2c00  .G.CT5.?..$h.,..
I/DEBUG   (   77): 4001eeac 1c30b003 46c0bdf0 00028662 1c0fb5f0  ..0....Fb.......
I/DEBUG   (   77): 4001eebc b0891c3d a9064355 604d9103 90064914  =...UC....M`.I..
I/DEBUG   (   77): 
I/DEBUG   (   77): memory map around addr deadbaad:
I/DEBUG   (   77): beba7000-bebc8000 [stack]
I/DEBUG   (   77): (no map for address)
I/DEBUG   (   77): (no map above)
I/DEBUG   (   77): 
I/DEBUG   (   77): stack:
I/DEBUG   (   77):     bebc7a10  40a45448  /dev/ashmem/dalvik-heap (deleted)
I/DEBUG   (   77):     bebc7a14  00012800  [heap]
I/DEBUG   (   77):     bebc7a18  40047720  /system/lib/libc.so
I/DEBUG   (   77):     bebc7a1c  400476b0  /system/lib/libc.so
I/DEBUG   (   77):     bebc7a20  00000000  
I/DEBUG   (   77):     bebc7a24  4001ee9f  /system/lib/libc.so
I/DEBUG   (   77):     bebc7a28  00000000  
I/DEBUG   (   77):     bebc7a2c  4001dc05  /system/lib/libc.so
I/DEBUG   (   77):     bebc7a30  00000000  
I/DEBUG   (   77):     bebc7a34  00000000  
I/DEBUG   (   77):     bebc7a38  00000000  
I/DEBUG   (   77):     bebc7a3c  40199b7c  /system/lib/libandroid_runtime.so
I/DEBUG   (   77):     bebc7a40  bebc7a88  [stack]
I/DEBUG   (   77):     bebc7a44  4001e01d  /system/lib/libc.so
I/DEBUG   (   77):     bebc7a48  df0027ad  
I/DEBUG   (   77):     bebc7a4c  00000000  
I/DEBUG   (   77): #00 bebc7a50  00000000  
I/DEBUG   (   77):     bebc7a54  0009a5d8  [heap]
I/DEBUG   (   77):     bebc7a58  40a45448  /dev/ashmem/dalvik-heap (deleted)
I/DEBUG   (   77):     bebc7a5c  fe4211d5  
I/DEBUG   (   77):     bebc7a60  4083bdfd  /system/lib/libdvm.so
I/DEBUG   (   77):     bebc7a64  fffffbdf  
I/DEBUG   (   77):     bebc7a68  0000f2b8  [heap]
I/DEBUG   (   77):     bebc7a6c  4019f96c  /system/lib/libandroid_runtime.so
I/DEBUG   (   77):     bebc7a70  0000f2b8  [heap]
I/DEBUG   (   77):     bebc7a74  401cb65b  /system/lib/libnativehelper.so
I/DEBUG   (   77): #01 bebc7a78  4019f96c  /system/lib/libandroid_runtime.so
I/DEBUG   (   77):     bebc7a7c  401cb65b  /system/lib/libnativehelper.so
I/DEBUG   (   77):     bebc7a80  401a84c4  /system/lib/libandroid_runtime.so
I/DEBUG   (   77):     bebc7a84  00000004  
I/DEBUG   (   77):     bebc7a88  0000f2b8  [heap]
I/DEBUG   (   77):     bebc7a8c  00000000  
I/DEBUG   (   77):     bebc7a90  401a8fa8  /system/lib/libandroid_runtime.so
I/DEBUG   (   77):     bebc7a94  4019f96c  /system/lib/libandroid_runtime.so
I/DEBUG   (   77):     bebc7a98  0000f2b8  [heap]
I/DEBUG   (   77):     bebc7a9c  4019f9bc  /system/lib/libandroid_runtime.so
I/DEBUG   (   77):     bebc7aa0  00000001  
I/DEBUG   (   77):     bebc7aa4  40181c81  /system/lib/libandroid_runtime.so
I/DEBUG   (   77):     bebc7aa8  4019f96c  /system/lib/libandroid_runtime.so
I/DEBUG   (   77):     bebc7aac  40149a41  /system/lib/libandroid_runtime.so
I/DEBUG   (   77):     bebc7ab0  0000f2b8  [heap]
I/DEBUG   (   77):     bebc7ab4  fffffe40  
I/DEBUG   (   77):     bebc7ab8  bebc7b94  [stack]
I/DEBUG   (   77):     bebc7abc  40149a77  /system/lib/libandroid_runtime.so
I/ServiceManager(   74): service 'media.audio_flinger' died
I/ServiceManager(   74): service 'media.player' died
I/ServiceManager(   74): service 'media.camera' died
I/ServiceManager(   74): service 'media.audio_policy' died
I/Netd    (  173): Netd 1.0 starting
D/AndroidRuntime(  174): 
D/AndroidRuntime(  174): >>>>>> AndroidRuntime START com.android.internal.os.ZygoteInit <<<<<<
D/AndroidRuntime(  174): CheckJNI is OFF
I/        (  175): ServiceManager: 0xf958
I/HTC Acoustic(  175): libhtc_acoustic.so version 2.0.0.6.
I/HTC Acoustic(  175): deonvvv gingerbread test.
I/HTC Acoustic(  175): open /system/etc/AudioPara4_WB.csv success.
I/HTC Acoustic(  175): acoustic table version: MAL_WB_20110217
I/HTC Acoustic(  175): read_audio_para_from_file success.
E/HTC Acoustic(  175): Fail to open /system/etc/AudioPara_VODA-Spain.csv -1.
I/HTC Acoustic(  175): open /system/etc/AudioPara4.csv success.
I/HTC Acoustic(  175): acoustic table version: MAL_Gerenic_20110509
W/dalvikvm(  174): VFY: unable to find class referenced in signature (Landroid/content/res/PackageRedirectionMap;)
I/dalvikvm(  174): Could not find method android.content.res.PackageRedirectionMap.getPackageId, referenced from method android.content.res.AssetManager.addRedirections
W/dalvikvm(  174): VFY: unable to resolve virtual method 10109: Landroid/content/res/PackageRedirectionMap;.getPackageId ()I
D/dalvikvm(  174): VFY: replacing opcode 0x6e at 0x000e
I/HTC Acoustic(  175): read_audio_para_from_file success.
I/HTC Acoustic(  175): get_audpp_filter
I/HTC Acoustic(  175): open /system/etc/AudioFilter.csv success.
I/HTC Acoustic(  175): MBADRC Filter MBADRC FLAG = ffff.
E/HTC Acoustic(  175): set mbadrc filter error.
I/HTC Acoustic(  175): failed to set audpp parameters, exiting.
I/HTC Acoustic(  175): get_audpre_filter
I/HTC Acoustic(  175): open /system/etc/AudioPreProcess.csv success.
D/AudioHardwareMSM72XX(  175): mNumSndEndpoints = 151
V/AudioHardwareMSM72XX(  175): constructed 151 SND endpoints)
D/AudioHardwareMSM72XX(  175): BT MATCH HANDSET
D/AudioHardwareMSM72XX(  175): BT MATCH SPEAKER
D/AudioHardwareMSM72XX(  175): BT MATCH HEADSET
D/AudioHardwareMSM72XX(  175): BT MATCH BT
D/AudioHardwareMSM72XX(  175): BT MATCH CARKIT
D/AudioHardwareMSM72XX(  175): BT MATCH TTY_FULL
D/AudioHardwareMSM72XX(  175): BT MATCH TTY_VCO
D/AudioHardwareMSM72XX(  175): BT MATCH TTY_HCO
D/AudioHardwareMSM72XX(  175): BT MATCH NO_MIC_HEADSET
D/AudioHardwareMSM72XX(  175): BT MATCH FM_HEADSET
D/AudioHardwareMSM72XX(  175): BT MATCH HEADSET_AND_SPEAKER
D/AudioHardwareMSM72XX(  175): BT MATCH FM_SPEAKER
D/AudioHardwareMSM72XX(  175): BT MATCH BT_EC_OFF
D/AudioHardwareMSM72XX(  175): BT MATCH BT_EC_OFF
D/AudioHardwareMSM72XX(  175): BT MATCH CURRENT
I/AudioFlinger(  175): Loaded primary audio interface from LEGACY Audio HW HAL (audio)
I/AudioFlinger(  175): Using 'LEGACY Audio HW HAL' (audio.primary) as the primary audio interface
I/AudioFlinger(  175): Loaded a2dp audio interface from A2DP Audio HW HAL (audio)
D/AudioHardwareInterface(  175): setMode(NORMAL)
I/AudioHardwareMSM72XX(  175): Set master volume to 5.
I/CameraService(  175): CameraService started (pid=175)
E/HAL     (  175): load: module=/system/lib/hw/camera.marvel.so
E/HAL     (  175): Cannot load library: link_image[1965]:   175 could not load needed library 'libcamera.so' for 'camera.marvel.so' (reloc_library[1314]:   175 cannot locate '_debug_pthread_create'...
E/HAL     (  175): )
E/CameraService(  175): Could not load camera HAL module
I/AudioFlinger(  175): AudioFlinger's thread 0x17000 ready to run
W/AudioFlinger(  175): Thread AudioOut_1 cannot connect to the power manager service
V/AudioHardwareMSM72XX(  175): AudioStreamOutMSM72xx::setParameters() routing=2
V/AudioHardwareMSM72XX(  175): set output routing 2
I/AudioHardwareMSM72XX(  175): Routing audio to Speakerphone
V/AudioHardwareMSM72XX(  175): doAudioRouteOrMute() device 1, mMode 0, mMicMute 1
D/AudioHardwareMSM72XX(  175): setVoiceVolume(1.000000)
I/AudioHardwareMSM72XX(  175): Setting in-call volume to 5 (available range is 0 to 5)
I/AudioPolicyService(  175): Loaded audio policy from LEGACY Audio Policy HAL (audio_policy)
D/dalvikvm(  174): DexOpt: couldn't find field Landroid/database/sqlite/SQLiteDatabase;.mCanDumpMonitoredSql
W/dalvikvm(  174): VFY: unable to resolve instance field 9348
D/dalvikvm(  174): VFY: replacing opcode 0x55 at 0x0004
E/JNIHelp (  174): Native registration unable to find class 'com/android/server/NetworkManagementSocketTagger', aborting
F/libc    (  174): Fatal signal 11 (SIGSEGV) at 0xdeadbaad (code=1)
I/DEBUG   (   77): *** *** *** *** *** *** *** *** *** *** *** *** *** *** *** ***
I/DEBUG   (   77): Build fingerprint: 'htc_europe/htc_golfu/golfu:4.0.3/IML74K/62541.1:user/release-keys'
I/DEBUG   (   77): pid: 174, tid: 174  >>> zygote <<<
I/DEBUG   (   77): signal 11 (SIGSEGV), code 1 (SEGV_MAPERR), fault addr deadbaad
I/DEBUG   (   77):  r0 deadbaad  r1 0000000c  r2 00000027  r3 a0000000
I/DEBUG   (   77):  r4 00000000  r5 00000080  r6 40199b7c  r7 bec8aa88
I/DEBUG   (   77):  r8 00000000  r9 00000000  10 00000000  fp 00000000
I/DEBUG   (   77):  ip ffffffff  sp bec8aa50  lr 4001ee9f  pc 4001b656  cpsr 00000030
I/DEBUG   (   77):  d0  3f4000003f400000  d1  0000000000000000
I/DEBUG   (   77):  d2  0000000000000000  d3  0000000000000000
I/DEBUG   (   77):  d4  0000000000000000  d5  0000000000000000
I/DEBUG   (   77):  d6  0000000000000000  d7  000000003f800000
I/DEBUG   (   77):  d8  0000000000000000  d9  0000000000000000
I/DEBUG   (   77):  d10 0000000000000000  d11 0000000000000000
I/DEBUG   (   77):  d12 0000000000000000  d13 0000000000000000
I/DEBUG   (   77):  d14 0000000000000000  d15 0000000000000000
I/DEBUG   (   77):  scr 60000000
I/DEBUG   (   77): 
I/DEBUG   (   77):          #00  pc 00017656  /system/lib/libc.so
I/DEBUG   (   77):          #01  pc 0000c658  /system/lib/libnativehelper.so (jniRegisterNativeMethods)
I/DEBUG   (   77): 
I/DEBUG   (   77): code around pc:
I/DEBUG   (   77): 4001b634 1c2bd00c 2d00682d e027d1fb 2a0068da  ..+.-h.-..'..h.*
I/DEBUG   (   77): 4001b644 4b16d004 447b2001 47906018 22274814  ...K. {D.`.G.H'"
I/DEBUG   (   77): 4001b654 70022580 ef8cf7f4 f7f62106 aa01e81a  .%.p.....!......
I/DEBUG   (   77): 4001b664 05692400 60546091 20061c11 f7f59401  .$i..`T`... ....
I/DEBUG   (   77): 4001b674 a905ebe6 20022200 ebeef7f5 ef78f7f4  .....". ......x.
I/DEBUG   (   77): 
I/DEBUG   (   77): code around lr:
I/DEBUG   (   77): 4001ee7c 4b0db5f0 447bb083 681c2600 68a59001  ...K..{D.&.h...h
I/DEBUG   (   77): 4001ee8c e0086867 5ea8220c dd032800 99011c28  gh...".^.(..(...
I/DEBUG   (   77): 4001ee9c 43064788 3f013554 6824d5f4 d1ee2c00  .G.CT5.?..$h.,..
I/DEBUG   (   77): 4001eeac 1c30b003 46c0bdf0 00028662 1c0fb5f0  ..0....Fb.......
I/DEBUG   (   77): 4001eebc b0891c3d a9064355 604d9103 90064914  =...UC....M`.I..
I/DEBUG   (   77): 
I/DEBUG   (   77): memory map around addr deadbaad:
I/DEBUG   (   77): bec6a000-bec8b000 [stack]
I/DEBUG   (   77): (no map for address)
I/DEBUG   (   77): (no map above)
I/DEBUG   (   77): 
I/DEBUG   (   77): stack:
I/DEBUG   (   77):     bec8aa10  40a45448  /dev/ashmem/dalvik-heap (deleted)
I/DEBUG   (   77):     bec8aa14  00012800  [heap]
I/DEBUG   (   77):     bec8aa18  40047720  /system/lib/libc.so
I/DEBUG   (   77):     bec8aa1c  400476b0  /system/lib/libc.so
I/DEBUG   (   77):     bec8aa20  00000000  
I/DEBUG   (   77):     bec8aa24  4001ee9f  /system/lib/libc.so
I/DEBUG   (   77):     bec8aa28  00000000  
I/DEBUG   (   77):     bec8aa2c  4001dc05  /system/lib/libc.so
I/DEBUG   (   77):     bec8aa30  00000000  
I/DEBUG   (   77):     bec8aa34  00000000  
I/DEBUG   (   77):     bec8aa38  00000000  
I/DEBUG   (   77):     bec8aa3c  40199b7c  /system/lib/libandroid_runtime.so
I/DEBUG   (   77):     bec8aa40  bec8aa88  [stack]
I/DEBUG   (   77):     bec8aa44  4001e01d  /system/lib/libc.so
I/DEBUG   (   77):     bec8aa48  df0027ad  
I/DEBUG   (   77):     bec8aa4c  00000000  
I/DEBUG   (   77): #00 bec8aa50  00000000  
I/DEBUG   (   77):     bec8aa54  00012c68  [heap]
I/DEBUG   (   77):     bec8aa58  40a45448  /dev/ashmem/dalvik-heap (deleted)
I/DEBUG   (   77):     bec8aa5c  2ddd3f6c  
I/DEBUG   (   77):     bec8aa60  4083bdfd  /system/lib/libdvm.so
I/DEBUG   (   77):     bec8aa64  fffffbdf  
I/DEBUG   (   77):     bec8aa68  0000f2b8  [heap]
I/DEBUG   (   77):     bec8aa6c  4019f96c  /system/lib/libandroid_runtime.so
I/DEBUG   (   77):     bec8aa70  0000f2b8  [heap]
I/DEBUG   (   77):     bec8aa74  401cb65b  /system/lib/libnativehelper.so
I/DEBUG   (   77): #01 bec8aa78  4019f96c  /system/lib/libandroid_runtime.so
I/DEBUG   (   77):     bec8aa7c  401cb65b  /system/lib/libnativehelper.so
I/DEBUG   (   77):     bec8aa80  401a84c4  /system/lib/libandroid_runtime.so
I/DEBUG   (   77):     bec8aa84  00000004  
I/DEBUG   (   77):     bec8aa88  0000f2b8  [heap]
I/DEBUG   (   77):     bec8aa8c  00000000  
I/DEBUG   (   77):     bec8aa90  401a8fa8  /system/lib/libandroid_runtime.so
I/DEBUG   (   77):     bec8aa94  4019f96c  /system/lib/libandroid_runtime.so
I/DEBUG   (   77):     bec8aa98  0000f2b8  [heap]
I/DEBUG   (   77):     bec8aa9c  4019f9bc  /system/lib/libandroid_runtime.so
I/DEBUG   (   77):     bec8aaa0  00000001  
I/DEBUG   (   77):     bec8aaa4  40181c81  /system/lib/libandroid_runtime.so
I/DEBUG   (   77):     bec8aaa8  4019f96c  /system/lib/libandroid_runtime.so
I/DEBUG   (   77):     bec8aaac  40149a41  /system/lib/libandroid_runtime.so
I/DEBUG   (   77):     bec8aab0  0000f2b8  [heap]
I/DEBUG   (   77):     bec8aab4  fffffe40  
I/DEBUG   (   77):     bec8aab8  bec8ab94  [stack]
I/DEBUG   (   77):     bec8aabc  40149a77  /system/lib/libandroid_runtime.so
I/ServiceManager(   74): service 'media.audio_flinger' died
I/ServiceManager(   74): service 'media.player' died
I/ServiceManager(   74): service 'media.camera' died
I/ServiceManager(   74): service 'media.audio_policy' died
I/Netd    (  200): Netd 1.0 starting
D/AndroidRuntime(  201): 
D/AndroidRuntime(  201): >>>>>> AndroidRuntime START com.android.internal.os.ZygoteInit <<<<<<
D/AndroidRuntime(  201): CheckJNI is OFF
I/        (  202): ServiceManager: 0xf958
I/HTC Acoustic(  202): libhtc_acoustic.so version 2.0.0.6.
I/HTC Acoustic(  202): deonvvv gingerbread test.
I/HTC Acoustic(  202): open /system/etc/AudioPara4_WB.csv success.
I/HTC Acoustic(  202): acoustic table version: MAL_WB_20110217
I/HTC Acoustic(  202): read_audio_para_from_file success.
E/HTC Acoustic(  202): Fail to open /system/etc/AudioPara_VODA-Spain.csv -1.
I/HTC Acoustic(  202): open /system/etc/AudioPara4.csv success.
I/HTC Acoustic(  202): acoustic table version: MAL_Gerenic_20110509
W/dalvikvm(  201): VFY: unable to find class referenced in signature (Landroid/content/res/PackageRedirectionMap;)
I/dalvikvm(  201): Could not find method android.content.res.PackageRedirectionMap.getPackageId, referenced from method android.content.res.AssetManager.addRedirections
W/dalvikvm(  201): VFY: unable to resolve virtual method 10109: Landroid/content/res/PackageRedirectionMap;.getPackageId ()I
D/dalvikvm(  201): VFY: replacing opcode 0x6e at 0x000e
I/HTC Acoustic(  202): read_audio_para_from_file success.
I/HTC Acoustic(  202): get_audpp_filter
I/HTC Acoustic(  202): open /system/etc/AudioFilter.csv success.
I/HTC Acoustic(  202): MBADRC Filter MBADRC FLAG = ffff.
E/HTC Acoustic(  202): set mbadrc filter error.
I/HTC Acoustic(  202): failed to set audpp parameters, exiting.
I/HTC Acoustic(  202): get_audpre_filter
I/HTC Acoustic(  202): open /system/etc/AudioPreProcess.csv success.
D/AudioHardwareMSM72XX(  202): mNumSndEndpoints = 151
V/AudioHardwareMSM72XX(  202): constructed 151 SND endpoints)
D/AudioHardwareMSM72XX(  202): BT MATCH HANDSET
D/AudioHardwareMSM72XX(  202): BT MATCH SPEAKER
D/AudioHardwareMSM72XX(  202): BT MATCH HEADSET
D/AudioHardwareMSM72XX(  202): BT MATCH BT
D/AudioHardwareMSM72XX(  202): BT MATCH CARKIT
D/AudioHardwareMSM72XX(  202): BT MATCH TTY_FULL
D/AudioHardwareMSM72XX(  202): BT MATCH TTY_VCO
D/AudioHardwareMSM72XX(  202): BT MATCH TTY_HCO
D/AudioHardwareMSM72XX(  202): BT MATCH NO_MIC_HEADSET
D/AudioHardwareMSM72XX(  202): BT MATCH FM_HEADSET
D/AudioHardwareMSM72XX(  202): BT MATCH HEADSET_AND_SPEAKER
D/AudioHardwareMSM72XX(  202): BT MATCH FM_SPEAKER
D/AudioHardwareMSM72XX(  202): BT MATCH BT_EC_OFF
D/AudioHardwareMSM72XX(  202): BT MATCH BT_EC_OFF
D/AudioHardwareMSM72XX(  202): BT MATCH CURRENT
I/AudioFlinger(  202): Loaded primary audio interface from LEGACY Audio HW HAL (audio)
I/AudioFlinger(  202): Using 'LEGACY Audio HW HAL' (audio.primary) as the primary audio interface
I/AudioFlinger(  202): Loaded a2dp audio interface from A2DP Audio HW HAL (audio)
D/AudioHardwareInterface(  202): setMode(NORMAL)
I/AudioHardwareMSM72XX(  202): Set master volume to 5.
I/CameraService(  202): CameraService started (pid=202)
E/HAL     (  202): load: module=/system/lib/hw/camera.marvel.so
E/HAL     (  202): Cannot load library: link_image[1965]:   202 could not load needed library 'libcamera.so' for 'camera.marvel.so' (reloc_library[1314]:   202 cannot locate '_debug_pthread_create'...
E/HAL     (  202): )
E/CameraService(  202): Could not load camera HAL module
I/AudioFlinger(  202): AudioFlinger's thread 0x16f98 ready to run
W/AudioFlinger(  202): Thread AudioOut_1 cannot connect to the power manager service
V/AudioHardwareMSM72XX(  202): AudioStreamOutMSM72xx::setParameters() routing=2
V/AudioHardwareMSM72XX(  202): set output routing 2
I/AudioHardwareMSM72XX(  202): Routing audio to Speakerphone
V/AudioHardwareMSM72XX(  202): doAudioRouteOrMute() device 1, mMode 0, mMicMute 1
D/AudioHardwareMSM72XX(  202): setVoiceVolume(1.000000)
I/AudioHardwareMSM72XX(  202): Setting in-call volume to 5 (available range is 0 to 5)
I/AudioPolicyService(  202): Loaded audio policy from LEGACY Audio Policy HAL (audio_policy)
D/dalvikvm(  201): DexOpt: couldn't find field Landroid/database/sqlite/SQLiteDatabase;.mCanDumpMonitoredSql
W/dalvikvm(  201): VFY: unable to resolve instance field 9348
D/dalvikvm(  201): VFY: replacing opcode 0x55 at 0x0004
E/JNIHelp (  201): Native registration unable to find class 'com/android/server/NetworkManagementSocketTagger', aborting
F/libc    (  201): Fatal signal 11 (SIGSEGV) at 0xdeadbaad (code=1)
I/DEBUG   (   77): *** *** *** *** *** *** *** *** *** *** *** *** *** *** *** ***
I/DEBUG   (   77): Build fingerprint: 'htc_europe/htc_golfu/golfu:4.0.3/IML74K/62541.1:user/release-keys'
I/DEBUG   (   77): pid: 201, tid: 201  >>> zygote <<<
I/DEBUG   (   77): signal 11 (SIGSEGV), code 1 (SEGV_MAPERR), fault addr deadbaad
I/DEBUG   (   77):  r0 deadbaad  r1 0000000c  r2 00000027  r3 a0000000
I/DEBUG   (   77):  r4 00000000  r5 00000080  r6 40199b7c  r7 bec19a88
I/DEBUG   (   77):  r8 00000000  r9 00000000  10 00000000  fp 00000000
I/DEBUG   (   77):  ip ffffffff  sp bec19a50  lr 4001ee9f  pc 4001b656  cpsr 00000030
I/DEBUG   (   77):  d0  3f4000003f400000  d1  0000000000000000
I/DEBUG   (   77):  d2  0000000000000000  d3  0000000000000000
I/DEBUG   (   77):  d4  0000000000000000  d5  0000000000000000
I/DEBUG   (   77):  d6  0000000000000000  d7  000000003f800000
I/DEBUG   (   77):  d8  0000000000000000  d9  0000000000000000
I/DEBUG   (   77):  d10 0000000000000000  d11 0000000000000000
I/DEBUG   (   77):  d12 0000000000000000  d13 0000000000000000
I/DEBUG   (   77):  d14 0000000000000000  d15 0000000000000000
I/DEBUG   (   77):  scr 60000000
I/DEBUG   (   77): 
I/DEBUG   (   77):          #00  pc 00017656  /system/lib/libc.so
I/DEBUG   (   77):          #01  pc 0000c658  /system/lib/libnativehelper.so (jniRegisterNativeMethods)
I/DEBUG   (   77): 
I/DEBUG   (   77): code around pc:
I/DEBUG   (   77): 4001b634 1c2bd00c 2d00682d e027d1fb 2a0068da  ..+.-h.-..'..h.*
I/DEBUG   (   77): 4001b644 4b16d004 447b2001 47906018 22274814  ...K. {D.`.G.H'"
I/DEBUG   (   77): 4001b654 70022580 ef8cf7f4 f7f62106 aa01e81a  .%.p.....!......
I/DEBUG   (   77): 4001b664 05692400 60546091 20061c11 f7f59401  .$i..`T`... ....
I/DEBUG   (   77): 4001b674 a905ebe6 20022200 ebeef7f5 ef78f7f4  .....". ......x.
I/DEBUG   (   77): 
I/DEBUG   (   77): code around lr:
I/DEBUG   (   77): 4001ee7c 4b0db5f0 447bb083 681c2600 68a59001  ...K..{D.&.h...h
I/DEBUG   (   77): 4001ee8c e0086867 5ea8220c dd032800 99011c28  gh...".^.(..(...
I/DEBUG   (   77): 4001ee9c 43064788 3f013554 6824d5f4 d1ee2c00  .G.CT5.?..$h.,..
I/DEBUG   (   77): 4001eeac 1c30b003 46c0bdf0 00028662 1c0fb5f0  ..0....Fb.......
I/DEBUG   (   77): 4001eebc b0891c3d a9064355 604d9103 90064914  =...UC....M`.I..
I/DEBUG   (   77): 
I/DEBUG   (   77): memory map around addr deadbaad:
I/DEBUG   (   77): bebf9000-bec1a000 [stack]
I/DEBUG   (   77): (no map for address)
I/DEBUG   (   77): (no map above)
I/DEBUG   (   77): 
I/DEBUG   (   77): stack:
I/DEBUG   (   77):     bec19a10  40a45448  /dev/ashmem/dalvik-heap (deleted)
I/DEBUG   (   77):     bec19a14  00012800  [heap]
I/DEBUG   (   77):     bec19a18  40047720  /system/lib/libc.so
I/DEBUG   (   77):     bec19a1c  400476b0  /system/lib/libc.so
I/DEBUG   (   77):     bec19a20  00000000  
I/DEBUG   (   77):     bec19a24  4001ee9f  /system/lib/libc.so
I/DEBUG   (   77):     bec19a28  00000000  
I/DEBUG   (   77):     bec19a2c  4001dc05  /system/lib/libc.so
I/DEBUG   (   77):     bec19a30  00000000  
I/DEBUG   (   77):     bec19a34  00000000  
I/DEBUG   (   77):     bec19a38  00000000  
I/DEBUG   (   77):     bec19a3c  40199b7c  /system/lib/libandroid_runtime.so
I/DEBUG   (   77):     bec19a40  bec19a88  [stack]
I/DEBUG   (   77):     bec19a44  4001e01d  /system/lib/libc.so
I/DEBUG   (   77):     bec19a48  df0027ad  
I/DEBUG   (   77):     bec19a4c  00000000  
I/DEBUG   (   77): #00 bec19a50  00000000  
I/DEBUG   (   77):     bec19a54  00012d70  [heap]
I/DEBUG   (   77):     bec19a58  40a45448  /dev/ashmem/dalvik-heap (deleted)
I/DEBUG   (   77):     bec19a5c  3ccf0a21  
I/DEBUG   (   77):     bec19a60  4083bdfd  /system/lib/libdvm.so
I/DEBUG   (   77):     bec19a64  fffffbdf  
I/DEBUG   (   77):     bec19a68  0000f2b8  [heap]
I/DEBUG   (   77):     bec19a6c  4019f96c  /system/lib/libandroid_runtime.so
I/DEBUG   (   77):     bec19a70  0000f2b8  [heap]
I/DEBUG   (   77):     bec19a74  401cb65b  /system/lib/libnativehelper.so
I/DEBUG   (   77): #01 bec19a78  4019f96c  /system/lib/libandroid_runtime.so
I/DEBUG   (   77):     bec19a7c  401cb65b  /system/lib/libnativehelper.so
I/DEBUG   (   77):     bec19a80  401a84c4  /system/lib/libandroid_runtime.so
I/DEBUG   (   77):     bec19a84  00000004  
I/DEBUG   (   77):     bec19a88  0000f2b8  [heap]
I/DEBUG   (   77):     bec19a8c  00000000  
I/DEBUG   (   77):     bec19a90  401a8fa8  /system/lib/libandroid_runtime.so
I/DEBUG   (   77):     bec19a94  4019f96c  /system/lib/libandroid_runtime.so
I/DEBUG   (   77):     bec19a98  0000f2b8  [heap]
I/DEBUG   (   77):     bec19a9c  4019f9bc  /system/lib/libandroid_runtime.so
I/DEBUG   (   77):     bec19aa0  00000001  
I/DEBUG   (   77):     bec19aa4  40181c81  /system/lib/libandroid_runtime.so
I/DEBUG   (   77):     bec19aa8  4019f96c  /system/lib/libandroid_runtime.so
I/DEBUG   (   77):     bec19aac  40149a41  /system/lib/libandroid_runtime.so
I/DEBUG   (   77):     bec19ab0  0000f2b8  [heap]
I/DEBUG   (   77):     bec19ab4  fffffe40  
I/DEBUG   (   77):     bec19ab8  bec19b94  [stack]
I/DEBUG   (   77):     bec19abc  40149a77  /system/lib/libandroid_runtime.so
I/ServiceManager(   74): service 'media.audio_flinger' died
I/ServiceManager(   74): service 'media.player' died
I/ServiceManager(   74): service 'media.camera' died
I/ServiceManager(   74): service 'media.audio_policy' died
I/Netd    (  227): Netd 1.0 starting
D/AndroidRuntime(  228): 
D/AndroidRuntime(  228): >>>>>> AndroidRuntime START com.android.internal.os.ZygoteInit <<<<<<
D/AndroidRuntime(  228): CheckJNI is OFF
I/        (  229): ServiceManager: 0xf958
I/HTC Acoustic(  229): libhtc_acoustic.so version 2.0.0.6.
I/HTC Acoustic(  229): deonvvv gingerbread test.
I/HTC Acoustic(  229): open /system/etc/AudioPara4_WB.csv success.
I/HTC Acoustic(  229): acoustic table version: MAL_WB_20110217
I/HTC Acoustic(  229): read_audio_para_from_file success.
E/HTC Acoustic(  229): Fail to open /system/etc/AudioPara_VODA-Spain.csv -1.
I/HTC Acoustic(  229): open /system/etc/AudioPara4.csv success.
I/HTC Acoustic(  229): acoustic table version: MAL_Gerenic_20110509
I/HTC Acoustic(  229): read_audio_para_from_file success.
I/HTC Acoustic(  229): get_audpp_filter
I/HTC Acoustic(  229): open /system/etc/AudioFilter.csv success.
I/HTC Acoustic(  229): MBADRC Filter MBADRC FLAG = ffff.
E/HTC Acoustic(  229): set mbadrc filter error.
I/HTC Acoustic(  229): failed to set audpp parameters, exiting.
I/HTC Acoustic(  229): get_audpre_filter
I/HTC Acoustic(  229): open /system/etc/AudioPreProcess.csv success.
D/AudioHardwareMSM72XX(  229): mNumSndEndpoints = 151
V/AudioHardwareMSM72XX(  229): constructed 151 SND endpoints)
D/AudioHardwareMSM72XX(  229): BT MATCH HANDSET
D/AudioHardwareMSM72XX(  229): BT MATCH SPEAKER
D/AudioHardwareMSM72XX(  229): BT MATCH HEADSET
D/AudioHardwareMSM72XX(  229): BT MATCH BT
D/AudioHardwareMSM72XX(  229): BT MATCH CARKIT
D/AudioHardwareMSM72XX(  229): BT MATCH TTY_FULL
D/AudioHardwareMSM72XX(  229): BT MATCH TTY_VCO
D/AudioHardwareMSM72XX(  229): BT MATCH TTY_HCO
D/AudioHardwareMSM72XX(  229): BT MATCH NO_MIC_HEADSET
D/AudioHardwareMSM72XX(  229): BT MATCH FM_HEADSET
