I/DEBUG   (   77):     bef63a6c  401cb65b  /system/lib/libnativehelper.so
I/DEBUG   (   77): #01 bef63a70  4083bdfd  /system/lib/libdvm.so
I/DEBUG   (   77):     bef63a74  401cb65b  /system/lib/libnativehelper.so
I/DEBUG   (   77):     bef63a78  401a57e4  /system/lib/libandroid_runtime.so
I/DEBUG   (   77):     bef63a7c  00000006  
I/DEBUG   (   77):     bef63a80  0000f2b8  [heap]
I/DEBUG   (   77):     bef63a84  1f300005  
I/DEBUG   (   77):     bef63a88  0000f2b8  [heap]
I/DEBUG   (   77):     bef63a8c  4019f7ec  /system/lib/libandroid_runtime.so
I/DEBUG   (   77):     bef63a90  0000f2b8  [heap]
I/DEBUG   (   77):     bef63a94  4019f9bc  /system/lib/libandroid_runtime.so
I/DEBUG   (   77):     bef63a98  00000001  
I/DEBUG   (   77):     bef63a9c  4014993f  /system/lib/libandroid_runtime.so
I/DEBUG   (   77):     bef63aa0  4019f7ec  /system/lib/libandroid_runtime.so
I/DEBUG   (   77):     bef63aa4  4015fe59  /system/lib/libandroid_runtime.so
I/DEBUG   (   77):     bef63aa8  4019f7ec  /system/lib/libandroid_runtime.so
I/DEBUG   (   77):     bef63aac  40149a41  /system/lib/libandroid_runtime.so
I/DEBUG   (   77):     bef63ab0  0000f2b8  [heap]
I/DEBUG   (   77):     bef63ab4  fffffe40  
I/ServiceManager(   74): service 'media.audio_flinger' died
I/ServiceManager(   74): service 'media.player' died
I/ServiceManager(   74): service 'media.camera' died
I/ServiceManager(   74): service 'media.audio_policy' died
I/Netd    (  196): Netd 1.0 starting
D/AndroidRuntime(  197): 
D/AndroidRuntime(  197): >>>>>> AndroidRuntime START com.android.internal.os.ZygoteInit <<<<<<
D/AndroidRuntime(  197): CheckJNI is OFF
I/        (  198): ServiceManager: 0xf958
I/HTC Acoustic(  198): libhtc_acoustic.so version 2.0.0.6.
I/HTC Acoustic(  198): deonvvv gingerbread test.
I/HTC Acoustic(  198): open /system/etc/AudioPara4_WB.csv success.
I/HTC Acoustic(  198): acoustic table version: MAL_WB_20110217
I/HTC Acoustic(  198): read_audio_para_from_file success.
E/HTC Acoustic(  198): Fail to open /system/etc/AudioPara_ALL.csv -1.
I/HTC Acoustic(  198): open /system/etc/AudioPara4.csv success.
I/HTC Acoustic(  198): acoustic table version: MAL_Gerenic_20110509
I/HTC Acoustic(  198): read_audio_para_from_file success.
E/dalvikvm(  197): ERROR: couldn't find native method
E/dalvikvm(  197): Requested: Landroid/os/SystemClock;.currentThreadTimeMicro:()J
E/JNIHelp (  197): RegisterNatives failed for 'android/os/SystemClock', aborting
F/libc    (  197): Fatal signal 11 (SIGSEGV) at 0xdeadbaad (code=1)
I/HTC Acoustic(  198): get_audpp_filter
I/HTC Acoustic(  198): open /system/etc/AudioFilter.csv success.
I/HTC Acoustic(  198): MBADRC Filter MBADRC FLAG = ffff.
E/HTC Acoustic(  198): set mbadrc filter error.
I/HTC Acoustic(  198): failed to set audpp parameters, exiting.
I/HTC Acoustic(  198): get_audpre_filter
I/HTC Acoustic(  198): open /system/etc/AudioPreProcess.csv success.
D/AudioHardwareMSM72XX(  198): mNumSndEndpoints = 151
V/AudioHardwareMSM72XX(  198): constructed 151 SND endpoints)
D/AudioHardwareMSM72XX(  198): BT MATCH HANDSET
D/AudioHardwareMSM72XX(  198): BT MATCH SPEAKER
D/AudioHardwareMSM72XX(  198): BT MATCH HEADSET
D/AudioHardwareMSM72XX(  198): BT MATCH BT
D/AudioHardwareMSM72XX(  198): BT MATCH CARKIT
D/AudioHardwareMSM72XX(  198): BT MATCH TTY_FULL
D/AudioHardwareMSM72XX(  198): BT MATCH TTY_VCO
D/AudioHardwareMSM72XX(  198): BT MATCH TTY_HCO
D/AudioHardwareMSM72XX(  198): BT MATCH NO_MIC_HEADSET
D/AudioHardwareMSM72XX(  198): BT MATCH FM_HEADSET
D/AudioHardwareMSM72XX(  198): BT MATCH HEADSET_AND_SPEAKER
D/AudioHardwareMSM72XX(  198): BT MATCH FM_SPEAKER
D/AudioHardwareMSM72XX(  198): BT MATCH BT_EC_OFF
D/AudioHardwareMSM72XX(  198): BT MATCH BT_EC_OFF
D/AudioHardwareMSM72XX(  198): BT MATCH CURRENT
I/AudioFlinger(  198): Loaded primary audio interface from LEGACY Audio HW HAL (audio)
I/AudioFlinger(  198): Using 'LEGACY Audio HW HAL' (audio.primary) as the primary audio interface
I/AudioFlinger(  198): Loaded a2dp audio interface from A2DP Audio HW HAL (audio)
D/AudioHardwareInterface(  198): setMode(NORMAL)
I/AudioHardwareMSM72XX(  198): Set master volume to 5.
I/CameraService(  198): CameraService started (pid=198)
E/HAL     (  198): load: module=/system/lib/hw/camera.marvel.so
E/HAL     (  198): Cannot load library: link_image[1965]:   198 could not load needed library 'libcamera.so' for 'camera.marvel.so' (reloc_library[1314]:   198 cannot locate '_debug_pthread_create'...
E/HAL     (  198): )
E/CameraService(  198): Could not load camera HAL module
I/AudioFlinger(  198): AudioFlinger's thread 0x16f90 ready to run
W/AudioFlinger(  198): Thread AudioOut_1 cannot connect to the power manager service
V/AudioHardwareMSM72XX(  198): AudioStreamOutMSM72xx::setParameters() routing=2
V/AudioHardwareMSM72XX(  198): set output routing 2
I/AudioHardwareMSM72XX(  198): Routing audio to Speakerphone
V/AudioHardwareMSM72XX(  198): doAudioRouteOrMute() device 1, mMode 0, mMicMute 1
D/AudioHardwareMSM72XX(  198): setVoiceVolume(1.000000)
I/AudioHardwareMSM72XX(  198): Setting in-call volume to 5 (available range is 0 to 5)
I/AudioPolicyService(  198): Loaded audio policy from LEGACY Audio Policy HAL (audio_policy)
I/DEBUG   (   77): *** *** *** *** *** *** *** *** *** *** *** *** *** *** *** ***
I/DEBUG   (   77): Build fingerprint: 'htc_europe/htc_golfu/golfu:4.0.3/IML74K/62541.1:user/release-keys'
I/DEBUG   (   77): pid: 197, tid: 197  >>> zygote <<<
I/DEBUG   (   77): signal 11 (SIGSEGV), code 1 (SEGV_MAPERR), fault addr deadbaad
I/DEBUG   (   77):  r0 deadbaad  r1 0000000c  r2 00000027  r3 a0000000
I/DEBUG   (   77):  r4 00000000  r5 00000080  r6 4018e261  r7 be9f9a80
I/DEBUG   (   77):  r8 00000000  r9 00000000  10 00000000  fp 00000000
I/DEBUG   (   77):  ip ffffffff  sp be9f9a48  lr 4001ee9f  pc 4001b656  cpsr 00000030
I/DEBUG   (   77):  d0  3f4000003f400000  d1  0000000000000000
I/DEBUG   (   77):  d2  0000000000000000  d3  0000000000000000
I/DEBUG   (   77):  d4  0000000000000000  d5  0000000000000000
I/DEBUG   (   77):  d6  0000000000000000  d7  0000000000000000
I/DEBUG   (   77):  d8  0000000000000000  d9  0000000000000000
I/DEBUG   (   77):  d10 0000000000000000  d11 0000000000000000
I/DEBUG   (   77):  d12 0000000000000000  d13 0000000000000000
I/DEBUG   (   77):  d14 0000000000000000  d15 0000000000000000
I/DEBUG   (   77):  scr 60000000
I/DEBUG   (   77): 
I/DEBUG   (   77):          #00  pc 00017656  /system/lib/libc.so
I/DEBUG   (   77):          #01  pc 0000c658  /system/lib/libnativehelper.so (jniRegisterNativeMethods)
I/DEBUG   (   77): 
I/DEBUG   (   77): code around pc:
I/DEBUG   (   77): 4001b634 1c2bd00c 2d00682d e027d1fb 2a0068da  ..+.-h.-..'..h.*
I/DEBUG   (   77): 4001b644 4b16d004 447b2001 47906018 22274814  ...K. {D.`.G.H'"
I/DEBUG   (   77): 4001b654 70022580 ef8cf7f4 f7f62106 aa01e81a  .%.p.....!......
I/DEBUG   (   77): 4001b664 05692400 60546091 20061c11 f7f59401  .$i..`T`... ....
I/DEBUG   (   77): 4001b674 a905ebe6 20022200 ebeef7f5 ef78f7f4  .....". ......x.
I/DEBUG   (   77): 
I/DEBUG   (   77): code around lr:
I/DEBUG   (   77): 4001ee7c 4b0db5f0 447bb083 681c2600 68a59001  ...K..{D.&.h...h
I/DEBUG   (   77): 4001ee8c e0086867 5ea8220c dd032800 99011c28  gh...".^.(..(...
I/DEBUG   (   77): 4001ee9c 43064788 3f013554 6824d5f4 d1ee2c00  .G.CT5.?..$h.,..
I/DEBUG   (   77): 4001eeac 1c30b003 46c0bdf0 00028662 1c0fb5f0  ..0....Fb.......
I/DEBUG   (   77): 4001eebc b0891c3d a9064355 604d9103 90064914  =...UC....M`.I..
I/DEBUG   (   77): 
I/DEBUG   (   77): memory map around addr deadbaad:
I/DEBUG   (   77): be9d9000-be9fa000 [stack]
I/DEBUG   (   77): (no map for address)
I/DEBUG   (   77): (no map above)
I/DEBUG   (   77): 
I/DEBUG   (   77): stack:
I/DEBUG   (   77):     be9f9a08  00000000  
I/DEBUG   (   77):     be9f9a0c  1ac36441  
I/DEBUG   (   77):     be9f9a10  40047720  /system/lib/libc.so
I/DEBUG   (   77):     be9f9a14  400476b0  /system/lib/libc.so
I/DEBUG   (   77):     be9f9a18  00000000  
I/DEBUG   (   77):     be9f9a1c  4001ee9f  /system/lib/libc.so
I/DEBUG   (   77):     be9f9a20  4018a1a4  /system/lib/libandroid_runtime.so
I/DEBUG   (   77):     be9f9a24  4001dc05  /system/lib/libc.so
I/DEBUG   (   77):     be9f9a28  ffffffff  
I/DEBUG   (   77):     be9f9a2c  00000000  
I/DEBUG   (   77):     be9f9a30  00000000  
I/DEBUG   (   77):     be9f9a34  4018e261  /system/lib/libandroid_runtime.so
I/DEBUG   (   77):     be9f9a38  be9f9a80  [stack]
I/DEBUG   (   77):     be9f9a3c  4001e01d  /system/lib/libc.so
I/DEBUG   (   77):     be9f9a40  df0027ad  
I/DEBUG   (   77):     be9f9a44  00000000  
I/DEBUG   (   77): #00 be9f9a48  00000004  
I/DEBUG   (   77):     be9f9a4c  00000100  
I/DEBUG   (   77):     be9f9a50  4015fea1  /system/lib/libandroid_runtime.so
I/DEBUG   (   77):     be9f9a54  1ac36441  
I/DEBUG   (   77):     be9f9a58  1f200005  
I/DEBUG   (   77):     be9f9a5c  fffffbdf  
I/DEBUG   (   77):     be9f9a60  0000f2b8  [heap]
I/DEBUG   (   77):     be9f9a64  4083bdfd  /system/lib/libdvm.so
I/DEBUG   (   77):     be9f9a68  0000f2b8  [heap]
I/DEBUG   (   77):     be9f9a6c  401cb65b  /system/lib/libnativehelper.so
I/DEBUG   (   77): #01 be9f9a70  4083bdfd  /system/lib/libdvm.so
I/DEBUG   (   77):     be9f9a74  401cb65b  /system/lib/libnativehelper.so
I/DEBUG   (   77):     be9f9a78  401a57e4  /system/lib/libandroid_runtime.so
I/DEBUG   (   77):     be9f9a7c  00000006  
I/DEBUG   (   77):     be9f9a80  0000f2b8  [heap]
I/DEBUG   (   77):     be9f9a84  1f300005  
I/DEBUG   (   77):     be9f9a88  0000f2b8  [heap]
I/DEBUG   (   77):     be9f9a8c  4019f7ec  /system/lib/libandroid_runtime.so
I/DEBUG   (   77):     be9f9a90  0000f2b8  [heap]
I/DEBUG   (   77):     be9f9a94  4019f9bc  /system/lib/libandroid_runtime.so
I/DEBUG   (   77):     be9f9a98  00000001  
I/DEBUG   (   77):     be9f9a9c  4014993f  /system/lib/libandroid_runtime.so
I/DEBUG   (   77):     be9f9aa0  4019f7ec  /system/lib/libandroid_runtime.so
I/DEBUG   (   77):     be9f9aa4  4015fe59  /system/lib/libandroid_runtime.so
I/DEBUG   (   77):     be9f9aa8  4019f7ec  /system/lib/libandroid_runtime.so
I/DEBUG   (   77):     be9f9aac  40149a41  /system/lib/libandroid_runtime.so
I/DEBUG   (   77):     be9f9ab0  0000f2b8  [heap]
I/DEBUG   (   77):     be9f9ab4  fffffe40  
I/ServiceManager(   74): service 'media.audio_flinger' died
I/ServiceManager(   74): service 'media.player' died
I/ServiceManager(   74): service 'media.camera' died
I/ServiceManager(   74): service 'media.audio_policy' died
I/Netd    (  223): Netd 1.0 starting
D/AndroidRuntime(  224): 
D/AndroidRuntime(  224): >>>>>> AndroidRuntime START com.android.internal.os.ZygoteInit <<<<<<
D/AndroidRuntime(  224): CheckJNI is OFF
I/        (  225): ServiceManager: 0xf958
I/HTC Acoustic(  225): libhtc_acoustic.so version 2.0.0.6.
I/HTC Acoustic(  225): deonvvv gingerbread test.
I/HTC Acoustic(  225): open /system/etc/AudioPara4_WB.csv success.
I/HTC Acoustic(  225): acoustic table version: MAL_WB_20110217
I/HTC Acoustic(  225): read_audio_para_from_file success.
E/dalvikvm(  224): ERROR: couldn't find native method
E/dalvikvm(  224): Requested: Landroid/os/SystemClock;.currentThreadTimeMicro:()J
E/JNIHelp (  224): RegisterNatives failed for 'android/os/SystemClock', aborting
F/libc    (  224): Fatal signal 11 (SIGSEGV) at 0xdeadbaad (code=1)
E/HTC Acoustic(  225): Fail to open /system/etc/AudioPara_ALL.csv -1.
I/HTC Acoustic(  225): open /system/etc/AudioPara4.csv success.
I/HTC Acoustic(  225): acoustic table version: MAL_Gerenic_20110509
I/HTC Acoustic(  225): read_audio_para_from_file success.
I/HTC Acoustic(  225): get_audpp_filter
I/HTC Acoustic(  225): open /system/etc/AudioFilter.csv success.
I/HTC Acoustic(  225): MBADRC Filter MBADRC FLAG = ffff.
E/HTC Acoustic(  225): set mbadrc filter error.
I/HTC Acoustic(  225): failed to set audpp parameters, exiting.
I/HTC Acoustic(  225): get_audpre_filter
I/HTC Acoustic(  225): open /system/etc/AudioPreProcess.csv success.
D/AudioHardwareMSM72XX(  225): mNumSndEndpoints = 151
V/AudioHardwareMSM72XX(  225): constructed 151 SND endpoints)
D/AudioHardwareMSM72XX(  225): BT MATCH HANDSET
D/AudioHardwareMSM72XX(  225): BT MATCH SPEAKER
D/AudioHardwareMSM72XX(  225): BT MATCH HEADSET
D/AudioHardwareMSM72XX(  225): BT MATCH BT
D/AudioHardwareMSM72XX(  225): BT MATCH CARKIT
D/AudioHardwareMSM72XX(  225): BT MATCH TTY_FULL
D/AudioHardwareMSM72XX(  225): BT MATCH TTY_VCO
D/AudioHardwareMSM72XX(  225): BT MATCH TTY_HCO
D/AudioHardwareMSM72XX(  225): BT MATCH NO_MIC_HEADSET
D/AudioHardwareMSM72XX(  225): BT MATCH FM_HEADSET
D/AudioHardwareMSM72XX(  225): BT MATCH HEADSET_AND_SPEAKER
D/AudioHardwareMSM72XX(  225): BT MATCH FM_SPEAKER
D/AudioHardwareMSM72XX(  225): BT MATCH BT_EC_OFF
D/AudioHardwareMSM72XX(  225): BT MATCH BT_EC_OFF
D/AudioHardwareMSM72XX(  225): BT MATCH CURRENT
I/AudioFlinger(  225): Loaded primary audio interface from LEGACY Audio HW HAL (audio)
I/AudioFlinger(  225): Using 'LEGACY Audio HW HAL' (audio.primary) as the primary audio interface
I/AudioFlinger(  225): Loaded a2dp audio interface from A2DP Audio HW HAL (audio)
D/AudioHardwareInterface(  225): setMode(NORMAL)
I/AudioHardwareMSM72XX(  225): Set master volume to 5.
I/CameraService(  225): CameraService started (pid=225)
E/HAL     (  225): load: module=/system/lib/hw/camera.marvel.so
E/HAL     (  225): Cannot load library: link_image[1965]:   225 could not load needed library 'libcamera.so' for 'camera.marvel.so' (reloc_library[1314]:   225 cannot locate '_debug_pthread_create'...
E/HAL     (  225): )
E/CameraService(  225): Could not load camera HAL module
I/AudioFlinger(  225): AudioFlinger's thread 0x16ff8 ready to run
W/AudioFlinger(  225): Thread AudioOut_1 cannot connect to the power manager service
V/AudioHardwareMSM72XX(  225): AudioStreamOutMSM72xx::setParameters() routing=2
V/AudioHardwareMSM72XX(  225): set output routing 2
I/AudioHardwareMSM72XX(  225): Routing audio to Speakerphone
V/AudioHardwareMSM72XX(  225): doAudioRouteOrMute() device 1, mMode 0, mMicMute 1
D/AudioHardwareMSM72XX(  225): setVoiceVolume(1.000000)
I/AudioHardwareMSM72XX(  225): Setting in-call volume to 5 (available range is 0 to 5)
I/AudioPolicyService(  225): Loaded audio policy from LEGACY Audio Policy HAL (audio_policy)
I/DEBUG   (   77): *** *** *** *** *** *** *** *** *** *** *** *** *** *** *** ***
I/DEBUG   (   77): Build fingerprint: 'htc_europe/htc_golfu/golfu:4.0.3/IML74K/62541.1:user/release-keys'
I/DEBUG   (   77): pid: 224, tid: 224  >>> zygote <<<
I/DEBUG   (   77): signal 11 (SIGSEGV), code 1 (SEGV_MAPERR), fault addr deadbaad
I/DEBUG   (   77):  r0 deadbaad  r1 0000000c  r2 00000027  r3 a0000000
I/DEBUG   (   77):  r4 00000000  r5 00000080  r6 4018e261  r7 bea66a80
I/DEBUG   (   77):  r8 00000000  r9 00000000  10 00000000  fp 00000000
I/DEBUG   (   77):  ip ffffffff  sp bea66a48  lr 4001ee9f  pc 4001b656  cpsr 00000030
I/DEBUG   (   77):  d0  3f4000003f400000  d1  0000000000000000
I/DEBUG   (   77):  d2  0000000000000000  d3  0000000000000000
I/DEBUG   (   77):  d4  0000000000000000  d5  0000000000000000
I/DEBUG   (   77):  d6  0000000000000000  d7  0000000000000000
I/DEBUG   (   77):  d8  0000000000000000  d9  0000000000000000
I/DEBUG   (   77):  d10 0000000000000000  d11 0000000000000000
I/DEBUG   (   77):  d12 0000000000000000  d13 0000000000000000
I/DEBUG   (   77):  d14 0000000000000000  d15 0000000000000000
I/DEBUG   (   77):  scr 60000000
I/DEBUG   (   77): 
I/DEBUG   (   77):          #00  pc 00017656  /system/lib/libc.so
I/DEBUG   (   77):          #01  pc 0000c658  /system/lib/libnativehelper.so (jniRegisterNativeMethods)
I/DEBUG   (   77): 
I/DEBUG   (   77): code around pc:
I/DEBUG   (   77): 4001b634 1c2bd00c 2d00682d e027d1fb 2a0068da  ..+.-h.-..'..h.*
I/DEBUG   (   77): 4001b644 4b16d004 447b2001 47906018 22274814  ...K. {D.`.G.H'"
I/DEBUG   (   77): 4001b654 70022580 ef8cf7f4 f7f62106 aa01e81a  .%.p.....!......
I/DEBUG   (   77): 4001b664 05692400 60546091 20061c11 f7f59401  .$i..`T`... ....
I/DEBUG   (   77): 4001b674 a905ebe6 20022200 ebeef7f5 ef78f7f4  .....". ......x.
I/DEBUG   (   77): 
I/DEBUG   (   77): code around lr:
I/DEBUG   (   77): 4001ee7c 4b0db5f0 447bb083 681c2600 68a59001  ...K..{D.&.h...h
I/DEBUG   (   77): 4001ee8c e0086867 5ea8220c dd032800 99011c28  gh...".^.(..(...
I/DEBUG   (   77): 4001ee9c 43064788 3f013554 6824d5f4 d1ee2c00  .G.CT5.?..$h.,..
I/DEBUG   (   77): 4001eeac 1c30b003 46c0bdf0 00028662 1c0fb5f0  ..0....Fb.......
I/DEBUG   (   77): 4001eebc b0891c3d a9064355 604d9103 90064914  =...UC....M`.I..
I/DEBUG   (   77): 
I/DEBUG   (   77): memory map around addr deadbaad:
I/DEBUG   (   77): bea46000-bea67000 [stack]
I/DEBUG   (   77): (no map for address)
I/DEBUG   (   77): (no map above)
I/DEBUG   (   77): 
I/DEBUG   (   77): stack:
I/DEBUG   (   77):     bea66a08  00000000  
I/DEBUG   (   77):     bea66a0c  cf913063  
I/DEBUG   (   77):     bea66a10  40047720  /system/lib/libc.so
I/DEBUG   (   77):     bea66a14  400476b0  /system/lib/libc.so
I/DEBUG   (   77):     bea66a18  00000000  
I/DEBUG   (   77):     bea66a1c  4001ee9f  /system/lib/libc.so
I/DEBUG   (   77):     bea66a20  4018a1a4  /system/lib/libandroid_runtime.so
I/DEBUG   (   77):     bea66a24  4001dc05  /system/lib/libc.so
I/DEBUG   (   77):     bea66a28  ffffffff  
I/DEBUG   (   77):     bea66a2c  00000000  
I/DEBUG   (   77):     bea66a30  00000000  
I/DEBUG   (   77):     bea66a34  4018e261  /system/lib/libandroid_runtime.so
I/DEBUG   (   77):     bea66a38  bea66a80  [stack]
I/DEBUG   (   77):     bea66a3c  4001e01d  /system/lib/libc.so
I/DEBUG   (   77):     bea66a40  df0027ad  
I/DEBUG   (   77):     bea66a44  00000000  
I/DEBUG   (   77): #00 bea66a48  00000004  
I/DEBUG   (   77):     bea66a4c  00000100  
I/DEBUG   (   77):     bea66a50  4015fea1  /system/lib/libandroid_runtime.so
I/DEBUG   (   77):     bea66a54  cf913063  
I/DEBUG   (   77):     bea66a58  1f200005  
I/DEBUG   (   77):     bea66a5c  fffffbdf  
I/DEBUG   (   77):     bea66a60  0000f2b8  [heap]
I/DEBUG   (   77):     bea66a64  4083bdfd  /system/lib/libdvm.so
I/DEBUG   (   77):     bea66a68  0000f2b8  [heap]
I/DEBUG   (   77):     bea66a6c  401cb65b  /system/lib/libnativehelper.so
I/DEBUG   (   77): #01 bea66a70  4083bdfd  /system/lib/libdvm.so
I/DEBUG   (   77):     bea66a74  401cb65b  /system/lib/libnativehelper.so
I/DEBUG   (   77):     bea66a78  401a57e4  /system/lib/libandroid_runtime.so
I/DEBUG   (   77):     bea66a7c  00000006  
I/DEBUG   (   77):     bea66a80  0000f2b8  [heap]
I/DEBUG   (   77):     bea66a84  1f300005  
I/DEBUG   (   77):     bea66a88  0000f2b8  [heap]
I/DEBUG   (   77):     bea66a8c  4019f7ec  /system/lib/libandroid_runtime.so
I/DEBUG   (   77):     bea66a90  0000f2b8  [heap]
I/DEBUG   (   77):     bea66a94  4019f9bc  /system/lib/libandroid_runtime.so
I/DEBUG   (   77):     bea66a98  00000001  
I/DEBUG   (   77):     bea66a9c  4014993f  /system/lib/libandroid_runtime.so
I/DEBUG   (   77):     bea66aa0  4019f7ec  /system/lib/libandroid_runtime.so
I/DEBUG   (   77):     bea66aa4  4015fe59  /system/lib/libandroid_runtime.so
I/DEBUG   (   77):     bea66aa8  4019f7ec  /system/lib/libandroid_runtime.so
I/DEBUG   (   77):     bea66aac  40149a41  /system/lib/libandroid_runtime.so
I/DEBUG   (   77):     bea66ab0  0000f2b8  [heap]
I/DEBUG   (   77):     bea66ab4  fffffe40  
I/ServiceManager(   74): service 'media.audio_flinger' died
I/ServiceManager(   74): service 'media.player' died
I/ServiceManager(   74): service 'media.camera' died
I/ServiceManager(   74): service 'media.audio_policy' died
I/Netd    (  250): Netd 1.0 starting
D/AndroidRuntime(  251): 
D/AndroidRuntime(  251): >>>>>> AndroidRuntime START com.android.internal.os.ZygoteInit <<<<<<
D/AndroidRuntime(  251): CheckJNI is OFF
I/        (  252): ServiceManager: 0xf958
I/HTC Acoustic(  252): libhtc_acoustic.so version 2.0.0.6.
I/HTC Acoustic(  252): deonvvv gingerbread test.
I/HTC Acoustic(  252): open /system/etc/AudioPara4_WB.csv success.
I/HTC Acoustic(  252): acoustic table version: MAL_WB_20110217
I/HTC Acoustic(  252): read_audio_para_from_file success.
E/HTC Acoustic(  252): Fail to open /system/etc/AudioPara_ALL.csv -1.
I/HTC Acoustic(  252): open /system/etc/AudioPara4.csv success.
I/HTC Acoustic(  252): acoustic table version: MAL_Gerenic_20110509
E/dalvikvm(  251): ERROR: couldn't find native method
E/dalvikvm(  251): Requested: Landroid/os/SystemClock;.currentThreadTimeMicro:()J
E/JNIHelp (  251): RegisterNatives failed for 'android/os/SystemClock', aborting
F/libc    (  251): Fatal signal 11 (SIGSEGV) at 0xdeadbaad (code=1)
I/HTC Acoustic(  252): read_audio_para_from_file success.
I/HTC Acoustic(  252): get_audpp_filter
I/HTC Acoustic(  252): open /system/etc/AudioFilter.csv success.
I/HTC Acoustic(  252): MBADRC Filter MBADRC FLAG = ffff.
E/HTC Acoustic(  252): set mbadrc filter error.
I/HTC Acoustic(  252): failed to set audpp parameters, exiting.
I/HTC Acoustic(  252): get_audpre_filter
I/HTC Acoustic(  252): open /system/etc/AudioPreProcess.csv success.
D/AudioHardwareMSM72XX(  252): mNumSndEndpoints = 151
V/AudioHardwareMSM72XX(  252): constructed 151 SND endpoints)
D/AudioHardwareMSM72XX(  252): BT MATCH HANDSET
D/AudioHardwareMSM72XX(  252): BT MATCH SPEAKER
D/AudioHardwareMSM72XX(  252): BT MATCH HEADSET
D/AudioHardwareMSM72XX(  252): BT MATCH BT
D/AudioHardwareMSM72XX(  252): BT MATCH CARKIT
D/AudioHardwareMSM72XX(  252): BT MATCH TTY_FULL
D/AudioHardwareMSM72XX(  252): BT MATCH TTY_VCO
D/AudioHardwareMSM72XX(  252): BT MATCH TTY_HCO
D/AudioHardwareMSM72XX(  252): BT MATCH NO_MIC_HEADSET
D/AudioHardwareMSM72XX(  252): BT MATCH FM_HEADSET
D/AudioHardwareMSM72XX(  252): BT MATCH HEADSET_AND_SPEAKER
D/AudioHardwareMSM72XX(  252): BT MATCH FM_SPEAKER
D/AudioHardwareMSM72XX(  252): BT MATCH BT_EC_OFF
D/AudioHardwareMSM72XX(  252): BT MATCH BT_EC_OFF
D/AudioHardwareMSM72XX(  252): BT MATCH CURRENT
I/AudioFlinger(  252): Loaded primary audio interface from LEGACY Audio HW HAL (audio)
I/AudioFlinger(  252): Using 'LEGACY Audio HW HAL' (audio.primary) as the primary audio interface
I/AudioFlinger(  252): Loaded a2dp audio interface from A2DP Audio HW HAL (audio)
D/AudioHardwareInterface(  252): setMode(NORMAL)
I/AudioHardwareMSM72XX(  252): Set master volume to 5.
I/CameraService(  252): CameraService started (pid=252)
E/HAL     (  252): load: module=/system/lib/hw/camera.marvel.so
E/HAL     (  252): Cannot load library: link_image[1965]:   252 could not load needed library 'libcamera.so' for 'camera.marvel.so' (reloc_library[1314]:   252 cannot locate '_debug_pthread_create'...
E/HAL     (  252): )
E/CameraService(  252): Could not load camera HAL module
I/AudioFlinger(  252): AudioFlinger's thread 0x16f90 ready to run
W/AudioFlinger(  252): Thread AudioOut_1 cannot connect to the power manager service
V/AudioHardwareMSM72XX(  252): AudioStreamOutMSM72xx::setParameters() routing=2
V/AudioHardwareMSM72XX(  252): set output routing 2
I/AudioHardwareMSM72XX(  252): Routing audio to Speakerphone
V/AudioHardwareMSM72XX(  252): doAudioRouteOrMute() device 1, mMode 0, mMicMute 1
D/AudioHardwareMSM72XX(  252): setVoiceVolume(1.000000)
I/AudioHardwareMSM72XX(  252): Setting in-call volume to 5 (available range is 0 to 5)
I/AudioPolicyService(  252): Loaded audio policy from LEGACY Audio Policy HAL (audio_policy)
I/DEBUG   (   77): *** *** *** *** *** *** *** *** *** *** *** *** *** *** *** ***
I/DEBUG   (   77): Build fingerprint: 'htc_europe/htc_golfu/golfu:4.0.3/IML74K/62541.1:user/release-keys'
I/DEBUG   (   77): pid: 251, tid: 251  >>> zygote <<<
I/DEBUG   (   77): signal 11 (SIGSEGV), code 1 (SEGV_MAPERR), fault addr deadbaad
I/DEBUG   (   77):  r0 deadbaad  r1 0000000c  r2 00000027  r3 a0000000
I/DEBUG   (   77):  r4 00000000  r5 00000080  r6 4018e261  r7 bebeea80
I/DEBUG   (   77):  r8 00000000  r9 00000000  10 00000000  fp 00000000
I/DEBUG   (   77):  ip ffffffff  sp bebeea48  lr 4001ee9f  pc 4001b656  cpsr 00000030
I/DEBUG   (   77):  d0  3f4000003f400000  d1  0000000000000000
I/DEBUG   (   77):  d2  0000000000000000  d3  0000000000000000
I/DEBUG   (   77):  d4  0000000000000000  d5  0000000000000000
I/DEBUG   (   77):  d6  0000000000000000  d7  0000000000000000
I/DEBUG   (   77):  d8  0000000000000000  d9  0000000000000000
I/DEBUG   (   77):  d10 0000000000000000  d11 0000000000000000
I/DEBUG   (   77):  d12 0000000000000000  d13 0000000000000000
I/DEBUG   (   77):  d14 0000000000000000  d15 0000000000000000
I/DEBUG   (   77):  scr 60000000
I/DEBUG   (   77): 
I/DEBUG   (   77):          #00  pc 00017656  /system/lib/libc.so
I/DEBUG   (   77):          #01  pc 0000c658  /system/lib/libnativehelper.so (jniRegisterNativeMethods)
I/DEBUG   (   77): 
I/DEBUG   (   77): code around pc:
I/DEBUG   (   77): 4001b634 1c2bd00c 2d00682d e027d1fb 2a0068da  ..+.-h.-..'..h.*
I/DEBUG   (   77): 4001b644 4b16d004 447b2001 47906018 22274814  ...K. {D.`.G.H'"
I/DEBUG   (   77): 4001b654 70022580 ef8cf7f4 f7f62106 aa01e81a  .%.p.....!......
I/DEBUG   (   77): 4001b664 05692400 60546091 20061c11 f7f59401  .$i..`T`... ....
I/DEBUG   (   77): 4001b674 a905ebe6 20022200 ebeef7f5 ef78f7f4  .....". ......x.
I/DEBUG   (   77): 
I/DEBUG   (   77): code around lr:
I/DEBUG   (   77): 4001ee7c 4b0db5f0 447bb083 681c2600 68a59001  ...K..{D.&.h...h
I/DEBUG   (   77): 4001ee8c e0086867 5ea8220c dd032800 99011c28  gh...".^.(..(...
I/DEBUG   (   77): 4001ee9c 43064788 3f013554 6824d5f4 d1ee2c00  .G.CT5.?..$h.,..
I/DEBUG   (   77): 4001eeac 1c30b003 46c0bdf0 00028662 1c0fb5f0  ..0....Fb.......
I/DEBUG   (   77): 4001eebc b0891c3d a9064355 604d9103 90064914  =...UC....M`.I..
I/DEBUG   (   77): 
I/DEBUG   (   77): memory map around addr deadbaad:
I/DEBUG   (   77): bebce000-bebef000 [stack]
I/DEBUG   (   77): (no map for address)
I/DEBUG   (   77): (no map above)
I/DEBUG   (   77): 
I/DEBUG   (   77): stack:
I/DEBUG   (   77):     bebeea08  00000000  
I/DEBUG   (   77):     bebeea0c  cea7d0c4  
I/DEBUG   (   77):     bebeea10  40047720  /system/lib/libc.so
I/DEBUG   (   77):     bebeea14  400476b0  /system/lib/libc.so
I/DEBUG   (   77):     bebeea18  00000000  
I/DEBUG   (   77):     bebeea1c  4001ee9f  /system/lib/libc.so
I/DEBUG   (   77):     bebeea20  4018a1a4  /system/lib/libandroid_runtime.so
I/DEBUG   (   77):     bebeea24  4001dc05  /system/lib/libc.so
I/DEBUG   (   77):     bebeea28  ffffffff  
I/DEBUG   (   77):     bebeea2c  00000000  
I/DEBUG   (   77):     bebeea30  00000000  
I/DEBUG   (   77):     bebeea34  4018e261  /system/lib/libandroid_runtime.so
I/DEBUG   (   77):     bebeea38  bebeea80  [stack]
I/DEBUG   (   77):     bebeea3c  4001e01d  /system/lib/libc.so
I/DEBUG   (   77):     bebeea40  df0027ad  
I/DEBUG   (   77):     bebeea44  00000000  
I/DEBUG   (   77): #00 bebeea48  00000004  
I/DEBUG   (   77):     bebeea4c  00000100  
I/DEBUG   (   77):     bebeea50  4015fea1  /system/lib/libandroid_runtime.so
I/DEBUG   (   77):     bebeea54  cea7d0c4  
I/DEBUG   (   77):     bebeea58  1f200005  
I/DEBUG   (   77):     bebeea5c  fffffbdf  
I/DEBUG   (   77):     bebeea60  0000f2b8  [heap]
I/DEBUG   (   77):     bebeea64  4083bdfd  /system/lib/libdvm.so
I/DEBUG   (   77):     bebeea68  0000f2b8  [heap]
I/DEBUG   (   77):     bebeea6c  401cb65b  /system/lib/libnativehelper.so
I/DEBUG   (   77): #01 bebeea70  4083bdfd  /system/lib/libdvm.so
I/DEBUG   (   77):     bebeea74  401cb65b  /system/lib/libnativehelper.so
I/DEBUG   (   77):     bebeea78  401a57e4  /system/lib/libandroid_runtime.so
I/DEBUG   (   77):     bebeea7c  00000006  
I/DEBUG   (   77):     bebeea80  0000f2b8  [heap]
I/DEBUG   (   77):     bebeea84  1f300005  
I/DEBUG   (   77):     bebeea88  0000f2b8  [heap]
I/DEBUG   (   77):     bebeea8c  4019f7ec  /system/lib/libandroid_runtime.so
I/DEBUG   (   77):     bebeea90  0000f2b8  [heap]
I/DEBUG   (   77):     bebeea94  4019f9bc  /system/lib/libandroid_runtime.so
I/DEBUG   (   77):     bebeea98  00000001  
I/DEBUG   (   77):     bebeea9c  4014993f  /system/lib/libandroid_runtime.so
I/DEBUG   (   77):     bebeeaa0  4019f7ec  /system/lib/libandroid_runtime.so
I/DEBUG   (   77):     bebeeaa4  4015fe59  /system/lib/libandroid_runtime.so
I/DEBUG   (   77):     bebeeaa8  4019f7ec  /system/lib/libandroid_runtime.so
I/DEBUG   (   77):     bebeeaac  40149a41  /system/lib/libandroid_runtime.so
I/DEBUG   (   77):     bebeeab0  0000f2b8  [heap]
I/DEBUG   (   77):     bebeeab4  fffffe40  
I/ServiceManager(   74): service 'media.audio_flinger' died
I/ServiceManager(   74): service 'media.player' died
I/ServiceManager(   74): service 'media.camera' died
I/ServiceManager(   74): service 'media.audio_policy' died
I/Netd    (  277): Netd 1.0 starting
D/AndroidRuntime(  278): 
D/AndroidRuntime(  278): >>>>>> AndroidRuntime START com.android.internal.os.ZygoteInit <<<<<<
D/AndroidRuntime(  278): CheckJNI is OFF
I/        (  279): ServiceManager: 0xf958
I/HTC Acoustic(  279): libhtc_acoustic.so version 2.0.0.6.
I/HTC Acoustic(  279): deonvvv gingerbread test.
I/HTC Acoustic(  279): open /system/etc/AudioPara4_WB.csv success.
I/HTC Acoustic(  279): acoustic table version: MAL_WB_20110217
I/HTC Acoustic(  279): read_audio_para_from_file success.
E/dalvikvm(  278): ERROR: couldn't find native method
E/dalvikvm(  278): Requested: Landroid/os/SystemClock;.currentThreadTimeMicro:()J
E/JNIHelp (  278): RegisterNatives failed for 'android/os/SystemClock', aborting
F/libc    (  278): Fatal signal 11 (SIGSEGV) at 0xdeadbaad (code=1)
E/HTC Acoustic(  279): Fail to open /system/etc/AudioPara_ALL.csv -1.
I/HTC Acoustic(  279): open /system/etc/AudioPara4.csv success.
I/HTC Acoustic(  279): acoustic table version: MAL_Gerenic_20110509
I/HTC Acoustic(  279): read_audio_para_from_file success.
I/HTC Acoustic(  279): get_audpp_filter
I/HTC Acoustic(  279): open /system/etc/AudioFilter.csv success.
I/HTC Acoustic(  279): MBADRC Filter MBADRC FLAG = ffff.
E/HTC Acoustic(  279): set mbadrc filter error.
I/HTC Acoustic(  279): failed to set audpp parameters, exiting.
I/HTC Acoustic(  279): get_audpre_filter
I/HTC Acoustic(  279): open /system/etc/AudioPreProcess.csv success.
D/AudioHardwareMSM72XX(  279): mNumSndEndpoints = 151
V/AudioHardwareMSM72XX(  279): constructed 151 SND endpoints)
D/AudioHardwareMSM72XX(  279): BT MATCH HANDSET
D/AudioHardwareMSM72XX(  279): BT MATCH SPEAKER
D/AudioHardwareMSM72XX(  279): BT MATCH HEADSET
D/AudioHardwareMSM72XX(  279): BT MATCH BT
D/AudioHardwareMSM72XX(  279): BT MATCH CARKIT
D/AudioHardwareMSM72XX(  279): BT MATCH TTY_FULL
D/AudioHardwareMSM72XX(  279): BT MATCH TTY_VCO
D/AudioHardwareMSM72XX(  279): BT MATCH TTY_HCO
D/AudioHardwareMSM72XX(  279): BT MATCH NO_MIC_HEADSET
D/AudioHardwareMSM72XX(  279): BT MATCH FM_HEADSET
D/AudioHardwareMSM72XX(  279): BT MATCH HEADSET_AND_SPEAKER
D/AudioHardwareMSM72XX(  279): BT MATCH FM_SPEAKER
D/AudioHardwareMSM72XX(  279): BT MATCH BT_EC_OFF
D/AudioHardwareMSM72XX(  279): BT MATCH BT_EC_OFF
D/AudioHardwareMSM72XX(  279): BT MATCH CURRENT
I/AudioFlinger(  279): Loaded primary audio interface from LEGACY Audio HW HAL (audio)
I/AudioFlinger(  279): Using 'LEGACY Audio HW HAL' (audio.primary) as the primary audio interface
I/AudioFlinger(  279): Loaded a2dp audio interface from A2DP Audio HW HAL (audio)
D/AudioHardwareInterface(  279): setMode(NORMAL)
I/AudioHardwareMSM72XX(  279): Set master volume to 5.
I/CameraService(  279): CameraService started (pid=279)
E/HAL     (  279): load: module=/system/lib/hw/camera.marvel.so
E/HAL     (  279): Cannot load library: link_image[1965]:   279 could not load needed library 'libcamera.so' for 'camera.marvel.so' (reloc_library[1314]:   279 cannot locate '_debug_pthread_create'...
E/HAL     (  279): )
E/CameraService(  279): Could not load camera HAL module
I/AudioFlinger(  279): AudioFlinger's thread 0x16ff8 ready to run
W/AudioFlinger(  279): Thread AudioOut_1 cannot connect to the power manager service
V/AudioHardwareMSM72XX(  279): AudioStreamOutMSM72xx::setParameters() routing=2
V/AudioHardwareMSM72XX(  279): set output routing 2
I/AudioHardwareMSM72XX(  279): Routing audio to Speakerphone
V/AudioHardwareMSM72XX(  279): doAudioRouteOrMute() device 1, mMode 0, mMicMute 1
D/AudioHardwareMSM72XX(  279): setVoiceVolume(1.000000)
I/AudioHardwareMSM72XX(  279): Setting in-call volume to 5 (available range is 0 to 5)
I/AudioPolicyService(  279): Loaded audio policy from LEGACY Audio Policy HAL (audio_policy)
I/DEBUG   (   77): *** *** *** *** *** *** *** *** *** *** *** *** *** *** *** ***
I/DEBUG   (   77): Build fingerprint: 'htc_europe/htc_golfu/golfu:4.0.3/IML74K/62541.1:user/release-keys'
I/DEBUG   (   77): pid: 278, tid: 278  >>> zygote <<<
I/DEBUG   (   77): signal 11 (SIGSEGV), code 1 (SEGV_MAPERR), fault addr deadbaad
I/DEBUG   (   77):  r0 deadbaad  r1 0000000c  r2 00000027  r3 a0000000
I/DEBUG   (   77):  r4 00000000  r5 00000080  r6 4018e261  r7 be80ea80
I/DEBUG   (   77):  r8 00000000  r9 00000000  10 00000000  fp 00000000
I/DEBUG   (   77):  ip ffffffff  sp be80ea48  lr 4001ee9f  pc 4001b656  cpsr 00000030
I/DEBUG   (   77):  d0  3f4000003f400000  d1  0000000000000000
I/DEBUG   (   77):  d2  0000000000000000  d3  0000000000000000
I/DEBUG   (   77):  d4  0000000000000000  d5  0000000000000000
I/DEBUG   (   77):  d6  0000000000000000  d7  0000000000000000
I/DEBUG   (   77):  d8  0000000000000000  d9  0000000000000000
I/DEBUG   (   77):  d10 0000000000000000  d11 0000000000000000
I/DEBUG   (   77):  d12 0000000000000000  d13 0000000000000000
I/DEBUG   (   77):  d14 0000000000000000  d15 0000000000000000
I/DEBUG   (   77):  scr 60000000
I/DEBUG   (   77): 
I/DEBUG   (   77):          #00  pc 00017656  /system/lib/libc.so
I/DEBUG   (   77):          #01  pc 0000c658  /system/lib/libnativehelper.so (jniRegisterNativeMethods)
I/DEBUG   (   77): 
I/DEBUG   (   77): code around pc:
I/DEBUG   (   77): 4001b634 1c2bd00c 2d00682d e027d1fb 2a0068da  ..+.-h.-..'..h.*
I/DEBUG   (   77): 4001b644 4b16d004 447b2001 47906018 22274814  ...K. {D.`.G.H'"
I/DEBUG   (   77): 4001b654 70022580 ef8cf7f4 f7f62106 aa01e81a  .%.p.....!......
I/DEBUG   (   77): 4001b664 05692400 60546091 20061c11 f7f59401  .$i..`T`... ....
I/DEBUG   (   77): 4001b674 a905ebe6 20022200 ebeef7f5 ef78f7f4  .....". ......x.
I/DEBUG   (   77): 
I/DEBUG   (   77): code around lr:
I/DEBUG   (   77): 4001ee7c 4b0db5f0 447bb083 681c2600 68a59001  ...K..{D.&.h...h
I/DEBUG   (   77): 4001ee8c e0086867 5ea8220c dd032800 99011c28  gh...".^.(..(...
I/DEBUG   (   77): 4001ee9c 43064788 3f013554 6824d5f4 d1ee2c00  .G.CT5.?..$h.,..
I/DEBUG   (   77): 4001eeac 1c30b003 46c0bdf0 00028662 1c0fb5f0  ..0....Fb.......
I/DEBUG   (   77): 4001eebc b0891c3d a9064355 604d9103 90064914  =...UC....M`.I..
I/DEBUG   (   77): 
I/DEBUG   (   77): memory map around addr deadbaad:
I/DEBUG   (   77): be7ee000-be80f000 [stack]
I/DEBUG   (   77): (no map for address)
I/DEBUG   (   77): (no map above)
I/DEBUG   (   77): 
I/DEBUG   (   77): stack:
I/DEBUG   (   77):     be80ea08  00000000  
I/DEBUG   (   77):     be80ea0c  9a73cbf9  
I/DEBUG   (   77):     be80ea10  40047720  /system/lib/libc.so
I/DEBUG   (   77):     be80ea14  400476b0  /system/lib/libc.so
I/DEBUG   (   77):     be80ea18  00000000  
I/DEBUG   (   77):     be80ea1c  4001ee9f  /system/lib/libc.so
I/DEBUG   (   77):     be80ea20  4018a1a4  /system/lib/libandroid_runtime.so
I/DEBUG   (   77):     be80ea24  4001dc05  /system/lib/libc.so
I/DEBUG   (   77):     be80ea28  ffffffff  
I/DEBUG   (   77):     be80ea2c  00000000  
I/DEBUG   (   77):     be80ea30  00000000  
I/DEBUG   (   77):     be80ea34  4018e261  /system/lib/libandroid_runtime.so
I/DEBUG   (   77):     be80ea38  be80ea80  [stack]
I/DEBUG   (   77):     be80ea3c  4001e01d  /system/lib/libc.so
I/DEBUG   (   77):     be80ea40  df0027ad  
I/DEBUG   (   77):     be80ea44  00000000  
I/DEBUG   (   77): #00 be80ea48  00000004  
I/DEBUG   (   77):     be80ea4c  00000100  
I/DEBUG   (   77):     be80ea50  4015fea1  /system/lib/libandroid_runtime.so
I/DEBUG   (   77):     be80ea54  9a73cbf9  
I/DEBUG   (   77):     be80ea58  1f200005  
I/DEBUG   (   77):     be80ea5c  fffffbdf  
I/DEBUG   (   77):     be80ea60  0000f2b8  [heap]
I/DEBUG   (   77):     be80ea64  4083bdfd  /system/lib/libdvm.so
I/DEBUG   (   77):     be80ea68  0000f2b8  [heap]
I/DEBUG   (   77):     be80ea6c  401cb65b  /system/lib/libnativehelper.so
I/DEBUG   (   77): #01 be80ea70  4083bdfd  /system/lib/libdvm.so
I/DEBUG   (   77):     be80ea74  401cb65b  /system/lib/libnativehelper.so
I/DEBUG   (   77):     be80ea78  401a57e4  /system/lib/libandroid_runtime.so
I/DEBUG   (   77):     be80ea7c  00000006  
I/DEBUG   (   77):     be80ea80  0000f2b8  [heap]
I/DEBUG   (   77):     be80ea84  1f300005  
I/DEBUG   (   77):     be80ea88  0000f2b8  [heap]
I/DEBUG   (   77):     be80ea8c  4019f7ec  /system/lib/libandroid_runtime.so
I/DEBUG   (   77):     be80ea90  0000f2b8  [heap]
I/DEBUG   (   77):     be80ea94  4019f9bc  /system/lib/libandroid_runtime.so
I/DEBUG   (   77):     be80ea98  00000001  
I/DEBUG   (   77):     be80ea9c  4014993f  /system/lib/libandroid_runtime.so
I/DEBUG   (   77):     be80eaa0  4019f7ec  /system/lib/libandroid_runtime.so
I/DEBUG   (   77):     be80eaa4  4015fe59  /system/lib/libandroid_runtime.so
I/DEBUG   (   77):     be80eaa8  4019f7ec  /system/lib/libandroid_runtime.so
I/DEBUG   (   77):     be80eaac  40149a41  /system/lib/libandroid_runtime.so
I/DEBUG   (   77):     be80eab0  0000f2b8  [heap]
I/DEBUG   (   77):     be80eab4  fffffe40  
I/ServiceManager(   74): service 'media.audio_flinger' died
I/ServiceManager(   74): service 'media.player' died
I/ServiceManager(   74): service 'media.camera' died
I/ServiceManager(   74): service 'media.audio_policy' died
I/Netd    (  304): Netd 1.0 starting
D/AndroidRuntime(  305): 
D/AndroidRuntime(  305): >>>>>> AndroidRuntime START com.android.internal.os.ZygoteInit <<<<<<
D/AndroidRuntime(  305): CheckJNI is OFF
I/        (  306): ServiceManager: 0xf958
I/HTC Acoustic(  306): libhtc_acoustic.so version 2.0.0.6.
I/HTC Acoustic(  306): deonvvv gingerbread test.
I/HTC Acoustic(  306): open /system/etc/AudioPara4_WB.csv success.
I/HTC Acoustic(  306): acoustic table version: MAL_WB_20110217
I/HTC Acoustic(  306): read_audio_para_from_file success.
E/dalvikvm(  305): ERROR: couldn't find native method
E/dalvikvm(  305): Requested: Landroid/os/SystemClock;.currentThreadTimeMicro:()J
E/JNIHelp (  305): RegisterNatives failed for 'android/os/SystemClock', aborting
F/libc    (  305): Fatal signal 11 (SIGSEGV) at 0xdeadbaad (code=1)
E/HTC Acoustic(  306): Fail to open /system/etc/AudioPara_ALL.csv -1.
I/HTC Acoustic(  306): open /system/etc/AudioPara4.csv success.
I/HTC Acoustic(  306): acoustic table version: MAL_Gerenic_20110509
I/HTC Acoustic(  306): read_audio_para_from_file success.
I/HTC Acoustic(  306): get_audpp_filter
I/HTC Acoustic(  306): open /system/etc/AudioFilter.csv success.
I/HTC Acoustic(  306): MBADRC Filter MBADRC FLAG = ffff.
E/HTC Acoustic(  306): set mbadrc filter error.
I/HTC Acoustic(  306): failed to set audpp parameters, exiting.
I/HTC Acoustic(  306): get_audpre_filter
I/HTC Acoustic(  306): open /system/etc/AudioPreProcess.csv success.
D/AudioHardwareMSM72XX(  306): mNumSndEndpoints = 151
V/AudioHardwareMSM72XX(  306): constructed 151 SND endpoints)
D/AudioHardwareMSM72XX(  306): BT MATCH HANDSET
D/AudioHardwareMSM72XX(  306): BT MATCH SPEAKER
D/AudioHardwareMSM72XX(  306): BT MATCH HEADSET
D/AudioHardwareMSM72XX(  306): BT MATCH BT
D/AudioHardwareMSM72XX(  306): BT MATCH CARKIT
D/AudioHardwareMSM72XX(  306): BT MATCH TTY_FULL
D/AudioHardwareMSM72XX(  306): BT MATCH TTY_VCO
D/AudioHardwareMSM72XX(  306): BT MATCH TTY_HCO
D/AudioHardwareMSM72XX(  306): BT MATCH NO_MIC_HEADSET
D/AudioHardwareMSM72XX(  306): BT MATCH FM_HEADSET
D/AudioHardwareMSM72XX(  306): BT MATCH HEADSET_AND_SPEAKER
D/AudioHardwareMSM72XX(  306): BT MATCH FM_SPEAKER
D/AudioHardwareMSM72XX(  306): BT MATCH BT_EC_OFF
D/AudioHardwareMSM72XX(  306): BT MATCH BT_EC_OFF
D/AudioHardwareMSM72XX(  306): BT MATCH CURRENT
I/AudioFlinger(  306): Loaded primary audio interface from LEGACY Audio HW HAL (audio)
I/AudioFlinger(  306): Using 'LEGACY Audio HW HAL' (audio.primary) as the primary audio interface
I/AudioFlinger(  306): Loaded a2dp audio interface from A2DP Audio HW HAL (audio)
D/AudioHardwareInterface(  306): setMode(NORMAL)
I/AudioHardwareMSM72XX(  306): Set master volume to 5.
I/CameraService(  306): CameraService started (pid=306)
E/HAL     (  306): load: module=/system/lib/hw/camera.marvel.so
E/HAL     (  306): Cannot load library: link_image[1965]:   306 could not load needed library 'libcamera.so' for 'camera.marvel.so' (reloc_library[1314]:   306 cannot locate '_debug_pthread_create'...
E/HAL     (  306): )
E/CameraService(  306): Could not load camera HAL module
I/AudioFlinger(  306): AudioFlinger's thread 0x16f90 ready to run
W/AudioFlinger(  306): Thread AudioOut_1 cannot connect to the power manager service
V/AudioHardwareMSM72XX(  306): AudioStreamOutMSM72xx::setParameters() routing=2
V/AudioHardwareMSM72XX(  306): set output routing 2
I/AudioHardwareMSM72XX(  306): Routing audio to Speakerphone
V/AudioHardwareMSM72XX(  306): doAudioRouteOrMute() device 1, mMode 0, mMicMute 1
D/AudioHardwareMSM72XX(  306): setVoiceVolume(1.000000)
I/AudioHardwareMSM72XX(  306): Setting in-call volume to 5 (available range is 0 to 5)
I/AudioPolicyService(  306): Loaded audio policy from LEGACY Audio Policy HAL (audio_policy)
I/DEBUG   (   77): *** *** *** *** *** *** *** *** *** *** *** *** *** *** *** ***
I/DEBUG   (   77): Build fingerprint: 'htc_europe/htc_golfu/golfu:4.0.3/IML74K/62541.1:user/release-keys'
I/DEBUG   (   77): pid: 305, tid: 305  >>> zygote <<<
I/DEBUG   (   77): signal 11 (SIGSEGV), code 1 (SEGV_MAPERR), fault addr deadbaad
I/DEBUG   (   77):  r0 deadbaad  r1 0000000c  r2 00000027  r3 a0000000
I/DEBUG   (   77):  r4 00000000  r5 00000080  r6 4018e261  r7 bef57a80
I/DEBUG   (   77):  r8 00000000  r9 00000000  10 00000000  fp 00000000
I/DEBUG   (   77):  ip ffffffff  sp bef57a48  lr 4001ee9f  pc 4001b656  cpsr 00000030
I/DEBUG   (   77):  d0  3f4000003f400000  d1  0000000000000000
I/DEBUG   (   77):  d2  0000000000000000  d3  0000000000000000
I/DEBUG   (   77):  d4  0000000000000000  d5  0000000000000000
I/DEBUG   (   77):  d6  0000000000000000  d7  0000000000000000
I/DEBUG   (   77):  d8  0000000000000000  d9  0000000000000000
I/DEBUG   (   77):  d10 0000000000000000  d11 0000000000000000
I/DEBUG   (   77):  d12 0000000000000000  d13 0000000000000000
I/DEBUG   (   77):  d14 0000000000000000  d15 0000000000000000
I/DEBUG   (   77):  scr 60000000
I/DEBUG   (   77): 
I/DEBUG   (   77):          #00  pc 00017656  /system/lib/libc.so
I/DEBUG   (   77):          #01  pc 0000c658  /system/lib/libnativehelper.so (jniRegisterNativeMethods)
I/DEBUG   (   77): 
I/DEBUG   (   77): code around pc:
I/DEBUG   (   77): 4001b634 1c2bd00c 2d00682d e027d1fb 2a0068da  ..+.-h.-..'..h.*
I/DEBUG   (   77): 4001b644 4b16d004 447b2001 47906018 22274814  ...K. {D.`.G.H'"
I/DEBUG   (   77): 4001b654 70022580 ef8cf7f4 f7f62106 aa01e81a  .%.p.....!......
I/DEBUG   (   77): 4001b664 05692400 60546091 20061c11 f7f59401  .$i..`T`... ....
I/DEBUG   (   77): 4001b674 a905ebe6 20022200 ebeef7f5 ef78f7f4  .....". ......x.
I/DEBUG   (   77): 
I/DEBUG   (   77): code around lr:
I/DEBUG   (   77): 4001ee7c 4b0db5f0 447bb083 681c2600 68a59001  ...K..{D.&.h...h
I/DEBUG   (   77): 4001ee8c e0086867 5ea8220c dd032800 99011c28  gh...".^.(..(...
I/DEBUG   (   77): 4001ee9c 43064788 3f013554 6824d5f4 d1ee2c00  .G.CT5.?..$h.,..
I/DEBUG   (   77): 4001eeac 1c30b003 46c0bdf0 00028662 1c0fb5f0  ..0....Fb.......
I/DEBUG   (   77): 4001eebc b0891c3d a9064355 604d9103 90064914  =...UC....M`.I..
I/DEBUG   (   77): 
I/DEBUG   (   77): memory map around addr deadbaad:
I/DEBUG   (   77): bef37000-bef58000 [stack]
I/DEBUG   (   77): (no map for address)
I/DEBUG   (   77): (no map above)
I/DEBUG   (   77): 
I/DEBUG   (   77): stack:
I/DEBUG   (   77):     bef57a08  00000000  
I/DEBUG   (   77):     bef57a0c  8a970232  
I/DEBUG   (   77):     bef57a10  40047720  /system/lib/libc.so
I/DEBUG   (   77):     bef57a14  400476b0  /system/lib/libc.so
I/DEBUG   (   77):     bef57a18  00000000  
I/DEBUG   (   77):     bef57a1c  4001ee9f  /system/lib/libc.so
I/DEBUG   (   77):     bef57a20  4018a1a4  /system/lib/libandroid_runtime.so
I/DEBUG   (   77):     bef57a24  4001dc05  /system/lib/libc.so
I/DEBUG   (   77):     bef57a28  ffffffff  
I/DEBUG   (   77):     bef57a2c  00000000  
I/DEBUG   (   77):     bef57a30  00000000  
I/DEBUG   (   77):     bef57a34  4018e261  /system/lib/libandroid_runtime.so
I/DEBUG   (   77):     bef57a38  bef57a80  [stack]
I/DEBUG   (   77):     bef57a3c  4001e01d  /system/lib/libc.so
I/DEBUG   (   77):     bef57a40  df0027ad  
I/DEBUG   (   77):     bef57a44  00000000  
I/DEBUG   (   77): #00 bef57a48  00000004  
I/DEBUG   (   77):     bef57a4c  00000100  
I/DEBUG   (   77):     bef57a50  4015fea1  /system/lib/libandroid_runtime.so
I/DEBUG   (   77):     bef57a54  8a970232  
I/DEBUG   (   77):     bef57a58  1f200005  
I/DEBUG   (   77):     bef57a5c  fffffbdf  
I/DEBUG   (   77):     bef57a60  0000f2b8  [heap]
I/DEBUG   (   77):     bef57a64  4083bdfd  /system/lib/libdvm.so
I/DEBUG   (   77):     bef57a68  0000f2b8  [heap]
I/DEBUG   (   77):     bef57a6c  401cb65b  /system/lib/libnativehelper.so
I/DEBUG   (   77): #01 bef57a70  4083bdfd  /system/lib/libdvm.so
I/DEBUG   (   77):     bef57a74  401cb65b  /system/lib/libnativehelper.so
I/DEBUG   (   77):     bef57a78  401a57e4  /system/lib/libandroid_runtime.so
I/DEBUG   (   77):     bef57a7c  00000006  
I/DEBUG   (   77):     bef57a80  0000f2b8  [heap]
I/DEBUG   (   77):     bef57a84  1f300005  
I/DEBUG   (   77):     bef57a88  0000f2b8  [heap]
I/DEBUG   (   77):     bef57a8c  4019f7ec  /system/lib/libandroid_runtime.so
I/DEBUG   (   77):     bef57a90  0000f2b8  [heap]
I/DEBUG   (   77):     bef57a94  4019f9bc  /system/lib/libandroid_runtime.so
I/DEBUG   (   77):     bef57a98  00000001  
I/DEBUG   (   77):     bef57a9c  4014993f  /system/lib/libandroid_runtime.so
I/DEBUG   (   77):     bef57aa0  4019f7ec  /system/lib/libandroid_runtime.so
I/DEBUG   (   77):     bef57aa4  4015fe59  /system/lib/libandroid_runtime.so
I/DEBUG   (   77):     bef57aa8  4019f7ec  /system/lib/libandroid_runtime.so
I/DEBUG   (   77):     bef57aac  40149a41  /system/lib/libandroid_runtime.so
I/DEBUG   (   77):     bef57ab0  0000f2b8  [heap]
I/DEBUG   (   77):     bef57ab4  fffffe40  
I/ServiceManager(   74): service 'media.audio_flinger' died
I/ServiceManager(   74): service 'media.player' died
I/ServiceManager(   74): service 'media.camera' died
I/ServiceManager(   74): service 'media.audio_policy' died
I/Netd    (  331): Netd 1.0 starting
